[0.014s][info][gc,init] CardTable entry size: 512
[0.014s][info][gc     ] Using G1
[0.016s][info][gc,init] Version: 21.0.7+8-LTS-245 (release)
[0.016s][info][gc,init] CPUs: 8 total, 8 available
[0.016s][info][gc,init] Memory: 15809M
[0.016s][info][gc,init] Large Page Support: Disabled
[0.017s][info][gc,init] NUMA Support: Disabled
[0.017s][info][gc,init] Compressed Oops: Enabled (Zero based)
[0.017s][info][gc,init] Heap Region Size: 2M
[0.017s][info][gc,init] Heap Min Capacity: 8M
[0.017s][info][gc,init] Heap Initial Capacity: 248M
[0.017s][info][gc,init] Heap Max Capacity: 3954M
[0.017s][info][gc,init] Pre-touch: Disabled
[0.017s][info][gc,init] Parallel Workers: 8
[0.017s][info][gc,init] Concurrent Workers: 2
[0.017s][info][gc,init] Concurrent Refinement Workers: 8
[0.017s][info][gc,init] Periodic GC: Disabled
[0.027s][info][gc,metaspace] CDS archive(s) mapped at: [0x0000018551000000-0x0000018551c90000-0x0000018551c90000), size 13172736, SharedBaseAddress: 0x0000018551000000, ArchiveRelocationMode: 1.
[0.028s][info][gc,metaspace] Compressed class space mapped at: 0x0000018552000000-0x0000018592000000, reserved size: 1073741824
[0.028s][info][gc,metaspace] Narrow klass base: 0x0000018551000000, Narrow klass shift: 0, Narrow klass range: 0x100000000
[0.739s][info][gc,start    ] GC(0) Pause Young (Normal) (G1 Evacuation Pause)
[0.739s][info][gc,task     ] GC(0) Using 5 workers of 8 for evacuation
[0.747s][info][gc,phases   ] GC(0)   Pre Evacuate Collection Set: 0.1ms
[0.747s][info][gc,phases   ] GC(0)   Merge Heap Roots: 0.1ms
[0.747s][info][gc,phases   ] GC(0)   Evacuate Collection Set: 6.7ms
[0.747s][info][gc,phases   ] GC(0)   Post Evacuate Collection Set: 0.8ms
[0.747s][info][gc,phases   ] GC(0)   Other: 0.3ms
[0.747s][info][gc,heap     ] GC(0) Eden regions: 11->0(14)
[0.747s][info][gc,heap     ] GC(0) Survivor regions: 0->2(2)
[0.747s][info][gc,heap     ] GC(0) Old regions: 0->1
[0.747s][info][gc,heap     ] GC(0) Humongous regions: 0->0
[0.747s][info][gc,metaspace] GC(0) Metaspace: 9124K(9344K)->9124K(9344K) NonClass: 8060K(8192K)->8060K(8192K) Class: 1064K(1152K)->1064K(1152K)
[0.747s][info][gc          ] GC(0) Pause Young (Normal) (G1 Evacuation Pause) 22M->4M(248M) 8.316ms
[0.747s][info][gc,cpu      ] GC(0) User=0.00s Sys=0.03s Real=0.01s
[0.879s][info][gc,start    ] GC(1) Pause Young (Concurrent Start) (G1 Humongous Allocation)
[0.879s][info][gc,task     ] GC(1) Using 5 workers of 8 for evacuation
[0.884s][info][gc,phases   ] GC(1)   Pre Evacuate Collection Set: 0.1ms
[0.884s][info][gc,phases   ] GC(1)   Merge Heap Roots: 0.0ms
[0.884s][info][gc,phases   ] GC(1)   Evacuate Collection Set: 4.0ms
[0.884s][info][gc,phases   ] GC(1)   Post Evacuate Collection Set: 0.4ms
[0.884s][info][gc,phases   ] GC(1)   Other: 0.3ms
[0.884s][info][gc,heap     ] GC(1) Eden regions: 3->0(31)
[0.884s][info][gc,heap     ] GC(1) Survivor regions: 2->1(2)
[0.884s][info][gc,heap     ] GC(1) Old regions: 1->3
[0.884s][info][gc,heap     ] GC(1) Humongous regions: 55->55
[0.884s][info][gc,metaspace] GC(1) Metaspace: 9885K(10176K)->9885K(10176K) NonClass: 8732K(8896K)->8732K(8896K) Class: 1153K(1280K)->1153K(1280K)
[0.885s][info][gc          ] GC(1) Pause Young (Concurrent Start) (G1 Humongous Allocation) 119M->116M(248M) 5.216ms
[0.885s][info][gc,cpu      ] GC(1) User=0.00s Sys=0.00s Real=0.00s
[0.885s][info][gc          ] GC(2) Concurrent Mark Cycle
[0.885s][info][gc,marking  ] GC(2) Concurrent Scan Root Regions
[0.887s][info][gc,marking  ] GC(2) Concurrent Scan Root Regions 2.682ms
[0.887s][info][gc,marking  ] GC(2) Concurrent Mark
[0.887s][info][gc,marking  ] GC(2) Concurrent Mark From Roots
[0.887s][info][gc,task     ] GC(2) Using 2 workers of 2 for marking
[0.889s][info][gc,marking  ] GC(2) Concurrent Mark From Roots 1.403ms
[0.889s][info][gc,marking  ] GC(2) Concurrent Preclean
[0.889s][info][gc,marking  ] GC(2) Concurrent Preclean 0.019ms
[0.889s][info][gc,start    ] GC(2) Pause Remark
[0.890s][info][gc          ] GC(2) Pause Remark 148M->148M(254M) 1.051ms
[0.890s][info][gc,cpu      ] GC(2) User=0.00s Sys=0.00s Real=0.00s
[0.890s][info][gc,marking  ] GC(2) Concurrent Mark 3.028ms
[0.890s][info][gc,marking  ] GC(2) Concurrent Rebuild Remembered Sets and Scrub Regions
[0.892s][info][gc,marking  ] GC(2) Concurrent Rebuild Remembered Sets and Scrub Regions 1.717ms
[0.893s][info][gc,start    ] GC(2) Pause Cleanup
[0.893s][info][gc          ] GC(2) Pause Cleanup 164M->164M(254M) 0.102ms
[0.893s][info][gc,cpu      ] GC(2) User=0.00s Sys=0.00s Real=0.00s
[0.893s][info][gc,marking  ] GC(2) Concurrent Clear Claimed Marks
[0.893s][info][gc,marking  ] GC(2) Concurrent Clear Claimed Marks 0.048ms
[0.893s][info][gc,marking  ] GC(2) Concurrent Cleanup for Next Mark
[0.894s][info][gc,marking  ] GC(2) Concurrent Cleanup for Next Mark 1.125ms
[0.894s][info][gc          ] GC(2) Concurrent Mark Cycle 9.425ms
[0.894s][info][gc,start    ] GC(3) Pause Young (Concurrent Start) (G1 Humongous Allocation)
[0.894s][info][gc,task     ] GC(3) Using 6 workers of 8 for evacuation
[0.895s][info][gc,phases   ] GC(3)   Pre Evacuate Collection Set: 0.1ms
[0.895s][info][gc,phases   ] GC(3)   Merge Heap Roots: 0.0ms
[0.895s][info][gc,phases   ] GC(3)   Evacuate Collection Set: 0.8ms
[0.895s][info][gc,phases   ] GC(3)   Post Evacuate Collection Set: 0.2ms
[0.895s][info][gc,phases   ] GC(3)   Other: 0.1ms
[0.895s][info][gc,heap     ] GC(3) Eden regions: 1->0(26)
[0.895s][info][gc,heap     ] GC(3) Survivor regions: 1->1(4)
[0.895s][info][gc,heap     ] GC(3) Old regions: 3->3
[0.895s][info][gc,heap     ] GC(3) Humongous regions: 83->83
[0.896s][info][gc,metaspace] GC(3) Metaspace: 9885K(10176K)->9885K(10176K) NonClass: 8732K(8896K)->8732K(8896K) Class: 1153K(1280K)->1153K(1280K)
[0.896s][info][gc          ] GC(3) Pause Young (Concurrent Start) (G1 Humongous Allocation) 172M->171M(254M) 1.512ms
[0.896s][info][gc,cpu      ] GC(3) User=0.00s Sys=0.00s Real=0.00s
[0.896s][info][gc          ] GC(4) Concurrent Mark Cycle
[0.896s][info][gc,marking  ] GC(4) Concurrent Scan Root Regions
[0.897s][info][gc,marking  ] GC(4) Concurrent Scan Root Regions 1.301ms
[0.897s][info][gc,marking  ] GC(4) Concurrent Mark
[0.897s][info][gc,marking  ] GC(4) Concurrent Mark From Roots
[0.897s][info][gc,task     ] GC(4) Using 2 workers of 2 for marking
[0.905s][info][gc,marking  ] GC(4) Concurrent Mark From Roots 7.787ms
[0.905s][info][gc,marking  ] GC(4) Concurrent Preclean
[0.905s][info][gc,marking  ] GC(4) Concurrent Preclean 0.054ms
[0.905s][info][gc,start    ] GC(4) Pause Remark
[0.907s][info][gc          ] GC(4) Pause Remark 206M->206M(350M) 1.561ms
[0.907s][info][gc,cpu      ] GC(4) User=0.00s Sys=0.00s Real=0.00s
[0.907s][info][gc,marking  ] GC(4) Concurrent Mark 9.687ms
[0.907s][info][gc,marking  ] GC(4) Concurrent Rebuild Remembered Sets and Scrub Regions
[0.909s][info][gc,marking  ] GC(4) Concurrent Rebuild Remembered Sets and Scrub Regions 1.969ms
[0.909s][info][gc,start    ] GC(4) Pause Cleanup
[0.909s][info][gc          ] GC(4) Pause Cleanup 206M->206M(350M) 0.110ms
[0.909s][info][gc,cpu      ] GC(4) User=0.00s Sys=0.00s Real=0.00s
[0.909s][info][gc,marking  ] GC(4) Concurrent Clear Claimed Marks
[0.909s][info][gc,marking  ] GC(4) Concurrent Clear Claimed Marks 0.029ms
[0.909s][info][gc,marking  ] GC(4) Concurrent Cleanup for Next Mark
[0.910s][info][gc,marking  ] GC(4) Concurrent Cleanup for Next Mark 0.648ms
[0.910s][info][gc          ] GC(4) Concurrent Mark Cycle 14.162ms
[1.917s][info][gc,start    ] GC(5) Pause Full (System.gc())
[1.917s][info][gc,task     ] GC(5) Using 8 workers of 8 for full compaction
[1.917s][info][gc,phases,start] GC(5) Phase 1: Mark live objects
[1.919s][info][gc,phases      ] GC(5) Phase 1: Mark live objects 1.912ms
[1.919s][info][gc,phases,start] GC(5) Phase 2: Prepare compaction
[1.920s][info][gc,phases      ] GC(5) Phase 2: Prepare compaction 0.607ms
[1.920s][info][gc,phases,start] GC(5) Phase 3: Adjust pointers
[1.922s][info][gc,phases      ] GC(5) Phase 3: Adjust pointers 1.508ms
[1.922s][info][gc,phases,start] GC(5) Phase 4: Compact heap
[1.923s][info][gc,phases      ] GC(5) Phase 4: Compact heap 0.901ms
[1.923s][info][gc,phases,start] GC(5) Phase 5: Reset Metadata
[1.923s][info][gc,phases      ] GC(5) Phase 5: Reset Metadata 0.168ms
[1.925s][info][gc,heap        ] GC(5) Eden regions: 1->0(48)
[1.925s][info][gc,heap        ] GC(5) Survivor regions: 1->0(4)
[1.925s][info][gc,heap        ] GC(5) Old regions: 3->3
[1.925s][info][gc,heap        ] GC(5) Humongous regions: 100->100
[1.925s][info][gc,metaspace   ] GC(5) Metaspace: 9894K(10176K)->9894K(10176K) NonClass: 8738K(8896K)->8738K(8896K) Class: 1155K(1280K)->1155K(1280K)
[1.925s][info][gc             ] GC(5) Pause Full (System.gc()) 206M->203M(350M) 8.098ms
[1.925s][info][gc,cpu         ] GC(5) User=0.09s Sys=0.03s Real=0.01s
[1.925s][info][gc,start       ] GC(6) Pause Young (Concurrent Start) (G1 Humongous Allocation)
[1.925s][info][gc,task        ] GC(6) Using 8 workers of 8 for evacuation
[1.926s][info][gc,phases      ] GC(6)   Pre Evacuate Collection Set: 0.1ms
[1.926s][info][gc,phases      ] GC(6)   Merge Heap Roots: 0.0ms
[1.926s][info][gc,phases      ] GC(6)   Evacuate Collection Set: 0.2ms
[1.926s][info][gc,phases      ] GC(6)   Post Evacuate Collection Set: 0.1ms
[1.926s][info][gc,phases      ] GC(6)   Other: 0.1ms
[1.926s][info][gc,heap        ] GC(6) Eden regions: 0->0(48)
[1.926s][info][gc,heap        ] GC(6) Survivor regions: 0->0(6)
[1.926s][info][gc,heap        ] GC(6) Old regions: 3->3
[1.926s][info][gc,heap        ] GC(6) Humongous regions: 100->100
[1.926s][info][gc,metaspace   ] GC(6) Metaspace: 9894K(10176K)->9894K(10176K) NonClass: 8738K(8896K)->8738K(8896K) Class: 1155K(1280K)->1155K(1280K)
[1.926s][info][gc             ] GC(6) Pause Young (Concurrent Start) (G1 Humongous Allocation) 203M->203M(350M) 0.719ms
[1.926s][info][gc,cpu         ] GC(6) User=0.00s Sys=0.00s Real=0.00s
[1.926s][info][gc             ] GC(7) Concurrent Mark Cycle
[1.926s][info][gc,marking     ] GC(7) Concurrent Scan Root Regions
[1.926s][info][gc,marking     ] GC(7) Concurrent Scan Root Regions 0.015ms
[1.926s][info][gc,marking     ] GC(7) Concurrent Mark
[1.926s][info][gc,marking     ] GC(7) Concurrent Mark From Roots
[1.926s][info][gc,task        ] GC(7) Using 2 workers of 2 for marking
[1.930s][info][gc,marking     ] GC(7) Concurrent Mark From Roots 3.912ms
[1.930s][info][gc,marking     ] GC(7) Concurrent Preclean
[1.930s][info][gc,marking     ] GC(7) Concurrent Preclean 0.072ms
[1.930s][info][gc,start       ] GC(7) Pause Remark
[1.931s][info][gc             ] GC(7) Pause Remark 232M->32M(120M) 0.850ms
[1.931s][info][gc,cpu         ] GC(7) User=0.00s Sys=0.00s Real=0.00s
[1.931s][info][gc,marking     ] GC(7) Concurrent Mark 5.348ms
[1.931s][info][gc,marking     ] GC(7) Concurrent Rebuild Remembered Sets and Scrub Regions
[1.934s][info][gc,marking     ] GC(7) Concurrent Rebuild Remembered Sets and Scrub Regions 2.263ms
[1.939s][info][gc,start       ] GC(7) Pause Cleanup
[1.940s][info][gc             ] GC(7) Pause Cleanup 54M->54M(120M) 0.166ms
[1.940s][info][gc,cpu         ] GC(7) User=0.00s Sys=0.00s Real=0.00s
[1.940s][info][gc,marking     ] GC(7) Concurrent Clear Claimed Marks
[1.940s][info][gc,marking     ] GC(7) Concurrent Clear Claimed Marks 0.051ms
[1.940s][info][gc,marking     ] GC(7) Concurrent Cleanup for Next Mark
[1.940s][info][gc,marking     ] GC(7) Concurrent Cleanup for Next Mark 0.244ms
[1.940s][info][gc             ] GC(7) Concurrent Mark Cycle 14.177ms
[2.961s][info][gc,start       ] GC(8) Pause Full (System.gc())
[2.961s][info][gc,task        ] GC(8) Using 6 workers of 8 for full compaction
[2.961s][info][gc,phases,start] GC(8) Phase 1: Mark live objects
[2.963s][info][gc,phases      ] GC(8) Phase 1: Mark live objects 1.924ms
[2.963s][info][gc,phases,start] GC(8) Phase 2: Prepare compaction
[2.964s][info][gc,phases      ] GC(8) Phase 2: Prepare compaction 0.974ms
[2.964s][info][gc,phases,start] GC(8) Phase 3: Adjust pointers
[2.966s][info][gc,phases      ] GC(8) Phase 3: Adjust pointers 1.623ms
[2.966s][info][gc,phases,start] GC(8) Phase 4: Compact heap
[2.967s][info][gc,phases      ] GC(8) Phase 4: Compact heap 1.095ms
[2.967s][info][gc,phases,start] GC(8) Phase 5: Reset Metadata
[2.967s][info][gc,phases      ] GC(8) Phase 5: Reset Metadata 0.138ms
[2.969s][info][gc,heap        ] GC(8) Eden regions: 1->0(45)
[2.969s][info][gc,heap        ] GC(8) Survivor regions: 0->0(6)
[2.969s][info][gc,heap        ] GC(8) Old regions: 3->2
[2.969s][info][gc,heap        ] GC(8) Humongous regions: 100->100
[2.969s][info][gc,metaspace   ] GC(8) Metaspace: 9894K(10176K)->9894K(10176K) NonClass: 8738K(8896K)->8738K(8896K) Class: 1155K(1280K)->1155K(1280K)
[2.969s][info][gc             ] GC(8) Pause Full (System.gc()) 205M->203M(340M) 8.239ms
[2.969s][info][gc,cpu         ] GC(8) User=0.00s Sys=0.06s Real=0.01s
[2.969s][info][gc,start       ] GC(9) Pause Young (Concurrent Start) (G1 Humongous Allocation)
[2.969s][info][gc,task        ] GC(9) Using 8 workers of 8 for evacuation
[2.970s][info][gc,phases      ] GC(9)   Pre Evacuate Collection Set: 0.1ms
[2.970s][info][gc,phases      ] GC(9)   Merge Heap Roots: 0.0ms
[2.970s][info][gc,phases      ] GC(9)   Evacuate Collection Set: 0.2ms
[2.970s][info][gc,phases      ] GC(9)   Post Evacuate Collection Set: 0.1ms
[2.970s][info][gc,phases      ] GC(9)   Other: 0.1ms
[2.970s][info][gc,heap        ] GC(9) Eden regions: 0->0(45)
[2.970s][info][gc,heap        ] GC(9) Survivor regions: 0->0(6)
[2.970s][info][gc,heap        ] GC(9) Old regions: 2->2
[2.970s][info][gc,heap        ] GC(9) Humongous regions: 100->100
[2.970s][info][gc,metaspace   ] GC(9) Metaspace: 9894K(10176K)->9894K(10176K) NonClass: 8738K(8896K)->8738K(8896K) Class: 1155K(1280K)->1155K(1280K)
[2.970s][info][gc             ] GC(9) Pause Young (Concurrent Start) (G1 Humongous Allocation) 203M->203M(340M) 0.626ms
[2.970s][info][gc,cpu         ] GC(9) User=0.00s Sys=0.00s Real=0.00s
[2.970s][info][gc             ] GC(10) Concurrent Mark Cycle
[2.970s][info][gc,marking     ] GC(10) Concurrent Scan Root Regions
[2.970s][info][gc,marking     ] GC(10) Concurrent Scan Root Regions 0.016ms
[2.970s][info][gc,marking     ] GC(10) Concurrent Mark
[2.970s][info][gc,marking     ] GC(10) Concurrent Mark From Roots
[2.970s][info][gc,task        ] GC(10) Using 2 workers of 2 for marking
[2.974s][info][gc,marking     ] GC(10) Concurrent Mark From Roots 3.802ms
[2.974s][info][gc,marking     ] GC(10) Concurrent Preclean
[2.974s][info][gc,marking     ] GC(10) Concurrent Preclean 0.030ms
[2.974s][info][gc,start       ] GC(10) Pause Remark
[2.975s][info][gc             ] GC(10) Pause Remark 239M->39M(134M) 0.686ms
[2.975s][info][gc,cpu         ] GC(10) User=0.00s Sys=0.00s Real=0.00s
[2.975s][info][gc,marking     ] GC(10) Concurrent Mark 4.774ms
[2.975s][info][gc,marking     ] GC(10) Concurrent Rebuild Remembered Sets and Scrub Regions
[2.976s][info][gc,marking     ] GC(10) Concurrent Rebuild Remembered Sets and Scrub Regions 1.175ms
[2.976s][info][gc,start       ] GC(10) Pause Cleanup
[2.977s][info][gc             ] GC(10) Pause Cleanup 61M->61M(134M) 0.287ms
[2.977s][info][gc,cpu         ] GC(10) User=0.00s Sys=0.00s Real=0.00s
[2.977s][info][gc,marking     ] GC(10) Concurrent Clear Claimed Marks
[2.977s][info][gc,marking     ] GC(10) Concurrent Clear Claimed Marks 0.044ms
[2.977s][info][gc,marking     ] GC(10) Concurrent Cleanup for Next Mark
[2.977s][info][gc,marking     ] GC(10) Concurrent Cleanup for Next Mark 0.275ms
[2.977s][info][gc             ] GC(10) Concurrent Mark Cycle 6.982ms
[2.986s][info][gc,start       ] GC(11) Pause Young (Prepare Mixed) (G1 Evacuation Pause)
[2.986s][info][gc,task        ] GC(11) Using 6 workers of 8 for evacuation
[2.987s][info][gc,phases      ] GC(11)   Pre Evacuate Collection Set: 0.1ms
[2.987s][info][gc,phases      ] GC(11)   Merge Heap Roots: 0.1ms
[2.987s][info][gc,phases      ] GC(11)   Evacuate Collection Set: 0.1ms
[2.987s][info][gc,phases      ] GC(11)   Post Evacuate Collection Set: 0.1ms
[2.987s][info][gc,phases      ] GC(11)   Other: 0.1ms
[2.987s][info][gc,heap        ] GC(11) Eden regions: 0->0(0)
[2.988s][info][gc,heap        ] GC(11) Survivor regions: 0->0(6)
[2.988s][info][gc,heap        ] GC(11) Old regions: 2->2
[2.988s][info][gc,heap        ] GC(11) Humongous regions: 100->100
[2.988s][info][gc,metaspace   ] GC(11) Metaspace: 9894K(10176K)->9894K(10176K) NonClass: 8738K(8896K)->8738K(8896K) Class: 1155K(1280K)->1155K(1280K)
[2.988s][info][gc             ] GC(11) Pause Young (Prepare Mixed) (G1 Evacuation Pause) 203M->203M(204M) 1.655ms
[2.988s][info][gc,cpu         ] GC(11) User=0.00s Sys=0.00s Real=0.00s
[2.988s][info][gc,ergo        ] Attempting full compaction
[2.988s][info][gc,start       ] GC(12) Pause Full (G1 Compaction Pause)
[2.988s][info][gc,task        ] GC(12) Using 5 workers of 8 for full compaction
[2.988s][info][gc,phases,start] GC(12) Phase 1: Mark live objects
[2.990s][info][gc,phases      ] GC(12) Phase 1: Mark live objects 2.049ms
[2.990s][info][gc,phases,start] GC(12) Phase 2: Prepare compaction
[2.990s][info][gc,phases      ] GC(12) Phase 2: Prepare compaction 0.293ms
[2.990s][info][gc,phases,start] GC(12) Phase 3: Adjust pointers
[2.992s][info][gc,phases      ] GC(12) Phase 3: Adjust pointers 1.435ms
[2.992s][info][gc,phases,start] GC(12) Phase 4: Compact heap
[2.992s][info][gc,phases      ] GC(12) Phase 4: Compact heap 0.234ms
[2.992s][info][gc,phases,start] GC(12) Phase 5: Reset Metadata
[2.993s][info][gc,phases      ] GC(12) Phase 5: Reset Metadata 0.457ms
[2.994s][info][gc,heap        ] GC(12) Eden regions: 0->0(45)
[2.994s][info][gc,heap        ] GC(12) Survivor regions: 0->0(6)
[2.995s][info][gc,heap        ] GC(12) Old regions: 2->2
[2.995s][info][gc,heap        ] GC(12) Humongous regions: 100->100
[2.995s][info][gc,metaspace   ] GC(12) Metaspace: 9894K(10176K)->9894K(10176K) NonClass: 8738K(8896K)->8738K(8896K) Class: 1155K(1280K)->1155K(1280K)
[2.995s][info][gc             ] GC(12) Pause Full (G1 Compaction Pause) 203M->203M(340M) 6.831ms
[2.995s][info][gc,cpu         ] GC(12) User=0.00s Sys=0.00s Real=0.01s
[3.995s][info][gc,start       ] GC(13) Pause Full (System.gc())
[3.995s][info][gc,task        ] GC(13) Using 8 workers of 8 for full compaction
[3.996s][info][gc,phases,start] GC(13) Phase 1: Mark live objects
[3.998s][info][gc,phases      ] GC(13) Phase 1: Mark live objects 1.935ms
[3.998s][info][gc,phases,start] GC(13) Phase 2: Prepare compaction
[3.998s][info][gc,phases      ] GC(13) Phase 2: Prepare compaction 0.416ms
[3.998s][info][gc,phases,start] GC(13) Phase 3: Adjust pointers
[4.000s][info][gc,phases      ] GC(13) Phase 3: Adjust pointers 1.819ms
[4.000s][info][gc,phases,start] GC(13) Phase 4: Compact heap
[4.001s][info][gc,phases      ] GC(13) Phase 4: Compact heap 0.323ms
[4.001s][info][gc,phases,start] GC(13) Phase 5: Reset Metadata
[4.001s][info][gc,phases      ] GC(13) Phase 5: Reset Metadata 0.656ms
[4.003s][info][gc,heap        ] GC(13) Eden regions: 1->0(45)
[4.003s][info][gc,heap        ] GC(13) Survivor regions: 0->0(6)
[4.003s][info][gc,heap        ] GC(13) Old regions: 2->2
[4.003s][info][gc,heap        ] GC(13) Humongous regions: 100->100
[4.003s][info][gc,metaspace   ] GC(13) Metaspace: 9894K(10176K)->9894K(10176K) NonClass: 8738K(8896K)->8738K(8896K) Class: 1155K(1280K)->1155K(1280K)
[4.003s][info][gc             ] GC(13) Pause Full (System.gc()) 204M->203M(340M) 7.825ms
[4.003s][info][gc,cpu         ] GC(13) User=0.08s Sys=0.03s Real=0.01s
[4.003s][info][gc,start       ] GC(14) Pause Young (Concurrent Start) (G1 Humongous Allocation)
[4.003s][info][gc,task        ] GC(14) Using 8 workers of 8 for evacuation
[4.004s][info][gc,phases      ] GC(14)   Pre Evacuate Collection Set: 0.1ms
[4.004s][info][gc,phases      ] GC(14)   Merge Heap Roots: 0.0ms
[4.004s][info][gc,phases      ] GC(14)   Evacuate Collection Set: 0.2ms
[4.004s][info][gc,phases      ] GC(14)   Post Evacuate Collection Set: 0.1ms
[4.004s][info][gc,phases      ] GC(14)   Other: 0.1ms
[4.004s][info][gc,heap        ] GC(14) Eden regions: 0->0(45)
[4.004s][info][gc,heap        ] GC(14) Survivor regions: 0->0(6)
[4.004s][info][gc,heap        ] GC(14) Old regions: 2->2
[4.004s][info][gc,heap        ] GC(14) Humongous regions: 100->100
[4.004s][info][gc,metaspace   ] GC(14) Metaspace: 9894K(10176K)->9894K(10176K) NonClass: 8738K(8896K)->8738K(8896K) Class: 1155K(1280K)->1155K(1280K)
[4.004s][info][gc             ] GC(14) Pause Young (Concurrent Start) (G1 Humongous Allocation) 203M->203M(340M) 0.908ms
[4.004s][info][gc             ] GC(15) Concurrent Mark Cycle
[4.004s][info][gc,cpu         ] GC(14) User=0.00s Sys=0.00s Real=0.00s
[4.004s][info][gc,marking     ] GC(15) Concurrent Scan Root Regions
[4.004s][info][gc,marking     ] GC(15) Concurrent Scan Root Regions 0.065ms
[4.004s][info][gc,marking     ] GC(15) Concurrent Mark
[4.004s][info][gc,marking     ] GC(15) Concurrent Mark From Roots
[4.004s][info][gc,task        ] GC(15) Using 2 workers of 2 for marking
[4.009s][info][gc,marking     ] GC(15) Concurrent Mark From Roots 4.844ms
[4.009s][info][gc,marking     ] GC(15) Concurrent Preclean
[4.009s][info][gc,marking     ] GC(15) Concurrent Preclean 0.036ms
[4.010s][info][gc,start       ] GC(15) Pause Remark
[4.011s][info][gc             ] GC(15) Pause Remark 255M->55M(188M) 0.865ms
[4.011s][info][gc,cpu         ] GC(15) User=0.00s Sys=0.00s Real=0.00s
[4.011s][info][gc,marking     ] GC(15) Concurrent Mark 6.280ms
[4.011s][info][gc,marking     ] GC(15) Concurrent Rebuild Remembered Sets and Scrub Regions
[4.012s][info][gc,marking     ] GC(15) Concurrent Rebuild Remembered Sets and Scrub Regions 1.384ms
[4.013s][info][gc,start       ] GC(15) Pause Cleanup
[4.013s][info][gc             ] GC(15) Pause Cleanup 75M->75M(188M) 0.550ms
[4.013s][info][gc,cpu         ] GC(15) User=0.00s Sys=0.00s Real=0.00s
[4.013s][info][gc,marking     ] GC(15) Concurrent Clear Claimed Marks
[4.014s][info][gc,marking     ] GC(15) Concurrent Clear Claimed Marks 0.134ms
[4.014s][info][gc,marking     ] GC(15) Concurrent Cleanup for Next Mark
[4.014s][info][gc,marking     ] GC(15) Concurrent Cleanup for Next Mark 0.496ms
[4.014s][info][gc             ] GC(15) Concurrent Mark Cycle 10.007ms
[4.024s][info][gc,start       ] GC(16) Pause Young (Prepare Mixed) (G1 Evacuation Pause)
[4.024s][info][gc,task        ] GC(16) Using 6 workers of 8 for evacuation
[4.025s][info][gc,phases      ] GC(16)   Pre Evacuate Collection Set: 0.1ms
[4.025s][info][gc,phases      ] GC(16)   Merge Heap Roots: 0.1ms
[4.025s][info][gc,phases      ] GC(16)   Evacuate Collection Set: 0.1ms
[4.025s][info][gc,phases      ] GC(16)   Post Evacuate Collection Set: 0.4ms
[4.025s][info][gc,phases      ] GC(16)   Other: 0.1ms
[4.025s][info][gc,heap        ] GC(16) Eden regions: 0->0(36)
[4.025s][info][gc,heap        ] GC(16) Survivor regions: 0->0(6)
[4.025s][info][gc,heap        ] GC(16) Old regions: 2->2
[4.025s][info][gc,heap        ] GC(16) Humongous regions: 100->100
[4.025s][info][gc,metaspace   ] GC(16) Metaspace: 9894K(10176K)->9894K(10176K) NonClass: 8738K(8896K)->8738K(8896K) Class: 1155K(1280K)->1155K(1280K)
[4.025s][info][gc             ] GC(16) Pause Young (Prepare Mixed) (G1 Evacuation Pause) 203M->203M(314M) 1.217ms
[4.026s][info][gc,cpu         ] GC(16) User=0.00s Sys=0.00s Real=0.00s
[5.038s][info][gc,start       ] GC(17) Pause Full (System.gc())
[5.038s][info][gc,task        ] GC(17) Using 7 workers of 8 for full compaction
[5.039s][info][gc,phases,start] GC(17) Phase 1: Mark live objects
[5.040s][info][gc,phases      ] GC(17) Phase 1: Mark live objects 1.900ms
[5.041s][info][gc,phases,start] GC(17) Phase 2: Prepare compaction
[5.041s][info][gc,phases      ] GC(17) Phase 2: Prepare compaction 0.280ms
[5.041s][info][gc,phases,start] GC(17) Phase 3: Adjust pointers
[5.042s][info][gc,phases      ] GC(17) Phase 3: Adjust pointers 1.336ms
[5.042s][info][gc,phases,start] GC(17) Phase 4: Compact heap
[5.042s][info][gc,phases      ] GC(17) Phase 4: Compact heap 0.206ms
[5.043s][info][gc,phases,start] GC(17) Phase 5: Reset Metadata
[5.043s][info][gc,phases      ] GC(17) Phase 5: Reset Metadata 0.465ms
[5.045s][info][gc,heap        ] GC(17) Eden regions: 1->0(46)
[5.045s][info][gc,heap        ] GC(17) Survivor regions: 0->0(6)
[5.045s][info][gc,heap        ] GC(17) Old regions: 2->3
[5.045s][info][gc,heap        ] GC(17) Humongous regions: 100->100
[5.045s][info][gc,metaspace   ] GC(17) Metaspace: 9894K(10176K)->9894K(10176K) NonClass: 8738K(8896K)->8738K(8896K) Class: 1155K(1280K)->1155K(1280K)
[5.045s][info][gc             ] GC(17) Pause Full (System.gc()) 204M->203M(344M) 6.632ms
[5.045s][info][gc,cpu         ] GC(17) User=0.02s Sys=0.00s Real=0.01s
[5.045s][info][gc,start       ] GC(18) Pause Young (Concurrent Start) (G1 Humongous Allocation)
[5.045s][info][gc,task        ] GC(18) Using 8 workers of 8 for evacuation
[5.046s][info][gc,phases      ] GC(18)   Pre Evacuate Collection Set: 0.1ms
[5.046s][info][gc,phases      ] GC(18)   Merge Heap Roots: 0.0ms
[5.046s][info][gc,phases      ] GC(18)   Evacuate Collection Set: 0.2ms
[5.046s][info][gc,phases      ] GC(18)   Post Evacuate Collection Set: 0.1ms
[5.046s][info][gc,phases      ] GC(18)   Other: 0.1ms
[5.046s][info][gc,heap        ] GC(18) Eden regions: 0->0(46)
[5.046s][info][gc,heap        ] GC(18) Survivor regions: 0->0(6)
[5.046s][info][gc,heap        ] GC(18) Old regions: 3->3
[5.046s][info][gc,heap        ] GC(18) Humongous regions: 100->100
[5.046s][info][gc,metaspace   ] GC(18) Metaspace: 9894K(10176K)->9894K(10176K) NonClass: 8738K(8896K)->8738K(8896K) Class: 1155K(1280K)->1155K(1280K)
[5.046s][info][gc             ] GC(18) Pause Young (Concurrent Start) (G1 Humongous Allocation) 203M->203M(344M) 0.755ms
[5.046s][info][gc,cpu         ] GC(18) User=0.00s Sys=0.00s Real=0.00s
[5.046s][info][gc             ] GC(19) Concurrent Mark Cycle
[5.046s][info][gc,marking     ] GC(19) Concurrent Scan Root Regions
[5.046s][info][gc,marking     ] GC(19) Concurrent Scan Root Regions 0.015ms
[5.046s][info][gc,marking     ] GC(19) Concurrent Mark
[5.046s][info][gc,marking     ] GC(19) Concurrent Mark From Roots
[5.046s][info][gc,task        ] GC(19) Using 2 workers of 2 for marking
[5.050s][info][gc,marking     ] GC(19) Concurrent Mark From Roots 4.507ms
[5.051s][info][gc,marking     ] GC(19) Concurrent Preclean
[5.051s][info][gc,marking     ] GC(19) Concurrent Preclean 0.037ms
[5.051s][info][gc,start       ] GC(19) Pause Remark
[5.052s][info][gc             ] GC(19) Pause Remark 259M->59M(208M) 0.811ms
[5.052s][info][gc,cpu         ] GC(19) User=0.00s Sys=0.00s Real=0.00s
[5.052s][info][gc,marking     ] GC(19) Concurrent Mark 5.858ms
[5.052s][info][gc,marking     ] GC(19) Concurrent Rebuild Remembered Sets and Scrub Regions
[5.053s][info][gc,marking     ] GC(19) Concurrent Rebuild Remembered Sets and Scrub Regions 1.642ms
[5.054s][info][gc,start       ] GC(19) Pause Cleanup
[5.054s][info][gc             ] GC(19) Pause Cleanup 85M->85M(208M) 0.166ms
[5.054s][info][gc,cpu         ] GC(19) User=0.00s Sys=0.00s Real=0.00s
[5.054s][info][gc,marking     ] GC(19) Concurrent Clear Claimed Marks
[5.054s][info][gc,marking     ] GC(19) Concurrent Clear Claimed Marks 0.047ms
[5.054s][info][gc,marking     ] GC(19) Concurrent Cleanup for Next Mark
[5.055s][info][gc,marking     ] GC(19) Concurrent Cleanup for Next Mark 0.532ms
[5.055s][info][gc             ] GC(19) Concurrent Mark Cycle 8.934ms
[6.075s][info][gc,start       ] GC(20) Pause Full (System.gc())
[6.075s][info][gc,task        ] GC(20) Using 6 workers of 8 for full compaction
[6.076s][info][gc,phases,start] GC(20) Phase 1: Mark live objects
[6.077s][info][gc,phases      ] GC(20) Phase 1: Mark live objects 1.856ms
[6.077s][info][gc,phases,start] GC(20) Phase 2: Prepare compaction
[6.078s][info][gc,phases      ] GC(20) Phase 2: Prepare compaction 0.326ms
[6.078s][info][gc,phases,start] GC(20) Phase 3: Adjust pointers
[6.079s][info][gc,phases      ] GC(20) Phase 3: Adjust pointers 1.431ms
[6.079s][info][gc,phases,start] GC(20) Phase 4: Compact heap
[6.080s][info][gc,phases      ] GC(20) Phase 4: Compact heap 0.576ms
[6.080s][info][gc,phases,start] GC(20) Phase 5: Reset Metadata
[6.081s][info][gc,phases      ] GC(20) Phase 5: Reset Metadata 0.573ms
[6.083s][info][gc,heap        ] GC(20) Eden regions: 1->0(45)
[6.083s][info][gc,heap        ] GC(20) Survivor regions: 0->0(6)
[6.083s][info][gc,heap        ] GC(20) Old regions: 3->2
[6.083s][info][gc,heap        ] GC(20) Humongous regions: 100->100
[6.083s][info][gc,metaspace   ] GC(20) Metaspace: 9894K(10176K)->9894K(10176K) NonClass: 8738K(8896K)->8738K(8896K) Class: 1155K(1280K)->1155K(1280K)
[6.083s][info][gc             ] GC(20) Pause Full (System.gc()) 204M->203M(340M) 7.621ms
[6.083s][info][gc,cpu         ] GC(20) User=0.00s Sys=0.00s Real=0.01s
[6.083s][info][gc,start       ] GC(21) Pause Young (Concurrent Start) (G1 Humongous Allocation)
[6.083s][info][gc,task        ] GC(21) Using 8 workers of 8 for evacuation
[6.084s][info][gc,phases      ] GC(21)   Pre Evacuate Collection Set: 0.2ms
[6.084s][info][gc,phases      ] GC(21)   Merge Heap Roots: 0.0ms
[6.084s][info][gc,phases      ] GC(21)   Evacuate Collection Set: 0.2ms
[6.084s][info][gc,phases      ] GC(21)   Post Evacuate Collection Set: 0.2ms
[6.084s][info][gc,phases      ] GC(21)   Other: 0.1ms
[6.084s][info][gc,heap        ] GC(21) Eden regions: 0->0(45)
[6.084s][info][gc,heap        ] GC(21) Survivor regions: 0->0(6)
[6.084s][info][gc,heap        ] GC(21) Old regions: 2->2
[6.084s][info][gc,heap        ] GC(21) Humongous regions: 100->100
[6.084s][info][gc,metaspace   ] GC(21) Metaspace: 9894K(10176K)->9894K(10176K) NonClass: 8738K(8896K)->8738K(8896K) Class: 1155K(1280K)->1155K(1280K)
[6.084s][info][gc             ] GC(21) Pause Young (Concurrent Start) (G1 Humongous Allocation) 203M->203M(340M) 1.118ms
[6.084s][info][gc,cpu         ] GC(21) User=0.00s Sys=0.00s Real=0.00s
[6.084s][info][gc             ] GC(22) Concurrent Mark Cycle
[6.084s][info][gc,marking     ] GC(22) Concurrent Scan Root Regions
[6.084s][info][gc,marking     ] GC(22) Concurrent Scan Root Regions 0.031ms
[6.084s][info][gc,marking     ] GC(22) Concurrent Mark
[6.084s][info][gc,marking     ] GC(22) Concurrent Mark From Roots
[6.084s][info][gc,task        ] GC(22) Using 2 workers of 2 for marking
[6.090s][info][gc,marking     ] GC(22) Concurrent Mark From Roots 5.548ms
[6.090s][info][gc,marking     ] GC(22) Concurrent Preclean
[6.090s][info][gc,marking     ] GC(22) Concurrent Preclean 0.042ms
[6.090s][info][gc,start       ] GC(22) Pause Remark
[6.091s][info][gc             ] GC(22) Pause Remark 241M->41M(140M) 1.213ms
[6.091s][info][gc,cpu         ] GC(22) User=0.00s Sys=0.00s Real=0.00s
[6.091s][info][gc,marking     ] GC(22) Concurrent Mark 7.118ms
[6.091s][info][gc,marking     ] GC(22) Concurrent Rebuild Remembered Sets and Scrub Regions
[6.093s][info][gc,marking     ] GC(22) Concurrent Rebuild Remembered Sets and Scrub Regions 2.084ms
[6.094s][info][gc,start       ] GC(22) Pause Cleanup
[6.094s][info][gc             ] GC(22) Pause Cleanup 61M->61M(140M) 0.127ms
[6.094s][info][gc,cpu         ] GC(22) User=0.00s Sys=0.00s Real=0.00s
[6.094s][info][gc,marking     ] GC(22) Concurrent Clear Claimed Marks
[6.094s][info][gc,marking     ] GC(22) Concurrent Clear Claimed Marks 0.058ms
[6.094s][info][gc,marking     ] GC(22) Concurrent Cleanup for Next Mark
[6.095s][info][gc,marking     ] GC(22) Concurrent Cleanup for Next Mark 0.528ms
[6.095s][info][gc             ] GC(22) Concurrent Mark Cycle 10.697ms
[6.107s][info][gc,start       ] GC(23) Pause Young (Prepare Mixed) (G1 Evacuation Pause)
[6.107s][info][gc,task        ] GC(23) Using 6 workers of 8 for evacuation
[6.107s][info][gc,phases      ] GC(23)   Pre Evacuate Collection Set: 0.1ms
[6.107s][info][gc,phases      ] GC(23)   Merge Heap Roots: 0.1ms
[6.107s][info][gc,phases      ] GC(23)   Evacuate Collection Set: 0.1ms
[6.107s][info][gc,phases      ] GC(23)   Post Evacuate Collection Set: 0.2ms
[6.107s][info][gc,phases      ] GC(23)   Other: 0.1ms
[6.107s][info][gc,heap        ] GC(23) Eden regions: 0->0(0)
[6.107s][info][gc,heap        ] GC(23) Survivor regions: 0->0(6)
[6.107s][info][gc,heap        ] GC(23) Old regions: 2->2
[6.107s][info][gc,heap        ] GC(23) Humongous regions: 100->100
[6.108s][info][gc,metaspace   ] GC(23) Metaspace: 9894K(10176K)->9894K(10176K) NonClass: 8738K(8896K)->8738K(8896K) Class: 1155K(1280K)->1155K(1280K)
[6.108s][info][gc             ] GC(23) Pause Young (Prepare Mixed) (G1 Evacuation Pause) 203M->203M(204M) 0.989ms
[6.108s][info][gc,cpu         ] GC(23) User=0.00s Sys=0.00s Real=0.00s
[6.108s][info][gc,ergo        ] Attempting full compaction
[6.108s][info][gc,start       ] GC(24) Pause Full (G1 Compaction Pause)
[6.108s][info][gc,task        ] GC(24) Using 5 workers of 8 for full compaction
[6.108s][info][gc,phases,start] GC(24) Phase 1: Mark live objects
[6.110s][info][gc,phases      ] GC(24) Phase 1: Mark live objects 2.146ms
[6.110s][info][gc,phases,start] GC(24) Phase 2: Prepare compaction
[6.110s][info][gc,phases      ] GC(24) Phase 2: Prepare compaction 0.361ms
[6.111s][info][gc,phases,start] GC(24) Phase 3: Adjust pointers
[6.112s][info][gc,phases      ] GC(24) Phase 3: Adjust pointers 1.791ms
[6.112s][info][gc,phases,start] GC(24) Phase 4: Compact heap
[6.113s][info][gc,phases      ] GC(24) Phase 4: Compact heap 0.268ms
[6.113s][info][gc,phases,start] GC(24) Phase 5: Reset Metadata
[6.113s][info][gc,phases      ] GC(24) Phase 5: Reset Metadata 0.592ms
[6.115s][info][gc,heap        ] GC(24) Eden regions: 0->0(45)
[6.115s][info][gc,heap        ] GC(24) Survivor regions: 0->0(6)
[6.115s][info][gc,heap        ] GC(24) Old regions: 2->2
[6.115s][info][gc,heap        ] GC(24) Humongous regions: 100->100
[6.116s][info][gc,metaspace   ] GC(24) Metaspace: 9894K(10176K)->9894K(10176K) NonClass: 8738K(8896K)->8738K(8896K) Class: 1155K(1280K)->1155K(1280K)
[6.116s][info][gc             ] GC(24) Pause Full (G1 Compaction Pause) 203M->203M(340M) 7.839ms
[6.116s][info][gc,cpu         ] GC(24) User=0.00s Sys=0.00s Real=0.01s
[7.130s][info][gc,start       ] GC(25) Pause Full (System.gc())
[7.130s][info][gc,task        ] GC(25) Using 8 workers of 8 for full compaction
[7.130s][info][gc,phases,start] GC(25) Phase 1: Mark live objects
[7.132s][info][gc,phases      ] GC(25) Phase 1: Mark live objects 2.318ms
[7.132s][info][gc,phases,start] GC(25) Phase 2: Prepare compaction
[7.133s][info][gc,phases      ] GC(25) Phase 2: Prepare compaction 0.319ms
[7.133s][info][gc,phases,start] GC(25) Phase 3: Adjust pointers
[7.135s][info][gc,phases      ] GC(25) Phase 3: Adjust pointers 1.737ms
[7.135s][info][gc,phases,start] GC(25) Phase 4: Compact heap
[7.135s][info][gc,phases      ] GC(25) Phase 4: Compact heap 0.316ms
[7.135s][info][gc,phases,start] GC(25) Phase 5: Reset Metadata
[7.136s][info][gc,phases      ] GC(25) Phase 5: Reset Metadata 0.487ms
[7.137s][info][gc,heap        ] GC(25) Eden regions: 1->0(45)
[7.137s][info][gc,heap        ] GC(25) Survivor regions: 0->0(6)
[7.137s][info][gc,heap        ] GC(25) Old regions: 2->2
[7.137s][info][gc,heap        ] GC(25) Humongous regions: 100->100
[7.137s][info][gc,metaspace   ] GC(25) Metaspace: 9894K(10176K)->9894K(10176K) NonClass: 8738K(8896K)->8738K(8896K) Class: 1155K(1280K)->1155K(1280K)
[7.137s][info][gc             ] GC(25) Pause Full (System.gc()) 204M->203M(340M) 7.540ms
[7.137s][info][gc,cpu         ] GC(25) User=0.02s Sys=0.00s Real=0.01s
[7.137s][info][gc,start       ] GC(26) Pause Young (Concurrent Start) (G1 Humongous Allocation)
[7.137s][info][gc,task        ] GC(26) Using 8 workers of 8 for evacuation
[7.138s][info][gc,phases      ] GC(26)   Pre Evacuate Collection Set: 0.1ms
[7.138s][info][gc,phases      ] GC(26)   Merge Heap Roots: 0.0ms
[7.138s][info][gc,phases      ] GC(26)   Evacuate Collection Set: 0.2ms
[7.138s][info][gc,phases      ] GC(26)   Post Evacuate Collection Set: 0.1ms
[7.138s][info][gc,phases      ] GC(26)   Other: 0.1ms
[7.138s][info][gc,heap        ] GC(26) Eden regions: 0->0(45)
[7.138s][info][gc,heap        ] GC(26) Survivor regions: 0->0(6)
[7.138s][info][gc,heap        ] GC(26) Old regions: 2->2
[7.138s][info][gc,heap        ] GC(26) Humongous regions: 100->100
[7.138s][info][gc,metaspace   ] GC(26) Metaspace: 9894K(10176K)->9894K(10176K) NonClass: 8738K(8896K)->8738K(8896K) Class: 1155K(1280K)->1155K(1280K)
[7.138s][info][gc             ] GC(26) Pause Young (Concurrent Start) (G1 Humongous Allocation) 203M->203M(340M) 0.930ms
[7.138s][info][gc,cpu         ] GC(26) User=0.00s Sys=0.00s Real=0.00s
[7.138s][info][gc             ] GC(27) Concurrent Mark Cycle
[7.138s][info][gc,marking     ] GC(27) Concurrent Scan Root Regions
[7.138s][info][gc,marking     ] GC(27) Concurrent Scan Root Regions 0.018ms
[7.138s][info][gc,marking     ] GC(27) Concurrent Mark
[7.138s][info][gc,marking     ] GC(27) Concurrent Mark From Roots
[7.138s][info][gc,task        ] GC(27) Using 2 workers of 2 for marking
[7.145s][info][gc,marking     ] GC(27) Concurrent Mark From Roots 6.369ms
[7.145s][info][gc,marking     ] GC(27) Concurrent Preclean
[7.145s][info][gc,marking     ] GC(27) Concurrent Preclean 0.057ms
[7.145s][info][gc,start       ] GC(27) Pause Remark
[7.146s][info][gc             ] GC(27) Pause Remark 271M->71M(240M) 0.821ms
[7.146s][info][gc,cpu         ] GC(27) User=0.00s Sys=0.00s Real=0.00s
[7.146s][info][gc,marking     ] GC(27) Concurrent Mark 7.674ms
[7.146s][info][gc,marking     ] GC(27) Concurrent Rebuild Remembered Sets and Scrub Regions
[7.148s][info][gc,marking     ] GC(27) Concurrent Rebuild Remembered Sets and Scrub Regions 1.403ms
[7.148s][info][gc,start       ] GC(27) Pause Cleanup
[7.148s][info][gc             ] GC(27) Pause Cleanup 89M->89M(240M) 0.131ms
[7.148s][info][gc,cpu         ] GC(27) User=0.00s Sys=0.00s Real=0.00s
[7.148s][info][gc,marking     ] GC(27) Concurrent Clear Claimed Marks
[7.148s][info][gc,marking     ] GC(27) Concurrent Clear Claimed Marks 0.049ms
[7.148s][info][gc,marking     ] GC(27) Concurrent Cleanup for Next Mark
[7.149s][info][gc,marking     ] GC(27) Concurrent Cleanup for Next Mark 0.717ms
[7.149s][info][gc             ] GC(27) Concurrent Mark Cycle 10.550ms
[8.169s][info][gc,start       ] GC(28) Pause Full (System.gc())
[8.169s][info][gc,task        ] GC(28) Using 6 workers of 8 for full compaction
[8.170s][info][gc,phases,start] GC(28) Phase 1: Mark live objects
[8.172s][info][gc,phases      ] GC(28) Phase 1: Mark live objects 2.486ms
[8.172s][info][gc,phases,start] GC(28) Phase 2: Prepare compaction
[8.173s][info][gc,phases      ] GC(28) Phase 2: Prepare compaction 0.419ms
[8.173s][info][gc,phases,start] GC(28) Phase 3: Adjust pointers
[8.174s][info][gc,phases      ] GC(28) Phase 3: Adjust pointers 1.556ms
[8.174s][info][gc,phases,start] GC(28) Phase 4: Compact heap
[8.175s][info][gc,phases      ] GC(28) Phase 4: Compact heap 0.349ms
[8.175s][info][gc,phases,start] GC(28) Phase 5: Reset Metadata
[8.175s][info][gc,phases      ] GC(28) Phase 5: Reset Metadata 0.581ms
[8.177s][info][gc,heap        ] GC(28) Eden regions: 1->0(45)
[8.177s][info][gc,heap        ] GC(28) Survivor regions: 0->0(6)
[8.177s][info][gc,heap        ] GC(28) Old regions: 2->2
[8.177s][info][gc,heap        ] GC(28) Humongous regions: 100->100
[8.177s][info][gc,metaspace   ] GC(28) Metaspace: 9894K(10176K)->9894K(10176K) NonClass: 8738K(8896K)->8738K(8896K) Class: 1155K(1280K)->1155K(1280K)
[8.177s][info][gc             ] GC(28) Pause Full (System.gc()) 204M->203M(340M) 8.448ms
[8.177s][info][gc,cpu         ] GC(28) User=0.00s Sys=0.00s Real=0.01s
[8.177s][info][gc,start       ] GC(29) Pause Young (Concurrent Start) (G1 Humongous Allocation)
[8.177s][info][gc,task        ] GC(29) Using 8 workers of 8 for evacuation
[8.178s][info][gc,phases      ] GC(29)   Pre Evacuate Collection Set: 0.1ms
[8.178s][info][gc,phases      ] GC(29)   Merge Heap Roots: 0.0ms
[8.178s][info][gc,phases      ] GC(29)   Evacuate Collection Set: 0.2ms
[8.178s][info][gc,phases      ] GC(29)   Post Evacuate Collection Set: 0.1ms
[8.178s][info][gc,phases      ] GC(29)   Other: 0.1ms
[8.178s][info][gc,heap        ] GC(29) Eden regions: 0->0(45)
[8.178s][info][gc,heap        ] GC(29) Survivor regions: 0->0(6)
[8.178s][info][gc,heap        ] GC(29) Old regions: 2->2
[8.178s][info][gc,heap        ] GC(29) Humongous regions: 100->100
[8.178s][info][gc,metaspace   ] GC(29) Metaspace: 9894K(10176K)->9894K(10176K) NonClass: 8738K(8896K)->8738K(8896K) Class: 1155K(1280K)->1155K(1280K)
[8.178s][info][gc             ] GC(29) Pause Young (Concurrent Start) (G1 Humongous Allocation) 203M->203M(340M) 0.934ms
[8.178s][info][gc             ] GC(30) Concurrent Mark Cycle
[8.178s][info][gc,cpu         ] GC(29) User=0.00s Sys=0.00s Real=0.00s
[8.178s][info][gc,marking     ] GC(30) Concurrent Scan Root Regions
[8.178s][info][gc,marking     ] GC(30) Concurrent Scan Root Regions 0.045ms
[8.178s][info][gc,marking     ] GC(30) Concurrent Mark
[8.178s][info][gc,marking     ] GC(30) Concurrent Mark From Roots
[8.178s][info][gc,task        ] GC(30) Using 2 workers of 2 for marking
[8.185s][info][gc,marking     ] GC(30) Concurrent Mark From Roots 6.420ms
[8.185s][info][gc,marking     ] GC(30) Concurrent Preclean
[8.185s][info][gc,marking     ] GC(30) Concurrent Preclean 0.048ms
[8.185s][info][gc,start       ] GC(30) Pause Remark
[8.186s][info][gc             ] GC(30) Pause Remark 265M->65M(220M) 0.823ms
[8.186s][info][gc,cpu         ] GC(30) User=0.00s Sys=0.00s Real=0.00s
[8.186s][info][gc,marking     ] GC(30) Concurrent Mark 7.636ms
[8.186s][info][gc,marking     ] GC(30) Concurrent Rebuild Remembered Sets and Scrub Regions
[8.188s][info][gc,marking     ] GC(30) Concurrent Rebuild Remembered Sets and Scrub Regions 1.679ms
[8.188s][info][gc,start       ] GC(30) Pause Cleanup
[8.189s][info][gc             ] GC(30) Pause Cleanup 87M->87M(220M) 0.167ms
[8.189s][info][gc,cpu         ] GC(30) User=0.00s Sys=0.00s Real=0.00s
[8.189s][info][gc,marking     ] GC(30) Concurrent Clear Claimed Marks
[8.189s][info][gc,marking     ] GC(30) Concurrent Clear Claimed Marks 0.049ms
[8.189s][info][gc,marking     ] GC(30) Concurrent Cleanup for Next Mark
[8.189s][info][gc,marking     ] GC(30) Concurrent Cleanup for Next Mark 0.702ms
[8.190s][info][gc             ] GC(30) Concurrent Mark Cycle 11.402ms
[9.199s][info][gc,start       ] GC(31) Pause Full (System.gc())
[9.199s][info][gc,task        ] GC(31) Using 6 workers of 8 for full compaction
[9.199s][info][gc,phases,start] GC(31) Phase 1: Mark live objects
[9.201s][info][gc,phases      ] GC(31) Phase 1: Mark live objects 1.809ms
[9.201s][info][gc,phases,start] GC(31) Phase 2: Prepare compaction
[9.201s][info][gc,phases      ] GC(31) Phase 2: Prepare compaction 0.327ms
[9.201s][info][gc,phases,start] GC(31) Phase 3: Adjust pointers
[9.202s][info][gc,phases      ] GC(31) Phase 3: Adjust pointers 1.234ms
[9.202s][info][gc,phases,start] GC(31) Phase 4: Compact heap
[9.203s][info][gc,phases      ] GC(31) Phase 4: Compact heap 0.239ms
[9.203s][info][gc,phases,start] GC(31) Phase 5: Reset Metadata
[9.203s][info][gc,phases      ] GC(31) Phase 5: Reset Metadata 0.509ms
[9.205s][info][gc,heap        ] GC(31) Eden regions: 1->0(45)
[9.205s][info][gc,heap        ] GC(31) Survivor regions: 0->0(6)
[9.205s][info][gc,heap        ] GC(31) Old regions: 2->2
[9.205s][info][gc,heap        ] GC(31) Humongous regions: 100->100
[9.205s][info][gc,metaspace   ] GC(31) Metaspace: 9894K(10176K)->9894K(10176K) NonClass: 8738K(8896K)->8738K(8896K) Class: 1155K(1280K)->1155K(1280K)
[9.205s][info][gc             ] GC(31) Pause Full (System.gc()) 204M->203M(340M) 6.685ms
[9.205s][info][gc,cpu         ] GC(31) User=0.08s Sys=0.02s Real=0.01s
[9.205s][info][gc,start       ] GC(32) Pause Young (Concurrent Start) (G1 Humongous Allocation)
[9.205s][info][gc,task        ] GC(32) Using 8 workers of 8 for evacuation
[9.206s][info][gc,phases      ] GC(32)   Pre Evacuate Collection Set: 0.1ms
[9.206s][info][gc,phases      ] GC(32)   Merge Heap Roots: 0.0ms
[9.206s][info][gc,phases      ] GC(32)   Evacuate Collection Set: 0.2ms
[9.206s][info][gc,phases      ] GC(32)   Post Evacuate Collection Set: 0.1ms
[9.206s][info][gc,phases      ] GC(32)   Other: 0.1ms
[9.206s][info][gc,heap        ] GC(32) Eden regions: 0->0(45)
[9.206s][info][gc,heap        ] GC(32) Survivor regions: 0->0(6)
[9.206s][info][gc,heap        ] GC(32) Old regions: 2->2
[9.206s][info][gc,heap        ] GC(32) Humongous regions: 100->100
[9.206s][info][gc,metaspace   ] GC(32) Metaspace: 9894K(10176K)->9894K(10176K) NonClass: 8738K(8896K)->8738K(8896K) Class: 1155K(1280K)->1155K(1280K)
[9.206s][info][gc             ] GC(32) Pause Young (Concurrent Start) (G1 Humongous Allocation) 203M->203M(340M) 0.791ms
[9.206s][info][gc,cpu         ] GC(32) User=0.00s Sys=0.00s Real=0.00s
[9.206s][info][gc             ] GC(33) Concurrent Mark Cycle
[9.206s][info][gc,marking     ] GC(33) Concurrent Scan Root Regions
[9.206s][info][gc,marking     ] GC(33) Concurrent Scan Root Regions 0.019ms
[9.206s][info][gc,marking     ] GC(33) Concurrent Mark
[9.206s][info][gc,marking     ] GC(33) Concurrent Mark From Roots
[9.206s][info][gc,task        ] GC(33) Using 2 workers of 2 for marking
[9.210s][info][gc,marking     ] GC(33) Concurrent Mark From Roots 4.147ms
[9.211s][info][gc,marking     ] GC(33) Concurrent Preclean
[9.211s][info][gc,marking     ] GC(33) Concurrent Preclean 0.028ms
[9.211s][info][gc,start       ] GC(33) Pause Remark
[9.211s][info][gc             ] GC(33) Pause Remark 251M->51M(174M) 0.760ms
[9.211s][info][gc,cpu         ] GC(33) User=0.00s Sys=0.00s Real=0.00s
[9.212s][info][gc,marking     ] GC(33) Concurrent Mark 5.249ms
[9.212s][info][gc,marking     ] GC(33) Concurrent Rebuild Remembered Sets and Scrub Regions
[9.213s][info][gc,marking     ] GC(33) Concurrent Rebuild Remembered Sets and Scrub Regions 1.450ms
[9.213s][info][gc,start       ] GC(33) Pause Cleanup
[9.213s][info][gc             ] GC(33) Pause Cleanup 77M->77M(174M) 0.112ms
[9.213s][info][gc,cpu         ] GC(33) User=0.00s Sys=0.00s Real=0.00s
[9.213s][info][gc,marking     ] GC(33) Concurrent Clear Claimed Marks
[9.213s][info][gc,marking     ] GC(33) Concurrent Clear Claimed Marks 0.038ms
[9.213s][info][gc,marking     ] GC(33) Concurrent Cleanup for Next Mark
[9.214s][info][gc,marking     ] GC(33) Concurrent Cleanup for Next Mark 0.421ms
[9.214s][info][gc             ] GC(33) Concurrent Mark Cycle 7.758ms
[9.222s][info][gc,start       ] GC(34) Pause Young (Prepare Mixed) (G1 Evacuation Pause)
[9.222s][info][gc,task        ] GC(34) Using 6 workers of 8 for evacuation
[9.222s][info][gc,phases      ] GC(34)   Pre Evacuate Collection Set: 0.1ms
[9.222s][info][gc,phases      ] GC(34)   Merge Heap Roots: 0.1ms
[9.222s][info][gc,phases      ] GC(34)   Evacuate Collection Set: 0.1ms
[9.222s][info][gc,phases      ] GC(34)   Post Evacuate Collection Set: 0.1ms
[9.222s][info][gc,phases      ] GC(34)   Other: 0.1ms
[9.222s][info][gc,heap        ] GC(34) Eden regions: 0->0(0)
[9.222s][info][gc,heap        ] GC(34) Survivor regions: 0->0(6)
[9.222s][info][gc,heap        ] GC(34) Old regions: 2->2
[9.222s][info][gc,heap        ] GC(34) Humongous regions: 100->100
[9.222s][info][gc,metaspace   ] GC(34) Metaspace: 9894K(10176K)->9894K(10176K) NonClass: 8738K(8896K)->8738K(8896K) Class: 1155K(1280K)->1155K(1280K)
[9.222s][info][gc             ] GC(34) Pause Young (Prepare Mixed) (G1 Evacuation Pause) 203M->203M(204M) 0.711ms
[9.222s][info][gc,cpu         ] GC(34) User=0.00s Sys=0.00s Real=0.00s
[9.222s][info][gc,ergo        ] Attempting full compaction
[9.222s][info][gc,start       ] GC(35) Pause Full (G1 Compaction Pause)
[9.222s][info][gc,task        ] GC(35) Using 5 workers of 8 for full compaction
[9.223s][info][gc,phases,start] GC(35) Phase 1: Mark live objects
[9.224s][info][gc,phases      ] GC(35) Phase 1: Mark live objects 1.873ms
[9.224s][info][gc,phases,start] GC(35) Phase 2: Prepare compaction
[9.225s][info][gc,phases      ] GC(35) Phase 2: Prepare compaction 0.353ms
[9.225s][info][gc,phases,start] GC(35) Phase 3: Adjust pointers
[9.226s][info][gc,phases      ] GC(35) Phase 3: Adjust pointers 1.151ms
[9.226s][info][gc,phases,start] GC(35) Phase 4: Compact heap
[9.226s][info][gc,phases      ] GC(35) Phase 4: Compact heap 0.237ms
[9.226s][info][gc,phases,start] GC(35) Phase 5: Reset Metadata
[9.227s][info][gc,phases      ] GC(35) Phase 5: Reset Metadata 0.440ms
[9.229s][info][gc,heap        ] GC(35) Eden regions: 0->0(45)
[9.229s][info][gc,heap        ] GC(35) Survivor regions: 0->0(6)
[9.229s][info][gc,heap        ] GC(35) Old regions: 2->2
[9.229s][info][gc,heap        ] GC(35) Humongous regions: 100->100
[9.229s][info][gc,metaspace   ] GC(35) Metaspace: 9894K(10176K)->9894K(10176K) NonClass: 8738K(8896K)->8738K(8896K) Class: 1155K(1280K)->1155K(1280K)
[9.230s][info][gc             ] GC(35) Pause Full (G1 Compaction Pause) 203M->203M(340M) 7.614ms
[9.230s][info][gc,cpu         ] GC(35) User=0.00s Sys=0.00s Real=0.01s
[10.243s][info][gc,start       ] GC(36) Pause Full (System.gc())
[10.243s][info][gc,task        ] GC(36) Using 8 workers of 8 for full compaction
[10.244s][info][gc,phases,start] GC(36) Phase 1: Mark live objects
[10.248s][info][gc,phases      ] GC(36) Phase 1: Mark live objects 3.958ms
[10.248s][info][gc,phases,start] GC(36) Phase 2: Prepare compaction
[10.248s][info][gc,phases      ] GC(36) Phase 2: Prepare compaction 0.795ms
[10.248s][info][gc,phases,start] GC(36) Phase 3: Adjust pointers
[10.250s][info][gc,phases      ] GC(36) Phase 3: Adjust pointers 1.981ms
[10.250s][info][gc,phases,start] GC(36) Phase 4: Compact heap
[10.251s][info][gc,phases      ] GC(36) Phase 4: Compact heap 0.918ms
[10.251s][info][gc,phases,start] GC(36) Phase 5: Reset Metadata
[10.252s][info][gc,phases      ] GC(36) Phase 5: Reset Metadata 0.590ms
[10.254s][info][gc,heap        ] GC(36) Eden regions: 10->0(48)
[10.254s][info][gc,heap        ] GC(36) Survivor regions: 0->0(6)
[10.254s][info][gc,heap        ] GC(36) Old regions: 2->9
[10.254s][info][gc,heap        ] GC(36) Humongous regions: 100->100
[10.254s][info][gc,metaspace   ] GC(36) Metaspace: 12487K(12736K)->12487K(12736K) NonClass: 11082K(11200K)->11082K(11200K) Class: 1404K(1536K)->1404K(1536K)
[10.254s][info][gc             ] GC(36) Pause Full (System.gc()) 221M->204M(364M) 10.913ms
[10.254s][info][gc,cpu         ] GC(36) User=0.00s Sys=0.00s Real=0.01s
[10.254s][info][gc,start       ] GC(37) Pause Young (Concurrent Start) (G1 Humongous Allocation)
[10.254s][info][gc,task        ] GC(37) Using 8 workers of 8 for evacuation
[10.255s][info][gc,phases      ] GC(37)   Pre Evacuate Collection Set: 0.1ms
[10.255s][info][gc,phases      ] GC(37)   Merge Heap Roots: 0.1ms
[10.255s][info][gc,phases      ] GC(37)   Evacuate Collection Set: 0.2ms
[10.255s][info][gc,phases      ] GC(37)   Post Evacuate Collection Set: 0.1ms
[10.255s][info][gc,phases      ] GC(37)   Other: 0.1ms
[10.255s][info][gc,heap        ] GC(37) Eden regions: 0->0(48)
[10.255s][info][gc,heap        ] GC(37) Survivor regions: 0->0(6)
[10.255s][info][gc,heap        ] GC(37) Old regions: 9->9
[10.255s][info][gc,heap        ] GC(37) Humongous regions: 100->100
[10.255s][info][gc,metaspace   ] GC(37) Metaspace: 12487K(12736K)->12487K(12736K) NonClass: 11082K(11200K)->11082K(11200K) Class: 1404K(1536K)->1404K(1536K)
[10.255s][info][gc             ] GC(37) Pause Young (Concurrent Start) (G1 Humongous Allocation) 204M->204M(364M) 0.860ms
[10.255s][info][gc,cpu         ] GC(37) User=0.00s Sys=0.00s Real=0.00s
[10.255s][info][gc             ] GC(38) Concurrent Mark Cycle
[10.255s][info][gc,marking     ] GC(38) Concurrent Scan Root Regions
[10.255s][info][gc,marking     ] GC(38) Concurrent Scan Root Regions 0.016ms
[10.255s][info][gc,marking     ] GC(38) Concurrent Mark
[10.255s][info][gc,marking     ] GC(38) Concurrent Mark From Roots
[10.255s][info][gc,task        ] GC(38) Using 2 workers of 2 for marking
[10.265s][info][gc,marking     ] GC(38) Concurrent Mark From Roots 9.536ms
[10.265s][info][gc,marking     ] GC(38) Concurrent Preclean
[10.265s][info][gc,marking     ] GC(38) Concurrent Preclean 0.058ms
[10.265s][info][gc,start       ] GC(38) Pause Remark
[10.267s][info][gc             ] GC(38) Pause Remark 290M->90M(348M) 1.773ms
[10.267s][info][gc,cpu         ] GC(38) User=0.00s Sys=0.00s Real=0.00s
[10.267s][info][gc,marking     ] GC(38) Concurrent Mark 11.717ms
[10.267s][info][gc,marking     ] GC(38) Concurrent Rebuild Remembered Sets and Scrub Regions
[10.269s][info][gc,marking     ] GC(38) Concurrent Rebuild Remembered Sets and Scrub Regions 1.909ms
[10.269s][info][gc,start       ] GC(38) Pause Cleanup
[10.269s][info][gc             ] GC(38) Pause Cleanup 122M->122M(348M) 0.134ms
[10.269s][info][gc,cpu         ] GC(38) User=0.00s Sys=0.00s Real=0.00s
[10.269s][info][gc,marking     ] GC(38) Concurrent Clear Claimed Marks
[10.269s][info][gc,marking     ] GC(38) Concurrent Clear Claimed Marks 0.037ms
[10.269s][info][gc,marking     ] GC(38) Concurrent Cleanup for Next Mark
[10.270s][info][gc,marking     ] GC(38) Concurrent Cleanup for Next Mark 0.762ms
[10.270s][info][gc             ] GC(38) Concurrent Mark Cycle 15.113ms
[11.276s][info][gc,start       ] GC(39) Pause Full (System.gc())
[11.276s][info][gc,task        ] GC(39) Using 8 workers of 8 for full compaction
[11.276s][info][gc,phases,start] GC(39) Phase 1: Mark live objects
[11.280s][info][gc,phases      ] GC(39) Phase 1: Mark live objects 4.360ms
[11.280s][info][gc,phases,start] GC(39) Phase 2: Prepare compaction
[11.281s][info][gc,phases      ] GC(39) Phase 2: Prepare compaction 1.043ms
[11.282s][info][gc,phases,start] GC(39) Phase 3: Adjust pointers
[11.284s][info][gc,phases      ] GC(39) Phase 3: Adjust pointers 1.936ms
[11.284s][info][gc,phases,start] GC(39) Phase 4: Compact heap
[11.285s][info][gc,phases      ] GC(39) Phase 4: Compact heap 1.190ms
[11.285s][info][gc,phases,start] GC(39) Phase 5: Reset Metadata
[11.286s][info][gc,phases      ] GC(39) Phase 5: Reset Metadata 0.779ms
[11.288s][info][gc,heap        ] GC(39) Eden regions: 8->0(48)
[11.288s][info][gc,heap        ] GC(39) Survivor regions: 0->0(6)
[11.288s][info][gc,heap        ] GC(39) Old regions: 9->9
[11.288s][info][gc,heap        ] GC(39) Humongous regions: 100->100
[11.288s][info][gc,metaspace   ] GC(39) Metaspace: 17086K(17472K)->17086K(17472K) NonClass: 15144K(15360K)->15144K(15360K) Class: 1942K(2112K)->1942K(2112K)
[11.288s][info][gc             ] GC(39) Pause Full (System.gc()) 220M->206M(364M) 12.640ms
[11.288s][info][gc,cpu         ] GC(39) User=0.00s Sys=0.08s Real=0.01s
[11.288s][info][gc,start       ] GC(40) Pause Young (Concurrent Start) (G1 Humongous Allocation)
[11.289s][info][gc,task        ] GC(40) Using 8 workers of 8 for evacuation
[11.289s][info][gc,phases      ] GC(40)   Pre Evacuate Collection Set: 0.1ms
[11.290s][info][gc,phases      ] GC(40)   Merge Heap Roots: 0.0ms
[11.290s][info][gc,phases      ] GC(40)   Evacuate Collection Set: 0.5ms
[11.290s][info][gc,phases      ] GC(40)   Post Evacuate Collection Set: 0.2ms
[11.290s][info][gc,phases      ] GC(40)   Other: 0.1ms
[11.290s][info][gc,heap        ] GC(40) Eden regions: 0->0(48)
[11.290s][info][gc,heap        ] GC(40) Survivor regions: 0->0(6)
[11.290s][info][gc,heap        ] GC(40) Old regions: 9->9
[11.290s][info][gc,heap        ] GC(40) Humongous regions: 100->100
[11.290s][info][gc,metaspace   ] GC(40) Metaspace: 17086K(17472K)->17086K(17472K) NonClass: 15144K(15360K)->15144K(15360K) Class: 1942K(2112K)->1942K(2112K)
[11.290s][info][gc             ] GC(40) Pause Young (Concurrent Start) (G1 Humongous Allocation) 206M->206M(364M) 1.313ms
[11.290s][info][gc,cpu         ] GC(40) User=0.00s Sys=0.00s Real=0.00s
[11.290s][info][gc             ] GC(41) Concurrent Mark Cycle
[11.290s][info][gc,marking     ] GC(41) Concurrent Scan Root Regions
[11.290s][info][gc,marking     ] GC(41) Concurrent Scan Root Regions 0.021ms
[11.290s][info][gc,marking     ] GC(41) Concurrent Mark
[11.290s][info][gc,marking     ] GC(41) Concurrent Mark From Roots
[11.290s][info][gc,task        ] GC(41) Using 2 workers of 2 for marking
[11.301s][info][gc,marking     ] GC(41) Concurrent Mark From Roots 10.700ms
[11.301s][info][gc,marking     ] GC(41) Concurrent Preclean
[11.301s][info][gc,marking     ] GC(41) Concurrent Preclean 0.152ms
[11.301s][info][gc,start       ] GC(41) Pause Remark
[11.303s][info][gc             ] GC(41) Pause Remark 285M->85M(328M) 1.318ms
[11.303s][info][gc,cpu         ] GC(41) User=0.00s Sys=0.00s Real=0.00s
[11.303s][info][gc,marking     ] GC(41) Concurrent Mark 12.792ms
[11.303s][info][gc,marking     ] GC(41) Concurrent Rebuild Remembered Sets and Scrub Regions
[11.307s][info][gc,marking     ] GC(41) Concurrent Rebuild Remembered Sets and Scrub Regions 3.839ms
[11.307s][info][gc,start       ] GC(41) Pause Cleanup
[11.307s][info][gc             ] GC(41) Pause Cleanup 89M->89M(328M) 0.172ms
[11.307s][info][gc,cpu         ] GC(41) User=0.00s Sys=0.00s Real=0.00s
[11.307s][info][gc,marking     ] GC(41) Concurrent Clear Claimed Marks
[11.307s][info][gc,marking     ] GC(41) Concurrent Clear Claimed Marks 0.068ms
[11.307s][info][gc,marking     ] GC(41) Concurrent Cleanup for Next Mark
[11.308s][info][gc,marking     ] GC(41) Concurrent Cleanup for Next Mark 0.511ms
[11.308s][info][gc             ] GC(41) Concurrent Mark Cycle 18.235ms
[12.321s][info][gc,start       ] GC(42) Pause Full (System.gc())
[12.322s][info][gc,task        ] GC(42) Using 7 workers of 8 for full compaction
[12.322s][info][gc,phases,start] GC(42) Phase 1: Mark live objects
[12.325s][info][gc,phases      ] GC(42) Phase 1: Mark live objects 3.247ms
[12.325s][info][gc,phases,start] GC(42) Phase 2: Prepare compaction
[12.326s][info][gc,phases      ] GC(42) Phase 2: Prepare compaction 0.463ms
[12.326s][info][gc,phases,start] GC(42) Phase 3: Adjust pointers
[12.327s][info][gc,phases      ] GC(42) Phase 3: Adjust pointers 1.370ms
[12.327s][info][gc,phases,start] GC(42) Phase 4: Compact heap
[12.328s][info][gc,phases      ] GC(42) Phase 4: Compact heap 0.510ms
[12.328s][info][gc,phases,start] GC(42) Phase 5: Reset Metadata
[12.328s][info][gc,phases      ] GC(42) Phase 5: Reset Metadata 0.469ms
[12.331s][info][gc,heap        ] GC(42) Eden regions: 3->0(48)
[12.331s][info][gc,heap        ] GC(42) Survivor regions: 0->0(6)
[12.331s][info][gc,heap        ] GC(42) Old regions: 9->8
[12.331s][info][gc,heap        ] GC(42) Humongous regions: 100->100
[12.331s][info][gc,metaspace   ] GC(42) Metaspace: 17233K(17600K)->17233K(17600K) NonClass: 15273K(15488K)->15273K(15488K) Class: 1959K(2112K)->1959K(2112K)
[12.331s][info][gc             ] GC(42) Pause Full (System.gc()) 211M->206M(360M) 9.936ms
[12.331s][info][gc,cpu         ] GC(42) User=0.08s Sys=0.00s Real=0.01s
[12.331s][info][gc,start       ] GC(43) Pause Young (Concurrent Start) (G1 Humongous Allocation)
[12.331s][info][gc,task        ] GC(43) Using 8 workers of 8 for evacuation
[12.332s][info][gc,phases      ] GC(43)   Pre Evacuate Collection Set: 0.1ms
[12.332s][info][gc,phases      ] GC(43)   Merge Heap Roots: 0.0ms
[12.332s][info][gc,phases      ] GC(43)   Evacuate Collection Set: 0.4ms
[12.332s][info][gc,phases      ] GC(43)   Post Evacuate Collection Set: 0.1ms
[12.332s][info][gc,phases      ] GC(43)   Other: 0.1ms
[12.332s][info][gc,heap        ] GC(43) Eden regions: 0->0(48)
[12.332s][info][gc,heap        ] GC(43) Survivor regions: 0->0(6)
[12.332s][info][gc,heap        ] GC(43) Old regions: 8->8
[12.332s][info][gc,heap        ] GC(43) Humongous regions: 100->100
[12.332s][info][gc,metaspace   ] GC(43) Metaspace: 17233K(17600K)->17233K(17600K) NonClass: 15273K(15488K)->15273K(15488K) Class: 1959K(2112K)->1959K(2112K)
[12.332s][info][gc             ] GC(43) Pause Young (Concurrent Start) (G1 Humongous Allocation) 206M->206M(360M) 0.960ms
[12.332s][info][gc,cpu         ] GC(43) User=0.00s Sys=0.00s Real=0.00s
[12.332s][info][gc             ] GC(44) Concurrent Mark Cycle
[12.332s][info][gc,marking     ] GC(44) Concurrent Scan Root Regions
[12.332s][info][gc,marking     ] GC(44) Concurrent Scan Root Regions 0.019ms
[12.332s][info][gc,marking     ] GC(44) Concurrent Mark
[12.333s][info][gc,marking     ] GC(44) Concurrent Mark From Roots
[12.333s][info][gc,task        ] GC(44) Using 2 workers of 2 for marking
[12.344s][info][gc,marking     ] GC(44) Concurrent Mark From Roots 10.998ms
[12.344s][info][gc,marking     ] GC(44) Concurrent Preclean
[12.344s][info][gc,marking     ] GC(44) Concurrent Preclean 0.151ms
[12.344s][info][gc,start       ] GC(44) Pause Remark
[12.345s][info][gc             ] GC(44) Pause Remark 327M->127M(360M) 1.190ms
[12.345s][info][gc,cpu         ] GC(44) User=0.00s Sys=0.00s Real=0.00s
[12.345s][info][gc,marking     ] GC(44) Concurrent Mark 12.948ms
[12.345s][info][gc,marking     ] GC(44) Concurrent Rebuild Remembered Sets and Scrub Regions
[12.350s][info][gc,marking     ] GC(44) Concurrent Rebuild Remembered Sets and Scrub Regions 4.244ms
[12.350s][info][gc,start       ] GC(44) Pause Cleanup
[12.350s][info][gc             ] GC(44) Pause Cleanup 179M->179M(360M) 0.147ms
[12.350s][info][gc,cpu         ] GC(44) User=0.00s Sys=0.00s Real=0.00s
[12.350s][info][gc,marking     ] GC(44) Concurrent Clear Claimed Marks
[12.350s][info][gc,marking     ] GC(44) Concurrent Clear Claimed Marks 0.067ms
[12.350s][info][gc,marking     ] GC(44) Concurrent Cleanup for Next Mark
[12.351s][info][gc,marking     ] GC(44) Concurrent Cleanup for Next Mark 1.051ms
[12.352s][info][gc             ] GC(44) Concurrent Mark Cycle 19.102ms
[13.354s][info][gc,start       ] GC(45) Pause Full (System.gc())
[13.354s][info][gc,task        ] GC(45) Using 8 workers of 8 for full compaction
[13.354s][info][gc,phases,start] GC(45) Phase 1: Mark live objects
[13.358s][info][gc,phases      ] GC(45) Phase 1: Mark live objects 3.767ms
[13.358s][info][gc,phases,start] GC(45) Phase 2: Prepare compaction
[13.359s][info][gc,phases      ] GC(45) Phase 2: Prepare compaction 0.726ms
[13.359s][info][gc,phases,start] GC(45) Phase 3: Adjust pointers
[13.361s][info][gc,phases      ] GC(45) Phase 3: Adjust pointers 1.941ms
[13.361s][info][gc,phases,start] GC(45) Phase 4: Compact heap
[13.362s][info][gc,phases      ] GC(45) Phase 4: Compact heap 1.504ms
[13.362s][info][gc,phases,start] GC(45) Phase 5: Reset Metadata
[13.363s][info][gc,phases      ] GC(45) Phase 5: Reset Metadata 0.672ms
[13.365s][info][gc,heap        ] GC(45) Eden regions: 2->0(48)
[13.365s][info][gc,heap        ] GC(45) Survivor regions: 0->0(6)
[13.365s][info][gc,heap        ] GC(45) Old regions: 8->8
[13.365s][info][gc,heap        ] GC(45) Humongous regions: 100->100
[13.365s][info][gc,metaspace   ] GC(45) Metaspace: 17263K(17664K)->17263K(17664K) NonClass: 15304K(15552K)->15304K(15552K) Class: 1959K(2112K)->1959K(2112K)
[13.365s][info][gc             ] GC(45) Pause Full (System.gc()) 210M->206M(360M) 11.643ms
[13.365s][info][gc,cpu         ] GC(45) User=0.08s Sys=0.02s Real=0.01s
[13.365s][info][gc,start       ] GC(46) Pause Young (Concurrent Start) (G1 Humongous Allocation)
[13.365s][info][gc,task        ] GC(46) Using 8 workers of 8 for evacuation
[13.366s][info][gc,phases      ] GC(46)   Pre Evacuate Collection Set: 0.1ms
[13.366s][info][gc,phases      ] GC(46)   Merge Heap Roots: 0.0ms
[13.366s][info][gc,phases      ] GC(46)   Evacuate Collection Set: 0.4ms
[13.366s][info][gc,phases      ] GC(46)   Post Evacuate Collection Set: 0.2ms
[13.366s][info][gc,phases      ] GC(46)   Other: 0.1ms
[13.366s][info][gc,heap        ] GC(46) Eden regions: 0->0(48)
[13.366s][info][gc,heap        ] GC(46) Survivor regions: 0->0(6)
[13.366s][info][gc,heap        ] GC(46) Old regions: 8->8
[13.366s][info][gc,heap        ] GC(46) Humongous regions: 100->100
[13.366s][info][gc,metaspace   ] GC(46) Metaspace: 17263K(17664K)->17263K(17664K) NonClass: 15304K(15552K)->15304K(15552K) Class: 1959K(2112K)->1959K(2112K)
[13.367s][info][gc             ] GC(46) Pause Young (Concurrent Start) (G1 Humongous Allocation) 206M->206M(360M) 1.171ms
[13.367s][info][gc,cpu         ] GC(46) User=0.00s Sys=0.00s Real=0.00s
[13.367s][info][gc             ] GC(47) Concurrent Mark Cycle
[13.367s][info][gc,marking     ] GC(47) Concurrent Scan Root Regions
[13.367s][info][gc,marking     ] GC(47) Concurrent Scan Root Regions 0.020ms
[13.367s][info][gc,marking     ] GC(47) Concurrent Mark
[13.367s][info][gc,marking     ] GC(47) Concurrent Mark From Roots
[13.367s][info][gc,task        ] GC(47) Using 2 workers of 2 for marking
[13.376s][info][gc,marking     ] GC(47) Concurrent Mark From Roots 9.732ms
[13.377s][info][gc,marking     ] GC(47) Concurrent Preclean
[13.377s][info][gc,marking     ] GC(47) Concurrent Preclean 0.293ms
[13.377s][info][gc,start       ] GC(47) Pause Remark
[13.378s][info][gc             ] GC(47) Pause Remark 332M->132M(360M) 0.851ms
[13.378s][info][gc,cpu         ] GC(47) User=0.00s Sys=0.00s Real=0.00s
[13.378s][info][gc,marking     ] GC(47) Concurrent Mark 11.559ms
[13.378s][info][gc,marking     ] GC(47) Concurrent Rebuild Remembered Sets and Scrub Regions
[13.382s][info][gc,marking     ] GC(47) Concurrent Rebuild Remembered Sets and Scrub Regions 3.892ms
[13.382s][info][gc,start       ] GC(47) Pause Cleanup
[13.383s][info][gc             ] GC(47) Pause Cleanup 176M->176M(360M) 0.189ms
[13.383s][info][gc,cpu         ] GC(47) User=0.00s Sys=0.00s Real=0.00s
[13.383s][info][gc,marking     ] GC(47) Concurrent Clear Claimed Marks
[13.383s][info][gc,marking     ] GC(47) Concurrent Clear Claimed Marks 0.054ms
[13.383s][info][gc,marking     ] GC(47) Concurrent Cleanup for Next Mark
[13.384s][info][gc,marking     ] GC(47) Concurrent Cleanup for Next Mark 1.029ms
[13.384s][info][gc             ] GC(47) Concurrent Mark Cycle 17.436ms
[14.387s][info][gc,start       ] GC(48) Pause Full (System.gc())
[14.387s][info][gc,task        ] GC(48) Using 8 workers of 8 for full compaction
[14.387s][info][gc,phases,start] GC(48) Phase 1: Mark live objects
[14.391s][info][gc,phases      ] GC(48) Phase 1: Mark live objects 3.331ms
[14.391s][info][gc,phases,start] GC(48) Phase 2: Prepare compaction
[14.391s][info][gc,phases      ] GC(48) Phase 2: Prepare compaction 0.374ms
[14.391s][info][gc,phases,start] GC(48) Phase 3: Adjust pointers
[14.393s][info][gc,phases      ] GC(48) Phase 3: Adjust pointers 1.882ms
[14.393s][info][gc,phases,start] GC(48) Phase 4: Compact heap
[14.394s][info][gc,phases      ] GC(48) Phase 4: Compact heap 0.354ms
[14.394s][info][gc,phases,start] GC(48) Phase 5: Reset Metadata
[14.394s][info][gc,phases      ] GC(48) Phase 5: Reset Metadata 0.634ms
[14.396s][info][gc,heap        ] GC(48) Eden regions: 2->0(48)
[14.396s][info][gc,heap        ] GC(48) Survivor regions: 0->0(6)
[14.396s][info][gc,heap        ] GC(48) Old regions: 8->8
[14.396s][info][gc,heap        ] GC(48) Humongous regions: 100->100
[14.396s][info][gc,metaspace   ] GC(48) Metaspace: 17302K(17664K)->17302K(17664K) NonClass: 15343K(15552K)->15343K(15552K) Class: 1959K(2112K)->1959K(2112K)
[14.396s][info][gc             ] GC(48) Pause Full (System.gc()) 209M->206M(360M) 9.206ms
[14.396s][info][gc,cpu         ] GC(48) User=0.00s Sys=0.00s Real=0.01s
[14.396s][info][gc,start       ] GC(49) Pause Young (Concurrent Start) (G1 Humongous Allocation)
[14.396s][info][gc,task        ] GC(49) Using 8 workers of 8 for evacuation
[14.397s][info][gc,phases      ] GC(49)   Pre Evacuate Collection Set: 0.1ms
[14.397s][info][gc,phases      ] GC(49)   Merge Heap Roots: 0.0ms
[14.397s][info][gc,phases      ] GC(49)   Evacuate Collection Set: 0.3ms
[14.397s][info][gc,phases      ] GC(49)   Post Evacuate Collection Set: 0.1ms
[14.397s][info][gc,phases      ] GC(49)   Other: 0.1ms
[14.397s][info][gc,heap        ] GC(49) Eden regions: 0->0(48)
[14.397s][info][gc,heap        ] GC(49) Survivor regions: 0->0(6)
[14.397s][info][gc,heap        ] GC(49) Old regions: 8->8
[14.397s][info][gc,heap        ] GC(49) Humongous regions: 100->100
[14.397s][info][gc,metaspace   ] GC(49) Metaspace: 17302K(17664K)->17302K(17664K) NonClass: 15343K(15552K)->15343K(15552K) Class: 1959K(2112K)->1959K(2112K)
[14.397s][info][gc             ] GC(49) Pause Young (Concurrent Start) (G1 Humongous Allocation) 206M->206M(360M) 1.024ms
[14.397s][info][gc,cpu         ] GC(49) User=0.00s Sys=0.00s Real=0.00s
[14.397s][info][gc             ] GC(50) Concurrent Mark Cycle
[14.398s][info][gc,marking     ] GC(50) Concurrent Scan Root Regions
[14.398s][info][gc,marking     ] GC(50) Concurrent Scan Root Regions 0.017ms
[14.398s][info][gc,marking     ] GC(50) Concurrent Mark
[14.398s][info][gc,marking     ] GC(50) Concurrent Mark From Roots
[14.398s][info][gc,task        ] GC(50) Using 2 workers of 2 for marking
[14.407s][info][gc,marking     ] GC(50) Concurrent Mark From Roots 9.532ms
[14.407s][info][gc,marking     ] GC(50) Concurrent Preclean
[14.407s][info][gc,marking     ] GC(50) Concurrent Preclean 0.169ms
[14.408s][info][gc,start       ] GC(50) Pause Remark
[14.408s][info][gc             ] GC(50) Pause Remark 320M->120M(360M) 0.874ms
[14.408s][info][gc,cpu         ] GC(50) User=0.00s Sys=0.00s Real=0.00s
[14.409s][info][gc,marking     ] GC(50) Concurrent Mark 10.972ms
[14.409s][info][gc,marking     ] GC(50) Concurrent Rebuild Remembered Sets and Scrub Regions
[14.412s][info][gc,marking     ] GC(50) Concurrent Rebuild Remembered Sets and Scrub Regions 3.576ms
[14.413s][info][gc,start       ] GC(50) Pause Cleanup
[14.413s][info][gc             ] GC(50) Pause Cleanup 164M->164M(360M) 0.216ms
[14.413s][info][gc,cpu         ] GC(50) User=0.00s Sys=0.00s Real=0.00s
[14.413s][info][gc,marking     ] GC(50) Concurrent Clear Claimed Marks
[14.413s][info][gc,marking     ] GC(50) Concurrent Clear Claimed Marks 0.069ms
[14.413s][info][gc,marking     ] GC(50) Concurrent Cleanup for Next Mark
[14.414s][info][gc,marking     ] GC(50) Concurrent Cleanup for Next Mark 1.034ms
[14.414s][info][gc             ] GC(50) Concurrent Mark Cycle 16.736ms
[15.417s][info][gc,start       ] GC(51) Pause Full (System.gc())
[15.418s][info][gc,task        ] GC(51) Using 8 workers of 8 for full compaction
[15.418s][info][gc,phases,start] GC(51) Phase 1: Mark live objects
[15.421s][info][gc,phases      ] GC(51) Phase 1: Mark live objects 2.897ms
[15.421s][info][gc,phases,start] GC(51) Phase 2: Prepare compaction
[15.421s][info][gc,phases      ] GC(51) Phase 2: Prepare compaction 0.333ms
[15.421s][info][gc,phases,start] GC(51) Phase 3: Adjust pointers
[15.423s][info][gc,phases      ] GC(51) Phase 3: Adjust pointers 1.784ms
[15.423s][info][gc,phases,start] GC(51) Phase 4: Compact heap
[15.423s][info][gc,phases      ] GC(51) Phase 4: Compact heap 0.236ms
[15.423s][info][gc,phases,start] GC(51) Phase 5: Reset Metadata
[15.424s][info][gc,phases      ] GC(51) Phase 5: Reset Metadata 0.697ms
[15.426s][info][gc,heap        ] GC(51) Eden regions: 1->0(48)
[15.426s][info][gc,heap        ] GC(51) Survivor regions: 0->0(6)
[15.426s][info][gc,heap        ] GC(51) Old regions: 8->8
[15.426s][info][gc,heap        ] GC(51) Humongous regions: 100->100
[15.426s][info][gc,metaspace   ] GC(51) Metaspace: 17326K(17728K)->17326K(17728K) NonClass: 15365K(15616K)->15365K(15616K) Class: 1960K(2112K)->1960K(2112K)
[15.426s][info][gc             ] GC(51) Pause Full (System.gc()) 208M->206M(360M) 8.939ms
[15.426s][info][gc,cpu         ] GC(51) User=0.11s Sys=0.02s Real=0.01s
[15.426s][info][gc,start       ] GC(52) Pause Young (Concurrent Start) (G1 Humongous Allocation)
[15.427s][info][gc,task        ] GC(52) Using 8 workers of 8 for evacuation
[15.427s][info][gc,phases      ] GC(52)   Pre Evacuate Collection Set: 0.1ms
[15.427s][info][gc,phases      ] GC(52)   Merge Heap Roots: 0.0ms
[15.427s][info][gc,phases      ] GC(52)   Evacuate Collection Set: 0.3ms
[15.427s][info][gc,phases      ] GC(52)   Post Evacuate Collection Set: 0.1ms
[15.427s][info][gc,phases      ] GC(52)   Other: 0.1ms
[15.427s][info][gc,heap        ] GC(52) Eden regions: 0->0(48)
[15.427s][info][gc,heap        ] GC(52) Survivor regions: 0->0(6)
[15.427s][info][gc,heap        ] GC(52) Old regions: 8->8
[15.427s][info][gc,heap        ] GC(52) Humongous regions: 100->100
[15.427s][info][gc,metaspace   ] GC(52) Metaspace: 17326K(17728K)->17326K(17728K) NonClass: 15365K(15616K)->15365K(15616K) Class: 1960K(2112K)->1960K(2112K)
[15.427s][info][gc             ] GC(52) Pause Young (Concurrent Start) (G1 Humongous Allocation) 206M->206M(360M) 0.904ms
[15.427s][info][gc,cpu         ] GC(52) User=0.00s Sys=0.00s Real=0.00s
[15.427s][info][gc             ] GC(53) Concurrent Mark Cycle
[15.427s][info][gc,marking     ] GC(53) Concurrent Scan Root Regions
[15.427s][info][gc,marking     ] GC(53) Concurrent Scan Root Regions 0.014ms
[15.427s][info][gc,marking     ] GC(53) Concurrent Mark
[15.428s][info][gc,marking     ] GC(53) Concurrent Mark From Roots
[15.428s][info][gc,task        ] GC(53) Using 2 workers of 2 for marking
[15.437s][info][gc,marking     ] GC(53) Concurrent Mark From Roots 9.795ms
[15.437s][info][gc,marking     ] GC(53) Concurrent Preclean
[15.438s][info][gc,marking     ] GC(53) Concurrent Preclean 0.185ms
[15.438s][info][gc,start       ] GC(53) Pause Remark
[15.439s][info][gc             ] GC(53) Pause Remark 326M->126M(360M) 1.256ms
[15.439s][info][gc,cpu         ] GC(53) User=0.00s Sys=0.00s Real=0.00s
[15.439s][info][gc,marking     ] GC(53) Concurrent Mark 11.660ms
[15.439s][info][gc,marking     ] GC(53) Concurrent Rebuild Remembered Sets and Scrub Regions
[15.443s][info][gc,marking     ] GC(53) Concurrent Rebuild Remembered Sets and Scrub Regions 3.303ms
[15.443s][info][gc,start       ] GC(53) Pause Cleanup
[15.443s][info][gc             ] GC(53) Pause Cleanup 178M->178M(360M) 0.166ms
[15.443s][info][gc,cpu         ] GC(53) User=0.00s Sys=0.00s Real=0.00s
[15.443s][info][gc,marking     ] GC(53) Concurrent Clear Claimed Marks
[15.443s][info][gc,marking     ] GC(53) Concurrent Clear Claimed Marks 0.058ms
[15.443s][info][gc,marking     ] GC(53) Concurrent Cleanup for Next Mark
[15.444s][info][gc,marking     ] GC(53) Concurrent Cleanup for Next Mark 0.842ms
[15.444s][info][gc             ] GC(53) Concurrent Mark Cycle 16.578ms
[16.446s][info][gc,start       ] GC(54) Pause Full (System.gc())
[16.447s][info][gc,task        ] GC(54) Using 8 workers of 8 for full compaction
[16.447s][info][gc,phases,start] GC(54) Phase 1: Mark live objects
[16.450s][info][gc,phases      ] GC(54) Phase 1: Mark live objects 3.406ms
[16.450s][info][gc,phases,start] GC(54) Phase 2: Prepare compaction
[16.451s][info][gc,phases      ] GC(54) Phase 2: Prepare compaction 0.297ms
[16.451s][info][gc,phases,start] GC(54) Phase 3: Adjust pointers
[16.453s][info][gc,phases      ] GC(54) Phase 3: Adjust pointers 2.285ms
[16.453s][info][gc,phases,start] GC(54) Phase 4: Compact heap
[16.453s][info][gc,phases      ] GC(54) Phase 4: Compact heap 0.314ms
[16.453s][info][gc,phases,start] GC(54) Phase 5: Reset Metadata
[16.454s][info][gc,phases      ] GC(54) Phase 5: Reset Metadata 0.673ms
[16.456s][info][gc,heap        ] GC(54) Eden regions: 2->0(48)
[16.456s][info][gc,heap        ] GC(54) Survivor regions: 0->0(6)
[16.456s][info][gc,heap        ] GC(54) Old regions: 8->8
[16.456s][info][gc,heap        ] GC(54) Humongous regions: 100->100
[16.456s][info][gc,metaspace   ] GC(54) Metaspace: 17338K(17728K)->17338K(17728K) NonClass: 15378K(15616K)->15378K(15616K) Class: 1960K(2112K)->1960K(2112K)
[16.457s][info][gc             ] GC(54) Pause Full (System.gc()) 209M->206M(360M) 10.049ms
[16.457s][info][gc,cpu         ] GC(54) User=0.09s Sys=0.02s Real=0.01s
[16.457s][info][gc,start       ] GC(55) Pause Young (Concurrent Start) (G1 Humongous Allocation)
[16.457s][info][gc,task        ] GC(55) Using 8 workers of 8 for evacuation
[16.457s][info][gc,phases      ] GC(55)   Pre Evacuate Collection Set: 0.1ms
[16.457s][info][gc,phases      ] GC(55)   Merge Heap Roots: 0.0ms
[16.457s][info][gc,phases      ] GC(55)   Evacuate Collection Set: 0.3ms
[16.458s][info][gc,phases      ] GC(55)   Post Evacuate Collection Set: 0.2ms
[16.458s][info][gc,phases      ] GC(55)   Other: 0.1ms
[16.458s][info][gc,heap        ] GC(55) Eden regions: 0->0(48)
[16.458s][info][gc,heap        ] GC(55) Survivor regions: 0->0(6)
[16.458s][info][gc,heap        ] GC(55) Old regions: 8->8
[16.458s][info][gc,heap        ] GC(55) Humongous regions: 100->100
[16.458s][info][gc,metaspace   ] GC(55) Metaspace: 17338K(17728K)->17338K(17728K) NonClass: 15378K(15616K)->15378K(15616K) Class: 1960K(2112K)->1960K(2112K)
[16.458s][info][gc             ] GC(55) Pause Young (Concurrent Start) (G1 Humongous Allocation) 206M->206M(360M) 1.072ms
[16.458s][info][gc,cpu         ] GC(55) User=0.00s Sys=0.00s Real=0.00s
[16.458s][info][gc             ] GC(56) Concurrent Mark Cycle
[16.458s][info][gc,marking     ] GC(56) Concurrent Scan Root Regions
[16.458s][info][gc,marking     ] GC(56) Concurrent Scan Root Regions 0.024ms
[16.458s][info][gc,marking     ] GC(56) Concurrent Mark
[16.458s][info][gc,marking     ] GC(56) Concurrent Mark From Roots
[16.458s][info][gc,task        ] GC(56) Using 2 workers of 2 for marking
[16.467s][info][gc,marking     ] GC(56) Concurrent Mark From Roots 9.007ms
[16.467s][info][gc,marking     ] GC(56) Concurrent Preclean
[16.467s][info][gc,marking     ] GC(56) Concurrent Preclean 0.199ms
[16.467s][info][gc,start       ] GC(56) Pause Remark
[16.468s][info][gc             ] GC(56) Pause Remark 328M->128M(360M) 0.900ms
[16.468s][info][gc,cpu         ] GC(56) User=0.00s Sys=0.00s Real=0.00s
[16.468s][info][gc,marking     ] GC(56) Concurrent Mark 10.513ms
[16.468s][info][gc,marking     ] GC(56) Concurrent Rebuild Remembered Sets and Scrub Regions
[16.472s][info][gc,marking     ] GC(56) Concurrent Rebuild Remembered Sets and Scrub Regions 3.670ms
[16.472s][info][gc,start       ] GC(56) Pause Cleanup
[16.473s][info][gc             ] GC(56) Pause Cleanup 178M->178M(360M) 0.168ms
[16.473s][info][gc,cpu         ] GC(56) User=0.00s Sys=0.00s Real=0.00s
[16.473s][info][gc,marking     ] GC(56) Concurrent Clear Claimed Marks
[16.473s][info][gc,marking     ] GC(56) Concurrent Clear Claimed Marks 0.066ms
[16.473s][info][gc,marking     ] GC(56) Concurrent Cleanup for Next Mark
[16.474s][info][gc,marking     ] GC(56) Concurrent Cleanup for Next Mark 0.904ms
[16.474s][info][gc             ] GC(56) Concurrent Mark Cycle 16.000ms
[17.476s][info][gc,start       ] GC(57) Pause Full (System.gc())
[17.476s][info][gc,task        ] GC(57) Using 8 workers of 8 for full compaction
[17.476s][info][gc,phases,start] GC(57) Phase 1: Mark live objects
[17.479s][info][gc,phases      ] GC(57) Phase 1: Mark live objects 3.204ms
[17.479s][info][gc,phases,start] GC(57) Phase 2: Prepare compaction
[17.480s][info][gc,phases      ] GC(57) Phase 2: Prepare compaction 0.240ms
[17.480s][info][gc,phases,start] GC(57) Phase 3: Adjust pointers
[17.481s][info][gc,phases      ] GC(57) Phase 3: Adjust pointers 1.580ms
[17.481s][info][gc,phases,start] GC(57) Phase 4: Compact heap
[17.482s][info][gc,phases      ] GC(57) Phase 4: Compact heap 0.471ms
[17.482s][info][gc,phases,start] GC(57) Phase 5: Reset Metadata
[17.483s][info][gc,phases      ] GC(57) Phase 5: Reset Metadata 0.958ms
[17.486s][info][gc,heap        ] GC(57) Eden regions: 2->0(48)
[17.486s][info][gc,heap        ] GC(57) Survivor regions: 0->0(6)
[17.486s][info][gc,heap        ] GC(57) Old regions: 8->8
[17.486s][info][gc,heap        ] GC(57) Humongous regions: 100->100
[17.486s][info][gc,metaspace   ] GC(57) Metaspace: 17355K(17728K)->17355K(17728K) NonClass: 15395K(15616K)->15395K(15616K) Class: 1960K(2112K)->1960K(2112K)
[17.486s][info][gc             ] GC(57) Pause Full (System.gc()) 209M->206M(360M) 9.866ms
[17.486s][info][gc,cpu         ] GC(57) User=0.05s Sys=0.00s Real=0.01s
[17.486s][info][gc,start       ] GC(58) Pause Young (Concurrent Start) (G1 Humongous Allocation)
[17.486s][info][gc,task        ] GC(58) Using 8 workers of 8 for evacuation
[17.487s][info][gc,phases      ] GC(58)   Pre Evacuate Collection Set: 0.1ms
[17.487s][info][gc,phases      ] GC(58)   Merge Heap Roots: 0.0ms
[17.487s][info][gc,phases      ] GC(58)   Evacuate Collection Set: 0.3ms
[17.487s][info][gc,phases      ] GC(58)   Post Evacuate Collection Set: 0.2ms
[17.487s][info][gc,phases      ] GC(58)   Other: 0.1ms
[17.487s][info][gc,heap        ] GC(58) Eden regions: 0->0(48)
[17.487s][info][gc,heap        ] GC(58) Survivor regions: 0->0(6)
[17.487s][info][gc,heap        ] GC(58) Old regions: 8->8
[17.487s][info][gc,heap        ] GC(58) Humongous regions: 100->100
[17.487s][info][gc,metaspace   ] GC(58) Metaspace: 17355K(17728K)->17355K(17728K) NonClass: 15395K(15616K)->15395K(15616K) Class: 1960K(2112K)->1960K(2112K)
[17.487s][info][gc             ] GC(58) Pause Young (Concurrent Start) (G1 Humongous Allocation) 206M->206M(360M) 0.946ms
[17.487s][info][gc,cpu         ] GC(58) User=0.00s Sys=0.00s Real=0.00s
[17.487s][info][gc             ] GC(59) Concurrent Mark Cycle
[17.487s][info][gc,marking     ] GC(59) Concurrent Scan Root Regions
[17.487s][info][gc,marking     ] GC(59) Concurrent Scan Root Regions 0.017ms
[17.487s][info][gc,marking     ] GC(59) Concurrent Mark
[17.487s][info][gc,marking     ] GC(59) Concurrent Mark From Roots
[17.487s][info][gc,task        ] GC(59) Using 2 workers of 2 for marking
[17.496s][info][gc,marking     ] GC(59) Concurrent Mark From Roots 9.170ms
[17.496s][info][gc,marking     ] GC(59) Concurrent Preclean
[17.497s][info][gc,marking     ] GC(59) Concurrent Preclean 0.223ms
[17.497s][info][gc,start       ] GC(59) Pause Remark
[17.498s][info][gc             ] GC(59) Pause Remark 334M->134M(360M) 0.904ms
[17.498s][info][gc,cpu         ] GC(59) User=0.00s Sys=0.00s Real=0.00s
[17.498s][info][gc,marking     ] GC(59) Concurrent Mark 10.954ms
[17.498s][info][gc,marking     ] GC(59) Concurrent Rebuild Remembered Sets and Scrub Regions
[17.502s][info][gc,marking     ] GC(59) Concurrent Rebuild Remembered Sets and Scrub Regions 3.766ms
[17.502s][info][gc,start       ] GC(59) Pause Cleanup
[17.502s][info][gc             ] GC(59) Pause Cleanup 188M->188M(360M) 0.214ms
[17.502s][info][gc,cpu         ] GC(59) User=0.00s Sys=0.00s Real=0.00s
[17.502s][info][gc,marking     ] GC(59) Concurrent Clear Claimed Marks
[17.502s][info][gc,marking     ] GC(59) Concurrent Clear Claimed Marks 0.067ms
[17.502s][info][gc,marking     ] GC(59) Concurrent Cleanup for Next Mark
[17.503s][info][gc,marking     ] GC(59) Concurrent Cleanup for Next Mark 0.666ms
[17.503s][info][gc             ] GC(59) Concurrent Mark Cycle 16.291ms
[18.505s][info][gc,start       ] GC(60) Pause Full (System.gc())
[18.505s][info][gc,task        ] GC(60) Using 8 workers of 8 for full compaction
[18.506s][info][gc,phases,start] GC(60) Phase 1: Mark live objects
[18.509s][info][gc,phases      ] GC(60) Phase 1: Mark live objects 3.283ms
[18.509s][info][gc,phases,start] GC(60) Phase 2: Prepare compaction
[18.509s][info][gc,phases      ] GC(60) Phase 2: Prepare compaction 0.353ms
[18.509s][info][gc,phases,start] GC(60) Phase 3: Adjust pointers
[18.511s][info][gc,phases      ] GC(60) Phase 3: Adjust pointers 1.475ms
[18.511s][info][gc,phases,start] GC(60) Phase 4: Compact heap
[18.511s][info][gc,phases      ] GC(60) Phase 4: Compact heap 0.398ms
[18.511s][info][gc,phases,start] GC(60) Phase 5: Reset Metadata
[18.512s][info][gc,phases      ] GC(60) Phase 5: Reset Metadata 0.566ms
[18.514s][info][gc,heap        ] GC(60) Eden regions: 2->0(48)
[18.514s][info][gc,heap        ] GC(60) Survivor regions: 0->0(6)
[18.514s][info][gc,heap        ] GC(60) Old regions: 8->8
[18.514s][info][gc,heap        ] GC(60) Humongous regions: 100->100
[18.514s][info][gc,metaspace   ] GC(60) Metaspace: 17368K(17728K)->17368K(17728K) NonClass: 15408K(15616K)->15408K(15616K) Class: 1960K(2112K)->1960K(2112K)
[18.515s][info][gc             ] GC(60) Pause Full (System.gc()) 209M->206M(360M) 9.174ms
[18.515s][info][gc,cpu         ] GC(60) User=0.02s Sys=0.02s Real=0.01s
[18.515s][info][gc,start       ] GC(61) Pause Young (Concurrent Start) (G1 Humongous Allocation)
[18.515s][info][gc,task        ] GC(61) Using 8 workers of 8 for evacuation
[18.516s][info][gc,phases      ] GC(61)   Pre Evacuate Collection Set: 0.1ms
[18.516s][info][gc,phases      ] GC(61)   Merge Heap Roots: 0.0ms
[18.516s][info][gc,phases      ] GC(61)   Evacuate Collection Set: 0.4ms
[18.516s][info][gc,phases      ] GC(61)   Post Evacuate Collection Set: 0.1ms
[18.516s][info][gc,phases      ] GC(61)   Other: 0.1ms
[18.516s][info][gc,heap        ] GC(61) Eden regions: 0->0(48)
[18.516s][info][gc,heap        ] GC(61) Survivor regions: 0->0(6)
[18.516s][info][gc,heap        ] GC(61) Old regions: 8->8
[18.516s][info][gc,heap        ] GC(61) Humongous regions: 100->100
[18.516s][info][gc,metaspace   ] GC(61) Metaspace: 17368K(17728K)->17368K(17728K) NonClass: 15408K(15616K)->15408K(15616K) Class: 1960K(2112K)->1960K(2112K)
[18.516s][info][gc             ] GC(61) Pause Young (Concurrent Start) (G1 Humongous Allocation) 206M->206M(360M) 1.040ms
[18.516s][info][gc,cpu         ] GC(61) User=0.00s Sys=0.00s Real=0.00s
[18.516s][info][gc             ] GC(62) Concurrent Mark Cycle
[18.516s][info][gc,marking     ] GC(62) Concurrent Scan Root Regions
[18.516s][info][gc,marking     ] GC(62) Concurrent Scan Root Regions 0.014ms
[18.516s][info][gc,marking     ] GC(62) Concurrent Mark
[18.516s][info][gc,marking     ] GC(62) Concurrent Mark From Roots
[18.516s][info][gc,task        ] GC(62) Using 2 workers of 2 for marking
[18.524s][info][gc,marking     ] GC(62) Concurrent Mark From Roots 8.484ms
[18.524s][info][gc,marking     ] GC(62) Concurrent Preclean
[18.525s][info][gc,marking     ] GC(62) Concurrent Preclean 0.206ms
[18.525s][info][gc,start       ] GC(62) Pause Remark
[18.526s][info][gc             ] GC(62) Pause Remark 322M->122M(360M) 0.956ms
[18.526s][info][gc,cpu         ] GC(62) User=0.00s Sys=0.00s Real=0.00s
[18.526s][info][gc,marking     ] GC(62) Concurrent Mark 10.092ms
[18.526s][info][gc,marking     ] GC(62) Concurrent Rebuild Remembered Sets and Scrub Regions
[18.530s][info][gc,marking     ] GC(62) Concurrent Rebuild Remembered Sets and Scrub Regions 3.707ms
[18.530s][info][gc,start       ] GC(62) Pause Cleanup
[18.530s][info][gc             ] GC(62) Pause Cleanup 176M->176M(360M) 0.118ms
[18.530s][info][gc,cpu         ] GC(62) User=0.00s Sys=0.00s Real=0.00s
[18.530s][info][gc,marking     ] GC(62) Concurrent Clear Claimed Marks
[18.530s][info][gc,marking     ] GC(62) Concurrent Clear Claimed Marks 0.070ms
[18.530s][info][gc,marking     ] GC(62) Concurrent Cleanup for Next Mark
[18.531s][info][gc,marking     ] GC(62) Concurrent Cleanup for Next Mark 0.712ms
[18.531s][info][gc             ] GC(62) Concurrent Mark Cycle 15.231ms
[19.533s][info][gc,start       ] GC(63) Pause Full (System.gc())
[19.533s][info][gc,task        ] GC(63) Using 8 workers of 8 for full compaction
[19.534s][info][gc,phases,start] GC(63) Phase 1: Mark live objects
[19.538s][info][gc,phases      ] GC(63) Phase 1: Mark live objects 3.521ms
[19.538s][info][gc,phases,start] GC(63) Phase 2: Prepare compaction
[19.538s][info][gc,phases      ] GC(63) Phase 2: Prepare compaction 0.391ms
[19.538s][info][gc,phases,start] GC(63) Phase 3: Adjust pointers
[19.540s][info][gc,phases      ] GC(63) Phase 3: Adjust pointers 1.987ms
[19.540s][info][gc,phases,start] GC(63) Phase 4: Compact heap
[19.541s][info][gc,phases      ] GC(63) Phase 4: Compact heap 0.384ms
[19.541s][info][gc,phases,start] GC(63) Phase 5: Reset Metadata
[19.541s][info][gc,phases      ] GC(63) Phase 5: Reset Metadata 0.536ms
[19.543s][info][gc,heap        ] GC(63) Eden regions: 2->0(48)
[19.543s][info][gc,heap        ] GC(63) Survivor regions: 0->0(6)
[19.543s][info][gc,heap        ] GC(63) Old regions: 8->8
[19.543s][info][gc,heap        ] GC(63) Humongous regions: 100->100
[19.543s][info][gc,metaspace   ] GC(63) Metaspace: 17382K(17792K)->17382K(17792K) NonClass: 15422K(15680K)->15422K(15680K) Class: 1960K(2112K)->1960K(2112K)
[19.543s][info][gc             ] GC(63) Pause Full (System.gc()) 209M->206M(360M) 10.045ms
[19.543s][info][gc,cpu         ] GC(63) User=0.00s Sys=0.00s Real=0.01s
[19.543s][info][gc,start       ] GC(64) Pause Young (Concurrent Start) (G1 Humongous Allocation)
[19.543s][info][gc,task        ] GC(64) Using 8 workers of 8 for evacuation
[19.544s][info][gc,phases      ] GC(64)   Pre Evacuate Collection Set: 0.1ms
[19.544s][info][gc,phases      ] GC(64)   Merge Heap Roots: 0.0ms
[19.544s][info][gc,phases      ] GC(64)   Evacuate Collection Set: 0.5ms
[19.544s][info][gc,phases      ] GC(64)   Post Evacuate Collection Set: 0.2ms
[19.544s][info][gc,phases      ] GC(64)   Other: 0.1ms
[19.544s][info][gc,heap        ] GC(64) Eden regions: 0->0(48)
[19.544s][info][gc,heap        ] GC(64) Survivor regions: 0->0(6)
[19.544s][info][gc,heap        ] GC(64) Old regions: 8->8
[19.544s][info][gc,heap        ] GC(64) Humongous regions: 100->100
[19.544s][info][gc,metaspace   ] GC(64) Metaspace: 17382K(17792K)->17382K(17792K) NonClass: 15422K(15680K)->15422K(15680K) Class: 1960K(2112K)->1960K(2112K)
[19.544s][info][gc             ] GC(64) Pause Young (Concurrent Start) (G1 Humongous Allocation) 206M->206M(360M) 1.153ms
[19.544s][info][gc,cpu         ] GC(64) User=0.00s Sys=0.00s Real=0.00s
[19.544s][info][gc             ] GC(65) Concurrent Mark Cycle
[19.545s][info][gc,marking     ] GC(65) Concurrent Scan Root Regions
[19.545s][info][gc,marking     ] GC(65) Concurrent Scan Root Regions 0.017ms
[19.545s][info][gc,marking     ] GC(65) Concurrent Mark
[19.545s][info][gc,marking     ] GC(65) Concurrent Mark From Roots
[19.545s][info][gc,task        ] GC(65) Using 2 workers of 2 for marking
[19.554s][info][gc,marking     ] GC(65) Concurrent Mark From Roots 9.260ms
[19.554s][info][gc,marking     ] GC(65) Concurrent Preclean
[19.554s][info][gc,marking     ] GC(65) Concurrent Preclean 0.163ms
[19.554s][info][gc,start       ] GC(65) Pause Remark
[19.555s][info][gc             ] GC(65) Pause Remark 322M->122M(360M) 0.929ms
[19.555s][info][gc,cpu         ] GC(65) User=0.00s Sys=0.00s Real=0.00s
[19.555s][info][gc,marking     ] GC(65) Concurrent Mark 10.684ms
[19.555s][info][gc,marking     ] GC(65) Concurrent Rebuild Remembered Sets and Scrub Regions
[19.559s][info][gc,marking     ] GC(65) Concurrent Rebuild Remembered Sets and Scrub Regions 3.437ms
[19.559s][info][gc,start       ] GC(65) Pause Cleanup
[19.559s][info][gc             ] GC(65) Pause Cleanup 172M->172M(360M) 0.130ms
[19.559s][info][gc,cpu         ] GC(65) User=0.00s Sys=0.00s Real=0.00s
[19.559s][info][gc,marking     ] GC(65) Concurrent Clear Claimed Marks
[19.559s][info][gc,marking     ] GC(65) Concurrent Clear Claimed Marks 0.055ms
[19.559s][info][gc,marking     ] GC(65) Concurrent Cleanup for Next Mark
[19.560s][info][gc,marking     ] GC(65) Concurrent Cleanup for Next Mark 0.831ms
[19.560s][info][gc             ] GC(65) Concurrent Mark Cycle 15.752ms
[20.563s][info][gc,start       ] GC(66) Pause Full (System.gc())
[20.564s][info][gc,task        ] GC(66) Using 8 workers of 8 for full compaction
[20.564s][info][gc,phases,start] GC(66) Phase 1: Mark live objects
[20.569s][info][gc,phases      ] GC(66) Phase 1: Mark live objects 4.822ms
[20.569s][info][gc,phases,start] GC(66) Phase 2: Prepare compaction
[20.569s][info][gc,phases      ] GC(66) Phase 2: Prepare compaction 0.411ms
[20.569s][info][gc,phases,start] GC(66) Phase 3: Adjust pointers
[20.571s][info][gc,phases      ] GC(66) Phase 3: Adjust pointers 1.706ms
[20.571s][info][gc,phases,start] GC(66) Phase 4: Compact heap
[20.571s][info][gc,phases      ] GC(66) Phase 4: Compact heap 0.334ms
[20.571s][info][gc,phases,start] GC(66) Phase 5: Reset Metadata
[20.572s][info][gc,phases      ] GC(66) Phase 5: Reset Metadata 0.637ms
[20.574s][info][gc,heap        ] GC(66) Eden regions: 2->0(48)
[20.574s][info][gc,heap        ] GC(66) Survivor regions: 0->0(6)
[20.574s][info][gc,heap        ] GC(66) Old regions: 8->8
[20.574s][info][gc,heap        ] GC(66) Humongous regions: 100->100
[20.575s][info][gc,metaspace   ] GC(66) Metaspace: 17407K(17792K)->17407K(17792K) NonClass: 15446K(15680K)->15446K(15680K) Class: 1960K(2112K)->1960K(2112K)
[20.575s][info][gc             ] GC(66) Pause Full (System.gc()) 209M->206M(360M) 11.120ms
[20.575s][info][gc,cpu         ] GC(66) User=0.00s Sys=0.00s Real=0.01s
[20.575s][info][gc,start       ] GC(67) Pause Young (Concurrent Start) (G1 Humongous Allocation)
[20.575s][info][gc,task        ] GC(67) Using 8 workers of 8 for evacuation
[20.575s][info][gc,phases      ] GC(67)   Pre Evacuate Collection Set: 0.1ms
[20.575s][info][gc,phases      ] GC(67)   Merge Heap Roots: 0.0ms
[20.576s][info][gc,phases      ] GC(67)   Evacuate Collection Set: 0.4ms
[20.576s][info][gc,phases      ] GC(67)   Post Evacuate Collection Set: 0.2ms
[20.576s][info][gc,phases      ] GC(67)   Other: 0.1ms
[20.576s][info][gc,heap        ] GC(67) Eden regions: 0->0(48)
[20.576s][info][gc,heap        ] GC(67) Survivor regions: 0->0(6)
[20.576s][info][gc,heap        ] GC(67) Old regions: 8->8
[20.576s][info][gc,heap        ] GC(67) Humongous regions: 100->100
[20.576s][info][gc,metaspace   ] GC(67) Metaspace: 17407K(17792K)->17407K(17792K) NonClass: 15446K(15680K)->15446K(15680K) Class: 1960K(2112K)->1960K(2112K)
[20.576s][info][gc             ] GC(67) Pause Young (Concurrent Start) (G1 Humongous Allocation) 206M->206M(360M) 1.020ms
[20.576s][info][gc,cpu         ] GC(67) User=0.00s Sys=0.00s Real=0.00s
[20.576s][info][gc             ] GC(68) Concurrent Mark Cycle
[20.576s][info][gc,marking     ] GC(68) Concurrent Scan Root Regions
[20.576s][info][gc,marking     ] GC(68) Concurrent Scan Root Regions 0.018ms
[20.576s][info][gc,marking     ] GC(68) Concurrent Mark
[20.576s][info][gc,marking     ] GC(68) Concurrent Mark From Roots
[20.576s][info][gc,task        ] GC(68) Using 2 workers of 2 for marking
[20.585s][info][gc,marking     ] GC(68) Concurrent Mark From Roots 8.994ms
[20.585s][info][gc,marking     ] GC(68) Concurrent Preclean
[20.585s][info][gc,marking     ] GC(68) Concurrent Preclean 0.188ms
[20.585s][info][gc,start       ] GC(68) Pause Remark
[20.586s][info][gc             ] GC(68) Pause Remark 336M->136M(360M) 0.926ms
[20.586s][info][gc,cpu         ] GC(68) User=0.00s Sys=0.00s Real=0.00s
[20.587s][info][gc,marking     ] GC(68) Concurrent Mark 10.699ms
[20.587s][info][gc,marking     ] GC(68) Concurrent Rebuild Remembered Sets and Scrub Regions
[20.590s][info][gc,marking     ] GC(68) Concurrent Rebuild Remembered Sets and Scrub Regions 3.360ms
[20.590s][info][gc,start       ] GC(68) Pause Cleanup
[20.590s][info][gc             ] GC(68) Pause Cleanup 184M->184M(360M) 0.149ms
[20.590s][info][gc,cpu         ] GC(68) User=0.00s Sys=0.00s Real=0.00s
[20.590s][info][gc,marking     ] GC(68) Concurrent Clear Claimed Marks
[20.590s][info][gc,marking     ] GC(68) Concurrent Clear Claimed Marks 0.049ms
[20.590s][info][gc,marking     ] GC(68) Concurrent Cleanup for Next Mark
[20.591s][info][gc,marking     ] GC(68) Concurrent Cleanup for Next Mark 0.820ms
[20.591s][info][gc             ] GC(68) Concurrent Mark Cycle 15.625ms
[21.593s][info][gc,start       ] GC(69) Pause Full (System.gc())
[21.593s][info][gc,task        ] GC(69) Using 8 workers of 8 for full compaction
[21.593s][info][gc,phases,start] GC(69) Phase 1: Mark live objects
[21.597s][info][gc,phases      ] GC(69) Phase 1: Mark live objects 3.712ms
[21.597s][info][gc,phases,start] GC(69) Phase 2: Prepare compaction
[21.598s][info][gc,phases      ] GC(69) Phase 2: Prepare compaction 0.422ms
[21.598s][info][gc,phases,start] GC(69) Phase 3: Adjust pointers
[21.599s][info][gc,phases      ] GC(69) Phase 3: Adjust pointers 1.865ms
[21.600s][info][gc,phases,start] GC(69) Phase 4: Compact heap
[21.600s][info][gc,phases      ] GC(69) Phase 4: Compact heap 0.318ms
[21.600s][info][gc,phases,start] GC(69) Phase 5: Reset Metadata
[21.600s][info][gc,phases      ] GC(69) Phase 5: Reset Metadata 0.553ms
[21.602s][info][gc,heap        ] GC(69) Eden regions: 1->0(48)
[21.602s][info][gc,heap        ] GC(69) Survivor regions: 0->0(6)
[21.602s][info][gc,heap        ] GC(69) Old regions: 8->7
[21.602s][info][gc,heap        ] GC(69) Humongous regions: 100->100
[21.602s][info][gc,metaspace   ] GC(69) Metaspace: 17452K(17920K)->17452K(17920K) NonClass: 15483K(15744K)->15483K(15744K) Class: 1968K(2176K)->1968K(2176K)
[21.603s][info][gc             ] GC(69) Pause Full (System.gc()) 208M->206M(360M) 9.577ms
[21.603s][info][gc,cpu         ] GC(69) User=0.00s Sys=0.00s Real=0.01s
[21.603s][info][gc,start       ] GC(70) Pause Young (Concurrent Start) (G1 Humongous Allocation)
[21.603s][info][gc,task        ] GC(70) Using 8 workers of 8 for evacuation
[21.603s][info][gc,phases      ] GC(70)   Pre Evacuate Collection Set: 0.1ms
[21.603s][info][gc,phases      ] GC(70)   Merge Heap Roots: 0.0ms
[21.603s][info][gc,phases      ] GC(70)   Evacuate Collection Set: 0.3ms
[21.603s][info][gc,phases      ] GC(70)   Post Evacuate Collection Set: 0.2ms
[21.604s][info][gc,phases      ] GC(70)   Other: 0.1ms
[21.604s][info][gc,heap        ] GC(70) Eden regions: 0->0(48)
[21.604s][info][gc,heap        ] GC(70) Survivor regions: 0->0(6)
[21.604s][info][gc,heap        ] GC(70) Old regions: 7->7
[21.604s][info][gc,heap        ] GC(70) Humongous regions: 100->100
[21.604s][info][gc,metaspace   ] GC(70) Metaspace: 17452K(17920K)->17452K(17920K) NonClass: 15483K(15744K)->15483K(15744K) Class: 1968K(2176K)->1968K(2176K)
[21.604s][info][gc             ] GC(70) Pause Young (Concurrent Start) (G1 Humongous Allocation) 206M->206M(360M) 0.986ms
[21.604s][info][gc,cpu         ] GC(70) User=0.00s Sys=0.00s Real=0.00s
[21.604s][info][gc             ] GC(71) Concurrent Mark Cycle
[21.604s][info][gc,marking     ] GC(71) Concurrent Scan Root Regions
[21.604s][info][gc,marking     ] GC(71) Concurrent Scan Root Regions 0.018ms
[21.604s][info][gc,marking     ] GC(71) Concurrent Mark
[21.604s][info][gc,marking     ] GC(71) Concurrent Mark From Roots
[21.604s][info][gc,task        ] GC(71) Using 2 workers of 2 for marking
[21.613s][info][gc,marking     ] GC(71) Concurrent Mark From Roots 9.518ms
[21.613s][info][gc,marking     ] GC(71) Concurrent Preclean
[21.614s][info][gc,marking     ] GC(71) Concurrent Preclean 0.212ms
[21.614s][info][gc,start       ] GC(71) Pause Remark
[21.615s][info][gc             ] GC(71) Pause Remark 334M->134M(360M) 1.037ms
[21.615s][info][gc,cpu         ] GC(71) User=0.00s Sys=0.00s Real=0.00s
[21.615s][info][gc,marking     ] GC(71) Concurrent Mark 11.110ms
[21.615s][info][gc,marking     ] GC(71) Concurrent Rebuild Remembered Sets and Scrub Regions
[21.619s][info][gc,marking     ] GC(71) Concurrent Rebuild Remembered Sets and Scrub Regions 3.953ms
[21.619s][info][gc,start       ] GC(71) Pause Cleanup
[21.619s][info][gc             ] GC(71) Pause Cleanup 194M->194M(360M) 0.132ms
[21.619s][info][gc,cpu         ] GC(71) User=0.00s Sys=0.00s Real=0.00s
[21.619s][info][gc,marking     ] GC(71) Concurrent Clear Claimed Marks
[21.619s][info][gc,marking     ] GC(71) Concurrent Clear Claimed Marks 0.066ms
[21.619s][info][gc,marking     ] GC(71) Concurrent Cleanup for Next Mark
[21.620s][info][gc,marking     ] GC(71) Concurrent Cleanup for Next Mark 0.676ms
[21.620s][info][gc             ] GC(71) Concurrent Mark Cycle 16.594ms
[22.621s][info][gc,start       ] GC(72) Pause Full (System.gc())
[22.621s][info][gc,task        ] GC(72) Using 8 workers of 8 for full compaction
[22.622s][info][gc,phases,start] GC(72) Phase 1: Mark live objects
[22.625s][info][gc,phases      ] GC(72) Phase 1: Mark live objects 3.684ms
[22.625s][info][gc,phases,start] GC(72) Phase 2: Prepare compaction
[22.626s][info][gc,phases      ] GC(72) Phase 2: Prepare compaction 0.439ms
[22.626s][info][gc,phases,start] GC(72) Phase 3: Adjust pointers
[22.628s][info][gc,phases      ] GC(72) Phase 3: Adjust pointers 1.803ms
[22.628s][info][gc,phases,start] GC(72) Phase 4: Compact heap
[22.628s][info][gc,phases      ] GC(72) Phase 4: Compact heap 0.372ms
[22.628s][info][gc,phases,start] GC(72) Phase 5: Reset Metadata
[22.629s][info][gc,phases      ] GC(72) Phase 5: Reset Metadata 0.822ms
[22.632s][info][gc,heap        ] GC(72) Eden regions: 1->0(48)
[22.632s][info][gc,heap        ] GC(72) Survivor regions: 0->0(6)
[22.632s][info][gc,heap        ] GC(72) Old regions: 7->7
[22.632s][info][gc,heap        ] GC(72) Humongous regions: 100->100
[22.632s][info][gc,metaspace   ] GC(72) Metaspace: 17454K(17920K)->17454K(17920K) NonClass: 15485K(15744K)->15485K(15744K) Class: 1968K(2176K)->1968K(2176K)
[22.632s][info][gc             ] GC(72) Pause Full (System.gc()) 208M->206M(360M) 10.745ms
[22.632s][info][gc,cpu         ] GC(72) User=0.02s Sys=0.00s Real=0.01s
[22.632s][info][gc,start       ] GC(73) Pause Young (Concurrent Start) (G1 Humongous Allocation)
[22.632s][info][gc,task        ] GC(73) Using 8 workers of 8 for evacuation
[22.633s][info][gc,phases      ] GC(73)   Pre Evacuate Collection Set: 0.1ms
[22.633s][info][gc,phases      ] GC(73)   Merge Heap Roots: 0.0ms
[22.633s][info][gc,phases      ] GC(73)   Evacuate Collection Set: 0.4ms
[22.633s][info][gc,phases      ] GC(73)   Post Evacuate Collection Set: 0.2ms
[22.633s][info][gc,phases      ] GC(73)   Other: 0.1ms
[22.633s][info][gc,heap        ] GC(73) Eden regions: 0->0(48)
[22.633s][info][gc,heap        ] GC(73) Survivor regions: 0->0(6)
[22.633s][info][gc,heap        ] GC(73) Old regions: 7->7
[22.633s][info][gc,heap        ] GC(73) Humongous regions: 100->100
[22.633s][info][gc,metaspace   ] GC(73) Metaspace: 17454K(17920K)->17454K(17920K) NonClass: 15485K(15744K)->15485K(15744K) Class: 1968K(2176K)->1968K(2176K)
[22.633s][info][gc             ] GC(73) Pause Young (Concurrent Start) (G1 Humongous Allocation) 206M->206M(360M) 1.161ms
[22.633s][info][gc,cpu         ] GC(73) User=0.00s Sys=0.00s Real=0.00s
[22.633s][info][gc             ] GC(74) Concurrent Mark Cycle
[22.633s][info][gc,marking     ] GC(74) Concurrent Scan Root Regions
[22.633s][info][gc,marking     ] GC(74) Concurrent Scan Root Regions 0.017ms
[22.633s][info][gc,marking     ] GC(74) Concurrent Mark
[22.633s][info][gc,marking     ] GC(74) Concurrent Mark From Roots
[22.633s][info][gc,task        ] GC(74) Using 2 workers of 2 for marking
[22.643s][info][gc,marking     ] GC(74) Concurrent Mark From Roots 9.779ms
[22.643s][info][gc,marking     ] GC(74) Concurrent Preclean
[22.643s][info][gc,marking     ] GC(74) Concurrent Preclean 0.207ms
[22.643s][info][gc,start       ] GC(74) Pause Remark
[22.645s][info][gc             ] GC(74) Pause Remark 334M->134M(360M) 1.327ms
[22.645s][info][gc,cpu         ] GC(74) User=0.00s Sys=0.00s Real=0.00s
[22.645s][info][gc,marking     ] GC(74) Concurrent Mark 12.307ms
[22.646s][info][gc,marking     ] GC(74) Concurrent Rebuild Remembered Sets and Scrub Regions
[22.649s][info][gc,marking     ] GC(74) Concurrent Rebuild Remembered Sets and Scrub Regions 3.903ms
[22.650s][info][gc,start       ] GC(74) Pause Cleanup
[22.650s][info][gc             ] GC(74) Pause Cleanup 180M->180M(360M) 0.125ms
[22.650s][info][gc,cpu         ] GC(74) User=0.00s Sys=0.00s Real=0.00s
[22.650s][info][gc,marking     ] GC(74) Concurrent Clear Claimed Marks
[22.650s][info][gc,marking     ] GC(74) Concurrent Clear Claimed Marks 0.047ms
[22.650s][info][gc,marking     ] GC(74) Concurrent Cleanup for Next Mark
[22.651s][info][gc,marking     ] GC(74) Concurrent Cleanup for Next Mark 0.720ms
[22.651s][info][gc             ] GC(74) Concurrent Mark Cycle 17.715ms
[23.653s][info][gc,start       ] GC(75) Pause Full (System.gc())
[23.653s][info][gc,task        ] GC(75) Using 8 workers of 8 for full compaction
[23.653s][info][gc,phases,start] GC(75) Phase 1: Mark live objects
[23.657s][info][gc,phases      ] GC(75) Phase 1: Mark live objects 3.925ms
[23.657s][info][gc,phases,start] GC(75) Phase 2: Prepare compaction
[23.658s][info][gc,phases      ] GC(75) Phase 2: Prepare compaction 0.369ms
[23.658s][info][gc,phases,start] GC(75) Phase 3: Adjust pointers
[23.660s][info][gc,phases      ] GC(75) Phase 3: Adjust pointers 2.134ms
[23.660s][info][gc,phases,start] GC(75) Phase 4: Compact heap
[23.660s][info][gc,phases      ] GC(75) Phase 4: Compact heap 0.252ms
[23.660s][info][gc,phases,start] GC(75) Phase 5: Reset Metadata
[23.661s][info][gc,phases      ] GC(75) Phase 5: Reset Metadata 0.556ms
[23.663s][info][gc,heap        ] GC(75) Eden regions: 2->0(48)
[23.663s][info][gc,heap        ] GC(75) Survivor regions: 0->0(6)
[23.663s][info][gc,heap        ] GC(75) Old regions: 7->7
[23.663s][info][gc,heap        ] GC(75) Humongous regions: 100->100
[23.663s][info][gc,metaspace   ] GC(75) Metaspace: 17467K(17920K)->17467K(17920K) NonClass: 15498K(15744K)->15498K(15744K) Class: 1968K(2176K)->1968K(2176K)
[23.663s][info][gc             ] GC(75) Pause Full (System.gc()) 209M->206M(360M) 9.850ms
[23.663s][info][gc,cpu         ] GC(75) User=0.00s Sys=0.00s Real=0.01s
[23.663s][info][gc,start       ] GC(76) Pause Young (Concurrent Start) (G1 Humongous Allocation)
[23.663s][info][gc,task        ] GC(76) Using 8 workers of 8 for evacuation
[23.664s][info][gc,phases      ] GC(76)   Pre Evacuate Collection Set: 0.1ms
[23.664s][info][gc,phases      ] GC(76)   Merge Heap Roots: 0.0ms
[23.664s][info][gc,phases      ] GC(76)   Evacuate Collection Set: 0.4ms
[23.664s][info][gc,phases      ] GC(76)   Post Evacuate Collection Set: 0.2ms
[23.664s][info][gc,phases      ] GC(76)   Other: 0.1ms
[23.664s][info][gc,heap        ] GC(76) Eden regions: 0->0(48)
[23.664s][info][gc,heap        ] GC(76) Survivor regions: 0->0(6)
[23.664s][info][gc,heap        ] GC(76) Old regions: 7->7
[23.664s][info][gc,heap        ] GC(76) Humongous regions: 100->100
[23.664s][info][gc,metaspace   ] GC(76) Metaspace: 17467K(17920K)->17467K(17920K) NonClass: 15498K(15744K)->15498K(15744K) Class: 1968K(2176K)->1968K(2176K)
[23.664s][info][gc             ] GC(76) Pause Young (Concurrent Start) (G1 Humongous Allocation) 206M->206M(360M) 1.142ms
[23.664s][info][gc,cpu         ] GC(76) User=0.00s Sys=0.00s Real=0.00s
[23.664s][info][gc             ] GC(77) Concurrent Mark Cycle
[23.664s][info][gc,marking     ] GC(77) Concurrent Scan Root Regions
[23.664s][info][gc,marking     ] GC(77) Concurrent Scan Root Regions 0.017ms
[23.664s][info][gc,marking     ] GC(77) Concurrent Mark
[23.664s][info][gc,marking     ] GC(77) Concurrent Mark From Roots
[23.664s][info][gc,task        ] GC(77) Using 2 workers of 2 for marking
[23.673s][info][gc,marking     ] GC(77) Concurrent Mark From Roots 9.018ms
[23.674s][info][gc,marking     ] GC(77) Concurrent Preclean
[23.674s][info][gc,marking     ] GC(77) Concurrent Preclean 0.179ms
[23.674s][info][gc,start       ] GC(77) Pause Remark
[23.675s][info][gc             ] GC(77) Pause Remark 332M->132M(360M) 1.029ms
[23.675s][info][gc,cpu         ] GC(77) User=0.00s Sys=0.00s Real=0.00s
[23.675s][info][gc,marking     ] GC(77) Concurrent Mark 10.592ms
[23.675s][info][gc,marking     ] GC(77) Concurrent Rebuild Remembered Sets and Scrub Regions
[23.679s][info][gc,marking     ] GC(77) Concurrent Rebuild Remembered Sets and Scrub Regions 3.918ms
[23.679s][info][gc,start       ] GC(77) Pause Cleanup
[23.680s][info][gc             ] GC(77) Pause Cleanup 178M->178M(360M) 0.235ms
[23.680s][info][gc,cpu         ] GC(77) User=0.00s Sys=0.00s Real=0.00s
[23.680s][info][gc,marking     ] GC(77) Concurrent Clear Claimed Marks
[23.680s][info][gc,marking     ] GC(77) Concurrent Clear Claimed Marks 0.076ms
[23.680s][info][gc,marking     ] GC(77) Concurrent Cleanup for Next Mark
[23.681s][info][gc,marking     ] GC(77) Concurrent Cleanup for Next Mark 1.433ms
[23.681s][info][gc             ] GC(77) Concurrent Mark Cycle 17.137ms
[24.686s][info][gc,start       ] GC(78) Pause Full (System.gc())
[24.686s][info][gc,task        ] GC(78) Using 8 workers of 8 for full compaction
[24.686s][info][gc,phases,start] GC(78) Phase 1: Mark live objects
[24.690s][info][gc,phases      ] GC(78) Phase 1: Mark live objects 4.203ms
[24.690s][info][gc,phases,start] GC(78) Phase 2: Prepare compaction
[24.691s][info][gc,phases      ] GC(78) Phase 2: Prepare compaction 0.413ms
[24.691s][info][gc,phases,start] GC(78) Phase 3: Adjust pointers
[24.693s][info][gc,phases      ] GC(78) Phase 3: Adjust pointers 2.022ms
[24.693s][info][gc,phases,start] GC(78) Phase 4: Compact heap
[24.693s][info][gc,phases      ] GC(78) Phase 4: Compact heap 0.375ms
[24.693s][info][gc,phases,start] GC(78) Phase 5: Reset Metadata
[24.694s][info][gc,phases      ] GC(78) Phase 5: Reset Metadata 0.764ms
[24.696s][info][gc,heap        ] GC(78) Eden regions: 2->0(48)
[24.696s][info][gc,heap        ] GC(78) Survivor regions: 0->0(6)
[24.696s][info][gc,heap        ] GC(78) Old regions: 7->8
[24.696s][info][gc,heap        ] GC(78) Humongous regions: 100->100
[24.696s][info][gc,metaspace   ] GC(78) Metaspace: 17485K(17920K)->17485K(17920K) NonClass: 15512K(15744K)->15512K(15744K) Class: 1972K(2176K)->1972K(2176K)
[24.696s][info][gc             ] GC(78) Pause Full (System.gc()) 209M->206M(360M) 10.634ms
[24.696s][info][gc,cpu         ] GC(78) User=0.00s Sys=0.00s Real=0.01s
[24.696s][info][gc,start       ] GC(79) Pause Young (Concurrent Start) (G1 Humongous Allocation)
[24.696s][info][gc,task        ] GC(79) Using 8 workers of 8 for evacuation
[24.697s][info][gc,phases      ] GC(79)   Pre Evacuate Collection Set: 0.1ms
[24.697s][info][gc,phases      ] GC(79)   Merge Heap Roots: 0.0ms
[24.697s][info][gc,phases      ] GC(79)   Evacuate Collection Set: 0.3ms
[24.697s][info][gc,phases      ] GC(79)   Post Evacuate Collection Set: 0.2ms
[24.697s][info][gc,phases      ] GC(79)   Other: 0.1ms
[24.697s][info][gc,heap        ] GC(79) Eden regions: 0->0(48)
[24.697s][info][gc,heap        ] GC(79) Survivor regions: 0->0(6)
[24.697s][info][gc,heap        ] GC(79) Old regions: 8->8
[24.697s][info][gc,heap        ] GC(79) Humongous regions: 100->100
[24.697s][info][gc,metaspace   ] GC(79) Metaspace: 17485K(17920K)->17485K(17920K) NonClass: 15512K(15744K)->15512K(15744K) Class: 1972K(2176K)->1972K(2176K)
[24.698s][info][gc             ] GC(79) Pause Young (Concurrent Start) (G1 Humongous Allocation) 206M->206M(360M) 1.063ms
[24.698s][info][gc             ] GC(80) Concurrent Mark Cycle
[24.698s][info][gc,cpu         ] GC(79) User=0.00s Sys=0.00s Real=0.00s
[24.698s][info][gc,marking     ] GC(80) Concurrent Scan Root Regions
[24.698s][info][gc,marking     ] GC(80) Concurrent Scan Root Regions 0.055ms
[24.698s][info][gc,marking     ] GC(80) Concurrent Mark
[24.698s][info][gc,marking     ] GC(80) Concurrent Mark From Roots
[24.698s][info][gc,task        ] GC(80) Using 2 workers of 2 for marking
[24.709s][info][gc,marking     ] GC(80) Concurrent Mark From Roots 11.692ms
[24.709s][info][gc,marking     ] GC(80) Concurrent Preclean
[24.710s][info][gc,marking     ] GC(80) Concurrent Preclean 0.146ms
[24.710s][info][gc,start       ] GC(80) Pause Remark
[24.711s][info][gc             ] GC(80) Pause Remark 338M->138M(360M) 1.093ms
[24.711s][info][gc,cpu         ] GC(80) User=0.00s Sys=0.00s Real=0.00s
[24.711s][info][gc,marking     ] GC(80) Concurrent Mark 13.311ms
[24.711s][info][gc,marking     ] GC(80) Concurrent Rebuild Remembered Sets and Scrub Regions
[24.715s][info][gc,marking     ] GC(80) Concurrent Rebuild Remembered Sets and Scrub Regions 4.256ms
[24.715s][info][gc,start       ] GC(80) Pause Cleanup
[24.716s][info][gc             ] GC(80) Pause Cleanup 196M->196M(360M) 0.166ms
[24.716s][info][gc,cpu         ] GC(80) User=0.00s Sys=0.00s Real=0.00s
[24.716s][info][gc,marking     ] GC(80) Concurrent Clear Claimed Marks
[24.716s][info][gc,marking     ] GC(80) Concurrent Clear Claimed Marks 0.057ms
[24.716s][info][gc,marking     ] GC(80) Concurrent Cleanup for Next Mark
[24.717s][info][gc,marking     ] GC(80) Concurrent Cleanup for Next Mark 0.700ms
[24.717s][info][gc             ] GC(80) Concurrent Mark Cycle 19.143ms
[25.718s][info][gc,start       ] GC(81) Pause Full (System.gc())
[25.718s][info][gc,task        ] GC(81) Using 8 workers of 8 for full compaction
[25.718s][info][gc,phases,start] GC(81) Phase 1: Mark live objects
[25.722s][info][gc,phases      ] GC(81) Phase 1: Mark live objects 3.673ms
[25.722s][info][gc,phases,start] GC(81) Phase 2: Prepare compaction
[25.723s][info][gc,phases      ] GC(81) Phase 2: Prepare compaction 0.505ms
[25.723s][info][gc,phases,start] GC(81) Phase 3: Adjust pointers
[25.725s][info][gc,phases      ] GC(81) Phase 3: Adjust pointers 2.393ms
[25.725s][info][gc,phases,start] GC(81) Phase 4: Compact heap
[25.726s][info][gc,phases      ] GC(81) Phase 4: Compact heap 0.471ms
[25.726s][info][gc,phases,start] GC(81) Phase 5: Reset Metadata
[25.726s][info][gc,phases      ] GC(81) Phase 5: Reset Metadata 0.617ms
[25.729s][info][gc,heap        ] GC(81) Eden regions: 1->0(48)
[25.729s][info][gc,heap        ] GC(81) Survivor regions: 0->0(6)
[25.729s][info][gc,heap        ] GC(81) Old regions: 8->8
[25.729s][info][gc,heap        ] GC(81) Humongous regions: 100->100
[25.729s][info][gc,metaspace   ] GC(81) Metaspace: 17501K(17984K)->17501K(17984K) NonClass: 15528K(15808K)->15528K(15808K) Class: 1972K(2176K)->1972K(2176K)
[25.729s][info][gc             ] GC(81) Pause Full (System.gc()) 208M->206M(360M) 10.712ms
[25.729s][info][gc,cpu         ] GC(81) User=0.00s Sys=0.00s Real=0.01s
[25.729s][info][gc,start       ] GC(82) Pause Young (Concurrent Start) (G1 Humongous Allocation)
[25.729s][info][gc,task        ] GC(82) Using 8 workers of 8 for evacuation
[25.730s][info][gc,phases      ] GC(82)   Pre Evacuate Collection Set: 0.1ms
[25.730s][info][gc,phases      ] GC(82)   Merge Heap Roots: 0.1ms
[25.730s][info][gc,phases      ] GC(82)   Evacuate Collection Set: 0.5ms
[25.730s][info][gc,phases      ] GC(82)   Post Evacuate Collection Set: 0.2ms
[25.730s][info][gc,phases      ] GC(82)   Other: 0.1ms
[25.730s][info][gc,heap        ] GC(82) Eden regions: 0->0(48)
[25.730s][info][gc,heap        ] GC(82) Survivor regions: 0->0(6)
[25.730s][info][gc,heap        ] GC(82) Old regions: 8->8
[25.730s][info][gc,heap        ] GC(82) Humongous regions: 100->100
[25.730s][info][gc,metaspace   ] GC(82) Metaspace: 17501K(17984K)->17501K(17984K) NonClass: 15528K(15808K)->15528K(15808K) Class: 1972K(2176K)->1972K(2176K)
[25.730s][info][gc             ] GC(82) Pause Young (Concurrent Start) (G1 Humongous Allocation) 206M->206M(360M) 1.246ms
[25.730s][info][gc,cpu         ] GC(82) User=0.00s Sys=0.00s Real=0.00s
[25.730s][info][gc             ] GC(83) Concurrent Mark Cycle
[25.730s][info][gc,marking     ] GC(83) Concurrent Scan Root Regions
[25.730s][info][gc,marking     ] GC(83) Concurrent Scan Root Regions 0.022ms
[25.730s][info][gc,marking     ] GC(83) Concurrent Mark
[25.730s][info][gc,marking     ] GC(83) Concurrent Mark From Roots
[25.730s][info][gc,task        ] GC(83) Using 2 workers of 2 for marking
[25.741s][info][gc,marking     ] GC(83) Concurrent Mark From Roots 10.536ms
[25.741s][info][gc,marking     ] GC(83) Concurrent Preclean
[25.741s][info][gc,marking     ] GC(83) Concurrent Preclean 0.219ms
[25.741s][info][gc,start       ] GC(83) Pause Remark
[25.742s][info][gc             ] GC(83) Pause Remark 342M->142M(360M) 0.856ms
[25.742s][info][gc,cpu         ] GC(83) User=0.00s Sys=0.00s Real=0.00s
[25.742s][info][gc,marking     ] GC(83) Concurrent Mark 11.977ms
[25.742s][info][gc,marking     ] GC(83) Concurrent Rebuild Remembered Sets and Scrub Regions
[25.747s][info][gc,marking     ] GC(83) Concurrent Rebuild Remembered Sets and Scrub Regions 4.243ms
[25.747s][info][gc,start       ] GC(83) Pause Cleanup
[25.747s][info][gc             ] GC(83) Pause Cleanup 206M->206M(360M) 0.139ms
[25.747s][info][gc,cpu         ] GC(83) User=0.00s Sys=0.00s Real=0.00s
[25.747s][info][gc,marking     ] GC(83) Concurrent Clear Claimed Marks
[25.747s][info][gc,marking     ] GC(83) Concurrent Clear Claimed Marks 0.049ms
[25.747s][info][gc,marking     ] GC(83) Concurrent Cleanup for Next Mark
[25.748s][info][gc,marking     ] GC(83) Concurrent Cleanup for Next Mark 0.518ms
[25.748s][info][gc             ] GC(83) Concurrent Mark Cycle 17.476ms
[26.748s][info][gc,start       ] GC(84) Pause Full (System.gc())
[26.748s][info][gc,task        ] GC(84) Using 8 workers of 8 for full compaction
[26.748s][info][gc,phases,start] GC(84) Phase 1: Mark live objects
[26.753s][info][gc,phases      ] GC(84) Phase 1: Mark live objects 4.272ms
[26.753s][info][gc,phases,start] GC(84) Phase 2: Prepare compaction
[26.753s][info][gc,phases      ] GC(84) Phase 2: Prepare compaction 0.433ms
[26.753s][info][gc,phases,start] GC(84) Phase 3: Adjust pointers
[26.756s][info][gc,phases      ] GC(84) Phase 3: Adjust pointers 2.286ms
[26.756s][info][gc,phases,start] GC(84) Phase 4: Compact heap
[26.756s][info][gc,phases      ] GC(84) Phase 4: Compact heap 0.426ms
[26.756s][info][gc,phases,start] GC(84) Phase 5: Reset Metadata
[26.757s][info][gc,phases      ] GC(84) Phase 5: Reset Metadata 0.710ms
[26.759s][info][gc,heap        ] GC(84) Eden regions: 2->0(48)
[26.759s][info][gc,heap        ] GC(84) Survivor regions: 0->0(6)
[26.759s][info][gc,heap        ] GC(84) Old regions: 8->8
[26.759s][info][gc,heap        ] GC(84) Humongous regions: 100->100
[26.759s][info][gc,metaspace   ] GC(84) Metaspace: 17511K(17984K)->17511K(17984K) NonClass: 15539K(15808K)->15539K(15808K) Class: 1972K(2176K)->1972K(2176K)
[26.759s][info][gc             ] GC(84) Pause Full (System.gc()) 209M->206M(360M) 11.382ms
[26.759s][info][gc,cpu         ] GC(84) User=0.00s Sys=0.00s Real=0.01s
[26.760s][info][gc,start       ] GC(85) Pause Young (Concurrent Start) (G1 Humongous Allocation)
[26.760s][info][gc,task        ] GC(85) Using 8 workers of 8 for evacuation
[26.760s][info][gc,phases      ] GC(85)   Pre Evacuate Collection Set: 0.1ms
[26.761s][info][gc,phases      ] GC(85)   Merge Heap Roots: 0.0ms
[26.761s][info][gc,phases      ] GC(85)   Evacuate Collection Set: 0.4ms
[26.761s][info][gc,phases      ] GC(85)   Post Evacuate Collection Set: 0.2ms
[26.761s][info][gc,phases      ] GC(85)   Other: 0.1ms
[26.761s][info][gc,heap        ] GC(85) Eden regions: 0->0(48)
[26.761s][info][gc,heap        ] GC(85) Survivor regions: 0->0(6)
[26.761s][info][gc,heap        ] GC(85) Old regions: 8->8
[26.761s][info][gc,heap        ] GC(85) Humongous regions: 100->100
[26.761s][info][gc,metaspace   ] GC(85) Metaspace: 17511K(17984K)->17511K(17984K) NonClass: 15539K(15808K)->15539K(15808K) Class: 1972K(2176K)->1972K(2176K)
[26.761s][info][gc             ] GC(85) Pause Young (Concurrent Start) (G1 Humongous Allocation) 206M->206M(360M) 1.191ms
[26.761s][info][gc,cpu         ] GC(85) User=0.00s Sys=0.00s Real=0.00s
[26.761s][info][gc             ] GC(86) Concurrent Mark Cycle
[26.761s][info][gc,marking     ] GC(86) Concurrent Scan Root Regions
[26.761s][info][gc,marking     ] GC(86) Concurrent Scan Root Regions 0.018ms
[26.761s][info][gc,marking     ] GC(86) Concurrent Mark
[26.761s][info][gc,marking     ] GC(86) Concurrent Mark From Roots
[26.761s][info][gc,task        ] GC(86) Using 2 workers of 2 for marking
[26.774s][info][gc,marking     ] GC(86) Concurrent Mark From Roots 13.209ms
[26.774s][info][gc,marking     ] GC(86) Concurrent Preclean
[26.775s][info][gc,marking     ] GC(86) Concurrent Preclean 0.231ms
[26.775s][info][gc,start       ] GC(86) Pause Remark
[26.776s][info][gc             ] GC(86) Pause Remark 338M->138M(360M) 1.353ms
[26.776s][info][gc,cpu         ] GC(86) User=0.00s Sys=0.00s Real=0.00s
[26.776s][info][gc,marking     ] GC(86) Concurrent Mark 15.250ms
[26.776s][info][gc,marking     ] GC(86) Concurrent Rebuild Remembered Sets and Scrub Regions
[26.780s][info][gc,marking     ] GC(86) Concurrent Rebuild Remembered Sets and Scrub Regions 4.152ms
[26.781s][info][gc,start       ] GC(86) Pause Cleanup
[26.781s][info][gc             ] GC(86) Pause Cleanup 182M->182M(360M) 0.156ms
[26.781s][info][gc,cpu         ] GC(86) User=0.00s Sys=0.00s Real=0.00s
[26.781s][info][gc,marking     ] GC(86) Concurrent Clear Claimed Marks
[26.781s][info][gc,marking     ] GC(86) Concurrent Clear Claimed Marks 0.059ms
[26.781s][info][gc,marking     ] GC(86) Concurrent Cleanup for Next Mark
[26.782s][info][gc,marking     ] GC(86) Concurrent Cleanup for Next Mark 0.810ms
[26.782s][info][gc             ] GC(86) Concurrent Mark Cycle 21.109ms
[27.785s][info][gc,start       ] GC(87) Pause Full (System.gc())
[27.785s][info][gc,task        ] GC(87) Using 8 workers of 8 for full compaction
[27.786s][info][gc,phases,start] GC(87) Phase 1: Mark live objects
[27.790s][info][gc,phases      ] GC(87) Phase 1: Mark live objects 4.310ms
[27.790s][info][gc,phases,start] GC(87) Phase 2: Prepare compaction
[27.790s][info][gc,phases      ] GC(87) Phase 2: Prepare compaction 0.473ms
[27.791s][info][gc,phases,start] GC(87) Phase 3: Adjust pointers
[27.793s][info][gc,phases      ] GC(87) Phase 3: Adjust pointers 2.009ms
[27.793s][info][gc,phases,start] GC(87) Phase 4: Compact heap
[27.793s][info][gc,phases      ] GC(87) Phase 4: Compact heap 0.351ms
[27.793s][info][gc,phases,start] GC(87) Phase 5: Reset Metadata
[27.794s][info][gc,phases      ] GC(87) Phase 5: Reset Metadata 0.710ms
[27.796s][info][gc,heap        ] GC(87) Eden regions: 2->0(48)
[27.796s][info][gc,heap        ] GC(87) Survivor regions: 0->0(6)
[27.796s][info][gc,heap        ] GC(87) Old regions: 8->8
[27.796s][info][gc,heap        ] GC(87) Humongous regions: 100->100
[27.796s][info][gc,metaspace   ] GC(87) Metaspace: 17518K(17984K)->17518K(17984K) NonClass: 15545K(15808K)->15545K(15808K) Class: 1972K(2176K)->1972K(2176K)
[27.796s][info][gc             ] GC(87) Pause Full (System.gc()) 209M->206M(360M) 10.609ms
[27.796s][info][gc,cpu         ] GC(87) User=0.02s Sys=0.00s Real=0.01s
[27.796s][info][gc,start       ] GC(88) Pause Young (Concurrent Start) (G1 Humongous Allocation)
[27.796s][info][gc,task        ] GC(88) Using 8 workers of 8 for evacuation
[27.797s][info][gc,phases      ] GC(88)   Pre Evacuate Collection Set: 0.1ms
[27.797s][info][gc,phases      ] GC(88)   Merge Heap Roots: 0.0ms
[27.797s][info][gc,phases      ] GC(88)   Evacuate Collection Set: 0.5ms
[27.797s][info][gc,phases      ] GC(88)   Post Evacuate Collection Set: 0.3ms
[27.797s][info][gc,phases      ] GC(88)   Other: 0.1ms
[27.797s][info][gc,heap        ] GC(88) Eden regions: 0->0(48)
[27.797s][info][gc,heap        ] GC(88) Survivor regions: 0->0(6)
[27.797s][info][gc,heap        ] GC(88) Old regions: 8->8
[27.797s][info][gc,heap        ] GC(88) Humongous regions: 100->100
[27.797s][info][gc,metaspace   ] GC(88) Metaspace: 17518K(17984K)->17518K(17984K) NonClass: 15545K(15808K)->15545K(15808K) Class: 1972K(2176K)->1972K(2176K)
[27.797s][info][gc             ] GC(88) Pause Young (Concurrent Start) (G1 Humongous Allocation) 206M->206M(360M) 1.456ms
[27.797s][info][gc,cpu         ] GC(88) User=0.00s Sys=0.00s Real=0.00s
[27.797s][info][gc             ] GC(89) Concurrent Mark Cycle
[27.798s][info][gc,marking     ] GC(89) Concurrent Scan Root Regions
[27.798s][info][gc,marking     ] GC(89) Concurrent Scan Root Regions 0.019ms
[27.798s][info][gc,marking     ] GC(89) Concurrent Mark
[27.798s][info][gc,marking     ] GC(89) Concurrent Mark From Roots
[27.798s][info][gc,task        ] GC(89) Using 2 workers of 2 for marking
[27.809s][info][gc,marking     ] GC(89) Concurrent Mark From Roots 11.612ms
[27.809s][info][gc,marking     ] GC(89) Concurrent Preclean
[27.810s][info][gc,marking     ] GC(89) Concurrent Preclean 0.204ms
[27.810s][info][gc,start       ] GC(89) Pause Remark
[27.811s][info][gc             ] GC(89) Pause Remark 340M->140M(360M) 1.197ms
[27.811s][info][gc,cpu         ] GC(89) User=0.00s Sys=0.00s Real=0.00s
[27.811s][info][gc,marking     ] GC(89) Concurrent Mark 13.530ms
[27.811s][info][gc,marking     ] GC(89) Concurrent Rebuild Remembered Sets and Scrub Regions
[27.815s][info][gc,marking     ] GC(89) Concurrent Rebuild Remembered Sets and Scrub Regions 4.067ms
[27.816s][info][gc,start       ] GC(89) Pause Cleanup
[27.816s][info][gc             ] GC(89) Pause Cleanup 194M->194M(360M) 0.184ms
[27.816s][info][gc,cpu         ] GC(89) User=0.00s Sys=0.00s Real=0.00s
[27.816s][info][gc,marking     ] GC(89) Concurrent Clear Claimed Marks
[27.816s][info][gc,marking     ] GC(89) Concurrent Clear Claimed Marks 0.074ms
[27.816s][info][gc,marking     ] GC(89) Concurrent Cleanup for Next Mark
[27.817s][info][gc,marking     ] GC(89) Concurrent Cleanup for Next Mark 0.837ms
[27.817s][info][gc             ] GC(89) Concurrent Mark Cycle 19.420ms
[28.819s][info][gc,start       ] GC(90) Pause Full (System.gc())
[28.820s][info][gc,task        ] GC(90) Using 8 workers of 8 for full compaction
[28.820s][info][gc,phases,start] GC(90) Phase 1: Mark live objects
[28.826s][info][gc,phases      ] GC(90) Phase 1: Mark live objects 6.374ms
[28.826s][info][gc,phases,start] GC(90) Phase 2: Prepare compaction
[28.827s][info][gc,phases      ] GC(90) Phase 2: Prepare compaction 0.409ms
[28.827s][info][gc,phases,start] GC(90) Phase 3: Adjust pointers
[28.829s][info][gc,phases      ] GC(90) Phase 3: Adjust pointers 2.056ms
[28.829s][info][gc,phases,start] GC(90) Phase 4: Compact heap
[28.829s][info][gc,phases      ] GC(90) Phase 4: Compact heap 0.337ms
[28.829s][info][gc,phases,start] GC(90) Phase 5: Reset Metadata
[28.830s][info][gc,phases      ] GC(90) Phase 5: Reset Metadata 0.808ms
[28.833s][info][gc,heap        ] GC(90) Eden regions: 2->0(48)
[28.833s][info][gc,heap        ] GC(90) Survivor regions: 0->0(6)
[28.833s][info][gc,heap        ] GC(90) Old regions: 8->9
[28.833s][info][gc,heap        ] GC(90) Humongous regions: 100->100
[28.833s][info][gc,metaspace   ] GC(90) Metaspace: 17540K(17984K)->17540K(17984K) NonClass: 15567K(15808K)->15567K(15808K) Class: 1973K(2176K)->1973K(2176K)
[28.833s][info][gc             ] GC(90) Pause Full (System.gc()) 209M->206M(364M) 13.889ms
[28.833s][info][gc,cpu         ] GC(90) User=0.00s Sys=0.02s Real=0.01s
[28.833s][info][gc,start       ] GC(91) Pause Young (Concurrent Start) (G1 Humongous Allocation)
[28.833s][info][gc,task        ] GC(91) Using 8 workers of 8 for evacuation
[28.834s][info][gc,phases      ] GC(91)   Pre Evacuate Collection Set: 0.1ms
[28.834s][info][gc,phases      ] GC(91)   Merge Heap Roots: 0.0ms
[28.834s][info][gc,phases      ] GC(91)   Evacuate Collection Set: 0.5ms
[28.834s][info][gc,phases      ] GC(91)   Post Evacuate Collection Set: 0.2ms
[28.834s][info][gc,phases      ] GC(91)   Other: 0.1ms
[28.834s][info][gc,heap        ] GC(91) Eden regions: 0->0(48)
[28.834s][info][gc,heap        ] GC(91) Survivor regions: 0->0(6)
[28.834s][info][gc,heap        ] GC(91) Old regions: 9->9
[28.834s][info][gc,heap        ] GC(91) Humongous regions: 100->100
[28.834s][info][gc,metaspace   ] GC(91) Metaspace: 17540K(17984K)->17540K(17984K) NonClass: 15567K(15808K)->15567K(15808K) Class: 1973K(2176K)->1973K(2176K)
[28.834s][info][gc             ] GC(91) Pause Young (Concurrent Start) (G1 Humongous Allocation) 206M->206M(364M) 1.308ms
[28.834s][info][gc             ] GC(92) Concurrent Mark Cycle
[28.834s][info][gc,cpu         ] GC(91) User=0.00s Sys=0.00s Real=0.00s
[28.834s][info][gc,marking     ] GC(92) Concurrent Scan Root Regions
[28.834s][info][gc,marking     ] GC(92) Concurrent Scan Root Regions 0.070ms
[28.834s][info][gc,marking     ] GC(92) Concurrent Mark
[28.834s][info][gc,marking     ] GC(92) Concurrent Mark From Roots
[28.834s][info][gc,task        ] GC(92) Using 2 workers of 2 for marking
[28.846s][info][gc,marking     ] GC(92) Concurrent Mark From Roots 11.510ms
[28.846s][info][gc,marking     ] GC(92) Concurrent Preclean
[28.846s][info][gc,marking     ] GC(92) Concurrent Preclean 0.272ms
[28.847s][info][gc,start       ] GC(92) Pause Remark
[28.849s][info][gc             ] GC(92) Pause Remark 310M->110M(364M) 2.051ms
[28.849s][info][gc,cpu         ] GC(92) User=0.00s Sys=0.00s Real=0.00s
[28.849s][info][gc,marking     ] GC(92) Concurrent Mark 14.508ms
[28.849s][info][gc,marking     ] GC(92) Concurrent Rebuild Remembered Sets and Scrub Regions
[28.854s][info][gc,marking     ] GC(92) Concurrent Rebuild Remembered Sets and Scrub Regions 4.831ms
[28.854s][info][gc,start       ] GC(92) Pause Cleanup
[28.854s][info][gc             ] GC(92) Pause Cleanup 158M->158M(364M) 0.241ms
[28.855s][info][gc,cpu         ] GC(92) User=0.00s Sys=0.00s Real=0.00s
[28.855s][info][gc,marking     ] GC(92) Concurrent Clear Claimed Marks
[28.855s][info][gc,marking     ] GC(92) Concurrent Clear Claimed Marks 0.060ms
[28.855s][info][gc,marking     ] GC(92) Concurrent Cleanup for Next Mark
[28.856s][info][gc,marking     ] GC(92) Concurrent Cleanup for Next Mark 0.913ms
[28.856s][info][gc             ] GC(92) Concurrent Mark Cycle 22.051ms
[29.862s][info][gc,start       ] GC(93) Pause Full (System.gc())
[29.862s][info][gc,task        ] GC(93) Using 8 workers of 8 for full compaction
[29.862s][info][gc,phases,start] GC(93) Phase 1: Mark live objects
[29.865s][info][gc,phases      ] GC(93) Phase 1: Mark live objects 3.378ms
[29.865s][info][gc,phases,start] GC(93) Phase 2: Prepare compaction
[29.866s][info][gc,phases      ] GC(93) Phase 2: Prepare compaction 0.365ms
[29.866s][info][gc,phases,start] GC(93) Phase 3: Adjust pointers
[29.868s][info][gc,phases      ] GC(93) Phase 3: Adjust pointers 1.858ms
[29.868s][info][gc,phases,start] GC(93) Phase 4: Compact heap
[29.868s][info][gc,phases      ] GC(93) Phase 4: Compact heap 0.318ms
[29.868s][info][gc,phases,start] GC(93) Phase 5: Reset Metadata
[29.869s][info][gc,phases      ] GC(93) Phase 5: Reset Metadata 0.575ms
[29.871s][info][gc,heap        ] GC(93) Eden regions: 1->0(48)
[29.871s][info][gc,heap        ] GC(93) Survivor regions: 0->0(6)
[29.871s][info][gc,heap        ] GC(93) Old regions: 9->9
[29.871s][info][gc,heap        ] GC(93) Humongous regions: 100->100
[29.871s][info][gc,metaspace   ] GC(93) Metaspace: 17542K(17984K)->17542K(17984K) NonClass: 15569K(15808K)->15569K(15808K) Class: 1973K(2176K)->1973K(2176K)
[29.871s][info][gc             ] GC(93) Pause Full (System.gc()) 208M->206M(364M) 9.513ms
[29.871s][info][gc,cpu         ] GC(93) User=0.00s Sys=0.00s Real=0.01s
[29.871s][info][gc,start       ] GC(94) Pause Young (Concurrent Start) (G1 Humongous Allocation)
[29.871s][info][gc,task        ] GC(94) Using 8 workers of 8 for evacuation
[29.872s][info][gc,phases      ] GC(94)   Pre Evacuate Collection Set: 0.1ms
[29.872s][info][gc,phases      ] GC(94)   Merge Heap Roots: 0.0ms
[29.872s][info][gc,phases      ] GC(94)   Evacuate Collection Set: 0.3ms
[29.872s][info][gc,phases      ] GC(94)   Post Evacuate Collection Set: 0.2ms
[29.872s][info][gc,phases      ] GC(94)   Other: 0.1ms
[29.872s][info][gc,heap        ] GC(94) Eden regions: 0->0(48)
[29.872s][info][gc,heap        ] GC(94) Survivor regions: 0->0(6)
[29.872s][info][gc,heap        ] GC(94) Old regions: 9->9
[29.872s][info][gc,heap        ] GC(94) Humongous regions: 100->100
[29.872s][info][gc,metaspace   ] GC(94) Metaspace: 17542K(17984K)->17542K(17984K) NonClass: 15569K(15808K)->15569K(15808K) Class: 1973K(2176K)->1973K(2176K)
[29.872s][info][gc             ] GC(94) Pause Young (Concurrent Start) (G1 Humongous Allocation) 206M->206M(364M) 1.055ms
[29.872s][info][gc,cpu         ] GC(94) User=0.00s Sys=0.00s Real=0.00s
[29.872s][info][gc             ] GC(95) Concurrent Mark Cycle
[29.872s][info][gc,marking     ] GC(95) Concurrent Scan Root Regions
[29.872s][info][gc,marking     ] GC(95) Concurrent Scan Root Regions 0.016ms
[29.872s][info][gc,marking     ] GC(95) Concurrent Mark
[29.872s][info][gc,marking     ] GC(95) Concurrent Mark From Roots
[29.872s][info][gc,task        ] GC(95) Using 2 workers of 2 for marking
[29.884s][info][gc,marking     ] GC(95) Concurrent Mark From Roots 11.211ms
[29.884s][info][gc,marking     ] GC(95) Concurrent Preclean
[29.884s][info][gc,marking     ] GC(95) Concurrent Preclean 0.244ms
[29.885s][info][gc,start       ] GC(95) Pause Remark
[29.886s][info][gc             ] GC(95) Pause Remark 342M->142M(364M) 1.522ms
[29.886s][info][gc,cpu         ] GC(95) User=0.00s Sys=0.00s Real=0.00s
[29.886s][info][gc,marking     ] GC(95) Concurrent Mark 13.911ms
[29.886s][info][gc,marking     ] GC(95) Concurrent Rebuild Remembered Sets and Scrub Regions
[29.890s][info][gc,marking     ] GC(95) Concurrent Rebuild Remembered Sets and Scrub Regions 3.455ms
[29.890s][info][gc,start       ] GC(95) Pause Cleanup
[29.890s][info][gc             ] GC(95) Pause Cleanup 184M->184M(364M) 0.182ms
[29.890s][info][gc,cpu         ] GC(95) User=0.00s Sys=0.00s Real=0.00s
[29.890s][info][gc,marking     ] GC(95) Concurrent Clear Claimed Marks
[29.890s][info][gc,marking     ] GC(95) Concurrent Clear Claimed Marks 0.065ms
[29.890s][info][gc,marking     ] GC(95) Concurrent Cleanup for Next Mark
[29.891s][info][gc,marking     ] GC(95) Concurrent Cleanup for Next Mark 0.958ms
[29.892s][info][gc             ] GC(95) Concurrent Mark Cycle 19.363ms
[30.893s][info][gc,start       ] GC(96) Pause Full (System.gc())
[30.893s][info][gc,task        ] GC(96) Using 8 workers of 8 for full compaction
[30.894s][info][gc,phases,start] GC(96) Phase 1: Mark live objects
[30.898s][info][gc,phases      ] GC(96) Phase 1: Mark live objects 4.457ms
[30.898s][info][gc,phases,start] GC(96) Phase 2: Prepare compaction
[30.899s][info][gc,phases      ] GC(96) Phase 2: Prepare compaction 0.444ms
[30.899s][info][gc,phases,start] GC(96) Phase 3: Adjust pointers
[30.901s][info][gc,phases      ] GC(96) Phase 3: Adjust pointers 2.379ms
[30.901s][info][gc,phases,start] GC(96) Phase 4: Compact heap
[30.902s][info][gc,phases      ] GC(96) Phase 4: Compact heap 0.422ms
[30.902s][info][gc,phases,start] GC(96) Phase 5: Reset Metadata
[30.902s][info][gc,phases      ] GC(96) Phase 5: Reset Metadata 0.576ms
[30.906s][info][gc,heap        ] GC(96) Eden regions: 1->0(48)
[30.906s][info][gc,heap        ] GC(96) Survivor regions: 0->0(6)
[30.906s][info][gc,heap        ] GC(96) Old regions: 9->9
[30.906s][info][gc,heap        ] GC(96) Humongous regions: 100->100
[30.906s][info][gc,metaspace   ] GC(96) Metaspace: 17550K(17984K)->17550K(17984K) NonClass: 15576K(15808K)->15576K(15808K) Class: 1973K(2176K)->1973K(2176K)
[30.906s][info][gc             ] GC(96) Pause Full (System.gc()) 208M->206M(364M) 12.806ms
[30.906s][info][gc,cpu         ] GC(96) User=0.02s Sys=0.00s Real=0.01s
[30.906s][info][gc,start       ] GC(97) Pause Young (Concurrent Start) (G1 Humongous Allocation)
[30.906s][info][gc,task        ] GC(97) Using 8 workers of 8 for evacuation
[30.907s][info][gc,phases      ] GC(97)   Pre Evacuate Collection Set: 0.2ms
[30.908s][info][gc,phases      ] GC(97)   Merge Heap Roots: 0.1ms
[30.908s][info][gc,phases      ] GC(97)   Evacuate Collection Set: 0.5ms
[30.908s][info][gc,phases      ] GC(97)   Post Evacuate Collection Set: 0.2ms
[30.908s][info][gc,phases      ] GC(97)   Other: 0.2ms
[30.908s][info][gc,heap        ] GC(97) Eden regions: 0->0(48)
[30.908s][info][gc,heap        ] GC(97) Survivor regions: 0->0(6)
[30.908s][info][gc,heap        ] GC(97) Old regions: 9->9
[30.908s][info][gc,heap        ] GC(97) Humongous regions: 100->100
[30.908s][info][gc,metaspace   ] GC(97) Metaspace: 17550K(17984K)->17550K(17984K) NonClass: 15576K(15808K)->15576K(15808K) Class: 1973K(2176K)->1973K(2176K)
[30.908s][info][gc             ] GC(97) Pause Young (Concurrent Start) (G1 Humongous Allocation) 206M->206M(364M) 1.478ms
[30.908s][info][gc,cpu         ] GC(97) User=0.00s Sys=0.00s Real=0.00s
[30.908s][info][gc             ] GC(98) Concurrent Mark Cycle
[30.908s][info][gc,marking     ] GC(98) Concurrent Scan Root Regions
[30.908s][info][gc,marking     ] GC(98) Concurrent Scan Root Regions 0.017ms
[30.908s][info][gc,marking     ] GC(98) Concurrent Mark
[30.908s][info][gc,marking     ] GC(98) Concurrent Mark From Roots
[30.908s][info][gc,task        ] GC(98) Using 2 workers of 2 for marking
[30.919s][info][gc,marking     ] GC(98) Concurrent Mark From Roots 10.828ms
[30.919s][info][gc,marking     ] GC(98) Concurrent Preclean
[30.919s][info][gc,marking     ] GC(98) Concurrent Preclean 0.285ms
[30.919s][info][gc,start       ] GC(98) Pause Remark
[30.920s][info][gc             ] GC(98) Pause Remark 322M->122M(364M) 0.982ms
[30.920s][info][gc,cpu         ] GC(98) User=0.00s Sys=0.00s Real=0.00s
[30.920s][info][gc,marking     ] GC(98) Concurrent Mark 12.561ms
[30.920s][info][gc,marking     ] GC(98) Concurrent Rebuild Remembered Sets and Scrub Regions
[30.925s][info][gc,marking     ] GC(98) Concurrent Rebuild Remembered Sets and Scrub Regions 4.208ms
[30.925s][info][gc,start       ] GC(98) Pause Cleanup
[30.925s][info][gc             ] GC(98) Pause Cleanup 158M->158M(364M) 0.250ms
[30.925s][info][gc,cpu         ] GC(98) User=0.00s Sys=0.00s Real=0.00s
[30.925s][info][gc,marking     ] GC(98) Concurrent Clear Claimed Marks
[30.926s][info][gc,marking     ] GC(98) Concurrent Clear Claimed Marks 0.169ms
[30.926s][info][gc,marking     ] GC(98) Concurrent Cleanup for Next Mark
[30.927s][info][gc,marking     ] GC(98) Concurrent Cleanup for Next Mark 1.253ms
[30.927s][info][gc             ] GC(98) Concurrent Mark Cycle 19.356ms
[31.932s][info][gc,start       ] GC(99) Pause Full (System.gc())
[31.932s][info][gc,task        ] GC(99) Using 8 workers of 8 for full compaction
[31.932s][info][gc,phases,start] GC(99) Phase 1: Mark live objects
[31.936s][info][gc,phases      ] GC(99) Phase 1: Mark live objects 3.572ms
[31.936s][info][gc,phases,start] GC(99) Phase 2: Prepare compaction
[31.936s][info][gc,phases      ] GC(99) Phase 2: Prepare compaction 0.378ms
[31.936s][info][gc,phases,start] GC(99) Phase 3: Adjust pointers
[31.938s][info][gc,phases      ] GC(99) Phase 3: Adjust pointers 2.051ms
[31.939s][info][gc,phases,start] GC(99) Phase 4: Compact heap
[31.939s][info][gc,phases      ] GC(99) Phase 4: Compact heap 0.288ms
[31.939s][info][gc,phases,start] GC(99) Phase 5: Reset Metadata
[31.939s][info][gc,phases      ] GC(99) Phase 5: Reset Metadata 0.519ms
[31.941s][info][gc,heap        ] GC(99) Eden regions: 1->0(48)
[31.942s][info][gc,heap        ] GC(99) Survivor regions: 0->0(6)
[31.942s][info][gc,heap        ] GC(99) Old regions: 9->9
[31.942s][info][gc,heap        ] GC(99) Humongous regions: 100->100
[31.942s][info][gc,metaspace   ] GC(99) Metaspace: 17553K(17984K)->17553K(17984K) NonClass: 15579K(15808K)->15579K(15808K) Class: 1973K(2176K)->1973K(2176K)
[31.942s][info][gc             ] GC(99) Pause Full (System.gc()) 208M->206M(364M) 9.705ms
[31.942s][info][gc,cpu         ] GC(99) User=0.03s Sys=0.08s Real=0.01s
[31.942s][info][gc,start       ] GC(100) Pause Young (Concurrent Start) (G1 Humongous Allocation)
[31.942s][info][gc,task        ] GC(100) Using 8 workers of 8 for evacuation
[31.942s][info][gc,phases      ] GC(100)   Pre Evacuate Collection Set: 0.1ms
[31.943s][info][gc,phases      ] GC(100)   Merge Heap Roots: 0.0ms
[31.943s][info][gc,phases      ] GC(100)   Evacuate Collection Set: 0.3ms
[31.943s][info][gc,phases      ] GC(100)   Post Evacuate Collection Set: 0.2ms
[31.943s][info][gc,phases      ] GC(100)   Other: 0.1ms
[31.943s][info][gc,heap        ] GC(100) Eden regions: 0->0(48)
[31.943s][info][gc,heap        ] GC(100) Survivor regions: 0->0(6)
[31.943s][info][gc,heap        ] GC(100) Old regions: 9->9
[31.943s][info][gc,heap        ] GC(100) Humongous regions: 100->100
[31.943s][info][gc,metaspace   ] GC(100) Metaspace: 17553K(17984K)->17553K(17984K) NonClass: 15579K(15808K)->15579K(15808K) Class: 1973K(2176K)->1973K(2176K)
[31.943s][info][gc             ] GC(100) Pause Young (Concurrent Start) (G1 Humongous Allocation) 206M->206M(364M) 0.939ms
[31.943s][info][gc,cpu         ] GC(100) User=0.00s Sys=0.00s Real=0.00s
[31.943s][info][gc             ] GC(101) Concurrent Mark Cycle
[31.943s][info][gc,marking     ] GC(101) Concurrent Scan Root Regions
[31.943s][info][gc,marking     ] GC(101) Concurrent Scan Root Regions 0.017ms
[31.943s][info][gc,marking     ] GC(101) Concurrent Mark
[31.943s][info][gc,marking     ] GC(101) Concurrent Mark From Roots
[31.943s][info][gc,task        ] GC(101) Using 2 workers of 2 for marking
[31.952s][info][gc,marking     ] GC(101) Concurrent Mark From Roots 9.048ms
[31.952s][info][gc,marking     ] GC(101) Concurrent Preclean
[31.952s][info][gc,marking     ] GC(101) Concurrent Preclean 0.204ms
[31.952s][info][gc,start       ] GC(101) Pause Remark
[31.953s][info][gc             ] GC(101) Pause Remark 322M->122M(364M) 1.017ms
[31.953s][info][gc,cpu         ] GC(101) User=0.00s Sys=0.00s Real=0.00s
[31.954s][info][gc,marking     ] GC(101) Concurrent Mark 10.646ms
[31.954s][info][gc,marking     ] GC(101) Concurrent Rebuild Remembered Sets and Scrub Regions
[31.957s][info][gc,marking     ] GC(101) Concurrent Rebuild Remembered Sets and Scrub Regions 3.120ms
[31.957s][info][gc,start       ] GC(101) Pause Cleanup
[31.957s][info][gc             ] GC(101) Pause Cleanup 164M->164M(364M) 0.142ms
[31.957s][info][gc,cpu         ] GC(101) User=0.00s Sys=0.00s Real=0.00s
[31.957s][info][gc,marking     ] GC(101) Concurrent Clear Claimed Marks
[31.957s][info][gc,marking     ] GC(101) Concurrent Clear Claimed Marks 0.055ms
[31.957s][info][gc,marking     ] GC(101) Concurrent Cleanup for Next Mark
[31.958s][info][gc,marking     ] GC(101) Concurrent Cleanup for Next Mark 0.949ms
[31.958s][info][gc             ] GC(101) Concurrent Mark Cycle 15.661ms
[32.962s][info][gc,start       ] GC(102) Pause Full (System.gc())
[32.962s][info][gc,task        ] GC(102) Using 8 workers of 8 for full compaction
[32.962s][info][gc,phases,start] GC(102) Phase 1: Mark live objects
[32.966s][info][gc,phases      ] GC(102) Phase 1: Mark live objects 3.646ms
[32.966s][info][gc,phases,start] GC(102) Phase 2: Prepare compaction
[32.966s][info][gc,phases      ] GC(102) Phase 2: Prepare compaction 0.429ms
[32.966s][info][gc,phases,start] GC(102) Phase 3: Adjust pointers
[32.968s][info][gc,phases      ] GC(102) Phase 3: Adjust pointers 1.938ms
[32.968s][info][gc,phases,start] GC(102) Phase 4: Compact heap
[32.969s][info][gc,phases      ] GC(102) Phase 4: Compact heap 0.314ms
[32.969s][info][gc,phases,start] GC(102) Phase 5: Reset Metadata
[32.969s][info][gc,phases      ] GC(102) Phase 5: Reset Metadata 0.594ms
[32.972s][info][gc,heap        ] GC(102) Eden regions: 1->0(48)
[32.972s][info][gc,heap        ] GC(102) Survivor regions: 0->0(6)
[32.972s][info][gc,heap        ] GC(102) Old regions: 9->9
[32.972s][info][gc,heap        ] GC(102) Humongous regions: 100->100
[32.972s][info][gc,metaspace   ] GC(102) Metaspace: 17556K(17984K)->17556K(17984K) NonClass: 15582K(15808K)->15582K(15808K) Class: 1973K(2176K)->1973K(2176K)
[32.972s][info][gc             ] GC(102) Pause Full (System.gc()) 208M->206M(364M) 9.763ms
[32.972s][info][gc,cpu         ] GC(102) User=0.05s Sys=0.06s Real=0.01s
[32.972s][info][gc,start       ] GC(103) Pause Young (Concurrent Start) (G1 Humongous Allocation)
[32.972s][info][gc,task        ] GC(103) Using 8 workers of 8 for evacuation
[32.973s][info][gc,phases      ] GC(103)   Pre Evacuate Collection Set: 0.1ms
[32.973s][info][gc,phases      ] GC(103)   Merge Heap Roots: 0.0ms
[32.973s][info][gc,phases      ] GC(103)   Evacuate Collection Set: 0.3ms
[32.973s][info][gc,phases      ] GC(103)   Post Evacuate Collection Set: 0.2ms
[32.973s][info][gc,phases      ] GC(103)   Other: 0.1ms
[32.973s][info][gc,heap        ] GC(103) Eden regions: 0->0(48)
[32.973s][info][gc,heap        ] GC(103) Survivor regions: 0->0(6)
[32.973s][info][gc,heap        ] GC(103) Old regions: 9->9
[32.973s][info][gc,heap        ] GC(103) Humongous regions: 100->100
[32.973s][info][gc,metaspace   ] GC(103) Metaspace: 17556K(17984K)->17556K(17984K) NonClass: 15582K(15808K)->15582K(15808K) Class: 1973K(2176K)->1973K(2176K)
[32.973s][info][gc             ] GC(103) Pause Young (Concurrent Start) (G1 Humongous Allocation) 206M->206M(364M) 1.041ms
[32.973s][info][gc,cpu         ] GC(103) User=0.00s Sys=0.00s Real=0.00s
[32.973s][info][gc             ] GC(104) Concurrent Mark Cycle
[32.973s][info][gc,marking     ] GC(104) Concurrent Scan Root Regions
[32.973s][info][gc,marking     ] GC(104) Concurrent Scan Root Regions 0.024ms
[32.973s][info][gc,marking     ] GC(104) Concurrent Mark
[32.973s][info][gc,marking     ] GC(104) Concurrent Mark From Roots
[32.973s][info][gc,task        ] GC(104) Using 2 workers of 2 for marking
[32.984s][info][gc,marking     ] GC(104) Concurrent Mark From Roots 10.583ms
[32.984s][info][gc,marking     ] GC(104) Concurrent Preclean
[32.984s][info][gc,marking     ] GC(104) Concurrent Preclean 0.225ms
[32.984s][info][gc,start       ] GC(104) Pause Remark
[32.986s][info][gc             ] GC(104) Pause Remark 338M->138M(364M) 1.271ms
[32.986s][info][gc,cpu         ] GC(104) User=0.00s Sys=0.00s Real=0.00s
[32.986s][info][gc,marking     ] GC(104) Concurrent Mark 12.642ms
[32.986s][info][gc,marking     ] GC(104) Concurrent Rebuild Remembered Sets and Scrub Regions
[32.989s][info][gc,marking     ] GC(104) Concurrent Rebuild Remembered Sets and Scrub Regions 3.592ms
[32.989s][info][gc,start       ] GC(104) Pause Cleanup
[32.990s][info][gc             ] GC(104) Pause Cleanup 182M->182M(364M) 0.126ms
[32.990s][info][gc,cpu         ] GC(104) User=0.00s Sys=0.00s Real=0.00s
[32.990s][info][gc,marking     ] GC(104) Concurrent Clear Claimed Marks
[32.990s][info][gc,marking     ] GC(104) Concurrent Clear Claimed Marks 0.060ms
[32.990s][info][gc,marking     ] GC(104) Concurrent Cleanup for Next Mark
[32.991s][info][gc,marking     ] GC(104) Concurrent Cleanup for Next Mark 0.758ms
[32.991s][info][gc             ] GC(104) Concurrent Mark Cycle 17.759ms
[33.993s][info][gc,start       ] GC(105) Pause Full (System.gc())
[33.993s][info][gc,task        ] GC(105) Using 8 workers of 8 for full compaction
[33.993s][info][gc,phases,start] GC(105) Phase 1: Mark live objects
[33.996s][info][gc,phases      ] GC(105) Phase 1: Mark live objects 3.186ms
[33.996s][info][gc,phases,start] GC(105) Phase 2: Prepare compaction
[33.997s][info][gc,phases      ] GC(105) Phase 2: Prepare compaction 0.333ms
[33.997s][info][gc,phases,start] GC(105) Phase 3: Adjust pointers
[33.998s][info][gc,phases      ] GC(105) Phase 3: Adjust pointers 1.546ms
[33.998s][info][gc,phases,start] GC(105) Phase 4: Compact heap
[33.999s][info][gc,phases      ] GC(105) Phase 4: Compact heap 0.308ms
[33.999s][info][gc,phases,start] GC(105) Phase 5: Reset Metadata
[33.999s][info][gc,phases      ] GC(105) Phase 5: Reset Metadata 0.559ms
[34.002s][info][gc,heap        ] GC(105) Eden regions: 1->0(48)
[34.002s][info][gc,heap        ] GC(105) Survivor regions: 0->0(6)
[34.002s][info][gc,heap        ] GC(105) Old regions: 9->9
[34.002s][info][gc,heap        ] GC(105) Humongous regions: 100->100
[34.002s][info][gc,metaspace   ] GC(105) Metaspace: 17561K(17984K)->17561K(17984K) NonClass: 15588K(15808K)->15588K(15808K) Class: 1973K(2176K)->1973K(2176K)
[34.002s][info][gc             ] GC(105) Pause Full (System.gc()) 208M->206M(364M) 9.335ms
[34.002s][info][gc,cpu         ] GC(105) User=0.12s Sys=0.00s Real=0.01s
[34.002s][info][gc,start       ] GC(106) Pause Young (Concurrent Start) (G1 Humongous Allocation)
[34.002s][info][gc,task        ] GC(106) Using 8 workers of 8 for evacuation
[34.003s][info][gc,phases      ] GC(106)   Pre Evacuate Collection Set: 0.1ms
[34.003s][info][gc,phases      ] GC(106)   Merge Heap Roots: 0.0ms
[34.003s][info][gc,phases      ] GC(106)   Evacuate Collection Set: 0.3ms
[34.003s][info][gc,phases      ] GC(106)   Post Evacuate Collection Set: 0.1ms
[34.003s][info][gc,phases      ] GC(106)   Other: 0.1ms
[34.003s][info][gc,heap        ] GC(106) Eden regions: 0->0(48)
[34.003s][info][gc,heap        ] GC(106) Survivor regions: 0->0(6)
[34.003s][info][gc,heap        ] GC(106) Old regions: 9->9
[34.003s][info][gc,heap        ] GC(106) Humongous regions: 100->100
[34.003s][info][gc,metaspace   ] GC(106) Metaspace: 17561K(17984K)->17561K(17984K) NonClass: 15588K(15808K)->15588K(15808K) Class: 1973K(2176K)->1973K(2176K)
[34.003s][info][gc             ] GC(106) Pause Young (Concurrent Start) (G1 Humongous Allocation) 206M->206M(364M) 0.971ms
[34.003s][info][gc,cpu         ] GC(106) User=0.00s Sys=0.00s Real=0.00s
[34.003s][info][gc             ] GC(107) Concurrent Mark Cycle
[34.003s][info][gc,marking     ] GC(107) Concurrent Scan Root Regions
[34.003s][info][gc,marking     ] GC(107) Concurrent Scan Root Regions 0.014ms
[34.003s][info][gc,marking     ] GC(107) Concurrent Mark
[34.003s][info][gc,marking     ] GC(107) Concurrent Mark From Roots
[34.003s][info][gc,task        ] GC(107) Using 2 workers of 2 for marking
[34.013s][info][gc,marking     ] GC(107) Concurrent Mark From Roots 10.182ms
[34.014s][info][gc,marking     ] GC(107) Concurrent Preclean
[34.014s][info][gc,marking     ] GC(107) Concurrent Preclean 0.213ms
[34.014s][info][gc,start       ] GC(107) Pause Remark
[34.015s][info][gc             ] GC(107) Pause Remark 334M->134M(364M) 1.021ms
[34.015s][info][gc,cpu         ] GC(107) User=0.00s Sys=0.00s Real=0.00s
[34.015s][info][gc,marking     ] GC(107) Concurrent Mark 11.823ms
[34.015s][info][gc,marking     ] GC(107) Concurrent Rebuild Remembered Sets and Scrub Regions
[34.018s][info][gc,marking     ] GC(107) Concurrent Rebuild Remembered Sets and Scrub Regions 2.953ms
[34.018s][info][gc,start       ] GC(107) Pause Cleanup
[34.018s][info][gc             ] GC(107) Pause Cleanup 178M->178M(364M) 0.116ms
[34.018s][info][gc,cpu         ] GC(107) User=0.00s Sys=0.00s Real=0.00s
[34.018s][info][gc,marking     ] GC(107) Concurrent Clear Claimed Marks
[34.019s][info][gc,marking     ] GC(107) Concurrent Clear Claimed Marks 0.061ms
[34.019s][info][gc,marking     ] GC(107) Concurrent Cleanup for Next Mark
[34.020s][info][gc,marking     ] GC(107) Concurrent Cleanup for Next Mark 1.027ms
[34.020s][info][gc             ] GC(107) Concurrent Mark Cycle 16.596ms
[35.021s][info][gc,start       ] GC(108) Pause Full (System.gc())
[35.021s][info][gc,task        ] GC(108) Using 8 workers of 8 for full compaction
[35.022s][info][gc,phases,start] GC(108) Phase 1: Mark live objects
[35.027s][info][gc,phases      ] GC(108) Phase 1: Mark live objects 5.099ms
[35.027s][info][gc,phases,start] GC(108) Phase 2: Prepare compaction
[35.029s][info][gc,phases      ] GC(108) Phase 2: Prepare compaction 2.329ms
[35.029s][info][gc,phases,start] GC(108) Phase 3: Adjust pointers
[35.032s][info][gc,phases      ] GC(108) Phase 3: Adjust pointers 2.469ms
[35.032s][info][gc,phases,start] GC(108) Phase 4: Compact heap
[35.032s][info][gc,phases      ] GC(108) Phase 4: Compact heap 0.429ms
[35.032s][info][gc,phases,start] GC(108) Phase 5: Reset Metadata
[35.033s][info][gc,phases      ] GC(108) Phase 5: Reset Metadata 0.775ms
[35.036s][info][gc,heap        ] GC(108) Eden regions: 1->0(49)
[35.036s][info][gc,heap        ] GC(108) Survivor regions: 0->0(6)
[35.036s][info][gc,heap        ] GC(108) Old regions: 9->10
[35.036s][info][gc,heap        ] GC(108) Humongous regions: 100->100
[35.036s][info][gc,metaspace   ] GC(108) Metaspace: 17565K(17984K)->17565K(17984K) NonClass: 15592K(15808K)->15592K(15808K) Class: 1973K(2176K)->1973K(2176K)
[35.036s][info][gc             ] GC(108) Pause Full (System.gc()) 208M->206M(368M) 14.921ms
[35.036s][info][gc,cpu         ] GC(108) User=0.06s Sys=0.00s Real=0.01s
[35.037s][info][gc,start       ] GC(109) Pause Young (Concurrent Start) (G1 Humongous Allocation)
[35.037s][info][gc,task        ] GC(109) Using 8 workers of 8 for evacuation
[35.039s][info][gc,phases      ] GC(109)   Pre Evacuate Collection Set: 0.2ms
[35.039s][info][gc,phases      ] GC(109)   Merge Heap Roots: 0.2ms
[35.039s][info][gc,phases      ] GC(109)   Evacuate Collection Set: 1.3ms
[35.039s][info][gc,phases      ] GC(109)   Post Evacuate Collection Set: 0.3ms
[35.039s][info][gc,phases      ] GC(109)   Other: 0.1ms
[35.039s][info][gc,heap        ] GC(109) Eden regions: 0->0(49)
[35.039s][info][gc,heap        ] GC(109) Survivor regions: 0->0(7)
[35.039s][info][gc,heap        ] GC(109) Old regions: 10->10
[35.039s][info][gc,heap        ] GC(109) Humongous regions: 100->100
[35.039s][info][gc,metaspace   ] GC(109) Metaspace: 17565K(17984K)->17565K(17984K) NonClass: 15592K(15808K)->15592K(15808K) Class: 1973K(2176K)->1973K(2176K)
[35.039s][info][gc             ] GC(109) Pause Young (Concurrent Start) (G1 Humongous Allocation) 206M->206M(368M) 2.557ms
[35.039s][info][gc,cpu         ] GC(109) User=0.00s Sys=0.00s Real=0.00s
[35.039s][info][gc             ] GC(110) Concurrent Mark Cycle
[35.039s][info][gc,marking     ] GC(110) Concurrent Scan Root Regions
[35.039s][info][gc,marking     ] GC(110) Concurrent Scan Root Regions 0.026ms
[35.039s][info][gc,marking     ] GC(110) Concurrent Mark
[35.039s][info][gc,marking     ] GC(110) Concurrent Mark From Roots
[35.039s][info][gc,task        ] GC(110) Using 2 workers of 2 for marking
[35.057s][info][gc,marking     ] GC(110) Concurrent Mark From Roots 17.943ms
[35.057s][info][gc,marking     ] GC(110) Concurrent Preclean
[35.057s][info][gc,marking     ] GC(110) Concurrent Preclean 0.154ms
[35.058s][info][gc,start       ] GC(110) Pause Remark
[35.061s][info][gc             ] GC(110) Pause Remark 370M->170M(384M) 2.851ms
[35.061s][info][gc,cpu         ] GC(110) User=0.05s Sys=0.02s Real=0.00s
[35.062s][info][gc,marking     ] GC(110) Concurrent Mark 23.190ms
[35.063s][info][gc,marking     ] GC(110) Concurrent Rebuild Remembered Sets and Scrub Regions
[35.066s][info][gc,marking     ] GC(110) Concurrent Rebuild Remembered Sets and Scrub Regions 3.922ms
[35.067s][info][gc,start       ] GC(110) Pause Cleanup
[35.068s][info][gc             ] GC(110) Pause Cleanup 174M->174M(384M) 0.737ms
[35.068s][info][gc,cpu         ] GC(110) User=0.00s Sys=0.00s Real=0.00s
[35.068s][info][gc,marking     ] GC(110) Concurrent Clear Claimed Marks
[35.068s][info][gc,marking     ] GC(110) Concurrent Clear Claimed Marks 0.081ms
[35.068s][info][gc,marking     ] GC(110) Concurrent Cleanup for Next Mark
[35.069s][info][gc,marking     ] GC(110) Concurrent Cleanup for Next Mark 0.982ms
[35.070s][info][gc             ] GC(110) Concurrent Mark Cycle 30.338ms
[36.092s][info][gc,start       ] GC(111) Pause Full (System.gc())
[36.092s][info][gc,task        ] GC(111) Using 8 workers of 8 for full compaction
[36.092s][info][gc,phases,start] GC(111) Phase 1: Mark live objects
[36.096s][info][gc,phases      ] GC(111) Phase 1: Mark live objects 4.429ms
[36.096s][info][gc,phases,start] GC(111) Phase 2: Prepare compaction
[36.097s][info][gc,phases      ] GC(111) Phase 2: Prepare compaction 0.487ms
[36.097s][info][gc,phases,start] GC(111) Phase 3: Adjust pointers
[36.100s][info][gc,phases      ] GC(111) Phase 3: Adjust pointers 2.503ms
[36.100s][info][gc,phases,start] GC(111) Phase 4: Compact heap
[36.101s][info][gc,phases      ] GC(111) Phase 4: Compact heap 0.807ms
[36.101s][info][gc,phases,start] GC(111) Phase 5: Reset Metadata
[36.102s][info][gc,phases      ] GC(111) Phase 5: Reset Metadata 0.950ms
[36.104s][info][gc,heap        ] GC(111) Eden regions: 1->0(55)
[36.104s][info][gc,heap        ] GC(111) Survivor regions: 0->0(7)
[36.104s][info][gc,heap        ] GC(111) Old regions: 10->9
[36.104s][info][gc,heap        ] GC(111) Humongous regions: 100->100
[36.104s][info][gc,metaspace   ] GC(111) Metaspace: 17575K(18048K)->17575K(18048K) NonClass: 15601K(15872K)->15601K(15872K) Class: 1973K(2176K)->1973K(2176K)
[36.104s][info][gc             ] GC(111) Pause Full (System.gc()) 208M->206M(384M) 12.711ms
[36.104s][info][gc,cpu         ] GC(111) User=0.00s Sys=0.00s Real=0.01s
[36.104s][info][gc,start       ] GC(112) Pause Young (Concurrent Start) (G1 Humongous Allocation)
[36.105s][info][gc,task        ] GC(112) Using 8 workers of 8 for evacuation
[36.106s][info][gc,phases      ] GC(112)   Pre Evacuate Collection Set: 0.2ms
[36.106s][info][gc,phases      ] GC(112)   Merge Heap Roots: 0.1ms
[36.106s][info][gc,phases      ] GC(112)   Evacuate Collection Set: 0.7ms
[36.106s][info][gc,phases      ] GC(112)   Post Evacuate Collection Set: 0.2ms
[36.106s][info][gc,phases      ] GC(112)   Other: 0.2ms
[36.106s][info][gc,heap        ] GC(112) Eden regions: 0->0(55)
[36.106s][info][gc,heap        ] GC(112) Survivor regions: 0->0(7)
[36.106s][info][gc,heap        ] GC(112) Old regions: 9->9
[36.106s][info][gc,heap        ] GC(112) Humongous regions: 100->100
[36.106s][info][gc,metaspace   ] GC(112) Metaspace: 17575K(18048K)->17575K(18048K) NonClass: 15601K(15872K)->15601K(15872K) Class: 1973K(2176K)->1973K(2176K)
[36.106s][info][gc             ] GC(112) Pause Young (Concurrent Start) (G1 Humongous Allocation) 206M->206M(384M) 1.682ms
[36.106s][info][gc,cpu         ] GC(112) User=0.03s Sys=0.00s Real=0.00s
[36.106s][info][gc             ] GC(113) Concurrent Mark Cycle
[36.106s][info][gc,marking     ] GC(113) Concurrent Scan Root Regions
[36.106s][info][gc,marking     ] GC(113) Concurrent Scan Root Regions 0.017ms
[36.106s][info][gc,marking     ] GC(113) Concurrent Mark
[36.106s][info][gc,marking     ] GC(113) Concurrent Mark From Roots
[36.106s][info][gc,task        ] GC(113) Using 2 workers of 2 for marking
[36.120s][info][gc,marking     ] GC(113) Concurrent Mark From Roots 13.885ms
[36.120s][info][gc,marking     ] GC(113) Concurrent Preclean
[36.121s][info][gc,marking     ] GC(113) Concurrent Preclean 0.192ms
[36.121s][info][gc,start       ] GC(113) Pause Remark
[36.122s][info][gc             ] GC(113) Pause Remark 308M->108M(384M) 1.517ms
[36.122s][info][gc,cpu         ] GC(113) User=0.09s Sys=0.00s Real=0.00s
[36.122s][info][gc,marking     ] GC(113) Concurrent Mark 16.076ms
[36.122s][info][gc,marking     ] GC(113) Concurrent Rebuild Remembered Sets and Scrub Regions
[36.127s][info][gc,marking     ] GC(113) Concurrent Rebuild Remembered Sets and Scrub Regions 4.210ms
[36.127s][info][gc,start       ] GC(113) Pause Cleanup
[36.127s][info][gc             ] GC(113) Pause Cleanup 144M->144M(384M) 0.210ms
[36.127s][info][gc,cpu         ] GC(113) User=0.00s Sys=0.00s Real=0.00s
[36.127s][info][gc,marking     ] GC(113) Concurrent Clear Claimed Marks
[36.127s][info][gc,marking     ] GC(113) Concurrent Clear Claimed Marks 0.063ms
[36.127s][info][gc,marking     ] GC(113) Concurrent Cleanup for Next Mark
[36.128s][info][gc,marking     ] GC(113) Concurrent Cleanup for Next Mark 0.944ms
[36.128s][info][gc             ] GC(113) Concurrent Mark Cycle 22.148ms
[37.133s][info][gc,start       ] GC(114) Pause Full (System.gc())
[37.134s][info][gc,task        ] GC(114) Using 8 workers of 8 for full compaction
[37.134s][info][gc,phases,start] GC(114) Phase 1: Mark live objects
[37.138s][info][gc,phases      ] GC(114) Phase 1: Mark live objects 4.219ms
[37.138s][info][gc,phases,start] GC(114) Phase 2: Prepare compaction
[37.139s][info][gc,phases      ] GC(114) Phase 2: Prepare compaction 0.668ms
[37.139s][info][gc,phases,start] GC(114) Phase 3: Adjust pointers
[37.141s][info][gc,phases      ] GC(114) Phase 3: Adjust pointers 2.378ms
[37.141s][info][gc,phases,start] GC(114) Phase 4: Compact heap
[37.142s][info][gc,phases      ] GC(114) Phase 4: Compact heap 0.391ms
[37.142s][info][gc,phases,start] GC(114) Phase 5: Reset Metadata
[37.143s][info][gc,phases      ] GC(114) Phase 5: Reset Metadata 0.728ms
[37.145s][info][gc,heap        ] GC(114) Eden regions: 2->0(55)
[37.145s][info][gc,heap        ] GC(114) Survivor regions: 0->0(7)
[37.145s][info][gc,heap        ] GC(114) Old regions: 9->9
[37.145s][info][gc,heap        ] GC(114) Humongous regions: 100->100
[37.145s][info][gc,metaspace   ] GC(114) Metaspace: 17578K(18048K)->17578K(18048K) NonClass: 15604K(15872K)->15604K(15872K) Class: 1973K(2176K)->1973K(2176K)
[37.145s][info][gc             ] GC(114) Pause Full (System.gc()) 209M->206M(384M) 11.520ms
[37.145s][info][gc,cpu         ] GC(114) User=0.02s Sys=0.00s Real=0.01s
[37.145s][info][gc,start       ] GC(115) Pause Young (Concurrent Start) (G1 Humongous Allocation)
[37.145s][info][gc,task        ] GC(115) Using 8 workers of 8 for evacuation
[37.146s][info][gc,phases      ] GC(115)   Pre Evacuate Collection Set: 0.2ms
[37.146s][info][gc,phases      ] GC(115)   Merge Heap Roots: 0.0ms
[37.146s][info][gc,phases      ] GC(115)   Evacuate Collection Set: 0.4ms
[37.146s][info][gc,phases      ] GC(115)   Post Evacuate Collection Set: 0.2ms
[37.146s][info][gc,phases      ] GC(115)   Other: 0.1ms
[37.146s][info][gc,heap        ] GC(115) Eden regions: 0->0(55)
[37.146s][info][gc,heap        ] GC(115) Survivor regions: 0->0(7)
[37.146s][info][gc,heap        ] GC(115) Old regions: 9->9
[37.146s][info][gc,heap        ] GC(115) Humongous regions: 100->100
[37.146s][info][gc,metaspace   ] GC(115) Metaspace: 17578K(18048K)->17578K(18048K) NonClass: 15604K(15872K)->15604K(15872K) Class: 1973K(2176K)->1973K(2176K)
[37.146s][info][gc             ] GC(115) Pause Young (Concurrent Start) (G1 Humongous Allocation) 206M->206M(384M) 1.242ms
[37.146s][info][gc,cpu         ] GC(115) User=0.00s Sys=0.00s Real=0.00s
[37.146s][info][gc             ] GC(116) Concurrent Mark Cycle
[37.146s][info][gc,marking     ] GC(116) Concurrent Scan Root Regions
[37.146s][info][gc,marking     ] GC(116) Concurrent Scan Root Regions 0.031ms
[37.146s][info][gc,marking     ] GC(116) Concurrent Mark
[37.147s][info][gc,marking     ] GC(116) Concurrent Mark From Roots
[37.147s][info][gc,task        ] GC(116) Using 2 workers of 2 for marking
[37.158s][info][gc,marking     ] GC(116) Concurrent Mark From Roots 11.472ms
[37.158s][info][gc,marking     ] GC(116) Concurrent Preclean
[37.158s][info][gc,marking     ] GC(116) Concurrent Preclean 0.169ms
[37.158s][info][gc,start       ] GC(116) Pause Remark
[37.159s][info][gc             ] GC(116) Pause Remark 334M->134M(384M) 1.011ms
[37.159s][info][gc,cpu         ] GC(116) User=0.00s Sys=0.00s Real=0.00s
[37.160s][info][gc,marking     ] GC(116) Concurrent Mark 13.038ms
[37.160s][info][gc,marking     ] GC(116) Concurrent Rebuild Remembered Sets and Scrub Regions
[37.165s][info][gc,marking     ] GC(116) Concurrent Rebuild Remembered Sets and Scrub Regions 5.285ms
[37.165s][info][gc,start       ] GC(116) Pause Cleanup
[37.166s][info][gc             ] GC(116) Pause Cleanup 192M->192M(384M) 0.261ms
[37.166s][info][gc,cpu         ] GC(116) User=0.00s Sys=0.00s Real=0.00s
[37.166s][info][gc,marking     ] GC(116) Concurrent Clear Claimed Marks
[37.166s][info][gc,marking     ] GC(116) Concurrent Clear Claimed Marks 0.085ms
[37.166s][info][gc,marking     ] GC(116) Concurrent Cleanup for Next Mark
[37.167s][info][gc,marking     ] GC(116) Concurrent Cleanup for Next Mark 0.918ms
[37.167s][info][gc             ] GC(116) Concurrent Mark Cycle 20.639ms
[38.170s][info][gc,start       ] GC(117) Pause Full (System.gc())
[38.170s][info][gc,task        ] GC(117) Using 8 workers of 8 for full compaction
[38.170s][info][gc,phases,start] GC(117) Phase 1: Mark live objects
[38.174s][info][gc,phases      ] GC(117) Phase 1: Mark live objects 3.744ms
[38.174s][info][gc,phases,start] GC(117) Phase 2: Prepare compaction
[38.175s][info][gc,phases      ] GC(117) Phase 2: Prepare compaction 0.443ms
[38.175s][info][gc,phases,start] GC(117) Phase 3: Adjust pointers
[38.177s][info][gc,phases      ] GC(117) Phase 3: Adjust pointers 2.024ms
[38.177s][info][gc,phases,start] GC(117) Phase 4: Compact heap
[38.177s][info][gc,phases      ] GC(117) Phase 4: Compact heap 0.392ms
[38.177s][info][gc,phases,start] GC(117) Phase 5: Reset Metadata
[38.178s][info][gc,phases      ] GC(117) Phase 5: Reset Metadata 0.528ms
[38.180s][info][gc,heap        ] GC(117) Eden regions: 2->0(55)
[38.180s][info][gc,heap        ] GC(117) Survivor regions: 0->0(7)
[38.180s][info][gc,heap        ] GC(117) Old regions: 9->9
[38.180s][info][gc,heap        ] GC(117) Humongous regions: 100->100
[38.180s][info][gc,metaspace   ] GC(117) Metaspace: 17596K(18048K)->17596K(18048K) NonClass: 15622K(15872K)->15622K(15872K) Class: 1974K(2176K)->1974K(2176K)
[38.180s][info][gc             ] GC(117) Pause Full (System.gc()) 210M->206M(384M) 9.954ms
[38.180s][info][gc,cpu         ] GC(117) User=0.00s Sys=0.00s Real=0.01s
[38.180s][info][gc,start       ] GC(118) Pause Young (Concurrent Start) (G1 Humongous Allocation)
[38.180s][info][gc,task        ] GC(118) Using 8 workers of 8 for evacuation
[38.181s][info][gc,phases      ] GC(118)   Pre Evacuate Collection Set: 0.1ms
[38.181s][info][gc,phases      ] GC(118)   Merge Heap Roots: 0.0ms
[38.181s][info][gc,phases      ] GC(118)   Evacuate Collection Set: 0.4ms
[38.181s][info][gc,phases      ] GC(118)   Post Evacuate Collection Set: 0.2ms
[38.181s][info][gc,phases      ] GC(118)   Other: 0.1ms
[38.181s][info][gc,heap        ] GC(118) Eden regions: 0->0(55)
[38.181s][info][gc,heap        ] GC(118) Survivor regions: 0->0(7)
[38.181s][info][gc,heap        ] GC(118) Old regions: 9->9
[38.181s][info][gc,heap        ] GC(118) Humongous regions: 100->100
[38.181s][info][gc,metaspace   ] GC(118) Metaspace: 17596K(18048K)->17596K(18048K) NonClass: 15622K(15872K)->15622K(15872K) Class: 1974K(2176K)->1974K(2176K)
[38.181s][info][gc             ] GC(118) Pause Young (Concurrent Start) (G1 Humongous Allocation) 206M->206M(384M) 1.172ms
[38.181s][info][gc,cpu         ] GC(118) User=0.00s Sys=0.00s Real=0.00s
[38.181s][info][gc             ] GC(119) Concurrent Mark Cycle
[38.181s][info][gc,marking     ] GC(119) Concurrent Scan Root Regions
[38.181s][info][gc,marking     ] GC(119) Concurrent Scan Root Regions 0.017ms
[38.181s][info][gc,marking     ] GC(119) Concurrent Mark
[38.181s][info][gc,marking     ] GC(119) Concurrent Mark From Roots
[38.182s][info][gc,task        ] GC(119) Using 2 workers of 2 for marking
[38.191s][info][gc,marking     ] GC(119) Concurrent Mark From Roots 9.041ms
[38.191s][info][gc,marking     ] GC(119) Concurrent Preclean
[38.191s][info][gc,marking     ] GC(119) Concurrent Preclean 0.164ms
[38.191s][info][gc,start       ] GC(119) Pause Remark
[38.192s][info][gc             ] GC(119) Pause Remark 332M->132M(384M) 1.197ms
[38.192s][info][gc,cpu         ] GC(119) User=0.00s Sys=0.00s Real=0.00s
[38.192s][info][gc,marking     ] GC(119) Concurrent Mark 10.855ms
[38.192s][info][gc,marking     ] GC(119) Concurrent Rebuild Remembered Sets and Scrub Regions
[38.196s][info][gc,marking     ] GC(119) Concurrent Rebuild Remembered Sets and Scrub Regions 3.427ms
[38.196s][info][gc,start       ] GC(119) Pause Cleanup
[38.196s][info][gc             ] GC(119) Pause Cleanup 184M->184M(384M) 0.203ms
[38.196s][info][gc,cpu         ] GC(119) User=0.00s Sys=0.00s Real=0.00s
[38.196s][info][gc,marking     ] GC(119) Concurrent Clear Claimed Marks
[38.197s][info][gc,marking     ] GC(119) Concurrent Clear Claimed Marks 0.092ms
[38.197s][info][gc,marking     ] GC(119) Concurrent Cleanup for Next Mark
[38.198s][info][gc,marking     ] GC(119) Concurrent Cleanup for Next Mark 1.302ms
[38.198s][info][gc             ] GC(119) Concurrent Mark Cycle 16.663ms
[39.200s][info][gc,start       ] GC(120) Pause Full (System.gc())
[39.200s][info][gc,task        ] GC(120) Using 8 workers of 8 for full compaction
[39.201s][info][gc,phases,start] GC(120) Phase 1: Mark live objects
[39.209s][info][gc,phases      ] GC(120) Phase 1: Mark live objects 8.633ms
[39.209s][info][gc,phases,start] GC(120) Phase 2: Prepare compaction
[39.210s][info][gc,phases      ] GC(120) Phase 2: Prepare compaction 0.477ms
[39.210s][info][gc,phases,start] GC(120) Phase 3: Adjust pointers
[39.213s][info][gc,phases      ] GC(120) Phase 3: Adjust pointers 2.933ms
[39.213s][info][gc,phases,start] GC(120) Phase 4: Compact heap
[39.213s][info][gc,phases      ] GC(120) Phase 4: Compact heap 0.433ms
[39.213s][info][gc,phases,start] GC(120) Phase 5: Reset Metadata
[39.214s][info][gc,phases      ] GC(120) Phase 5: Reset Metadata 0.753ms
[39.217s][info][gc,heap        ] GC(120) Eden regions: 2->0(55)
[39.217s][info][gc,heap        ] GC(120) Survivor regions: 0->0(7)
[39.217s][info][gc,heap        ] GC(120) Old regions: 9->9
[39.217s][info][gc,heap        ] GC(120) Humongous regions: 100->100
[39.217s][info][gc,metaspace   ] GC(120) Metaspace: 17604K(18048K)->17604K(18048K) NonClass: 15630K(15872K)->15630K(15872K) Class: 1974K(2176K)->1974K(2176K)
[39.217s][info][gc             ] GC(120) Pause Full (System.gc()) 210M->206M(384M) 17.145ms
[39.217s][info][gc,cpu         ] GC(120) User=0.00s Sys=0.02s Real=0.02s
[39.217s][info][gc,start       ] GC(121) Pause Young (Concurrent Start) (G1 Humongous Allocation)
[39.217s][info][gc,task        ] GC(121) Using 8 workers of 8 for evacuation
[39.219s][info][gc,phases      ] GC(121)   Pre Evacuate Collection Set: 0.2ms
[39.219s][info][gc,phases      ] GC(121)   Merge Heap Roots: 0.1ms
[39.219s][info][gc,phases      ] GC(121)   Evacuate Collection Set: 0.8ms
[39.219s][info][gc,phases      ] GC(121)   Post Evacuate Collection Set: 0.4ms
[39.219s][info][gc,phases      ] GC(121)   Other: 0.1ms
[39.219s][info][gc,heap        ] GC(121) Eden regions: 0->0(55)
[39.219s][info][gc,heap        ] GC(121) Survivor regions: 0->0(7)
[39.219s][info][gc,heap        ] GC(121) Old regions: 9->9
[39.219s][info][gc,heap        ] GC(121) Humongous regions: 100->100
[39.219s][info][gc,metaspace   ] GC(121) Metaspace: 17604K(18048K)->17604K(18048K) NonClass: 15630K(15872K)->15630K(15872K) Class: 1974K(2176K)->1974K(2176K)
[39.219s][info][gc             ] GC(121) Pause Young (Concurrent Start) (G1 Humongous Allocation) 206M->206M(384M) 1.915ms
[39.219s][info][gc             ] GC(122) Concurrent Mark Cycle
[39.219s][info][gc,cpu         ] GC(121) User=0.00s Sys=0.00s Real=0.00s
[39.219s][info][gc,marking     ] GC(122) Concurrent Scan Root Regions
[39.219s][info][gc,marking     ] GC(122) Concurrent Scan Root Regions 0.065ms
[39.219s][info][gc,marking     ] GC(122) Concurrent Mark
[39.219s][info][gc,marking     ] GC(122) Concurrent Mark From Roots
[39.219s][info][gc,task        ] GC(122) Using 2 workers of 2 for marking
[39.235s][info][gc,marking     ] GC(122) Concurrent Mark From Roots 16.123ms
[39.236s][info][gc,marking     ] GC(122) Concurrent Preclean
[39.236s][info][gc,marking     ] GC(122) Concurrent Preclean 0.139ms
[39.237s][info][gc,start       ] GC(122) Pause Remark
[39.239s][info][gc             ] GC(122) Pause Remark 280M->80M(308M) 2.107ms
[39.239s][info][gc,cpu         ] GC(122) User=0.00s Sys=0.00s Real=0.00s
[39.240s][info][gc,marking     ] GC(122) Concurrent Mark 20.248ms
[39.240s][info][gc,marking     ] GC(122) Concurrent Rebuild Remembered Sets and Scrub Regions
[39.243s][info][gc,marking     ] GC(122) Concurrent Rebuild Remembered Sets and Scrub Regions 3.887ms
[39.244s][info][gc,start       ] GC(122) Pause Cleanup
[39.244s][info][gc             ] GC(122) Pause Cleanup 118M->118M(308M) 0.207ms
[39.244s][info][gc,cpu         ] GC(122) User=0.00s Sys=0.00s Real=0.00s
[39.244s][info][gc,marking     ] GC(122) Concurrent Clear Claimed Marks
[39.244s][info][gc,marking     ] GC(122) Concurrent Clear Claimed Marks 0.084ms
[39.244s][info][gc,marking     ] GC(122) Concurrent Cleanup for Next Mark
[39.245s][info][gc,marking     ] GC(122) Concurrent Cleanup for Next Mark 0.741ms
[39.245s][info][gc             ] GC(122) Concurrent Mark Cycle 26.039ms
[40.256s][info][gc,start       ] GC(123) Pause Full (System.gc())
[40.256s][info][gc,task        ] GC(123) Using 7 workers of 8 for full compaction
[40.256s][info][gc,phases,start] GC(123) Phase 1: Mark live objects
[40.288s][info][gc,phases      ] GC(123) Phase 1: Mark live objects 31.740ms
[40.288s][info][gc,phases,start] GC(123) Phase 2: Prepare compaction
[40.289s][info][gc,phases      ] GC(123) Phase 2: Prepare compaction 0.767ms
[40.289s][info][gc,phases,start] GC(123) Phase 3: Adjust pointers
[40.291s][info][gc,phases      ] GC(123) Phase 3: Adjust pointers 2.194ms
[40.291s][info][gc,phases,start] GC(123) Phase 4: Compact heap
[40.292s][info][gc,phases      ] GC(123) Phase 4: Compact heap 0.398ms
[40.292s][info][gc,phases,start] GC(123) Phase 5: Reset Metadata
[40.293s][info][gc,phases      ] GC(123) Phase 5: Reset Metadata 0.800ms
[40.296s][info][gc,heap        ] GC(123) Eden regions: 2->0(48)
[40.296s][info][gc,heap        ] GC(123) Survivor regions: 0->0(7)
[40.296s][info][gc,heap        ] GC(123) Old regions: 9->9
[40.296s][info][gc,heap        ] GC(123) Humongous regions: 100->100
[40.296s][info][gc,metaspace   ] GC(123) Metaspace: 17612K(18048K)->17612K(18048K) NonClass: 15638K(15872K)->15638K(15872K) Class: 1974K(2176K)->1974K(2176K)
[40.296s][info][gc             ] GC(123) Pause Full (System.gc()) 210M->206M(364M) 40.290ms
[40.296s][info][gc,cpu         ] GC(123) User=0.05s Sys=0.05s Real=0.04s
[40.296s][info][gc,start       ] GC(124) Pause Young (Concurrent Start) (G1 Humongous Allocation)
[40.296s][info][gc,task        ] GC(124) Using 8 workers of 8 for evacuation
[40.302s][info][gc,phases      ] GC(124)   Pre Evacuate Collection Set: 0.1ms
[40.303s][info][gc,phases      ] GC(124)   Merge Heap Roots: 0.0ms
[40.303s][info][gc,phases      ] GC(124)   Evacuate Collection Set: 4.2ms
[40.303s][info][gc,phases      ] GC(124)   Post Evacuate Collection Set: 2.0ms
[40.303s][info][gc,phases      ] GC(124)   Other: 0.1ms
[40.303s][info][gc,heap        ] GC(124) Eden regions: 0->0(48)
[40.303s][info][gc,heap        ] GC(124) Survivor regions: 0->0(6)
[40.303s][info][gc,heap        ] GC(124) Old regions: 9->9
[40.303s][info][gc,heap        ] GC(124) Humongous regions: 100->100
[40.303s][info][gc,metaspace   ] GC(124) Metaspace: 17612K(18048K)->17612K(18048K) NonClass: 15638K(15872K)->15638K(15872K) Class: 1974K(2176K)->1974K(2176K)
[40.303s][info][gc             ] GC(124) Pause Young (Concurrent Start) (G1 Humongous Allocation) 206M->206M(364M) 6.794ms
[40.303s][info][gc,cpu         ] GC(124) User=0.00s Sys=0.00s Real=0.01s
[40.303s][info][gc             ] GC(125) Concurrent Mark Cycle
[40.303s][info][gc,marking     ] GC(125) Concurrent Scan Root Regions
[40.303s][info][gc,marking     ] GC(125) Concurrent Scan Root Regions 0.022ms
[40.303s][info][gc,marking     ] GC(125) Concurrent Mark
[40.303s][info][gc,marking     ] GC(125) Concurrent Mark From Roots
[40.303s][info][gc,task        ] GC(125) Using 2 workers of 2 for marking
[40.320s][info][gc,marking     ] GC(125) Concurrent Mark From Roots 16.816ms
[40.320s][info][gc,marking     ] GC(125) Concurrent Preclean
[40.320s][info][gc,marking     ] GC(125) Concurrent Preclean 0.282ms
[40.320s][info][gc,start       ] GC(125) Pause Remark
[40.322s][info][gc             ] GC(125) Pause Remark 328M->128M(364M) 1.965ms
[40.322s][info][gc,cpu         ] GC(125) User=0.00s Sys=0.00s Real=0.00s
[40.322s][info][gc,marking     ] GC(125) Concurrent Mark 19.612ms
[40.323s][info][gc,marking     ] GC(125) Concurrent Rebuild Remembered Sets and Scrub Regions
[40.327s][info][gc,marking     ] GC(125) Concurrent Rebuild Remembered Sets and Scrub Regions 4.252ms
[40.328s][info][gc,start       ] GC(125) Pause Cleanup
[40.328s][info][gc             ] GC(125) Pause Cleanup 154M->154M(364M) 0.216ms
[40.328s][info][gc,cpu         ] GC(125) User=0.00s Sys=0.00s Real=0.00s
[40.328s][info][gc,marking     ] GC(125) Concurrent Clear Claimed Marks
[40.328s][info][gc,marking     ] GC(125) Concurrent Clear Claimed Marks 0.121ms
[40.328s][info][gc,marking     ] GC(125) Concurrent Cleanup for Next Mark
[40.329s][info][gc,marking     ] GC(125) Concurrent Cleanup for Next Mark 1.007ms
[40.330s][info][gc             ] GC(125) Concurrent Mark Cycle 26.820ms
[41.337s][info][gc,start       ] GC(126) Pause Full (System.gc())
[41.337s][info][gc,task        ] GC(126) Using 8 workers of 8 for full compaction
[41.337s][info][gc,phases,start] GC(126) Phase 1: Mark live objects
[41.341s][info][gc,phases      ] GC(126) Phase 1: Mark live objects 3.403ms
[41.341s][info][gc,phases,start] GC(126) Phase 2: Prepare compaction
[41.341s][info][gc,phases      ] GC(126) Phase 2: Prepare compaction 0.389ms
[41.341s][info][gc,phases,start] GC(126) Phase 3: Adjust pointers
[41.343s][info][gc,phases      ] GC(126) Phase 3: Adjust pointers 1.901ms
[41.343s][info][gc,phases,start] GC(126) Phase 4: Compact heap
[41.343s][info][gc,phases      ] GC(126) Phase 4: Compact heap 0.289ms
[41.343s][info][gc,phases,start] GC(126) Phase 5: Reset Metadata
[41.344s][info][gc,phases      ] GC(126) Phase 5: Reset Metadata 0.660ms
[41.347s][info][gc,heap        ] GC(126) Eden regions: 2->0(49)
[41.347s][info][gc,heap        ] GC(126) Survivor regions: 0->0(6)
[41.347s][info][gc,heap        ] GC(126) Old regions: 9->10
[41.347s][info][gc,heap        ] GC(126) Humongous regions: 100->100
[41.347s][info][gc,metaspace   ] GC(126) Metaspace: 17621K(18048K)->17621K(18048K) NonClass: 15647K(15872K)->15647K(15872K) Class: 1974K(2176K)->1974K(2176K)
[41.347s][info][gc             ] GC(126) Pause Full (System.gc()) 209M->206M(368M) 9.838ms
[41.347s][info][gc,cpu         ] GC(126) User=0.00s Sys=0.02s Real=0.01s
[41.347s][info][gc,start       ] GC(127) Pause Young (Concurrent Start) (G1 Humongous Allocation)
[41.347s][info][gc,task        ] GC(127) Using 8 workers of 8 for evacuation
[41.348s][info][gc,phases      ] GC(127)   Pre Evacuate Collection Set: 0.1ms
[41.348s][info][gc,phases      ] GC(127)   Merge Heap Roots: 0.0ms
[41.348s][info][gc,phases      ] GC(127)   Evacuate Collection Set: 0.3ms
[41.348s][info][gc,phases      ] GC(127)   Post Evacuate Collection Set: 0.1ms
[41.348s][info][gc,phases      ] GC(127)   Other: 0.1ms
[41.348s][info][gc,heap        ] GC(127) Eden regions: 0->0(49)
[41.348s][info][gc,heap        ] GC(127) Survivor regions: 0->0(7)
[41.348s][info][gc,heap        ] GC(127) Old regions: 10->10
[41.348s][info][gc,heap        ] GC(127) Humongous regions: 100->100
[41.348s][info][gc,metaspace   ] GC(127) Metaspace: 17621K(18048K)->17621K(18048K) NonClass: 15647K(15872K)->15647K(15872K) Class: 1974K(2176K)->1974K(2176K)
[41.348s][info][gc             ] GC(127) Pause Young (Concurrent Start) (G1 Humongous Allocation) 206M->206M(368M) 0.923ms
[41.348s][info][gc,cpu         ] GC(127) User=0.00s Sys=0.00s Real=0.00s
[41.348s][info][gc             ] GC(128) Concurrent Mark Cycle
[41.348s][info][gc,marking     ] GC(128) Concurrent Scan Root Regions
[41.348s][info][gc,marking     ] GC(128) Concurrent Scan Root Regions 0.020ms
[41.348s][info][gc,marking     ] GC(128) Concurrent Mark
[41.348s][info][gc,marking     ] GC(128) Concurrent Mark From Roots
[41.348s][info][gc,task        ] GC(128) Using 2 workers of 2 for marking
[41.358s][info][gc,marking     ] GC(128) Concurrent Mark From Roots 10.226ms
[41.358s][info][gc,marking     ] GC(128) Concurrent Preclean
[41.358s][info][gc,marking     ] GC(128) Concurrent Preclean 0.157ms
[41.358s][info][gc,start       ] GC(128) Pause Remark
[41.360s][info][gc             ] GC(128) Pause Remark 330M->130M(368M) 1.235ms
[41.360s][info][gc,cpu         ] GC(128) User=0.00s Sys=0.00s Real=0.00s
[41.360s][info][gc,marking     ] GC(128) Concurrent Mark 11.947ms
[41.360s][info][gc,marking     ] GC(128) Concurrent Rebuild Remembered Sets and Scrub Regions
[41.364s][info][gc,marking     ] GC(128) Concurrent Rebuild Remembered Sets and Scrub Regions 3.790ms
[41.364s][info][gc,start       ] GC(128) Pause Cleanup
[41.364s][info][gc             ] GC(128) Pause Cleanup 176M->176M(368M) 0.166ms
[41.364s][info][gc,cpu         ] GC(128) User=0.00s Sys=0.00s Real=0.00s
[41.364s][info][gc,marking     ] GC(128) Concurrent Clear Claimed Marks
[41.364s][info][gc,marking     ] GC(128) Concurrent Clear Claimed Marks 0.079ms
[41.364s][info][gc,marking     ] GC(128) Concurrent Cleanup for Next Mark
[41.365s][info][gc,marking     ] GC(128) Concurrent Cleanup for Next Mark 0.947ms
[41.365s][info][gc             ] GC(128) Concurrent Mark Cycle 17.547ms
[42.367s][info][gc,start       ] GC(129) Pause Full (System.gc())
[42.367s][info][gc,task        ] GC(129) Using 8 workers of 8 for full compaction
[42.368s][info][gc,phases,start] GC(129) Phase 1: Mark live objects
[42.371s][info][gc,phases      ] GC(129) Phase 1: Mark live objects 3.281ms
[42.371s][info][gc,phases,start] GC(129) Phase 2: Prepare compaction
[42.372s][info][gc,phases      ] GC(129) Phase 2: Prepare compaction 0.586ms
[42.372s][info][gc,phases,start] GC(129) Phase 3: Adjust pointers
[42.374s][info][gc,phases      ] GC(129) Phase 3: Adjust pointers 2.216ms
[42.374s][info][gc,phases,start] GC(129) Phase 4: Compact heap
[42.374s][info][gc,phases      ] GC(129) Phase 4: Compact heap 0.291ms
[42.374s][info][gc,phases,start] GC(129) Phase 5: Reset Metadata
[42.375s][info][gc,phases      ] GC(129) Phase 5: Reset Metadata 0.565ms
[42.377s][info][gc,heap        ] GC(129) Eden regions: 1->0(50)
[42.377s][info][gc,heap        ] GC(129) Survivor regions: 0->0(7)
[42.377s][info][gc,heap        ] GC(129) Old regions: 10->9
[42.377s][info][gc,heap        ] GC(129) Humongous regions: 100->100
[42.377s][info][gc,metaspace   ] GC(129) Metaspace: 17629K(18048K)->17629K(18048K) NonClass: 15654K(15872K)->15654K(15872K) Class: 1974K(2176K)->1974K(2176K)
[42.377s][info][gc             ] GC(129) Pause Full (System.gc()) 208M->206M(368M) 9.736ms
[42.377s][info][gc,cpu         ] GC(129) User=0.03s Sys=0.02s Real=0.01s
[42.377s][info][gc,start       ] GC(130) Pause Young (Concurrent Start) (G1 Humongous Allocation)
[42.377s][info][gc,task        ] GC(130) Using 8 workers of 8 for evacuation
[42.378s][info][gc,phases      ] GC(130)   Pre Evacuate Collection Set: 0.2ms
[42.378s][info][gc,phases      ] GC(130)   Merge Heap Roots: 0.1ms
[42.378s][info][gc,phases      ] GC(130)   Evacuate Collection Set: 0.4ms
[42.378s][info][gc,phases      ] GC(130)   Post Evacuate Collection Set: 0.1ms
[42.378s][info][gc,phases      ] GC(130)   Other: 0.1ms
[42.378s][info][gc,heap        ] GC(130) Eden regions: 0->0(50)
[42.378s][info][gc,heap        ] GC(130) Survivor regions: 0->0(7)
[42.378s][info][gc,heap        ] GC(130) Old regions: 9->9
[42.378s][info][gc,heap        ] GC(130) Humongous regions: 100->100
[42.378s][info][gc,metaspace   ] GC(130) Metaspace: 17629K(18048K)->17629K(18048K) NonClass: 15654K(15872K)->15654K(15872K) Class: 1974K(2176K)->1974K(2176K)
[42.378s][info][gc             ] GC(130) Pause Young (Concurrent Start) (G1 Humongous Allocation) 206M->206M(368M) 1.224ms
[42.378s][info][gc,cpu         ] GC(130) User=0.00s Sys=0.00s Real=0.00s
[42.378s][info][gc             ] GC(131) Concurrent Mark Cycle
[42.378s][info][gc,marking     ] GC(131) Concurrent Scan Root Regions
[42.378s][info][gc,marking     ] GC(131) Concurrent Scan Root Regions 0.017ms
[42.378s][info][gc,marking     ] GC(131) Concurrent Mark
[42.378s][info][gc,marking     ] GC(131) Concurrent Mark From Roots
[42.379s][info][gc,task        ] GC(131) Using 2 workers of 2 for marking
[42.390s][info][gc,marking     ] GC(131) Concurrent Mark From Roots 11.157ms
[42.390s][info][gc,marking     ] GC(131) Concurrent Preclean
[42.390s][info][gc,marking     ] GC(131) Concurrent Preclean 0.182ms
[42.390s][info][gc,start       ] GC(131) Pause Remark
[42.391s][info][gc             ] GC(131) Pause Remark 330M->130M(368M) 1.141ms
[42.391s][info][gc,cpu         ] GC(131) User=0.00s Sys=0.00s Real=0.00s
[42.391s][info][gc,marking     ] GC(131) Concurrent Mark 12.973ms
[42.391s][info][gc,marking     ] GC(131) Concurrent Rebuild Remembered Sets and Scrub Regions
[42.396s][info][gc,marking     ] GC(131) Concurrent Rebuild Remembered Sets and Scrub Regions 4.194ms
[42.396s][info][gc,start       ] GC(131) Pause Cleanup
[42.396s][info][gc             ] GC(131) Pause Cleanup 188M->188M(368M) 0.251ms
[42.396s][info][gc,cpu         ] GC(131) User=0.00s Sys=0.00s Real=0.00s
[42.396s][info][gc,marking     ] GC(131) Concurrent Clear Claimed Marks
[42.396s][info][gc,marking     ] GC(131) Concurrent Clear Claimed Marks 0.080ms
[42.396s][info][gc,marking     ] GC(131) Concurrent Cleanup for Next Mark
[42.397s][info][gc,marking     ] GC(131) Concurrent Cleanup for Next Mark 0.862ms
[42.397s][info][gc             ] GC(131) Concurrent Mark Cycle 18.973ms
[43.400s][info][gc,start       ] GC(132) Pause Full (System.gc())
[43.400s][info][gc,task        ] GC(132) Using 8 workers of 8 for full compaction
[43.400s][info][gc,phases,start] GC(132) Phase 1: Mark live objects
[43.405s][info][gc,phases      ] GC(132) Phase 1: Mark live objects 4.612ms
[43.405s][info][gc,phases,start] GC(132) Phase 2: Prepare compaction
[43.405s][info][gc,phases      ] GC(132) Phase 2: Prepare compaction 0.476ms
[43.405s][info][gc,phases,start] GC(132) Phase 3: Adjust pointers
[43.408s][info][gc,phases      ] GC(132) Phase 3: Adjust pointers 2.696ms
[43.408s][info][gc,phases,start] GC(132) Phase 4: Compact heap
[43.409s][info][gc,phases      ] GC(132) Phase 4: Compact heap 0.376ms
[43.409s][info][gc,phases,start] GC(132) Phase 5: Reset Metadata
[43.409s][info][gc,phases      ] GC(132) Phase 5: Reset Metadata 0.648ms
[43.411s][info][gc,heap        ] GC(132) Eden regions: 2->0(50)
[43.411s][info][gc,heap        ] GC(132) Survivor regions: 0->0(7)
[43.411s][info][gc,heap        ] GC(132) Old regions: 9->9
[43.411s][info][gc,heap        ] GC(132) Humongous regions: 100->100
[43.411s][info][gc,metaspace   ] GC(132) Metaspace: 17650K(18112K)->17650K(18112K) NonClass: 15675K(15936K)->15675K(15936K) Class: 1974K(2176K)->1974K(2176K)
[43.412s][info][gc             ] GC(132) Pause Full (System.gc()) 209M->206M(368M) 11.645ms
[43.412s][info][gc,cpu         ] GC(132) User=0.06s Sys=0.03s Real=0.01s
[43.412s][info][gc,start       ] GC(133) Pause Young (Concurrent Start) (G1 Humongous Allocation)
[43.412s][info][gc,task        ] GC(133) Using 8 workers of 8 for evacuation
[43.412s][info][gc,phases      ] GC(133)   Pre Evacuate Collection Set: 0.1ms
[43.413s][info][gc,phases      ] GC(133)   Merge Heap Roots: 0.0ms
[43.413s][info][gc,phases      ] GC(133)   Evacuate Collection Set: 0.4ms
[43.413s][info][gc,phases      ] GC(133)   Post Evacuate Collection Set: 0.2ms
[43.413s][info][gc,phases      ] GC(133)   Other: 0.1ms
[43.413s][info][gc,heap        ] GC(133) Eden regions: 0->0(50)
[43.413s][info][gc,heap        ] GC(133) Survivor regions: 0->0(7)
[43.413s][info][gc,heap        ] GC(133) Old regions: 9->9
[43.413s][info][gc,heap        ] GC(133) Humongous regions: 100->100
[43.413s][info][gc,metaspace   ] GC(133) Metaspace: 17650K(18112K)->17650K(18112K) NonClass: 15675K(15936K)->15675K(15936K) Class: 1974K(2176K)->1974K(2176K)
[43.413s][info][gc             ] GC(133) Pause Young (Concurrent Start) (G1 Humongous Allocation) 206M->206M(368M) 1.081ms
[43.413s][info][gc,cpu         ] GC(133) User=0.00s Sys=0.00s Real=0.00s
[43.413s][info][gc             ] GC(134) Concurrent Mark Cycle
[43.413s][info][gc,marking     ] GC(134) Concurrent Scan Root Regions
[43.413s][info][gc,marking     ] GC(134) Concurrent Scan Root Regions 0.015ms
[43.413s][info][gc,marking     ] GC(134) Concurrent Mark
[43.413s][info][gc,marking     ] GC(134) Concurrent Mark From Roots
[43.413s][info][gc,task        ] GC(134) Using 2 workers of 2 for marking
[43.422s][info][gc,marking     ] GC(134) Concurrent Mark From Roots 9.064ms
[43.422s][info][gc,marking     ] GC(134) Concurrent Preclean
[43.422s][info][gc,marking     ] GC(134) Concurrent Preclean 0.165ms
[43.422s][info][gc,start       ] GC(134) Pause Remark
[43.423s][info][gc             ] GC(134) Pause Remark 332M->132M(368M) 1.076ms
[43.423s][info][gc,cpu         ] GC(134) User=0.00s Sys=0.00s Real=0.00s
[43.423s][info][gc,marking     ] GC(134) Concurrent Mark 10.638ms
[43.423s][info][gc,marking     ] GC(134) Concurrent Rebuild Remembered Sets and Scrub Regions
[43.427s][info][gc,marking     ] GC(134) Concurrent Rebuild Remembered Sets and Scrub Regions 3.405ms
[43.427s][info][gc,start       ] GC(134) Pause Cleanup
[43.427s][info][gc             ] GC(134) Pause Cleanup 178M->178M(368M) 0.250ms
[43.427s][info][gc,cpu         ] GC(134) User=0.00s Sys=0.00s Real=0.00s
[43.427s][info][gc,marking     ] GC(134) Concurrent Clear Claimed Marks
[43.428s][info][gc,marking     ] GC(134) Concurrent Clear Claimed Marks 0.071ms
[43.428s][info][gc,marking     ] GC(134) Concurrent Cleanup for Next Mark
[43.428s][info][gc,marking     ] GC(134) Concurrent Cleanup for Next Mark 0.747ms
[43.428s][info][gc             ] GC(134) Concurrent Mark Cycle 15.709ms
[44.431s][info][gc,start       ] GC(135) Pause Full (System.gc())
[44.431s][info][gc,task        ] GC(135) Using 8 workers of 8 for full compaction
[44.431s][info][gc,phases,start] GC(135) Phase 1: Mark live objects
[44.436s][info][gc,phases      ] GC(135) Phase 1: Mark live objects 4.683ms
[44.436s][info][gc,phases,start] GC(135) Phase 2: Prepare compaction
[44.437s][info][gc,phases      ] GC(135) Phase 2: Prepare compaction 0.868ms
[44.437s][info][gc,phases,start] GC(135) Phase 3: Adjust pointers
[44.439s][info][gc,phases      ] GC(135) Phase 3: Adjust pointers 2.197ms
[44.439s][info][gc,phases,start] GC(135) Phase 4: Compact heap
[44.439s][info][gc,phases      ] GC(135) Phase 4: Compact heap 0.323ms
[44.440s][info][gc,phases,start] GC(135) Phase 5: Reset Metadata
[44.440s][info][gc,phases      ] GC(135) Phase 5: Reset Metadata 0.593ms
[44.442s][info][gc,heap        ] GC(135) Eden regions: 2->0(50)
[44.442s][info][gc,heap        ] GC(135) Survivor regions: 0->0(7)
[44.442s][info][gc,heap        ] GC(135) Old regions: 9->9
[44.442s][info][gc,heap        ] GC(135) Humongous regions: 100->100
[44.442s][info][gc,metaspace   ] GC(135) Metaspace: 17668K(18112K)->17668K(18112K) NonClass: 15693K(15936K)->15693K(15936K) Class: 1974K(2176K)->1974K(2176K)
[44.442s][info][gc             ] GC(135) Pause Full (System.gc()) 209M->206M(368M) 11.583ms
[44.442s][info][gc,cpu         ] GC(135) User=0.08s Sys=0.00s Real=0.01s
[44.443s][info][gc,start       ] GC(136) Pause Young (Concurrent Start) (G1 Humongous Allocation)
[44.443s][info][gc,task        ] GC(136) Using 8 workers of 8 for evacuation
[44.443s][info][gc,phases      ] GC(136)   Pre Evacuate Collection Set: 0.1ms
[44.443s][info][gc,phases      ] GC(136)   Merge Heap Roots: 0.0ms
[44.443s][info][gc,phases      ] GC(136)   Evacuate Collection Set: 0.4ms
[44.443s][info][gc,phases      ] GC(136)   Post Evacuate Collection Set: 0.1ms
[44.443s][info][gc,phases      ] GC(136)   Other: 0.1ms
[44.443s][info][gc,heap        ] GC(136) Eden regions: 0->0(50)
[44.443s][info][gc,heap        ] GC(136) Survivor regions: 0->0(7)
[44.443s][info][gc,heap        ] GC(136) Old regions: 9->9
[44.444s][info][gc,heap        ] GC(136) Humongous regions: 100->100
[44.444s][info][gc,metaspace   ] GC(136) Metaspace: 17668K(18112K)->17668K(18112K) NonClass: 15693K(15936K)->15693K(15936K) Class: 1974K(2176K)->1974K(2176K)
[44.444s][info][gc             ] GC(136) Pause Young (Concurrent Start) (G1 Humongous Allocation) 206M->206M(368M) 1.021ms
[44.444s][info][gc,cpu         ] GC(136) User=0.00s Sys=0.00s Real=0.00s
[44.444s][info][gc             ] GC(137) Concurrent Mark Cycle
[44.444s][info][gc,marking     ] GC(137) Concurrent Scan Root Regions
[44.444s][info][gc,marking     ] GC(137) Concurrent Scan Root Regions 0.017ms
[44.444s][info][gc,marking     ] GC(137) Concurrent Mark
[44.444s][info][gc,marking     ] GC(137) Concurrent Mark From Roots
[44.444s][info][gc,task        ] GC(137) Using 2 workers of 2 for marking
[44.453s][info][gc,marking     ] GC(137) Concurrent Mark From Roots 9.564ms
[44.453s][info][gc,marking     ] GC(137) Concurrent Preclean
[44.454s][info][gc,marking     ] GC(137) Concurrent Preclean 0.209ms
[44.454s][info][gc,start       ] GC(137) Pause Remark
[44.455s][info][gc             ] GC(137) Pause Remark 334M->134M(368M) 1.168ms
[44.455s][info][gc,cpu         ] GC(137) User=0.00s Sys=0.00s Real=0.00s
[44.455s][info][gc,marking     ] GC(137) Concurrent Mark 11.428ms
[44.455s][info][gc,marking     ] GC(137) Concurrent Rebuild Remembered Sets and Scrub Regions
[44.459s][info][gc,marking     ] GC(137) Concurrent Rebuild Remembered Sets and Scrub Regions 3.771ms
[44.459s][info][gc,start       ] GC(137) Pause Cleanup
[44.459s][info][gc             ] GC(137) Pause Cleanup 194M->194M(368M) 0.178ms
[44.459s][info][gc,cpu         ] GC(137) User=0.00s Sys=0.00s Real=0.00s
[44.459s][info][gc,marking     ] GC(137) Concurrent Clear Claimed Marks
[44.459s][info][gc,marking     ] GC(137) Concurrent Clear Claimed Marks 0.043ms
[44.459s][info][gc,marking     ] GC(137) Concurrent Cleanup for Next Mark
[44.460s][info][gc,marking     ] GC(137) Concurrent Cleanup for Next Mark 0.722ms
[44.460s][info][gc             ] GC(137) Concurrent Mark Cycle 16.699ms
[45.462s][info][gc,start       ] GC(138) Pause Full (System.gc())
[45.462s][info][gc,task        ] GC(138) Using 8 workers of 8 for full compaction
[45.463s][info][gc,phases,start] GC(138) Phase 1: Mark live objects
[45.467s][info][gc,phases      ] GC(138) Phase 1: Mark live objects 3.886ms
[45.467s][info][gc,phases,start] GC(138) Phase 2: Prepare compaction
[45.467s][info][gc,phases      ] GC(138) Phase 2: Prepare compaction 0.364ms
[45.467s][info][gc,phases,start] GC(138) Phase 3: Adjust pointers
[45.469s][info][gc,phases      ] GC(138) Phase 3: Adjust pointers 1.605ms
[45.469s][info][gc,phases,start] GC(138) Phase 4: Compact heap
[45.469s][info][gc,phases      ] GC(138) Phase 4: Compact heap 0.298ms
[45.469s][info][gc,phases,start] GC(138) Phase 5: Reset Metadata
[45.470s][info][gc,phases      ] GC(138) Phase 5: Reset Metadata 0.551ms
[45.472s][info][gc,heap        ] GC(138) Eden regions: 1->0(50)
[45.472s][info][gc,heap        ] GC(138) Survivor regions: 0->0(7)
[45.472s][info][gc,heap        ] GC(138) Old regions: 9->9
[45.472s][info][gc,heap        ] GC(138) Humongous regions: 100->100
[45.472s][info][gc,metaspace   ] GC(138) Metaspace: 17669K(18112K)->17669K(18112K) NonClass: 15694K(15936K)->15694K(15936K) Class: 1974K(2176K)->1974K(2176K)
[45.472s][info][gc             ] GC(138) Pause Full (System.gc()) 208M->206M(368M) 9.679ms
[45.472s][info][gc,cpu         ] GC(138) User=0.08s Sys=0.02s Real=0.01s
[45.472s][info][gc,start       ] GC(139) Pause Young (Concurrent Start) (G1 Humongous Allocation)
[45.472s][info][gc,task        ] GC(139) Using 8 workers of 8 for evacuation
[45.473s][info][gc,phases      ] GC(139)   Pre Evacuate Collection Set: 0.1ms
[45.473s][info][gc,phases      ] GC(139)   Merge Heap Roots: 0.0ms
[45.473s][info][gc,phases      ] GC(139)   Evacuate Collection Set: 0.3ms
[45.473s][info][gc,phases      ] GC(139)   Post Evacuate Collection Set: 0.1ms
[45.473s][info][gc,phases      ] GC(139)   Other: 0.1ms
[45.473s][info][gc,heap        ] GC(139) Eden regions: 0->0(50)
[45.473s][info][gc,heap        ] GC(139) Survivor regions: 0->0(7)
[45.473s][info][gc,heap        ] GC(139) Old regions: 9->9
[45.473s][info][gc,heap        ] GC(139) Humongous regions: 100->100
[45.473s][info][gc,metaspace   ] GC(139) Metaspace: 17669K(18112K)->17669K(18112K) NonClass: 15694K(15936K)->15694K(15936K) Class: 1974K(2176K)->1974K(2176K)
[45.473s][info][gc             ] GC(139) Pause Young (Concurrent Start) (G1 Humongous Allocation) 206M->206M(368M) 0.854ms
[45.473s][info][gc,cpu         ] GC(139) User=0.00s Sys=0.00s Real=0.00s
[45.473s][info][gc             ] GC(140) Concurrent Mark Cycle
[45.473s][info][gc,marking     ] GC(140) Concurrent Scan Root Regions
[45.473s][info][gc,marking     ] GC(140) Concurrent Scan Root Regions 0.018ms
[45.473s][info][gc,marking     ] GC(140) Concurrent Mark
[45.473s][info][gc,marking     ] GC(140) Concurrent Mark From Roots
[45.473s][info][gc,task        ] GC(140) Using 2 workers of 2 for marking
[45.481s][info][gc,marking     ] GC(140) Concurrent Mark From Roots 8.393ms
[45.482s][info][gc,marking     ] GC(140) Concurrent Preclean
[45.482s][info][gc,marking     ] GC(140) Concurrent Preclean 0.176ms
[45.482s][info][gc,start       ] GC(140) Pause Remark
[45.483s][info][gc             ] GC(140) Pause Remark 336M->136M(368M) 1.005ms
[45.483s][info][gc,cpu         ] GC(140) User=0.00s Sys=0.00s Real=0.00s
[45.483s][info][gc,marking     ] GC(140) Concurrent Mark 10.073ms
[45.483s][info][gc,marking     ] GC(140) Concurrent Rebuild Remembered Sets and Scrub Regions
[45.487s][info][gc,marking     ] GC(140) Concurrent Rebuild Remembered Sets and Scrub Regions 4.045ms
[45.487s][info][gc,start       ] GC(140) Pause Cleanup
[45.488s][info][gc             ] GC(140) Pause Cleanup 188M->188M(368M) 0.186ms
[45.488s][info][gc,cpu         ] GC(140) User=0.00s Sys=0.00s Real=0.00s
[45.488s][info][gc,marking     ] GC(140) Concurrent Clear Claimed Marks
[45.488s][info][gc,marking     ] GC(140) Concurrent Clear Claimed Marks 0.066ms
[45.488s][info][gc,marking     ] GC(140) Concurrent Cleanup for Next Mark
[45.489s][info][gc,marking     ] GC(140) Concurrent Cleanup for Next Mark 0.908ms
[45.489s][info][gc             ] GC(140) Concurrent Mark Cycle 15.946ms
[46.490s][info][gc,start       ] GC(141) Pause Full (System.gc())
[46.490s][info][gc,task        ] GC(141) Using 8 workers of 8 for full compaction
[46.490s][info][gc,phases,start] GC(141) Phase 1: Mark live objects
[46.494s][info][gc,phases      ] GC(141) Phase 1: Mark live objects 3.991ms
[46.494s][info][gc,phases,start] GC(141) Phase 2: Prepare compaction
[46.495s][info][gc,phases      ] GC(141) Phase 2: Prepare compaction 0.322ms
[46.495s][info][gc,phases,start] GC(141) Phase 3: Adjust pointers
[46.497s][info][gc,phases      ] GC(141) Phase 3: Adjust pointers 1.807ms
[46.497s][info][gc,phases,start] GC(141) Phase 4: Compact heap
[46.497s][info][gc,phases      ] GC(141) Phase 4: Compact heap 0.328ms
[46.497s][info][gc,phases,start] GC(141) Phase 5: Reset Metadata
[46.498s][info][gc,phases      ] GC(141) Phase 5: Reset Metadata 0.600ms
[46.499s][info][gc,heap        ] GC(141) Eden regions: 1->0(50)
[46.500s][info][gc,heap        ] GC(141) Survivor regions: 0->0(7)
[46.500s][info][gc,heap        ] GC(141) Old regions: 9->9
[46.500s][info][gc,heap        ] GC(141) Humongous regions: 100->100
[46.500s][info][gc,metaspace   ] GC(141) Metaspace: 17669K(18112K)->17669K(18112K) NonClass: 15694K(15936K)->15694K(15936K) Class: 1974K(2176K)->1974K(2176K)
[46.500s][info][gc             ] GC(141) Pause Full (System.gc()) 208M->206M(368M) 9.576ms
[46.500s][info][gc,cpu         ] GC(141) User=0.00s Sys=0.02s Real=0.01s
[46.500s][info][gc,start       ] GC(142) Pause Young (Concurrent Start) (G1 Humongous Allocation)
[46.500s][info][gc,task        ] GC(142) Using 8 workers of 8 for evacuation
[46.500s][info][gc,phases      ] GC(142)   Pre Evacuate Collection Set: 0.1ms
[46.500s][info][gc,phases      ] GC(142)   Merge Heap Roots: 0.0ms
[46.500s][info][gc,phases      ] GC(142)   Evacuate Collection Set: 0.3ms
[46.500s][info][gc,phases      ] GC(142)   Post Evacuate Collection Set: 0.1ms
[46.500s][info][gc,phases      ] GC(142)   Other: 0.1ms
[46.501s][info][gc,heap        ] GC(142) Eden regions: 0->0(50)
[46.501s][info][gc,heap        ] GC(142) Survivor regions: 0->0(7)
[46.501s][info][gc,heap        ] GC(142) Old regions: 9->9
[46.501s][info][gc,heap        ] GC(142) Humongous regions: 100->100
[46.501s][info][gc,metaspace   ] GC(142) Metaspace: 17669K(18112K)->17669K(18112K) NonClass: 15694K(15936K)->15694K(15936K) Class: 1974K(2176K)->1974K(2176K)
[46.501s][info][gc             ] GC(142) Pause Young (Concurrent Start) (G1 Humongous Allocation) 206M->206M(368M) 0.864ms
[46.501s][info][gc,cpu         ] GC(142) User=0.00s Sys=0.00s Real=0.00s
[46.501s][info][gc             ] GC(143) Concurrent Mark Cycle
[46.501s][info][gc,marking     ] GC(143) Concurrent Scan Root Regions
[46.501s][info][gc,marking     ] GC(143) Concurrent Scan Root Regions 0.016ms
[46.501s][info][gc,marking     ] GC(143) Concurrent Mark
[46.501s][info][gc,marking     ] GC(143) Concurrent Mark From Roots
[46.501s][info][gc,task        ] GC(143) Using 2 workers of 2 for marking
[46.510s][info][gc,marking     ] GC(143) Concurrent Mark From Roots 9.335ms
[46.510s][info][gc,marking     ] GC(143) Concurrent Preclean
[46.510s][info][gc,marking     ] GC(143) Concurrent Preclean 0.239ms
[46.511s][info][gc,start       ] GC(143) Pause Remark
[46.512s][info][gc             ] GC(143) Pause Remark 320M->120M(368M) 1.042ms
[46.512s][info][gc,cpu         ] GC(143) User=0.00s Sys=0.02s Real=0.00s
[46.512s][info][gc,marking     ] GC(143) Concurrent Mark 11.258ms
[46.512s][info][gc,marking     ] GC(143) Concurrent Rebuild Remembered Sets and Scrub Regions
[46.515s][info][gc,marking     ] GC(143) Concurrent Rebuild Remembered Sets and Scrub Regions 2.863ms
[46.515s][info][gc,start       ] GC(143) Pause Cleanup
[46.515s][info][gc             ] GC(143) Pause Cleanup 158M->158M(368M) 0.155ms
[46.515s][info][gc,cpu         ] GC(143) User=0.00s Sys=0.00s Real=0.00s
[46.515s][info][gc,marking     ] GC(143) Concurrent Clear Claimed Marks
[46.515s][info][gc,marking     ] GC(143) Concurrent Clear Claimed Marks 0.067ms
[46.515s][info][gc,marking     ] GC(143) Concurrent Cleanup for Next Mark
[46.517s][info][gc,marking     ] GC(143) Concurrent Cleanup for Next Mark 1.145ms
[46.517s][info][gc             ] GC(143) Concurrent Mark Cycle 16.027ms
[47.522s][info][gc,start       ] GC(144) Pause Full (System.gc())
[47.522s][info][gc,task        ] GC(144) Using 8 workers of 8 for full compaction
[47.523s][info][gc,phases,start] GC(144) Phase 1: Mark live objects
[47.527s][info][gc,phases      ] GC(144) Phase 1: Mark live objects 4.270ms
[47.527s][info][gc,phases,start] GC(144) Phase 2: Prepare compaction
[47.527s][info][gc,phases      ] GC(144) Phase 2: Prepare compaction 0.317ms
[47.527s][info][gc,phases,start] GC(144) Phase 3: Adjust pointers
[47.529s][info][gc,phases      ] GC(144) Phase 3: Adjust pointers 1.923ms
[47.529s][info][gc,phases,start] GC(144) Phase 4: Compact heap
[47.530s][info][gc,phases      ] GC(144) Phase 4: Compact heap 0.255ms
[47.530s][info][gc,phases,start] GC(144) Phase 5: Reset Metadata
[47.530s][info][gc,phases      ] GC(144) Phase 5: Reset Metadata 0.625ms
[47.532s][info][gc,heap        ] GC(144) Eden regions: 1->0(50)
[47.532s][info][gc,heap        ] GC(144) Survivor regions: 0->0(7)
[47.532s][info][gc,heap        ] GC(144) Old regions: 9->9
[47.532s][info][gc,heap        ] GC(144) Humongous regions: 100->100
[47.532s][info][gc,metaspace   ] GC(144) Metaspace: 17672K(18112K)->17672K(18112K) NonClass: 15697K(15936K)->15697K(15936K) Class: 1974K(2176K)->1974K(2176K)
[47.532s][info][gc             ] GC(144) Pause Full (System.gc()) 208M->206M(368M) 10.127ms
[47.532s][info][gc,cpu         ] GC(144) User=0.02s Sys=0.00s Real=0.01s
[47.533s][info][gc,start       ] GC(145) Pause Young (Concurrent Start) (G1 Humongous Allocation)
[47.533s][info][gc,task        ] GC(145) Using 8 workers of 8 for evacuation
[47.533s][info][gc,phases      ] GC(145)   Pre Evacuate Collection Set: 0.1ms
[47.533s][info][gc,phases      ] GC(145)   Merge Heap Roots: 0.0ms
[47.533s][info][gc,phases      ] GC(145)   Evacuate Collection Set: 0.3ms
[47.533s][info][gc,phases      ] GC(145)   Post Evacuate Collection Set: 0.1ms
[47.533s][info][gc,phases      ] GC(145)   Other: 0.1ms
[47.533s][info][gc,heap        ] GC(145) Eden regions: 0->0(50)
[47.533s][info][gc,heap        ] GC(145) Survivor regions: 0->0(7)
[47.533s][info][gc,heap        ] GC(145) Old regions: 9->9
[47.533s][info][gc,heap        ] GC(145) Humongous regions: 100->100
[47.533s][info][gc,metaspace   ] GC(145) Metaspace: 17672K(18112K)->17672K(18112K) NonClass: 15697K(15936K)->15697K(15936K) Class: 1974K(2176K)->1974K(2176K)
[47.533s][info][gc             ] GC(145) Pause Young (Concurrent Start) (G1 Humongous Allocation) 206M->206M(368M) 0.816ms
[47.533s][info][gc,cpu         ] GC(145) User=0.00s Sys=0.00s Real=0.00s
[47.533s][info][gc             ] GC(146) Concurrent Mark Cycle
[47.533s][info][gc,marking     ] GC(146) Concurrent Scan Root Regions
[47.533s][info][gc,marking     ] GC(146) Concurrent Scan Root Regions 0.017ms
[47.533s][info][gc,marking     ] GC(146) Concurrent Mark
[47.533s][info][gc,marking     ] GC(146) Concurrent Mark From Roots
[47.533s][info][gc,task        ] GC(146) Using 2 workers of 2 for marking
[47.543s][info][gc,marking     ] GC(146) Concurrent Mark From Roots 9.269ms
[47.543s][info][gc,marking     ] GC(146) Concurrent Preclean
[47.543s][info][gc,marking     ] GC(146) Concurrent Preclean 0.103ms
[47.543s][info][gc,start       ] GC(146) Pause Remark
[47.544s][info][gc             ] GC(146) Pause Remark 318M->118M(368M) 1.225ms
[47.545s][info][gc,cpu         ] GC(146) User=0.00s Sys=0.02s Real=0.00s
[47.545s][info][gc,marking     ] GC(146) Concurrent Mark 11.100ms
[47.545s][info][gc,marking     ] GC(146) Concurrent Rebuild Remembered Sets and Scrub Regions
[47.548s][info][gc,marking     ] GC(146) Concurrent Rebuild Remembered Sets and Scrub Regions 3.072ms
[47.548s][info][gc,start       ] GC(146) Pause Cleanup
[47.548s][info][gc             ] GC(146) Pause Cleanup 166M->166M(368M) 0.129ms
[47.548s][info][gc,cpu         ] GC(146) User=0.00s Sys=0.00s Real=0.00s
[47.548s][info][gc,marking     ] GC(146) Concurrent Clear Claimed Marks
[47.548s][info][gc,marking     ] GC(146) Concurrent Clear Claimed Marks 0.075ms
[47.548s][info][gc,marking     ] GC(146) Concurrent Cleanup for Next Mark
[47.549s][info][gc,marking     ] GC(146) Concurrent Cleanup for Next Mark 0.735ms
[47.549s][info][gc             ] GC(146) Concurrent Mark Cycle 15.644ms
[48.553s][info][gc,start       ] GC(147) Pause Full (System.gc())
[48.553s][info][gc,task        ] GC(147) Using 8 workers of 8 for full compaction
[48.553s][info][gc,phases,start] GC(147) Phase 1: Mark live objects
[48.558s][info][gc,phases      ] GC(147) Phase 1: Mark live objects 4.628ms
[48.558s][info][gc,phases,start] GC(147) Phase 2: Prepare compaction
[48.558s][info][gc,phases      ] GC(147) Phase 2: Prepare compaction 0.374ms
[48.558s][info][gc,phases,start] GC(147) Phase 3: Adjust pointers
[48.560s][info][gc,phases      ] GC(147) Phase 3: Adjust pointers 2.137ms
[48.561s][info][gc,phases,start] GC(147) Phase 4: Compact heap
[48.561s][info][gc,phases      ] GC(147) Phase 4: Compact heap 0.288ms
[48.561s][info][gc,phases,start] GC(147) Phase 5: Reset Metadata
[48.561s][info][gc,phases      ] GC(147) Phase 5: Reset Metadata 0.624ms
[48.564s][info][gc,heap        ] GC(147) Eden regions: 1->0(50)
[48.564s][info][gc,heap        ] GC(147) Survivor regions: 0->0(7)
[48.564s][info][gc,heap        ] GC(147) Old regions: 9->9
[48.564s][info][gc,heap        ] GC(147) Humongous regions: 100->100
[48.564s][info][gc,metaspace   ] GC(147) Metaspace: 17681K(18112K)->17681K(18112K) NonClass: 15706K(15936K)->15706K(15936K) Class: 1974K(2176K)->1974K(2176K)
[48.564s][info][gc             ] GC(147) Pause Full (System.gc()) 208M->206M(368M) 11.018ms
[48.564s][info][gc,cpu         ] GC(147) User=0.09s Sys=0.02s Real=0.01s
[48.564s][info][gc,start       ] GC(148) Pause Young (Concurrent Start) (G1 Humongous Allocation)
[48.564s][info][gc,task        ] GC(148) Using 8 workers of 8 for evacuation
[48.566s][info][gc,phases      ] GC(148)   Pre Evacuate Collection Set: 0.1ms
[48.566s][info][gc,phases      ] GC(148)   Merge Heap Roots: 0.0ms
[48.566s][info][gc,phases      ] GC(148)   Evacuate Collection Set: 1.0ms
[48.566s][info][gc,phases      ] GC(148)   Post Evacuate Collection Set: 0.3ms
[48.566s][info][gc,phases      ] GC(148)   Other: 0.1ms
[48.566s][info][gc,heap        ] GC(148) Eden regions: 0->0(50)
[48.566s][info][gc,heap        ] GC(148) Survivor regions: 0->0(7)
[48.566s][info][gc,heap        ] GC(148) Old regions: 9->9
[48.566s][info][gc,heap        ] GC(148) Humongous regions: 100->100
[48.566s][info][gc,metaspace   ] GC(148) Metaspace: 17681K(18112K)->17681K(18112K) NonClass: 15706K(15936K)->15706K(15936K) Class: 1974K(2176K)->1974K(2176K)
[48.566s][info][gc             ] GC(148) Pause Young (Concurrent Start) (G1 Humongous Allocation) 206M->206M(368M) 1.896ms
[48.567s][info][gc             ] GC(149) Concurrent Mark Cycle
[48.567s][info][gc,cpu         ] GC(148) User=0.00s Sys=0.00s Real=0.00s
[48.567s][info][gc,marking     ] GC(149) Concurrent Scan Root Regions
[48.567s][info][gc,marking     ] GC(149) Concurrent Scan Root Regions 0.119ms
[48.567s][info][gc,marking     ] GC(149) Concurrent Mark
[48.567s][info][gc,marking     ] GC(149) Concurrent Mark From Roots
[48.567s][info][gc,task        ] GC(149) Using 2 workers of 2 for marking
[48.581s][info][gc,marking     ] GC(149) Concurrent Mark From Roots 13.719ms
[48.581s][info][gc,marking     ] GC(149) Concurrent Preclean
[48.581s][info][gc,marking     ] GC(149) Concurrent Preclean 0.116ms
[48.581s][info][gc,start       ] GC(149) Pause Remark
[48.582s][info][gc             ] GC(149) Pause Remark 370M->170M(382M) 1.080ms
[48.582s][info][gc,cpu         ] GC(149) User=0.00s Sys=0.00s Real=0.00s
[48.582s][info][gc,marking     ] GC(149) Concurrent Mark 15.544ms
[48.582s][info][gc,marking     ] GC(149) Concurrent Rebuild Remembered Sets and Scrub Regions
[48.585s][info][gc,marking     ] GC(149) Concurrent Rebuild Remembered Sets and Scrub Regions 2.836ms
[48.585s][info][gc,start       ] GC(149) Pause Cleanup
[48.586s][info][gc             ] GC(149) Pause Cleanup 207M->207M(382M) 0.153ms
[48.586s][info][gc,cpu         ] GC(149) User=0.00s Sys=0.00s Real=0.00s
[48.586s][info][gc,marking     ] GC(149) Concurrent Clear Claimed Marks
[48.586s][info][gc,marking     ] GC(149) Concurrent Clear Claimed Marks 0.051ms
[48.586s][info][gc,marking     ] GC(149) Concurrent Cleanup for Next Mark
[48.586s][info][gc,marking     ] GC(149) Concurrent Cleanup for Next Mark 0.609ms
[48.586s][info][gc             ] GC(149) Concurrent Mark Cycle 19.727ms
[49.587s][info][gc,start       ] GC(150) Pause Full (System.gc())
[49.587s][info][gc,task        ] GC(150) Using 8 workers of 8 for full compaction
[49.587s][info][gc,phases,start] GC(150) Phase 1: Mark live objects
[49.591s][info][gc,phases      ] GC(150) Phase 1: Mark live objects 3.889ms
[49.591s][info][gc,phases,start] GC(150) Phase 2: Prepare compaction
[49.592s][info][gc,phases      ] GC(150) Phase 2: Prepare compaction 0.446ms
[49.592s][info][gc,phases,start] GC(150) Phase 3: Adjust pointers
[49.594s][info][gc,phases      ] GC(150) Phase 3: Adjust pointers 2.108ms
[49.594s][info][gc,phases,start] GC(150) Phase 4: Compact heap
[49.594s][info][gc,phases      ] GC(150) Phase 4: Compact heap 0.346ms
[49.594s][info][gc,phases,start] GC(150) Phase 5: Reset Metadata
[49.595s][info][gc,phases      ] GC(150) Phase 5: Reset Metadata 0.705ms
[49.597s][info][gc,heap        ] GC(150) Eden regions: 1->0(54)
[49.597s][info][gc,heap        ] GC(150) Survivor regions: 0->0(7)
[49.597s][info][gc,heap        ] GC(150) Old regions: 9->9
[49.597s][info][gc,heap        ] GC(150) Humongous regions: 100->100
[49.597s][info][gc,metaspace   ] GC(150) Metaspace: 17692K(18112K)->17692K(18112K) NonClass: 15717K(15936K)->15717K(15936K) Class: 1974K(2176K)->1974K(2176K)
[49.597s][info][gc             ] GC(150) Pause Full (System.gc()) 208M->206M(382M) 10.404ms
[49.597s][info][gc,cpu         ] GC(150) User=0.08s Sys=0.00s Real=0.01s
[49.597s][info][gc,start       ] GC(151) Pause Young (Concurrent Start) (G1 Humongous Allocation)
[49.597s][info][gc,task        ] GC(151) Using 8 workers of 8 for evacuation
[49.598s][info][gc,phases      ] GC(151)   Pre Evacuate Collection Set: 0.1ms
[49.598s][info][gc,phases      ] GC(151)   Merge Heap Roots: 0.0ms
[49.598s][info][gc,phases      ] GC(151)   Evacuate Collection Set: 0.4ms
[49.598s][info][gc,phases      ] GC(151)   Post Evacuate Collection Set: 0.1ms
[49.598s][info][gc,phases      ] GC(151)   Other: 0.1ms
[49.598s][info][gc,heap        ] GC(151) Eden regions: 0->0(54)
[49.598s][info][gc,heap        ] GC(151) Survivor regions: 0->0(7)
[49.598s][info][gc,heap        ] GC(151) Old regions: 9->9
[49.598s][info][gc,heap        ] GC(151) Humongous regions: 100->100
[49.598s][info][gc,metaspace   ] GC(151) Metaspace: 17692K(18112K)->17692K(18112K) NonClass: 15717K(15936K)->15717K(15936K) Class: 1974K(2176K)->1974K(2176K)
[49.598s][info][gc             ] GC(151) Pause Young (Concurrent Start) (G1 Humongous Allocation) 206M->206M(382M) 1.013ms
[49.598s][info][gc             ] GC(152) Concurrent Mark Cycle
[49.598s][info][gc,cpu         ] GC(151) User=0.00s Sys=0.00s Real=0.00s
[49.598s][info][gc,marking     ] GC(152) Concurrent Scan Root Regions
[49.598s][info][gc,marking     ] GC(152) Concurrent Scan Root Regions 0.043ms
[49.598s][info][gc,marking     ] GC(152) Concurrent Mark
[49.598s][info][gc,marking     ] GC(152) Concurrent Mark From Roots
[49.598s][info][gc,task        ] GC(152) Using 2 workers of 2 for marking
[49.609s][info][gc,marking     ] GC(152) Concurrent Mark From Roots 10.649ms
[49.609s][info][gc,marking     ] GC(152) Concurrent Preclean
[49.609s][info][gc,marking     ] GC(152) Concurrent Preclean 0.174ms
[49.610s][info][gc,start       ] GC(152) Pause Remark
[49.611s][info][gc             ] GC(152) Pause Remark 332M->132M(382M) 1.014ms
[49.611s][info][gc,cpu         ] GC(152) User=0.00s Sys=0.00s Real=0.00s
[49.611s][info][gc,marking     ] GC(152) Concurrent Mark 12.216ms
[49.611s][info][gc,marking     ] GC(152) Concurrent Rebuild Remembered Sets and Scrub Regions
[49.614s][info][gc,marking     ] GC(152) Concurrent Rebuild Remembered Sets and Scrub Regions 3.042ms
[49.614s][info][gc,start       ] GC(152) Pause Cleanup
[49.614s][info][gc             ] GC(152) Pause Cleanup 174M->174M(382M) 0.124ms
[49.614s][info][gc,cpu         ] GC(152) User=0.00s Sys=0.00s Real=0.00s
[49.614s][info][gc,marking     ] GC(152) Concurrent Clear Claimed Marks
[49.614s][info][gc,marking     ] GC(152) Concurrent Clear Claimed Marks 0.060ms
[49.614s][info][gc,marking     ] GC(152) Concurrent Cleanup for Next Mark
[49.615s][info][gc,marking     ] GC(152) Concurrent Cleanup for Next Mark 0.855ms
[49.615s][info][gc             ] GC(152) Concurrent Mark Cycle 16.858ms
[50.617s][info][gc,start       ] GC(153) Pause Full (System.gc())
[50.618s][info][gc,task        ] GC(153) Using 8 workers of 8 for full compaction
[50.618s][info][gc,phases,start] GC(153) Phase 1: Mark live objects
[50.621s][info][gc,phases      ] GC(153) Phase 1: Mark live objects 3.293ms
[50.621s][info][gc,phases,start] GC(153) Phase 2: Prepare compaction
[50.622s][info][gc,phases      ] GC(153) Phase 2: Prepare compaction 0.454ms
[50.622s][info][gc,phases,start] GC(153) Phase 3: Adjust pointers
[50.624s][info][gc,phases      ] GC(153) Phase 3: Adjust pointers 2.640ms
[50.624s][info][gc,phases,start] GC(153) Phase 4: Compact heap
[50.625s][info][gc,phases      ] GC(153) Phase 4: Compact heap 0.440ms
[50.625s][info][gc,phases,start] GC(153) Phase 5: Reset Metadata
[50.626s][info][gc,phases      ] GC(153) Phase 5: Reset Metadata 0.703ms
[50.628s][info][gc,heap        ] GC(153) Eden regions: 1->0(54)
[50.628s][info][gc,heap        ] GC(153) Survivor regions: 0->0(7)
[50.628s][info][gc,heap        ] GC(153) Old regions: 9->9
[50.628s][info][gc,heap        ] GC(153) Humongous regions: 100->100
[50.628s][info][gc,metaspace   ] GC(153) Metaspace: 17695K(18112K)->17695K(18112K) NonClass: 15720K(15936K)->15720K(15936K) Class: 1974K(2176K)->1974K(2176K)
[50.628s][info][gc             ] GC(153) Pause Full (System.gc()) 208M->206M(382M) 10.868ms
[50.628s][info][gc,cpu         ] GC(153) User=0.02s Sys=0.00s Real=0.01s
[50.628s][info][gc,start       ] GC(154) Pause Young (Concurrent Start) (G1 Humongous Allocation)
[50.628s][info][gc,task        ] GC(154) Using 8 workers of 8 for evacuation
[50.629s][info][gc,phases      ] GC(154)   Pre Evacuate Collection Set: 0.1ms
[50.629s][info][gc,phases      ] GC(154)   Merge Heap Roots: 0.0ms
[50.629s][info][gc,phases      ] GC(154)   Evacuate Collection Set: 0.3ms
[50.629s][info][gc,phases      ] GC(154)   Post Evacuate Collection Set: 0.1ms
[50.629s][info][gc,phases      ] GC(154)   Other: 0.1ms
[50.629s][info][gc,heap        ] GC(154) Eden regions: 0->0(54)
[50.629s][info][gc,heap        ] GC(154) Survivor regions: 0->0(7)
[50.629s][info][gc,heap        ] GC(154) Old regions: 9->9
[50.629s][info][gc,heap        ] GC(154) Humongous regions: 100->100
[50.629s][info][gc,metaspace   ] GC(154) Metaspace: 17695K(18112K)->17695K(18112K) NonClass: 15720K(15936K)->15720K(15936K) Class: 1974K(2176K)->1974K(2176K)
[50.629s][info][gc             ] GC(154) Pause Young (Concurrent Start) (G1 Humongous Allocation) 206M->206M(382M) 0.937ms
[50.629s][info][gc             ] GC(155) Concurrent Mark Cycle
[50.629s][info][gc,cpu         ] GC(154) User=0.00s Sys=0.00s Real=0.00s
[50.629s][info][gc,marking     ] GC(155) Concurrent Scan Root Regions
[50.629s][info][gc,marking     ] GC(155) Concurrent Scan Root Regions 0.039ms
[50.629s][info][gc,marking     ] GC(155) Concurrent Mark
[50.629s][info][gc,marking     ] GC(155) Concurrent Mark From Roots
[50.629s][info][gc,task        ] GC(155) Using 2 workers of 2 for marking
[50.638s][info][gc,marking     ] GC(155) Concurrent Mark From Roots 8.276ms
[50.638s][info][gc,marking     ] GC(155) Concurrent Preclean
[50.638s][info][gc,marking     ] GC(155) Concurrent Preclean 0.196ms
[50.638s][info][gc,start       ] GC(155) Pause Remark
[50.639s][info][gc             ] GC(155) Pause Remark 330M->130M(382M) 0.908ms
[50.639s][info][gc,cpu         ] GC(155) User=0.00s Sys=0.00s Real=0.00s
[50.639s][info][gc,marking     ] GC(155) Concurrent Mark 9.793ms
[50.639s][info][gc,marking     ] GC(155) Concurrent Rebuild Remembered Sets and Scrub Regions
[50.643s][info][gc,marking     ] GC(155) Concurrent Rebuild Remembered Sets and Scrub Regions 3.412ms
[50.643s][info][gc,start       ] GC(155) Pause Cleanup
[50.643s][info][gc             ] GC(155) Pause Cleanup 176M->176M(382M) 0.198ms
[50.643s][info][gc,cpu         ] GC(155) User=0.00s Sys=0.00s Real=0.00s
[50.643s][info][gc,marking     ] GC(155) Concurrent Clear Claimed Marks
[50.643s][info][gc,marking     ] GC(155) Concurrent Clear Claimed Marks 0.067ms
[50.643s][info][gc,marking     ] GC(155) Concurrent Cleanup for Next Mark
[50.644s][info][gc,marking     ] GC(155) Concurrent Cleanup for Next Mark 0.942ms
[50.644s][info][gc             ] GC(155) Concurrent Mark Cycle 14.931ms
[51.647s][info][gc,start       ] GC(156) Pause Full (System.gc())
[51.647s][info][gc,task        ] GC(156) Using 8 workers of 8 for full compaction
[51.647s][info][gc,phases,start] GC(156) Phase 1: Mark live objects
[51.650s][info][gc,phases      ] GC(156) Phase 1: Mark live objects 3.503ms
[51.650s][info][gc,phases,start] GC(156) Phase 2: Prepare compaction
[51.651s][info][gc,phases      ] GC(156) Phase 2: Prepare compaction 0.582ms
[51.651s][info][gc,phases,start] GC(156) Phase 3: Adjust pointers
[51.654s][info][gc,phases      ] GC(156) Phase 3: Adjust pointers 2.728ms
[51.654s][info][gc,phases,start] GC(156) Phase 4: Compact heap
[51.654s][info][gc,phases      ] GC(156) Phase 4: Compact heap 0.318ms
[51.654s][info][gc,phases,start] GC(156) Phase 5: Reset Metadata
[51.655s][info][gc,phases      ] GC(156) Phase 5: Reset Metadata 0.539ms
[51.657s][info][gc,heap        ] GC(156) Eden regions: 1->0(54)
[51.657s][info][gc,heap        ] GC(156) Survivor regions: 0->0(7)
[51.657s][info][gc,heap        ] GC(156) Old regions: 9->9
[51.657s][info][gc,heap        ] GC(156) Humongous regions: 100->100
[51.657s][info][gc,metaspace   ] GC(156) Metaspace: 17698K(18112K)->17698K(18112K) NonClass: 15723K(15936K)->15723K(15936K) Class: 1974K(2176K)->1974K(2176K)
[51.657s][info][gc             ] GC(156) Pause Full (System.gc()) 208M->206M(382M) 10.349ms
[51.657s][info][gc,cpu         ] GC(156) User=0.05s Sys=0.02s Real=0.01s
[51.657s][info][gc,start       ] GC(157) Pause Young (Concurrent Start) (G1 Humongous Allocation)
[51.657s][info][gc,task        ] GC(157) Using 8 workers of 8 for evacuation
[51.658s][info][gc,phases      ] GC(157)   Pre Evacuate Collection Set: 0.1ms
[51.658s][info][gc,phases      ] GC(157)   Merge Heap Roots: 0.0ms
[51.658s][info][gc,phases      ] GC(157)   Evacuate Collection Set: 0.5ms
[51.658s][info][gc,phases      ] GC(157)   Post Evacuate Collection Set: 0.2ms
[51.658s][info][gc,phases      ] GC(157)   Other: 0.1ms
[51.658s][info][gc,heap        ] GC(157) Eden regions: 0->0(54)
[51.658s][info][gc,heap        ] GC(157) Survivor regions: 0->0(7)
[51.658s][info][gc,heap        ] GC(157) Old regions: 9->9
[51.658s][info][gc,heap        ] GC(157) Humongous regions: 100->100
[51.658s][info][gc,metaspace   ] GC(157) Metaspace: 17698K(18112K)->17698K(18112K) NonClass: 15723K(15936K)->15723K(15936K) Class: 1974K(2176K)->1974K(2176K)
[51.658s][info][gc             ] GC(157) Pause Young (Concurrent Start) (G1 Humongous Allocation) 206M->206M(382M) 1.162ms
[51.658s][info][gc             ] GC(158) Concurrent Mark Cycle
[51.658s][info][gc,cpu         ] GC(157) User=0.00s Sys=0.00s Real=0.00s
[51.658s][info][gc,marking     ] GC(158) Concurrent Scan Root Regions
[51.658s][info][gc,marking     ] GC(158) Concurrent Scan Root Regions 0.056ms
[51.658s][info][gc,marking     ] GC(158) Concurrent Mark
[51.658s][info][gc,marking     ] GC(158) Concurrent Mark From Roots
[51.658s][info][gc,task        ] GC(158) Using 2 workers of 2 for marking
[51.666s][info][gc,marking     ] GC(158) Concurrent Mark From Roots 7.872ms
[51.666s][info][gc,marking     ] GC(158) Concurrent Preclean
[51.667s][info][gc,marking     ] GC(158) Concurrent Preclean 0.155ms
[51.667s][info][gc,start       ] GC(158) Pause Remark
[51.668s][info][gc             ] GC(158) Pause Remark 326M->126M(382M) 0.929ms
[51.668s][info][gc,cpu         ] GC(158) User=0.00s Sys=0.00s Real=0.00s
[51.668s][info][gc,marking     ] GC(158) Concurrent Mark 9.342ms
[51.668s][info][gc,marking     ] GC(158) Concurrent Rebuild Remembered Sets and Scrub Regions
[51.671s][info][gc,marking     ] GC(158) Concurrent Rebuild Remembered Sets and Scrub Regions 3.159ms
[51.671s][info][gc,start       ] GC(158) Pause Cleanup
[51.671s][info][gc             ] GC(158) Pause Cleanup 172M->172M(382M) 0.149ms
[51.671s][info][gc,cpu         ] GC(158) User=0.00s Sys=0.00s Real=0.00s
[51.671s][info][gc,marking     ] GC(158) Concurrent Clear Claimed Marks
[51.671s][info][gc,marking     ] GC(158) Concurrent Clear Claimed Marks 0.069ms
[51.671s][info][gc,marking     ] GC(158) Concurrent Cleanup for Next Mark
[51.672s][info][gc,marking     ] GC(158) Concurrent Cleanup for Next Mark 0.741ms
[51.672s][info][gc             ] GC(158) Concurrent Mark Cycle 13.984ms
[52.675s][info][gc,start       ] GC(159) Pause Full (System.gc())
[52.675s][info][gc,task        ] GC(159) Using 8 workers of 8 for full compaction
[52.675s][info][gc,phases,start] GC(159) Phase 1: Mark live objects
[52.679s][info][gc,phases      ] GC(159) Phase 1: Mark live objects 3.584ms
[52.679s][info][gc,phases,start] GC(159) Phase 2: Prepare compaction
[52.679s][info][gc,phases      ] GC(159) Phase 2: Prepare compaction 0.365ms
[52.679s][info][gc,phases,start] GC(159) Phase 3: Adjust pointers
[52.682s][info][gc,phases      ] GC(159) Phase 3: Adjust pointers 2.606ms
[52.682s][info][gc,phases,start] GC(159) Phase 4: Compact heap
[52.683s][info][gc,phases      ] GC(159) Phase 4: Compact heap 0.692ms
[52.683s][info][gc,phases,start] GC(159) Phase 5: Reset Metadata
[52.684s][info][gc,phases      ] GC(159) Phase 5: Reset Metadata 1.118ms
[52.687s][info][gc,heap        ] GC(159) Eden regions: 1->0(54)
[52.687s][info][gc,heap        ] GC(159) Survivor regions: 0->0(7)
[52.687s][info][gc,heap        ] GC(159) Old regions: 9->9
[52.687s][info][gc,heap        ] GC(159) Humongous regions: 100->100
[52.687s][info][gc,metaspace   ] GC(159) Metaspace: 17698K(18112K)->17698K(18112K) NonClass: 15723K(15936K)->15723K(15936K) Class: 1974K(2176K)->1974K(2176K)
[52.687s][info][gc             ] GC(159) Pause Full (System.gc()) 208M->206M(382M) 12.138ms
[52.687s][info][gc,cpu         ] GC(159) User=0.02s Sys=0.00s Real=0.01s
[52.687s][info][gc,start       ] GC(160) Pause Young (Concurrent Start) (G1 Humongous Allocation)
[52.687s][info][gc,task        ] GC(160) Using 8 workers of 8 for evacuation
[52.689s][info][gc,phases      ] GC(160)   Pre Evacuate Collection Set: 0.1ms
[52.689s][info][gc,phases      ] GC(160)   Merge Heap Roots: 0.0ms
[52.689s][info][gc,phases      ] GC(160)   Evacuate Collection Set: 1.1ms
[52.689s][info][gc,phases      ] GC(160)   Post Evacuate Collection Set: 0.3ms
[52.689s][info][gc,phases      ] GC(160)   Other: 0.1ms
[52.689s][info][gc,heap        ] GC(160) Eden regions: 0->0(54)
[52.689s][info][gc,heap        ] GC(160) Survivor regions: 0->0(7)
[52.689s][info][gc,heap        ] GC(160) Old regions: 9->9
[52.689s][info][gc,heap        ] GC(160) Humongous regions: 100->100
[52.689s][info][gc,metaspace   ] GC(160) Metaspace: 17698K(18112K)->17698K(18112K) NonClass: 15723K(15936K)->15723K(15936K) Class: 1974K(2176K)->1974K(2176K)
[52.689s][info][gc             ] GC(160) Pause Young (Concurrent Start) (G1 Humongous Allocation) 206M->206M(382M) 2.031ms
[52.689s][info][gc,cpu         ] GC(160) User=0.00s Sys=0.00s Real=0.00s
[52.689s][info][gc             ] GC(161) Concurrent Mark Cycle
[52.689s][info][gc,marking     ] GC(161) Concurrent Scan Root Regions
[52.689s][info][gc,marking     ] GC(161) Concurrent Scan Root Regions 0.022ms
[52.689s][info][gc,marking     ] GC(161) Concurrent Mark
[52.689s][info][gc,marking     ] GC(161) Concurrent Mark From Roots
[52.689s][info][gc,task        ] GC(161) Using 2 workers of 2 for marking
[52.701s][info][gc,marking     ] GC(161) Concurrent Mark From Roots 11.634ms
[52.701s][info][gc,marking     ] GC(161) Concurrent Preclean
[52.701s][info][gc,marking     ] GC(161) Concurrent Preclean 0.218ms
[52.701s][info][gc,start       ] GC(161) Pause Remark
[52.702s][info][gc             ] GC(161) Pause Remark 328M->128M(382M) 1.059ms
[52.703s][info][gc,cpu         ] GC(161) User=0.00s Sys=0.00s Real=0.00s
[52.703s][info][gc,marking     ] GC(161) Concurrent Mark 13.301ms
[52.703s][info][gc,marking     ] GC(161) Concurrent Rebuild Remembered Sets and Scrub Regions
[52.706s][info][gc,marking     ] GC(161) Concurrent Rebuild Remembered Sets and Scrub Regions 3.668ms
[52.706s][info][gc,start       ] GC(161) Pause Cleanup
[52.707s][info][gc             ] GC(161) Pause Cleanup 166M->166M(382M) 0.211ms
[52.707s][info][gc,cpu         ] GC(161) User=0.00s Sys=0.00s Real=0.00s
[52.707s][info][gc,marking     ] GC(161) Concurrent Clear Claimed Marks
[52.707s][info][gc,marking     ] GC(161) Concurrent Clear Claimed Marks 0.075ms
[52.707s][info][gc,marking     ] GC(161) Concurrent Cleanup for Next Mark
[52.708s][info][gc,marking     ] GC(161) Concurrent Cleanup for Next Mark 0.940ms
[52.708s][info][gc             ] GC(161) Concurrent Mark Cycle 18.883ms
[53.712s][info][gc,start       ] GC(162) Pause Full (System.gc())
[53.712s][info][gc,task        ] GC(162) Using 8 workers of 8 for full compaction
[53.713s][info][gc,phases,start] GC(162) Phase 1: Mark live objects
[53.717s][info][gc,phases      ] GC(162) Phase 1: Mark live objects 3.765ms
[53.717s][info][gc,phases,start] GC(162) Phase 2: Prepare compaction
[53.717s][info][gc,phases      ] GC(162) Phase 2: Prepare compaction 0.486ms
[53.717s][info][gc,phases,start] GC(162) Phase 3: Adjust pointers
[53.720s][info][gc,phases      ] GC(162) Phase 3: Adjust pointers 2.562ms
[53.720s][info][gc,phases,start] GC(162) Phase 4: Compact heap
[53.720s][info][gc,phases      ] GC(162) Phase 4: Compact heap 0.390ms
[53.720s][info][gc,phases,start] GC(162) Phase 5: Reset Metadata
[53.721s][info][gc,phases      ] GC(162) Phase 5: Reset Metadata 1.109ms
[53.725s][info][gc,heap        ] GC(162) Eden regions: 2->0(54)
[53.725s][info][gc,heap        ] GC(162) Survivor regions: 0->0(7)
[53.725s][info][gc,heap        ] GC(162) Old regions: 9->10
[53.725s][info][gc,heap        ] GC(162) Humongous regions: 100->100
[53.725s][info][gc,metaspace   ] GC(162) Metaspace: 17727K(18176K)->17727K(18176K) NonClass: 15752K(16000K)->15752K(16000K) Class: 1975K(2176K)->1975K(2176K)
[53.725s][info][gc             ] GC(162) Pause Full (System.gc()) 209M->206M(382M) 12.907ms
[53.725s][info][gc,cpu         ] GC(162) User=0.00s Sys=0.11s Real=0.01s
[53.725s][info][gc,start       ] GC(163) Pause Young (Concurrent Start) (G1 Humongous Allocation)
[53.726s][info][gc,task        ] GC(163) Using 8 workers of 8 for evacuation
[53.727s][info][gc,phases      ] GC(163)   Pre Evacuate Collection Set: 0.2ms
[53.727s][info][gc,phases      ] GC(163)   Merge Heap Roots: 0.0ms
[53.727s][info][gc,phases      ] GC(163)   Evacuate Collection Set: 0.6ms
[53.727s][info][gc,phases      ] GC(163)   Post Evacuate Collection Set: 0.2ms
[53.727s][info][gc,phases      ] GC(163)   Other: 0.1ms
[53.727s][info][gc,heap        ] GC(163) Eden regions: 0->0(54)
[53.727s][info][gc,heap        ] GC(163) Survivor regions: 0->0(7)
[53.727s][info][gc,heap        ] GC(163) Old regions: 10->10
[53.727s][info][gc,heap        ] GC(163) Humongous regions: 100->100
[53.727s][info][gc,metaspace   ] GC(163) Metaspace: 17727K(18176K)->17727K(18176K) NonClass: 15752K(16000K)->15752K(16000K) Class: 1975K(2176K)->1975K(2176K)
[53.727s][info][gc             ] GC(163) Pause Young (Concurrent Start) (G1 Humongous Allocation) 206M->206M(382M) 1.452ms
[53.727s][info][gc,cpu         ] GC(163) User=0.00s Sys=0.00s Real=0.00s
[53.727s][info][gc             ] GC(164) Concurrent Mark Cycle
[53.727s][info][gc,marking     ] GC(164) Concurrent Scan Root Regions
[53.727s][info][gc,marking     ] GC(164) Concurrent Scan Root Regions 0.034ms
[53.727s][info][gc,marking     ] GC(164) Concurrent Mark
[53.727s][info][gc,marking     ] GC(164) Concurrent Mark From Roots
[53.727s][info][gc,task        ] GC(164) Using 2 workers of 2 for marking
[53.739s][info][gc,marking     ] GC(164) Concurrent Mark From Roots 12.253ms
[53.740s][info][gc,marking     ] GC(164) Concurrent Preclean
[53.740s][info][gc,marking     ] GC(164) Concurrent Preclean 0.196ms
[53.740s][info][gc,start       ] GC(164) Pause Remark
[53.741s][info][gc             ] GC(164) Pause Remark 354M->154M(382M) 1.391ms
[53.741s][info][gc,cpu         ] GC(164) User=0.00s Sys=0.00s Real=0.00s
[53.741s][info][gc,marking     ] GC(164) Concurrent Mark 14.313ms
[53.741s][info][gc,marking     ] GC(164) Concurrent Rebuild Remembered Sets and Scrub Regions
[53.746s][info][gc,marking     ] GC(164) Concurrent Rebuild Remembered Sets and Scrub Regions 4.083ms
[53.746s][info][gc,start       ] GC(164) Pause Cleanup
[53.746s][info][gc             ] GC(164) Pause Cleanup 207M->207M(382M) 0.280ms
[53.746s][info][gc,cpu         ] GC(164) User=0.00s Sys=0.00s Real=0.00s
[53.746s][info][gc,marking     ] GC(164) Concurrent Clear Claimed Marks
[53.746s][info][gc,marking     ] GC(164) Concurrent Clear Claimed Marks 0.058ms
[53.746s][info][gc,marking     ] GC(164) Concurrent Cleanup for Next Mark
[53.747s][info][gc,marking     ] GC(164) Concurrent Cleanup for Next Mark 0.897ms
[53.747s][info][gc             ] GC(164) Concurrent Mark Cycle 20.288ms
[54.748s][info][gc,start       ] GC(165) Pause Full (System.gc())
[54.748s][info][gc,task        ] GC(165) Using 8 workers of 8 for full compaction
[54.748s][info][gc,phases,start] GC(165) Phase 1: Mark live objects
[54.752s][info][gc,phases      ] GC(165) Phase 1: Mark live objects 3.770ms
[54.752s][info][gc,phases,start] GC(165) Phase 2: Prepare compaction
[54.752s][info][gc,phases      ] GC(165) Phase 2: Prepare compaction 0.438ms
[54.752s][info][gc,phases,start] GC(165) Phase 3: Adjust pointers
[54.754s][info][gc,phases      ] GC(165) Phase 3: Adjust pointers 2.053ms
[54.755s][info][gc,phases,start] GC(165) Phase 4: Compact heap
[54.755s][info][gc,phases      ] GC(165) Phase 4: Compact heap 0.311ms
[54.755s][info][gc,phases,start] GC(165) Phase 5: Reset Metadata
[54.756s][info][gc,phases      ] GC(165) Phase 5: Reset Metadata 0.561ms
[54.758s][info][gc,heap        ] GC(165) Eden regions: 1->0(54)
[54.758s][info][gc,heap        ] GC(165) Survivor regions: 0->0(7)
[54.758s][info][gc,heap        ] GC(165) Old regions: 10->9
[54.758s][info][gc,heap        ] GC(165) Humongous regions: 100->100
[54.758s][info][gc,metaspace   ] GC(165) Metaspace: 17728K(18176K)->17728K(18176K) NonClass: 15752K(16000K)->15752K(16000K) Class: 1975K(2176K)->1975K(2176K)
[54.758s][info][gc             ] GC(165) Pause Full (System.gc()) 208M->206M(382M) 10.278ms
[54.758s][info][gc,cpu         ] GC(165) User=0.00s Sys=0.00s Real=0.01s
[54.758s][info][gc,start       ] GC(166) Pause Young (Concurrent Start) (G1 Humongous Allocation)
[54.758s][info][gc,task        ] GC(166) Using 8 workers of 8 for evacuation
[54.759s][info][gc,phases      ] GC(166)   Pre Evacuate Collection Set: 0.1ms
[54.759s][info][gc,phases      ] GC(166)   Merge Heap Roots: 0.0ms
[54.759s][info][gc,phases      ] GC(166)   Evacuate Collection Set: 0.4ms
[54.759s][info][gc,phases      ] GC(166)   Post Evacuate Collection Set: 0.1ms
[54.759s][info][gc,phases      ] GC(166)   Other: 0.1ms
[54.759s][info][gc,heap        ] GC(166) Eden regions: 0->0(54)
[54.759s][info][gc,heap        ] GC(166) Survivor regions: 0->0(7)
[54.759s][info][gc,heap        ] GC(166) Old regions: 9->9
[54.759s][info][gc,heap        ] GC(166) Humongous regions: 100->100
[54.759s][info][gc,metaspace   ] GC(166) Metaspace: 17728K(18176K)->17728K(18176K) NonClass: 15752K(16000K)->15752K(16000K) Class: 1975K(2176K)->1975K(2176K)
[54.759s][info][gc             ] GC(166) Pause Young (Concurrent Start) (G1 Humongous Allocation) 206M->206M(382M) 0.955ms
[54.759s][info][gc,cpu         ] GC(166) User=0.00s Sys=0.00s Real=0.00s
[54.759s][info][gc             ] GC(167) Concurrent Mark Cycle
[54.759s][info][gc,marking     ] GC(167) Concurrent Scan Root Regions
[54.759s][info][gc,marking     ] GC(167) Concurrent Scan Root Regions 0.019ms
[54.759s][info][gc,marking     ] GC(167) Concurrent Mark
[54.759s][info][gc,marking     ] GC(167) Concurrent Mark From Roots
[54.759s][info][gc,task        ] GC(167) Using 2 workers of 2 for marking
[54.769s][info][gc,marking     ] GC(167) Concurrent Mark From Roots 9.958ms
[54.769s][info][gc,marking     ] GC(167) Concurrent Preclean
[54.769s][info][gc,marking     ] GC(167) Concurrent Preclean 0.162ms
[54.769s][info][gc,start       ] GC(167) Pause Remark
[54.770s][info][gc             ] GC(167) Pause Remark 334M->134M(382M) 0.921ms
[54.770s][info][gc,cpu         ] GC(167) User=0.00s Sys=0.00s Real=0.00s
[54.770s][info][gc,marking     ] GC(167) Concurrent Mark 11.388ms
[54.770s][info][gc,marking     ] GC(167) Concurrent Rebuild Remembered Sets and Scrub Regions
[54.774s][info][gc,marking     ] GC(167) Concurrent Rebuild Remembered Sets and Scrub Regions 3.094ms
[54.774s][info][gc,start       ] GC(167) Pause Cleanup
[54.774s][info][gc             ] GC(167) Pause Cleanup 184M->184M(382M) 0.132ms
[54.774s][info][gc,cpu         ] GC(167) User=0.00s Sys=0.00s Real=0.00s
[54.774s][info][gc,marking     ] GC(167) Concurrent Clear Claimed Marks
[54.774s][info][gc,marking     ] GC(167) Concurrent Clear Claimed Marks 0.058ms
[54.774s][info][gc,marking     ] GC(167) Concurrent Cleanup for Next Mark
[54.775s][info][gc,marking     ] GC(167) Concurrent Cleanup for Next Mark 0.712ms
[54.775s][info][gc             ] GC(167) Concurrent Mark Cycle 15.921ms
[55.776s][info][gc,start       ] GC(168) Pause Full (System.gc())
[55.776s][info][gc,task        ] GC(168) Using 8 workers of 8 for full compaction
[55.777s][info][gc,phases,start] GC(168) Phase 1: Mark live objects
[55.781s][info][gc,phases      ] GC(168) Phase 1: Mark live objects 4.474ms
[55.781s][info][gc,phases,start] GC(168) Phase 2: Prepare compaction
[55.782s][info][gc,phases      ] GC(168) Phase 2: Prepare compaction 0.541ms
[55.782s][info][gc,phases,start] GC(168) Phase 3: Adjust pointers
[55.785s][info][gc,phases      ] GC(168) Phase 3: Adjust pointers 2.810ms
[55.785s][info][gc,phases,start] GC(168) Phase 4: Compact heap
[55.785s][info][gc,phases      ] GC(168) Phase 4: Compact heap 0.449ms
[55.785s][info][gc,phases,start] GC(168) Phase 5: Reset Metadata
[55.786s][info][gc,phases      ] GC(168) Phase 5: Reset Metadata 0.865ms
[55.789s][info][gc,heap        ] GC(168) Eden regions: 2->0(54)
[55.789s][info][gc,heap        ] GC(168) Survivor regions: 0->0(7)
[55.789s][info][gc,heap        ] GC(168) Old regions: 9->10
[55.789s][info][gc,heap        ] GC(168) Humongous regions: 100->100
[55.789s][info][gc,metaspace   ] GC(168) Metaspace: 17739K(18176K)->17739K(18176K) NonClass: 15763K(16000K)->15763K(16000K) Class: 1975K(2176K)->1975K(2176K)
[55.789s][info][gc             ] GC(168) Pause Full (System.gc()) 209M->206M(382M) 12.806ms
[55.789s][info][gc,cpu         ] GC(168) User=0.09s Sys=0.00s Real=0.01s
[55.789s][info][gc,start       ] GC(169) Pause Young (Concurrent Start) (G1 Humongous Allocation)
[55.789s][info][gc,task        ] GC(169) Using 8 workers of 8 for evacuation
[55.790s][info][gc,phases      ] GC(169)   Pre Evacuate Collection Set: 0.1ms
[55.790s][info][gc,phases      ] GC(169)   Merge Heap Roots: 0.0ms
[55.790s][info][gc,phases      ] GC(169)   Evacuate Collection Set: 0.5ms
[55.790s][info][gc,phases      ] GC(169)   Post Evacuate Collection Set: 0.2ms
[55.790s][info][gc,phases      ] GC(169)   Other: 0.1ms
[55.790s][info][gc,heap        ] GC(169) Eden regions: 0->0(54)
[55.790s][info][gc,heap        ] GC(169) Survivor regions: 0->0(7)
[55.790s][info][gc,heap        ] GC(169) Old regions: 10->10
[55.790s][info][gc,heap        ] GC(169) Humongous regions: 100->100
[55.790s][info][gc,metaspace   ] GC(169) Metaspace: 17739K(18176K)->17739K(18176K) NonClass: 15763K(16000K)->15763K(16000K) Class: 1975K(2176K)->1975K(2176K)
[55.790s][info][gc             ] GC(169) Pause Young (Concurrent Start) (G1 Humongous Allocation) 206M->206M(382M) 1.209ms
[55.790s][info][gc             ] GC(170) Concurrent Mark Cycle
[55.790s][info][gc,cpu         ] GC(169) User=0.00s Sys=0.00s Real=0.00s
[55.791s][info][gc,marking     ] GC(170) Concurrent Scan Root Regions
[55.791s][info][gc,marking     ] GC(170) Concurrent Scan Root Regions 0.052ms
[55.791s][info][gc,marking     ] GC(170) Concurrent Mark
[55.791s][info][gc,marking     ] GC(170) Concurrent Mark From Roots
[55.791s][info][gc,task        ] GC(170) Using 2 workers of 2 for marking
[55.804s][info][gc,marking     ] GC(170) Concurrent Mark From Roots 13.312ms
[55.804s][info][gc,marking     ] GC(170) Concurrent Preclean
[55.804s][info][gc,marking     ] GC(170) Concurrent Preclean 0.209ms
[55.805s][info][gc,start       ] GC(170) Pause Remark
[55.806s][info][gc             ] GC(170) Pause Remark 352M->152M(382M) 1.740ms
[55.806s][info][gc,cpu         ] GC(170) User=0.00s Sys=0.00s Real=0.00s
[55.806s][info][gc,marking     ] GC(170) Concurrent Mark 15.829ms
[55.806s][info][gc,marking     ] GC(170) Concurrent Rebuild Remembered Sets and Scrub Regions
[55.811s][info][gc,marking     ] GC(170) Concurrent Rebuild Remembered Sets and Scrub Regions 4.862ms
[55.811s][info][gc,start       ] GC(170) Pause Cleanup
[55.812s][info][gc             ] GC(170) Pause Cleanup 207M->207M(382M) 0.161ms
[55.812s][info][gc,cpu         ] GC(170) User=0.00s Sys=0.00s Real=0.00s
[55.812s][info][gc,marking     ] GC(170) Concurrent Clear Claimed Marks
[55.812s][info][gc,marking     ] GC(170) Concurrent Clear Claimed Marks 0.057ms
[55.812s][info][gc,marking     ] GC(170) Concurrent Cleanup for Next Mark
[55.812s][info][gc,marking     ] GC(170) Concurrent Cleanup for Next Mark 0.560ms
[55.813s][info][gc             ] GC(170) Concurrent Mark Cycle 22.032ms
[56.814s][info][gc,start       ] GC(171) Pause Full (System.gc())
[56.814s][info][gc,task        ] GC(171) Using 8 workers of 8 for full compaction
[56.815s][info][gc,phases,start] GC(171) Phase 1: Mark live objects
[56.820s][info][gc,phases      ] GC(171) Phase 1: Mark live objects 4.924ms
[56.820s][info][gc,phases,start] GC(171) Phase 2: Prepare compaction
[56.820s][info][gc,phases      ] GC(171) Phase 2: Prepare compaction 0.467ms
[56.821s][info][gc,phases,start] GC(171) Phase 3: Adjust pointers
[56.826s][info][gc,phases      ] GC(171) Phase 3: Adjust pointers 5.394ms
[56.826s][info][gc,phases,start] GC(171) Phase 4: Compact heap
[56.827s][info][gc,phases      ] GC(171) Phase 4: Compact heap 0.537ms
[56.827s][info][gc,phases,start] GC(171) Phase 5: Reset Metadata
[56.828s][info][gc,phases      ] GC(171) Phase 5: Reset Metadata 1.155ms
[56.832s][info][gc,heap        ] GC(171) Eden regions: 2->0(54)
[56.832s][info][gc,heap        ] GC(171) Survivor regions: 0->0(7)
[56.832s][info][gc,heap        ] GC(171) Old regions: 10->10
[56.832s][info][gc,heap        ] GC(171) Humongous regions: 100->100
[56.832s][info][gc,metaspace   ] GC(171) Metaspace: 17742K(18176K)->17742K(18176K) NonClass: 15766K(16000K)->15766K(16000K) Class: 1975K(2176K)->1975K(2176K)
[56.832s][info][gc             ] GC(171) Pause Full (System.gc()) 210M->206M(382M) 18.204ms
[56.832s][info][gc,cpu         ] GC(171) User=0.03s Sys=0.00s Real=0.02s
[56.832s][info][gc,start       ] GC(172) Pause Young (Concurrent Start) (G1 Humongous Allocation)
[56.833s][info][gc,task        ] GC(172) Using 8 workers of 8 for evacuation
[56.833s][info][gc,phases      ] GC(172)   Pre Evacuate Collection Set: 0.1ms
[56.833s][info][gc,phases      ] GC(172)   Merge Heap Roots: 0.0ms
[56.833s][info][gc,phases      ] GC(172)   Evacuate Collection Set: 0.5ms
[56.833s][info][gc,phases      ] GC(172)   Post Evacuate Collection Set: 0.1ms
[56.834s][info][gc,phases      ] GC(172)   Other: 0.1ms
[56.834s][info][gc,heap        ] GC(172) Eden regions: 0->0(54)
[56.834s][info][gc,heap        ] GC(172) Survivor regions: 0->0(7)
[56.834s][info][gc,heap        ] GC(172) Old regions: 10->10
[56.834s][info][gc,heap        ] GC(172) Humongous regions: 100->100
[56.834s][info][gc,metaspace   ] GC(172) Metaspace: 17742K(18176K)->17742K(18176K) NonClass: 15766K(16000K)->15766K(16000K) Class: 1975K(2176K)->1975K(2176K)
[56.835s][info][gc             ] GC(172) Pause Young (Concurrent Start) (G1 Humongous Allocation) 206M->206M(382M) 2.422ms
[56.835s][info][gc,cpu         ] GC(172) User=0.00s Sys=0.00s Real=0.00s
[56.835s][info][gc             ] GC(173) Concurrent Mark Cycle
[56.835s][info][gc,marking     ] GC(173) Concurrent Scan Root Regions
[56.835s][info][gc,marking     ] GC(173) Concurrent Scan Root Regions 0.027ms
[56.835s][info][gc,marking     ] GC(173) Concurrent Mark
[56.835s][info][gc,marking     ] GC(173) Concurrent Mark From Roots
[56.835s][info][gc,task        ] GC(173) Using 2 workers of 2 for marking
[56.847s][info][gc,marking     ] GC(173) Concurrent Mark From Roots 12.069ms
[56.847s][info][gc,marking     ] GC(173) Concurrent Preclean
[56.848s][info][gc,marking     ] GC(173) Concurrent Preclean 0.210ms
[56.848s][info][gc,start       ] GC(173) Pause Remark
[56.849s][info][gc             ] GC(173) Pause Remark 262M->62M(254M) 1.181ms
[56.849s][info][gc,cpu         ] GC(173) User=0.00s Sys=0.00s Real=0.00s
[56.849s][info][gc,marking     ] GC(173) Concurrent Mark 13.851ms
[56.849s][info][gc,marking     ] GC(173) Concurrent Rebuild Remembered Sets and Scrub Regions
[56.853s][info][gc,marking     ] GC(173) Concurrent Rebuild Remembered Sets and Scrub Regions 3.600ms
[56.853s][info][gc,start       ] GC(173) Pause Cleanup
[56.853s][info][gc             ] GC(173) Pause Cleanup 106M->106M(254M) 0.139ms
[56.853s][info][gc,cpu         ] GC(173) User=0.00s Sys=0.00s Real=0.00s
[56.853s][info][gc,marking     ] GC(173) Concurrent Clear Claimed Marks
[56.853s][info][gc,marking     ] GC(173) Concurrent Clear Claimed Marks 0.071ms
[56.853s][info][gc,marking     ] GC(173) Concurrent Cleanup for Next Mark
[56.854s][info][gc,marking     ] GC(173) Concurrent Cleanup for Next Mark 0.708ms
[56.854s][info][gc             ] GC(173) Concurrent Mark Cycle 18.990ms
[57.863s][info][gc,start       ] GC(174) Pause Full (System.gc())
[57.864s][info][gc,task        ] GC(174) Using 7 workers of 8 for full compaction
[57.864s][info][gc,phases,start] GC(174) Phase 1: Mark live objects
[57.869s][info][gc,phases      ] GC(174) Phase 1: Mark live objects 4.784ms
[57.869s][info][gc,phases,start] GC(174) Phase 2: Prepare compaction
[57.869s][info][gc,phases      ] GC(174) Phase 2: Prepare compaction 0.460ms
[57.869s][info][gc,phases,start] GC(174) Phase 3: Adjust pointers
[57.872s][info][gc,phases      ] GC(174) Phase 3: Adjust pointers 2.643ms
[57.872s][info][gc,phases,start] GC(174) Phase 4: Compact heap
[57.872s][info][gc,phases      ] GC(174) Phase 4: Compact heap 0.403ms
[57.873s][info][gc,phases,start] GC(174) Phase 5: Reset Metadata
[57.873s][info][gc,phases      ] GC(174) Phase 5: Reset Metadata 0.820ms
[57.875s][info][gc,heap        ] GC(174) Eden regions: 1->0(48)
[57.876s][info][gc,heap        ] GC(174) Survivor regions: 0->0(7)
[57.876s][info][gc,heap        ] GC(174) Old regions: 10->9
[57.876s][info][gc,heap        ] GC(174) Humongous regions: 100->100
[57.876s][info][gc,metaspace   ] GC(174) Metaspace: 17757K(18176K)->17757K(18176K) NonClass: 15781K(16000K)->15781K(16000K) Class: 1975K(2176K)->1975K(2176K)
[57.876s][info][gc             ] GC(174) Pause Full (System.gc()) 208M->206M(364M) 12.242ms
[57.876s][info][gc,cpu         ] GC(174) User=0.02s Sys=0.00s Real=0.01s
[57.876s][info][gc,start       ] GC(175) Pause Young (Concurrent Start) (G1 Humongous Allocation)
[57.876s][info][gc,task        ] GC(175) Using 8 workers of 8 for evacuation
[57.877s][info][gc,phases      ] GC(175)   Pre Evacuate Collection Set: 0.1ms
[57.877s][info][gc,phases      ] GC(175)   Merge Heap Roots: 0.0ms
[57.877s][info][gc,phases      ] GC(175)   Evacuate Collection Set: 0.5ms
[57.877s][info][gc,phases      ] GC(175)   Post Evacuate Collection Set: 0.2ms
[57.877s][info][gc,phases      ] GC(175)   Other: 0.1ms
[57.877s][info][gc,heap        ] GC(175) Eden regions: 0->0(48)
[57.877s][info][gc,heap        ] GC(175) Survivor regions: 0->0(6)
[57.877s][info][gc,heap        ] GC(175) Old regions: 9->9
[57.877s][info][gc,heap        ] GC(175) Humongous regions: 100->100
[57.877s][info][gc,metaspace   ] GC(175) Metaspace: 17757K(18176K)->17757K(18176K) NonClass: 15781K(16000K)->15781K(16000K) Class: 1975K(2176K)->1975K(2176K)
[57.877s][info][gc             ] GC(175) Pause Young (Concurrent Start) (G1 Humongous Allocation) 206M->206M(364M) 1.272ms
[57.877s][info][gc,cpu         ] GC(175) User=0.00s Sys=0.00s Real=0.00s
[57.877s][info][gc             ] GC(176) Concurrent Mark Cycle
[57.877s][info][gc,marking     ] GC(176) Concurrent Scan Root Regions
[57.877s][info][gc,marking     ] GC(176) Concurrent Scan Root Regions 0.027ms
[57.877s][info][gc,marking     ] GC(176) Concurrent Mark
[57.877s][info][gc,marking     ] GC(176) Concurrent Mark From Roots
[57.877s][info][gc,task        ] GC(176) Using 2 workers of 2 for marking
[57.887s][info][gc,marking     ] GC(176) Concurrent Mark From Roots 9.248ms
[57.887s][info][gc,marking     ] GC(176) Concurrent Preclean
[57.887s][info][gc,marking     ] GC(176) Concurrent Preclean 0.151ms
[57.887s][info][gc,start       ] GC(176) Pause Remark
[57.888s][info][gc             ] GC(176) Pause Remark 278M->78M(300M) 1.186ms
[57.888s][info][gc,cpu         ] GC(176) User=0.00s Sys=0.00s Real=0.00s
[57.888s][info][gc,marking     ] GC(176) Concurrent Mark 11.187ms
[57.888s][info][gc,marking     ] GC(176) Concurrent Rebuild Remembered Sets and Scrub Regions
[57.892s][info][gc,marking     ] GC(176) Concurrent Rebuild Remembered Sets and Scrub Regions 3.614ms
[57.892s][info][gc,start       ] GC(176) Pause Cleanup
[57.893s][info][gc             ] GC(176) Pause Cleanup 120M->120M(300M) 0.164ms
[57.893s][info][gc,cpu         ] GC(176) User=0.00s Sys=0.00s Real=0.00s
[57.893s][info][gc,marking     ] GC(176) Concurrent Clear Claimed Marks
[57.893s][info][gc,marking     ] GC(176) Concurrent Clear Claimed Marks 0.060ms
[57.893s][info][gc,marking     ] GC(176) Concurrent Cleanup for Next Mark
[57.893s][info][gc,marking     ] GC(176) Concurrent Cleanup for Next Mark 0.710ms
[57.894s][info][gc             ] GC(176) Concurrent Mark Cycle 16.449ms
[58.901s][info][gc,start       ] GC(177) Pause Full (System.gc())
[58.901s][info][gc,task        ] GC(177) Using 7 workers of 8 for full compaction
[58.901s][info][gc,phases,start] GC(177) Phase 1: Mark live objects
[58.905s][info][gc,phases      ] GC(177) Phase 1: Mark live objects 3.742ms
[58.905s][info][gc,phases,start] GC(177) Phase 2: Prepare compaction
[58.906s][info][gc,phases      ] GC(177) Phase 2: Prepare compaction 0.386ms
[58.906s][info][gc,phases,start] GC(177) Phase 3: Adjust pointers
[58.908s][info][gc,phases      ] GC(177) Phase 3: Adjust pointers 2.334ms
[58.908s][info][gc,phases,start] GC(177) Phase 4: Compact heap
[58.908s][info][gc,phases      ] GC(177) Phase 4: Compact heap 0.284ms
[58.908s][info][gc,phases,start] GC(177) Phase 5: Reset Metadata
[58.909s][info][gc,phases      ] GC(177) Phase 5: Reset Metadata 0.669ms
[58.911s][info][gc,heap        ] GC(177) Eden regions: 1->0(48)
[58.911s][info][gc,heap        ] GC(177) Survivor regions: 0->0(6)
[58.911s][info][gc,heap        ] GC(177) Old regions: 9->9
[58.911s][info][gc,heap        ] GC(177) Humongous regions: 100->100
[58.911s][info][gc,metaspace   ] GC(177) Metaspace: 17759K(18176K)->17759K(18176K) NonClass: 15783K(16000K)->15783K(16000K) Class: 1975K(2176K)->1975K(2176K)
[58.911s][info][gc             ] GC(177) Pause Full (System.gc()) 208M->206M(364M) 10.190ms
[58.911s][info][gc,cpu         ] GC(177) User=0.11s Sys=0.00s Real=0.01s
[58.911s][info][gc,start       ] GC(178) Pause Young (Concurrent Start) (G1 Humongous Allocation)
[58.911s][info][gc,task        ] GC(178) Using 8 workers of 8 for evacuation
[58.912s][info][gc,phases      ] GC(178)   Pre Evacuate Collection Set: 0.1ms
[58.912s][info][gc,phases      ] GC(178)   Merge Heap Roots: 0.0ms
[58.912s][info][gc,phases      ] GC(178)   Evacuate Collection Set: 0.3ms
[58.912s][info][gc,phases      ] GC(178)   Post Evacuate Collection Set: 0.1ms
[58.912s][info][gc,phases      ] GC(178)   Other: 0.1ms
[58.912s][info][gc,heap        ] GC(178) Eden regions: 0->0(48)
[58.912s][info][gc,heap        ] GC(178) Survivor regions: 0->0(6)
[58.912s][info][gc,heap        ] GC(178) Old regions: 9->9
[58.912s][info][gc,heap        ] GC(178) Humongous regions: 100->100
[58.912s][info][gc,metaspace   ] GC(178) Metaspace: 17759K(18176K)->17759K(18176K) NonClass: 15783K(16000K)->15783K(16000K) Class: 1975K(2176K)->1975K(2176K)
[58.912s][info][gc             ] GC(178) Pause Young (Concurrent Start) (G1 Humongous Allocation) 206M->206M(364M) 0.850ms
[58.912s][info][gc,cpu         ] GC(178) User=0.00s Sys=0.00s Real=0.00s
[58.912s][info][gc             ] GC(179) Concurrent Mark Cycle
[58.912s][info][gc,marking     ] GC(179) Concurrent Scan Root Regions
[58.912s][info][gc,marking     ] GC(179) Concurrent Scan Root Regions 0.017ms
[58.912s][info][gc,marking     ] GC(179) Concurrent Mark
[58.912s][info][gc,marking     ] GC(179) Concurrent Mark From Roots
[58.912s][info][gc,task        ] GC(179) Using 2 workers of 2 for marking
[58.920s][info][gc,marking     ] GC(179) Concurrent Mark From Roots 7.388ms
[58.920s][info][gc,marking     ] GC(179) Concurrent Preclean
[58.920s][info][gc,marking     ] GC(179) Concurrent Preclean 0.168ms
[58.920s][info][gc,start       ] GC(179) Pause Remark
[58.921s][info][gc             ] GC(179) Pause Remark 304M->104M(364M) 1.026ms
[58.921s][info][gc,cpu         ] GC(179) User=0.00s Sys=0.00s Real=0.00s
[58.921s][info][gc,marking     ] GC(179) Concurrent Mark 9.083ms
[58.921s][info][gc,marking     ] GC(179) Concurrent Rebuild Remembered Sets and Scrub Regions
[58.926s][info][gc,marking     ] GC(179) Concurrent Rebuild Remembered Sets and Scrub Regions 4.405ms
[58.926s][info][gc,start       ] GC(179) Pause Cleanup
[58.926s][info][gc             ] GC(179) Pause Cleanup 160M->160M(364M) 0.169ms
[58.926s][info][gc,cpu         ] GC(179) User=0.00s Sys=0.00s Real=0.00s
[58.926s][info][gc,marking     ] GC(179) Concurrent Clear Claimed Marks
[58.926s][info][gc,marking     ] GC(179) Concurrent Clear Claimed Marks 0.077ms
[58.926s][info][gc,marking     ] GC(179) Concurrent Cleanup for Next Mark
[58.928s][info][gc,marking     ] GC(179) Concurrent Cleanup for Next Mark 1.245ms
[58.928s][info][gc             ] GC(179) Concurrent Mark Cycle 15.583ms
[59.932s][info][gc,start       ] GC(180) Pause Full (System.gc())
[59.932s][info][gc,task        ] GC(180) Using 8 workers of 8 for full compaction
[59.932s][info][gc,phases,start] GC(180) Phase 1: Mark live objects
[59.936s][info][gc,phases      ] GC(180) Phase 1: Mark live objects 3.566ms
[59.936s][info][gc,phases,start] GC(180) Phase 2: Prepare compaction
[59.936s][info][gc,phases      ] GC(180) Phase 2: Prepare compaction 0.358ms
[59.936s][info][gc,phases,start] GC(180) Phase 3: Adjust pointers
[59.938s][info][gc,phases      ] GC(180) Phase 3: Adjust pointers 1.839ms
[59.938s][info][gc,phases,start] GC(180) Phase 4: Compact heap
[59.938s][info][gc,phases      ] GC(180) Phase 4: Compact heap 0.317ms
[59.938s][info][gc,phases,start] GC(180) Phase 5: Reset Metadata
[59.939s][info][gc,phases      ] GC(180) Phase 5: Reset Metadata 0.626ms
[59.941s][info][gc,heap        ] GC(180) Eden regions: 1->0(48)
[59.941s][info][gc,heap        ] GC(180) Survivor regions: 0->0(6)
[59.941s][info][gc,heap        ] GC(180) Old regions: 9->9
[59.941s][info][gc,heap        ] GC(180) Humongous regions: 100->100
[59.941s][info][gc,metaspace   ] GC(180) Metaspace: 17759K(18176K)->17759K(18176K) NonClass: 15783K(16000K)->15783K(16000K) Class: 1975K(2176K)->1975K(2176K)
[59.941s][info][gc             ] GC(180) Pause Full (System.gc()) 208M->206M(364M) 9.641ms
[59.941s][info][gc,cpu         ] GC(180) User=0.08s Sys=0.00s Real=0.01s
[59.942s][info][gc,start       ] GC(181) Pause Young (Concurrent Start) (G1 Humongous Allocation)
[59.942s][info][gc,task        ] GC(181) Using 8 workers of 8 for evacuation
[59.942s][info][gc,phases      ] GC(181)   Pre Evacuate Collection Set: 0.1ms
[59.942s][info][gc,phases      ] GC(181)   Merge Heap Roots: 0.0ms
[59.942s][info][gc,phases      ] GC(181)   Evacuate Collection Set: 0.4ms
[59.942s][info][gc,phases      ] GC(181)   Post Evacuate Collection Set: 0.2ms
[59.942s][info][gc,phases      ] GC(181)   Other: 0.1ms
[59.942s][info][gc,heap        ] GC(181) Eden regions: 0->0(48)
[59.942s][info][gc,heap        ] GC(181) Survivor regions: 0->0(6)
[59.942s][info][gc,heap        ] GC(181) Old regions: 9->9
[59.942s][info][gc,heap        ] GC(181) Humongous regions: 100->100
[59.942s][info][gc,metaspace   ] GC(181) Metaspace: 17759K(18176K)->17759K(18176K) NonClass: 15783K(16000K)->15783K(16000K) Class: 1975K(2176K)->1975K(2176K)
[59.942s][info][gc             ] GC(181) Pause Young (Concurrent Start) (G1 Humongous Allocation) 206M->206M(364M) 0.972ms
[59.942s][info][gc,cpu         ] GC(181) User=0.00s Sys=0.00s Real=0.00s
[59.943s][info][gc             ] GC(182) Concurrent Mark Cycle
[59.943s][info][gc,marking     ] GC(182) Concurrent Scan Root Regions
[59.943s][info][gc,marking     ] GC(182) Concurrent Scan Root Regions 0.018ms
[59.943s][info][gc,marking     ] GC(182) Concurrent Mark
[59.943s][info][gc,marking     ] GC(182) Concurrent Mark From Roots
[59.943s][info][gc,task        ] GC(182) Using 2 workers of 2 for marking
[59.953s][info][gc,marking     ] GC(182) Concurrent Mark From Roots 10.245ms
[59.953s][info][gc,marking     ] GC(182) Concurrent Preclean
[59.953s][info][gc,marking     ] GC(182) Concurrent Preclean 0.154ms
[59.953s][info][gc,start       ] GC(182) Pause Remark
[59.955s][info][gc             ] GC(182) Pause Remark 318M->118M(364M) 1.349ms
[59.955s][info][gc,cpu         ] GC(182) User=0.00s Sys=0.00s Real=0.00s
[59.955s][info][gc,marking     ] GC(182) Concurrent Mark 12.133ms
[59.955s][info][gc,marking     ] GC(182) Concurrent Rebuild Remembered Sets and Scrub Regions
[59.959s][info][gc,marking     ] GC(182) Concurrent Rebuild Remembered Sets and Scrub Regions 4.347ms
[59.959s][info][gc,start       ] GC(182) Pause Cleanup
[59.960s][info][gc             ] GC(182) Pause Cleanup 160M->160M(364M) 0.158ms
[59.960s][info][gc,cpu         ] GC(182) User=0.00s Sys=0.00s Real=0.00s
[59.960s][info][gc,marking     ] GC(182) Concurrent Clear Claimed Marks
[59.960s][info][gc,marking     ] GC(182) Concurrent Clear Claimed Marks 0.087ms
[59.960s][info][gc,marking     ] GC(182) Concurrent Cleanup for Next Mark
[59.961s][info][gc,marking     ] GC(182) Concurrent Cleanup for Next Mark 0.877ms
[59.961s][info][gc             ] GC(182) Concurrent Mark Cycle 18.354ms
[60.966s][info][gc,start       ] GC(183) Pause Full (System.gc())
[60.966s][info][gc,task        ] GC(183) Using 8 workers of 8 for full compaction
[60.966s][info][gc,phases,start] GC(183) Phase 1: Mark live objects
[60.970s][info][gc,phases      ] GC(183) Phase 1: Mark live objects 4.305ms
[60.970s][info][gc,phases,start] GC(183) Phase 2: Prepare compaction
[60.971s][info][gc,phases      ] GC(183) Phase 2: Prepare compaction 0.424ms
[60.971s][info][gc,phases,start] GC(183) Phase 3: Adjust pointers
[60.974s][info][gc,phases      ] GC(183) Phase 3: Adjust pointers 2.636ms
[60.974s][info][gc,phases,start] GC(183) Phase 4: Compact heap
[60.974s][info][gc,phases      ] GC(183) Phase 4: Compact heap 0.417ms
[60.974s][info][gc,phases,start] GC(183) Phase 5: Reset Metadata
[60.975s][info][gc,phases      ] GC(183) Phase 5: Reset Metadata 0.572ms
[60.977s][info][gc,heap        ] GC(183) Eden regions: 1->0(48)
[60.977s][info][gc,heap        ] GC(183) Survivor regions: 0->0(6)
[60.977s][info][gc,heap        ] GC(183) Old regions: 9->9
[60.977s][info][gc,heap        ] GC(183) Humongous regions: 100->100
[60.977s][info][gc,metaspace   ] GC(183) Metaspace: 17762K(18176K)->17762K(18176K) NonClass: 15786K(16000K)->15786K(16000K) Class: 1975K(2176K)->1975K(2176K)
[60.977s][info][gc             ] GC(183) Pause Full (System.gc()) 208M->206M(364M) 11.698ms
[60.977s][info][gc,cpu         ] GC(183) User=0.00s Sys=0.00s Real=0.01s
[60.978s][info][gc,start       ] GC(184) Pause Young (Concurrent Start) (G1 Humongous Allocation)
[60.978s][info][gc,task        ] GC(184) Using 8 workers of 8 for evacuation
[60.978s][info][gc,phases      ] GC(184)   Pre Evacuate Collection Set: 0.1ms
[60.978s][info][gc,phases      ] GC(184)   Merge Heap Roots: 0.0ms
[60.978s][info][gc,phases      ] GC(184)   Evacuate Collection Set: 0.3ms
[60.978s][info][gc,phases      ] GC(184)   Post Evacuate Collection Set: 0.2ms
[60.978s][info][gc,phases      ] GC(184)   Other: 0.1ms
[60.978s][info][gc,heap        ] GC(184) Eden regions: 0->0(48)
[60.979s][info][gc,heap        ] GC(184) Survivor regions: 0->0(6)
[60.979s][info][gc,heap        ] GC(184) Old regions: 9->9
[60.979s][info][gc,heap        ] GC(184) Humongous regions: 100->100
[60.979s][info][gc,metaspace   ] GC(184) Metaspace: 17762K(18176K)->17762K(18176K) NonClass: 15786K(16000K)->15786K(16000K) Class: 1975K(2176K)->1975K(2176K)
[60.979s][info][gc             ] GC(184) Pause Young (Concurrent Start) (G1 Humongous Allocation) 206M->206M(364M) 1.057ms
[60.979s][info][gc             ] GC(185) Concurrent Mark Cycle
[60.979s][info][gc,cpu         ] GC(184) User=0.00s Sys=0.00s Real=0.00s
[60.979s][info][gc,marking     ] GC(185) Concurrent Scan Root Regions
[60.979s][info][gc,marking     ] GC(185) Concurrent Scan Root Regions 0.047ms
[60.979s][info][gc,marking     ] GC(185) Concurrent Mark
[60.979s][info][gc,marking     ] GC(185) Concurrent Mark From Roots
[60.979s][info][gc,task        ] GC(185) Using 2 workers of 2 for marking
[60.990s][info][gc,marking     ] GC(185) Concurrent Mark From Roots 11.126ms
[60.990s][info][gc,marking     ] GC(185) Concurrent Preclean
[60.991s][info][gc,marking     ] GC(185) Concurrent Preclean 0.405ms
[60.991s][info][gc,start       ] GC(185) Pause Remark
[60.993s][info][gc             ] GC(185) Pause Remark 332M->132M(364M) 1.512ms
[60.993s][info][gc,cpu         ] GC(185) User=0.00s Sys=0.00s Real=0.00s
[60.993s][info][gc,marking     ] GC(185) Concurrent Mark 14.163ms
[60.993s][info][gc,marking     ] GC(185) Concurrent Rebuild Remembered Sets and Scrub Regions
[60.998s][info][gc,marking     ] GC(185) Concurrent Rebuild Remembered Sets and Scrub Regions 5.242ms
[60.999s][info][gc,start       ] GC(185) Pause Cleanup
[60.999s][info][gc             ] GC(185) Pause Cleanup 190M->190M(364M) 0.233ms
[60.999s][info][gc,cpu         ] GC(185) User=0.00s Sys=0.00s Real=0.00s
[60.999s][info][gc,marking     ] GC(185) Concurrent Clear Claimed Marks
[60.999s][info][gc,marking     ] GC(185) Concurrent Clear Claimed Marks 0.076ms
[60.999s][info][gc,marking     ] GC(185) Concurrent Cleanup for Next Mark
[61.000s][info][gc,marking     ] GC(185) Concurrent Cleanup for Next Mark 0.840ms
[61.000s][info][gc             ] GC(185) Concurrent Mark Cycle 21.632ms
[62.001s][info][gc,start       ] GC(186) Pause Full (System.gc())
[62.001s][info][gc,task        ] GC(186) Using 8 workers of 8 for full compaction
[62.002s][info][gc,phases,start] GC(186) Phase 1: Mark live objects
[62.006s][info][gc,phases      ] GC(186) Phase 1: Mark live objects 4.178ms
[62.006s][info][gc,phases,start] GC(186) Phase 2: Prepare compaction
[62.006s][info][gc,phases      ] GC(186) Phase 2: Prepare compaction 0.394ms
[62.006s][info][gc,phases,start] GC(186) Phase 3: Adjust pointers
[62.009s][info][gc,phases      ] GC(186) Phase 3: Adjust pointers 2.250ms
[62.009s][info][gc,phases,start] GC(186) Phase 4: Compact heap
[62.009s][info][gc,phases      ] GC(186) Phase 4: Compact heap 0.370ms
[62.009s][info][gc,phases,start] GC(186) Phase 5: Reset Metadata
[62.010s][info][gc,phases      ] GC(186) Phase 5: Reset Metadata 0.622ms
[62.012s][info][gc,heap        ] GC(186) Eden regions: 1->0(48)
[62.012s][info][gc,heap        ] GC(186) Survivor regions: 0->0(6)
[62.012s][info][gc,heap        ] GC(186) Old regions: 9->9
[62.012s][info][gc,heap        ] GC(186) Humongous regions: 100->100
[62.013s][info][gc,metaspace   ] GC(186) Metaspace: 17773K(18176K)->17773K(18176K) NonClass: 15797K(16000K)->15797K(16000K) Class: 1975K(2176K)->1975K(2176K)
[62.013s][info][gc             ] GC(186) Pause Full (System.gc()) 208M->206M(364M) 11.184ms
[62.013s][info][gc,cpu         ] GC(186) User=0.00s Sys=0.02s Real=0.01s
[62.013s][info][gc,start       ] GC(187) Pause Young (Concurrent Start) (G1 Humongous Allocation)
[62.013s][info][gc,task        ] GC(187) Using 8 workers of 8 for evacuation
[62.014s][info][gc,phases      ] GC(187)   Pre Evacuate Collection Set: 0.1ms
[62.014s][info][gc,phases      ] GC(187)   Merge Heap Roots: 0.0ms
[62.014s][info][gc,phases      ] GC(187)   Evacuate Collection Set: 0.6ms
[62.014s][info][gc,phases      ] GC(187)   Post Evacuate Collection Set: 0.3ms
[62.014s][info][gc,phases      ] GC(187)   Other: 0.1ms
[62.014s][info][gc,heap        ] GC(187) Eden regions: 0->0(48)
[62.014s][info][gc,heap        ] GC(187) Survivor regions: 0->0(6)
[62.014s][info][gc,heap        ] GC(187) Old regions: 9->9
[62.014s][info][gc,heap        ] GC(187) Humongous regions: 100->100
[62.014s][info][gc,metaspace   ] GC(187) Metaspace: 17773K(18176K)->17773K(18176K) NonClass: 15797K(16000K)->15797K(16000K) Class: 1975K(2176K)->1975K(2176K)
[62.014s][info][gc             ] GC(187) Pause Young (Concurrent Start) (G1 Humongous Allocation) 206M->206M(364M) 1.506ms
[62.014s][info][gc,cpu         ] GC(187) User=0.00s Sys=0.00s Real=0.00s
[62.014s][info][gc             ] GC(188) Concurrent Mark Cycle
[62.014s][info][gc,marking     ] GC(188) Concurrent Scan Root Regions
[62.014s][info][gc,marking     ] GC(188) Concurrent Scan Root Regions 0.021ms
[62.014s][info][gc,marking     ] GC(188) Concurrent Mark
[62.014s][info][gc,marking     ] GC(188) Concurrent Mark From Roots
[62.014s][info][gc,task        ] GC(188) Using 2 workers of 2 for marking
[62.026s][info][gc,marking     ] GC(188) Concurrent Mark From Roots 11.158ms
[62.026s][info][gc,marking     ] GC(188) Concurrent Preclean
[62.026s][info][gc,marking     ] GC(188) Concurrent Preclean 0.138ms
[62.026s][info][gc,start       ] GC(188) Pause Remark
[62.027s][info][gc             ] GC(188) Pause Remark 336M->136M(364M) 1.234ms
[62.027s][info][gc,cpu         ] GC(188) User=0.00s Sys=0.00s Real=0.00s
[62.027s][info][gc,marking     ] GC(188) Concurrent Mark 13.073ms
[62.027s][info][gc,marking     ] GC(188) Concurrent Rebuild Remembered Sets and Scrub Regions
[62.032s][info][gc,marking     ] GC(188) Concurrent Rebuild Remembered Sets and Scrub Regions 4.160ms
[62.032s][info][gc,start       ] GC(188) Pause Cleanup
[62.032s][info][gc             ] GC(188) Pause Cleanup 192M->192M(364M) 0.137ms
[62.032s][info][gc,cpu         ] GC(188) User=0.00s Sys=0.00s Real=0.00s
[62.032s][info][gc,marking     ] GC(188) Concurrent Clear Claimed Marks
[62.032s][info][gc,marking     ] GC(188) Concurrent Clear Claimed Marks 0.069ms
[62.032s][info][gc,marking     ] GC(188) Concurrent Cleanup for Next Mark
[62.033s][info][gc,marking     ] GC(188) Concurrent Cleanup for Next Mark 0.959ms
[62.033s][info][gc             ] GC(188) Concurrent Mark Cycle 19.108ms
[63.035s][info][gc,start       ] GC(189) Pause Full (System.gc())
[63.035s][info][gc,task        ] GC(189) Using 8 workers of 8 for full compaction
[63.036s][info][gc,phases,start] GC(189) Phase 1: Mark live objects
[63.040s][info][gc,phases      ] GC(189) Phase 1: Mark live objects 4.203ms
[63.040s][info][gc,phases,start] GC(189) Phase 2: Prepare compaction
[63.040s][info][gc,phases      ] GC(189) Phase 2: Prepare compaction 0.402ms
[63.040s][info][gc,phases,start] GC(189) Phase 3: Adjust pointers
[63.043s][info][gc,phases      ] GC(189) Phase 3: Adjust pointers 2.296ms
[63.043s][info][gc,phases,start] GC(189) Phase 4: Compact heap
[63.043s][info][gc,phases      ] GC(189) Phase 4: Compact heap 0.292ms
[63.043s][info][gc,phases,start] GC(189) Phase 5: Reset Metadata
[63.044s][info][gc,phases      ] GC(189) Phase 5: Reset Metadata 0.535ms
[63.046s][info][gc,heap        ] GC(189) Eden regions: 2->0(48)
[63.046s][info][gc,heap        ] GC(189) Survivor regions: 0->0(6)
[63.046s][info][gc,heap        ] GC(189) Old regions: 9->9
[63.046s][info][gc,heap        ] GC(189) Humongous regions: 100->100
[63.046s][info][gc,metaspace   ] GC(189) Metaspace: 17775K(18176K)->17775K(18176K) NonClass: 15800K(16000K)->15800K(16000K) Class: 1975K(2176K)->1975K(2176K)
[63.046s][info][gc             ] GC(189) Pause Full (System.gc()) 209M->206M(364M) 10.749ms
[63.046s][info][gc,cpu         ] GC(189) User=0.00s Sys=0.00s Real=0.01s
[63.046s][info][gc,start       ] GC(190) Pause Young (Concurrent Start) (G1 Humongous Allocation)
[63.046s][info][gc,task        ] GC(190) Using 8 workers of 8 for evacuation
[63.047s][info][gc,phases      ] GC(190)   Pre Evacuate Collection Set: 0.1ms
[63.047s][info][gc,phases      ] GC(190)   Merge Heap Roots: 0.0ms
[63.047s][info][gc,phases      ] GC(190)   Evacuate Collection Set: 0.3ms
[63.047s][info][gc,phases      ] GC(190)   Post Evacuate Collection Set: 0.2ms
[63.047s][info][gc,phases      ] GC(190)   Other: 0.1ms
[63.047s][info][gc,heap        ] GC(190) Eden regions: 0->0(48)
[63.047s][info][gc,heap        ] GC(190) Survivor regions: 0->0(6)
[63.047s][info][gc,heap        ] GC(190) Old regions: 9->9
[63.047s][info][gc,heap        ] GC(190) Humongous regions: 100->100
[63.047s][info][gc,metaspace   ] GC(190) Metaspace: 17775K(18176K)->17775K(18176K) NonClass: 15800K(16000K)->15800K(16000K) Class: 1975K(2176K)->1975K(2176K)
[63.047s][info][gc             ] GC(190) Pause Young (Concurrent Start) (G1 Humongous Allocation) 206M->206M(364M) 0.936ms
[63.047s][info][gc,cpu         ] GC(190) User=0.00s Sys=0.00s Real=0.00s
[63.047s][info][gc             ] GC(191) Concurrent Mark Cycle
[63.047s][info][gc,marking     ] GC(191) Concurrent Scan Root Regions
[63.047s][info][gc,marking     ] GC(191) Concurrent Scan Root Regions 0.018ms
[63.047s][info][gc,marking     ] GC(191) Concurrent Mark
[63.047s][info][gc,marking     ] GC(191) Concurrent Mark From Roots
[63.047s][info][gc,task        ] GC(191) Using 2 workers of 2 for marking
[63.056s][info][gc,marking     ] GC(191) Concurrent Mark From Roots 8.629ms
[63.056s][info][gc,marking     ] GC(191) Concurrent Preclean
[63.056s][info][gc,marking     ] GC(191) Concurrent Preclean 0.181ms
[63.056s][info][gc,start       ] GC(191) Pause Remark
[63.057s][info][gc             ] GC(191) Pause Remark 330M->130M(364M) 1.001ms
[63.057s][info][gc,cpu         ] GC(191) User=0.00s Sys=0.00s Real=0.00s
[63.057s][info][gc,marking     ] GC(191) Concurrent Mark 10.203ms
[63.057s][info][gc,marking     ] GC(191) Concurrent Rebuild Remembered Sets and Scrub Regions
[63.061s][info][gc,marking     ] GC(191) Concurrent Rebuild Remembered Sets and Scrub Regions 3.152ms
[63.061s][info][gc,start       ] GC(191) Pause Cleanup
[63.061s][info][gc             ] GC(191) Pause Cleanup 174M->174M(364M) 0.204ms
[63.062s][info][gc,cpu         ] GC(191) User=0.00s Sys=0.00s Real=0.00s
[63.062s][info][gc,marking     ] GC(191) Concurrent Clear Claimed Marks
[63.062s][info][gc,marking     ] GC(191) Concurrent Clear Claimed Marks 0.093ms
[63.062s][info][gc,marking     ] GC(191) Concurrent Cleanup for Next Mark
[63.063s][info][gc,marking     ] GC(191) Concurrent Cleanup for Next Mark 0.966ms
[63.063s][info][gc             ] GC(191) Concurrent Mark Cycle 15.752ms
[64.066s][info][gc,start       ] GC(192) Pause Full (System.gc())
[64.066s][info][gc,task        ] GC(192) Using 8 workers of 8 for full compaction
[64.066s][info][gc,phases,start] GC(192) Phase 1: Mark live objects
[64.069s][info][gc,phases      ] GC(192) Phase 1: Mark live objects 3.224ms
[64.069s][info][gc,phases,start] GC(192) Phase 2: Prepare compaction
[64.070s][info][gc,phases      ] GC(192) Phase 2: Prepare compaction 0.421ms
[64.070s][info][gc,phases,start] GC(192) Phase 3: Adjust pointers
[64.072s][info][gc,phases      ] GC(192) Phase 3: Adjust pointers 2.196ms
[64.072s][info][gc,phases,start] GC(192) Phase 4: Compact heap
[64.072s][info][gc,phases      ] GC(192) Phase 4: Compact heap 0.298ms
[64.072s][info][gc,phases,start] GC(192) Phase 5: Reset Metadata
[64.073s][info][gc,phases      ] GC(192) Phase 5: Reset Metadata 0.721ms
[64.075s][info][gc,heap        ] GC(192) Eden regions: 2->0(48)
[64.075s][info][gc,heap        ] GC(192) Survivor regions: 0->0(6)
[64.075s][info][gc,heap        ] GC(192) Old regions: 9->9
[64.075s][info][gc,heap        ] GC(192) Humongous regions: 100->100
[64.075s][info][gc,metaspace   ] GC(192) Metaspace: 17787K(18176K)->17787K(18176K) NonClass: 15811K(16000K)->15811K(16000K) Class: 1975K(2176K)->1975K(2176K)
[64.076s][info][gc             ] GC(192) Pause Full (System.gc()) 209M->206M(364M) 9.787ms
[64.076s][info][gc,cpu         ] GC(192) User=0.02s Sys=0.00s Real=0.01s
[64.076s][info][gc,start       ] GC(193) Pause Young (Concurrent Start) (G1 Humongous Allocation)
[64.076s][info][gc,task        ] GC(193) Using 8 workers of 8 for evacuation
[64.076s][info][gc,phases      ] GC(193)   Pre Evacuate Collection Set: 0.1ms
[64.076s][info][gc,phases      ] GC(193)   Merge Heap Roots: 0.0ms
[64.076s][info][gc,phases      ] GC(193)   Evacuate Collection Set: 0.3ms
[64.076s][info][gc,phases      ] GC(193)   Post Evacuate Collection Set: 0.1ms
[64.076s][info][gc,phases      ] GC(193)   Other: 0.1ms
[64.076s][info][gc,heap        ] GC(193) Eden regions: 0->0(48)
[64.076s][info][gc,heap        ] GC(193) Survivor regions: 0->0(6)
[64.076s][info][gc,heap        ] GC(193) Old regions: 9->9
[64.076s][info][gc,heap        ] GC(193) Humongous regions: 100->100
[64.076s][info][gc,metaspace   ] GC(193) Metaspace: 17787K(18176K)->17787K(18176K) NonClass: 15811K(16000K)->15811K(16000K) Class: 1975K(2176K)->1975K(2176K)
[64.077s][info][gc             ] GC(193) Pause Young (Concurrent Start) (G1 Humongous Allocation) 206M->206M(364M) 0.867ms
[64.077s][info][gc,cpu         ] GC(193) User=0.00s Sys=0.00s Real=0.00s
[64.077s][info][gc             ] GC(194) Concurrent Mark Cycle
[64.077s][info][gc,marking     ] GC(194) Concurrent Scan Root Regions
[64.077s][info][gc,marking     ] GC(194) Concurrent Scan Root Regions 0.022ms
[64.077s][info][gc,marking     ] GC(194) Concurrent Mark
[64.077s][info][gc,marking     ] GC(194) Concurrent Mark From Roots
[64.077s][info][gc,task        ] GC(194) Using 2 workers of 2 for marking
[64.086s][info][gc,marking     ] GC(194) Concurrent Mark From Roots 9.380ms
[64.086s][info][gc,marking     ] GC(194) Concurrent Preclean
[64.087s][info][gc,marking     ] GC(194) Concurrent Preclean 0.437ms
[64.087s][info][gc,start       ] GC(194) Pause Remark
[64.088s][info][gc             ] GC(194) Pause Remark 338M->138M(364M) 1.205ms
[64.089s][info][gc,cpu         ] GC(194) User=0.00s Sys=0.00s Real=0.00s
[64.089s][info][gc,marking     ] GC(194) Concurrent Mark 11.929ms
[64.089s][info][gc,marking     ] GC(194) Concurrent Rebuild Remembered Sets and Scrub Regions
[64.092s][info][gc,marking     ] GC(194) Concurrent Rebuild Remembered Sets and Scrub Regions 3.382ms
[64.092s][info][gc,start       ] GC(194) Pause Cleanup
[64.092s][info][gc             ] GC(194) Pause Cleanup 184M->184M(364M) 0.154ms
[64.092s][info][gc,cpu         ] GC(194) User=0.00s Sys=0.00s Real=0.00s
[64.092s][info][gc,marking     ] GC(194) Concurrent Clear Claimed Marks
[64.093s][info][gc,marking     ] GC(194) Concurrent Clear Claimed Marks 0.064ms
[64.093s][info][gc,marking     ] GC(194) Concurrent Cleanup for Next Mark
[64.093s][info][gc,marking     ] GC(194) Concurrent Cleanup for Next Mark 0.801ms
[64.093s][info][gc             ] GC(194) Concurrent Mark Cycle 16.942ms
[65.213s][info][gc,start       ] GC(195) Pause Full (System.gc())
[65.213s][info][gc,task        ] GC(195) Using 8 workers of 8 for full compaction
[65.214s][info][gc,phases,start] GC(195) Phase 1: Mark live objects
[65.220s][info][gc,phases      ] GC(195) Phase 1: Mark live objects 6.335ms
[65.220s][info][gc,phases,start] GC(195) Phase 2: Prepare compaction
[65.221s][info][gc,phases      ] GC(195) Phase 2: Prepare compaction 0.652ms
[65.221s][info][gc,phases,start] GC(195) Phase 3: Adjust pointers
[65.224s][info][gc,phases      ] GC(195) Phase 3: Adjust pointers 2.745ms
[65.224s][info][gc,phases,start] GC(195) Phase 4: Compact heap
[65.224s][info][gc,phases      ] GC(195) Phase 4: Compact heap 0.446ms
[65.224s][info][gc,phases,start] GC(195) Phase 5: Reset Metadata
[65.225s][info][gc,phases      ] GC(195) Phase 5: Reset Metadata 0.780ms
[65.229s][info][gc,heap        ] GC(195) Eden regions: 1->0(48)
[65.229s][info][gc,heap        ] GC(195) Survivor regions: 0->0(6)
[65.229s][info][gc,heap        ] GC(195) Old regions: 9->9
[65.229s][info][gc,heap        ] GC(195) Humongous regions: 100->100
[65.229s][info][gc,metaspace   ] GC(195) Metaspace: 17787K(18176K)->17787K(18176K) NonClass: 15811K(16000K)->15811K(16000K) Class: 1975K(2176K)->1975K(2176K)
[65.229s][info][gc             ] GC(195) Pause Full (System.gc()) 208M->206M(364M) 16.247ms
[65.229s][info][gc,cpu         ] GC(195) User=0.09s Sys=0.00s Real=0.02s
[65.230s][info][gc,start       ] GC(196) Pause Young (Concurrent Start) (G1 Humongous Allocation)
[65.230s][info][gc,task        ] GC(196) Using 8 workers of 8 for evacuation
[65.231s][info][gc,phases      ] GC(196)   Pre Evacuate Collection Set: 0.2ms
[65.231s][info][gc,phases      ] GC(196)   Merge Heap Roots: 0.0ms
[65.231s][info][gc,phases      ] GC(196)   Evacuate Collection Set: 0.6ms
[65.231s][info][gc,phases      ] GC(196)   Post Evacuate Collection Set: 0.3ms
[65.231s][info][gc,phases      ] GC(196)   Other: 0.1ms
[65.231s][info][gc,heap        ] GC(196) Eden regions: 0->0(48)
[65.231s][info][gc,heap        ] GC(196) Survivor regions: 0->0(6)
[65.231s][info][gc,heap        ] GC(196) Old regions: 9->9
[65.231s][info][gc,heap        ] GC(196) Humongous regions: 100->100
[65.231s][info][gc,metaspace   ] GC(196) Metaspace: 17787K(18176K)->17787K(18176K) NonClass: 15811K(16000K)->15811K(16000K) Class: 1975K(2176K)->1975K(2176K)
[65.231s][info][gc             ] GC(196) Pause Young (Concurrent Start) (G1 Humongous Allocation) 206M->206M(364M) 1.665ms
[65.231s][info][gc             ] GC(197) Concurrent Mark Cycle
[65.231s][info][gc,cpu         ] GC(196) User=0.03s Sys=0.00s Real=0.00s
[65.231s][info][gc,marking     ] GC(197) Concurrent Scan Root Regions
[65.232s][info][gc,marking     ] GC(197) Concurrent Scan Root Regions 0.075ms
[65.232s][info][gc,marking     ] GC(197) Concurrent Mark
[65.232s][info][gc,marking     ] GC(197) Concurrent Mark From Roots
[65.232s][info][gc,task        ] GC(197) Using 2 workers of 2 for marking
[65.246s][info][gc,marking     ] GC(197) Concurrent Mark From Roots 14.739ms
[65.246s][info][gc,marking     ] GC(197) Concurrent Preclean
[65.247s][info][gc,marking     ] GC(197) Concurrent Preclean 0.274ms
[65.247s][info][gc,start       ] GC(197) Pause Remark
[65.248s][info][gc             ] GC(197) Pause Remark 348M->148M(364M) 1.367ms
[65.249s][info][gc,cpu         ] GC(197) User=0.00s Sys=0.00s Real=0.00s
[65.249s][info][gc,marking     ] GC(197) Concurrent Mark 17.111ms
[65.249s][info][gc,marking     ] GC(197) Concurrent Rebuild Remembered Sets and Scrub Regions
[65.253s][info][gc,marking     ] GC(197) Concurrent Rebuild Remembered Sets and Scrub Regions 4.268ms
[65.253s][info][gc,start       ] GC(197) Pause Cleanup
[65.253s][info][gc             ] GC(197) Pause Cleanup 150M->150M(364M) 0.146ms
[65.253s][info][gc,cpu         ] GC(197) User=0.00s Sys=0.00s Real=0.00s
[65.253s][info][gc,marking     ] GC(197) Concurrent Clear Claimed Marks
[65.254s][info][gc,marking     ] GC(197) Concurrent Clear Claimed Marks 0.062ms
[65.254s][info][gc,marking     ] GC(197) Concurrent Cleanup for Next Mark
[65.255s][info][gc,marking     ] GC(197) Concurrent Cleanup for Next Mark 1.084ms
[65.255s][info][gc             ] GC(197) Concurrent Mark Cycle 23.896ms
[66.262s][info][gc,start       ] GC(198) Pause Full (System.gc())
[66.262s][info][gc,task        ] GC(198) Using 8 workers of 8 for full compaction
[66.262s][info][gc,phases,start] GC(198) Phase 1: Mark live objects
[66.266s][info][gc,phases      ] GC(198) Phase 1: Mark live objects 3.620ms
[66.266s][info][gc,phases,start] GC(198) Phase 2: Prepare compaction
[66.266s][info][gc,phases      ] GC(198) Phase 2: Prepare compaction 0.595ms
[66.267s][info][gc,phases,start] GC(198) Phase 3: Adjust pointers
[66.270s][info][gc,phases      ] GC(198) Phase 3: Adjust pointers 3.097ms
[66.270s][info][gc,phases,start] GC(198) Phase 4: Compact heap
[66.270s][info][gc,phases      ] GC(198) Phase 4: Compact heap 0.435ms
[66.270s][info][gc,phases,start] GC(198) Phase 5: Reset Metadata
[66.271s][info][gc,phases      ] GC(198) Phase 5: Reset Metadata 0.683ms
[66.274s][info][gc,heap        ] GC(198) Eden regions: 2->0(48)
[66.274s][info][gc,heap        ] GC(198) Survivor regions: 0->0(6)
[66.274s][info][gc,heap        ] GC(198) Old regions: 9->9
[66.274s][info][gc,heap        ] GC(198) Humongous regions: 100->100
[66.274s][info][gc,metaspace   ] GC(198) Metaspace: 17787K(18176K)->17787K(18176K) NonClass: 15811K(16000K)->15811K(16000K) Class: 1975K(2176K)->1975K(2176K)
[66.274s][info][gc             ] GC(198) Pause Full (System.gc()) 209M->206M(364M) 12.679ms
[66.274s][info][gc,cpu         ] GC(198) User=0.00s Sys=0.02s Real=0.01s
[66.275s][info][gc,start       ] GC(199) Pause Young (Concurrent Start) (G1 Humongous Allocation)
[66.275s][info][gc,task        ] GC(199) Using 8 workers of 8 for evacuation
[66.275s][info][gc,phases      ] GC(199)   Pre Evacuate Collection Set: 0.1ms
[66.275s][info][gc,phases      ] GC(199)   Merge Heap Roots: 0.0ms
[66.275s][info][gc,phases      ] GC(199)   Evacuate Collection Set: 0.4ms
[66.275s][info][gc,phases      ] GC(199)   Post Evacuate Collection Set: 0.1ms
[66.275s][info][gc,phases      ] GC(199)   Other: 0.1ms
[66.275s][info][gc,heap        ] GC(199) Eden regions: 0->0(48)
[66.275s][info][gc,heap        ] GC(199) Survivor regions: 0->0(6)
[66.275s][info][gc,heap        ] GC(199) Old regions: 9->9
[66.275s][info][gc,heap        ] GC(199) Humongous regions: 100->100
[66.275s][info][gc,metaspace   ] GC(199) Metaspace: 17787K(18176K)->17787K(18176K) NonClass: 15811K(16000K)->15811K(16000K) Class: 1975K(2176K)->1975K(2176K)
[66.276s][info][gc             ] GC(199) Pause Young (Concurrent Start) (G1 Humongous Allocation) 206M->206M(364M) 1.006ms
[66.276s][info][gc,cpu         ] GC(199) User=0.00s Sys=0.00s Real=0.00s
[66.276s][info][gc             ] GC(200) Concurrent Mark Cycle
[66.276s][info][gc,marking     ] GC(200) Concurrent Scan Root Regions
[66.276s][info][gc,marking     ] GC(200) Concurrent Scan Root Regions 0.018ms
[66.276s][info][gc,marking     ] GC(200) Concurrent Mark
[66.276s][info][gc,marking     ] GC(200) Concurrent Mark From Roots
[66.276s][info][gc,task        ] GC(200) Using 2 workers of 2 for marking
[66.285s][info][gc,marking     ] GC(200) Concurrent Mark From Roots 9.581ms
[66.285s][info][gc,marking     ] GC(200) Concurrent Preclean
[66.286s][info][gc,marking     ] GC(200) Concurrent Preclean 0.254ms
[66.286s][info][gc,start       ] GC(200) Pause Remark
[66.287s][info][gc             ] GC(200) Pause Remark 326M->126M(364M) 1.151ms
[66.287s][info][gc,cpu         ] GC(200) User=0.00s Sys=0.00s Real=0.00s
[66.287s][info][gc,marking     ] GC(200) Concurrent Mark 11.507ms
[66.287s][info][gc,marking     ] GC(200) Concurrent Rebuild Remembered Sets and Scrub Regions
[66.291s][info][gc,marking     ] GC(200) Concurrent Rebuild Remembered Sets and Scrub Regions 3.974ms
[66.291s][info][gc,start       ] GC(200) Pause Cleanup
[66.292s][info][gc             ] GC(200) Pause Cleanup 170M->170M(364M) 0.264ms
[66.292s][info][gc,cpu         ] GC(200) User=0.00s Sys=0.00s Real=0.00s
[66.292s][info][gc,marking     ] GC(200) Concurrent Clear Claimed Marks
[66.292s][info][gc,marking     ] GC(200) Concurrent Clear Claimed Marks 0.093ms
[66.292s][info][gc,marking     ] GC(200) Concurrent Cleanup for Next Mark
[66.293s][info][gc,marking     ] GC(200) Concurrent Cleanup for Next Mark 1.091ms
[66.293s][info][gc             ] GC(200) Concurrent Mark Cycle 17.837ms
[67.297s][info][gc,start       ] GC(201) Pause Full (System.gc())
[67.297s][info][gc,task        ] GC(201) Using 8 workers of 8 for full compaction
[67.297s][info][gc,phases,start] GC(201) Phase 1: Mark live objects
[67.301s][info][gc,phases      ] GC(201) Phase 1: Mark live objects 4.191ms
[67.302s][info][gc,phases,start] GC(201) Phase 2: Prepare compaction
[67.302s][info][gc,phases      ] GC(201) Phase 2: Prepare compaction 0.606ms
[67.302s][info][gc,phases,start] GC(201) Phase 3: Adjust pointers
[67.305s][info][gc,phases      ] GC(201) Phase 3: Adjust pointers 2.643ms
[67.305s][info][gc,phases,start] GC(201) Phase 4: Compact heap
[67.305s][info][gc,phases      ] GC(201) Phase 4: Compact heap 0.456ms
[67.306s][info][gc,phases,start] GC(201) Phase 5: Reset Metadata
[67.306s][info][gc,phases      ] GC(201) Phase 5: Reset Metadata 0.808ms
[67.309s][info][gc,heap        ] GC(201) Eden regions: 1->0(48)
[67.309s][info][gc,heap        ] GC(201) Survivor regions: 0->0(6)
[67.309s][info][gc,heap        ] GC(201) Old regions: 9->9
[67.309s][info][gc,heap        ] GC(201) Humongous regions: 100->100
[67.309s][info][gc,metaspace   ] GC(201) Metaspace: 17787K(18176K)->17787K(18176K) NonClass: 15811K(16000K)->15811K(16000K) Class: 1975K(2176K)->1975K(2176K)
[67.309s][info][gc             ] GC(201) Pause Full (System.gc()) 208M->206M(364M) 12.262ms
[67.309s][info][gc,cpu         ] GC(201) User=0.02s Sys=0.00s Real=0.01s
[67.309s][info][gc,start       ] GC(202) Pause Young (Concurrent Start) (G1 Humongous Allocation)
[67.309s][info][gc,task        ] GC(202) Using 8 workers of 8 for evacuation
[67.310s][info][gc,phases      ] GC(202)   Pre Evacuate Collection Set: 0.1ms
[67.310s][info][gc,phases      ] GC(202)   Merge Heap Roots: 0.0ms
[67.310s][info][gc,phases      ] GC(202)   Evacuate Collection Set: 0.3ms
[67.310s][info][gc,phases      ] GC(202)   Post Evacuate Collection Set: 0.2ms
[67.310s][info][gc,phases      ] GC(202)   Other: 0.1ms
[67.310s][info][gc,heap        ] GC(202) Eden regions: 0->0(48)
[67.310s][info][gc,heap        ] GC(202) Survivor regions: 0->0(6)
[67.310s][info][gc,heap        ] GC(202) Old regions: 9->9
[67.310s][info][gc,heap        ] GC(202) Humongous regions: 100->100
[67.310s][info][gc,metaspace   ] GC(202) Metaspace: 17787K(18176K)->17787K(18176K) NonClass: 15811K(16000K)->15811K(16000K) Class: 1975K(2176K)->1975K(2176K)
[67.310s][info][gc             ] GC(202) Pause Young (Concurrent Start) (G1 Humongous Allocation) 206M->206M(364M) 0.963ms
[67.310s][info][gc,cpu         ] GC(202) User=0.00s Sys=0.00s Real=0.00s
[67.310s][info][gc             ] GC(203) Concurrent Mark Cycle
[67.310s][info][gc,marking     ] GC(203) Concurrent Scan Root Regions
[67.310s][info][gc,marking     ] GC(203) Concurrent Scan Root Regions 0.017ms
[67.310s][info][gc,marking     ] GC(203) Concurrent Mark
[67.310s][info][gc,marking     ] GC(203) Concurrent Mark From Roots
[67.310s][info][gc,task        ] GC(203) Using 2 workers of 2 for marking
[67.320s][info][gc,marking     ] GC(203) Concurrent Mark From Roots 9.988ms
[67.320s][info][gc,marking     ] GC(203) Concurrent Preclean
[67.321s][info][gc,marking     ] GC(203) Concurrent Preclean 0.185ms
[67.321s][info][gc,start       ] GC(203) Pause Remark
[67.322s][info][gc             ] GC(203) Pause Remark 340M->140M(364M) 1.575ms
[67.322s][info][gc,cpu         ] GC(203) User=0.00s Sys=0.00s Real=0.00s
[67.322s][info][gc,marking     ] GC(203) Concurrent Mark 12.114ms
[67.323s][info][gc,marking     ] GC(203) Concurrent Rebuild Remembered Sets and Scrub Regions
[67.326s][info][gc,marking     ] GC(203) Concurrent Rebuild Remembered Sets and Scrub Regions 3.910ms
[67.327s][info][gc,start       ] GC(203) Pause Cleanup
[67.327s][info][gc             ] GC(203) Pause Cleanup 188M->188M(364M) 0.141ms
[67.327s][info][gc,cpu         ] GC(203) User=0.00s Sys=0.00s Real=0.00s
[67.327s][info][gc,marking     ] GC(203) Concurrent Clear Claimed Marks
[67.327s][info][gc,marking     ] GC(203) Concurrent Clear Claimed Marks 0.086ms
[67.327s][info][gc,marking     ] GC(203) Concurrent Cleanup for Next Mark
[67.328s][info][gc,marking     ] GC(203) Concurrent Cleanup for Next Mark 0.804ms
[67.328s][info][gc             ] GC(203) Concurrent Mark Cycle 17.793ms
[68.330s][info][gc,start       ] GC(204) Pause Full (System.gc())
[68.330s][info][gc,task        ] GC(204) Using 8 workers of 8 for full compaction
[68.330s][info][gc,phases,start] GC(204) Phase 1: Mark live objects
[68.334s][info][gc,phases      ] GC(204) Phase 1: Mark live objects 3.954ms
[68.334s][info][gc,phases,start] GC(204) Phase 2: Prepare compaction
[68.334s][info][gc,phases      ] GC(204) Phase 2: Prepare compaction 0.392ms
[68.334s][info][gc,phases,start] GC(204) Phase 3: Adjust pointers
[68.337s][info][gc,phases      ] GC(204) Phase 3: Adjust pointers 2.208ms
[68.337s][info][gc,phases,start] GC(204) Phase 4: Compact heap
[68.337s][info][gc,phases      ] GC(204) Phase 4: Compact heap 0.245ms
[68.337s][info][gc,phases,start] GC(204) Phase 5: Reset Metadata
[68.338s][info][gc,phases      ] GC(204) Phase 5: Reset Metadata 0.580ms
[68.340s][info][gc,heap        ] GC(204) Eden regions: 2->0(48)
[68.340s][info][gc,heap        ] GC(204) Survivor regions: 0->0(6)
[68.340s][info][gc,heap        ] GC(204) Old regions: 9->9
[68.340s][info][gc,heap        ] GC(204) Humongous regions: 100->100
[68.340s][info][gc,metaspace   ] GC(204) Metaspace: 17787K(18176K)->17787K(18176K) NonClass: 15811K(16000K)->15811K(16000K) Class: 1975K(2176K)->1975K(2176K)
[68.340s][info][gc             ] GC(204) Pause Full (System.gc()) 209M->206M(364M) 10.141ms
[68.340s][info][gc,cpu         ] GC(204) User=0.00s Sys=0.00s Real=0.01s
[68.340s][info][gc,start       ] GC(205) Pause Young (Concurrent Start) (G1 Humongous Allocation)
[68.340s][info][gc,task        ] GC(205) Using 8 workers of 8 for evacuation
[68.341s][info][gc,phases      ] GC(205)   Pre Evacuate Collection Set: 0.1ms
[68.341s][info][gc,phases      ] GC(205)   Merge Heap Roots: 0.0ms
[68.341s][info][gc,phases      ] GC(205)   Evacuate Collection Set: 0.3ms
[68.341s][info][gc,phases      ] GC(205)   Post Evacuate Collection Set: 0.1ms
[68.341s][info][gc,phases      ] GC(205)   Other: 0.1ms
[68.341s][info][gc,heap        ] GC(205) Eden regions: 0->0(48)
[68.341s][info][gc,heap        ] GC(205) Survivor regions: 0->0(6)
[68.341s][info][gc,heap        ] GC(205) Old regions: 9->9
[68.341s][info][gc,heap        ] GC(205) Humongous regions: 100->100
[68.341s][info][gc,metaspace   ] GC(205) Metaspace: 17787K(18176K)->17787K(18176K) NonClass: 15811K(16000K)->15811K(16000K) Class: 1975K(2176K)->1975K(2176K)
[68.341s][info][gc             ] GC(205) Pause Young (Concurrent Start) (G1 Humongous Allocation) 206M->206M(364M) 0.834ms
[68.341s][info][gc,cpu         ] GC(205) User=0.00s Sys=0.00s Real=0.00s
[68.341s][info][gc             ] GC(206) Concurrent Mark Cycle
[68.341s][info][gc,marking     ] GC(206) Concurrent Scan Root Regions
[68.341s][info][gc,marking     ] GC(206) Concurrent Scan Root Regions 0.017ms
[68.341s][info][gc,marking     ] GC(206) Concurrent Mark
[68.341s][info][gc,marking     ] GC(206) Concurrent Mark From Roots
[68.341s][info][gc,task        ] GC(206) Using 2 workers of 2 for marking
[68.350s][info][gc,marking     ] GC(206) Concurrent Mark From Roots 8.889ms
[68.350s][info][gc,marking     ] GC(206) Concurrent Preclean
[68.350s][info][gc,marking     ] GC(206) Concurrent Preclean 0.160ms
[68.350s][info][gc,start       ] GC(206) Pause Remark
[68.351s][info][gc             ] GC(206) Pause Remark 336M->136M(364M) 0.986ms
[68.351s][info][gc,cpu         ] GC(206) User=0.00s Sys=0.00s Real=0.00s
[68.351s][info][gc,marking     ] GC(206) Concurrent Mark 10.431ms
[68.351s][info][gc,marking     ] GC(206) Concurrent Rebuild Remembered Sets and Scrub Regions
[68.354s][info][gc,marking     ] GC(206) Concurrent Rebuild Remembered Sets and Scrub Regions 2.822ms
[68.354s][info][gc,start       ] GC(206) Pause Cleanup
[68.355s][info][gc             ] GC(206) Pause Cleanup 184M->184M(364M) 0.134ms
[68.355s][info][gc,cpu         ] GC(206) User=0.00s Sys=0.00s Real=0.00s
[68.355s][info][gc,marking     ] GC(206) Concurrent Clear Claimed Marks
[68.355s][info][gc,marking     ] GC(206) Concurrent Clear Claimed Marks 0.071ms
[68.355s][info][gc,marking     ] GC(206) Concurrent Cleanup for Next Mark
[68.355s][info][gc,marking     ] GC(206) Concurrent Cleanup for Next Mark 0.732ms
[68.356s][info][gc             ] GC(206) Concurrent Mark Cycle 14.796ms
[69.357s][info][gc,start       ] GC(207) Pause Full (System.gc())
[69.357s][info][gc,task        ] GC(207) Using 8 workers of 8 for full compaction
[69.357s][info][gc,phases,start] GC(207) Phase 1: Mark live objects
[69.361s][info][gc,phases      ] GC(207) Phase 1: Mark live objects 3.699ms
[69.361s][info][gc,phases,start] GC(207) Phase 2: Prepare compaction
[69.362s][info][gc,phases      ] GC(207) Phase 2: Prepare compaction 0.481ms
[69.362s][info][gc,phases,start] GC(207) Phase 3: Adjust pointers
[69.364s][info][gc,phases      ] GC(207) Phase 3: Adjust pointers 2.328ms
[69.364s][info][gc,phases,start] GC(207) Phase 4: Compact heap
[69.364s][info][gc,phases      ] GC(207) Phase 4: Compact heap 0.385ms
[69.365s][info][gc,phases,start] GC(207) Phase 5: Reset Metadata
[69.365s][info][gc,phases      ] GC(207) Phase 5: Reset Metadata 0.700ms
[69.368s][info][gc,heap        ] GC(207) Eden regions: 1->0(49)
[69.368s][info][gc,heap        ] GC(207) Survivor regions: 0->0(6)
[69.368s][info][gc,heap        ] GC(207) Old regions: 9->10
[69.368s][info][gc,heap        ] GC(207) Humongous regions: 100->100
[69.368s][info][gc,metaspace   ] GC(207) Metaspace: 17787K(18176K)->17787K(18176K) NonClass: 15811K(16000K)->15811K(16000K) Class: 1975K(2176K)->1975K(2176K)
[69.368s][info][gc             ] GC(207) Pause Full (System.gc()) 208M->206M(368M) 10.788ms
[69.368s][info][gc,cpu         ] GC(207) User=0.00s Sys=0.00s Real=0.01s
[69.368s][info][gc,start       ] GC(208) Pause Young (Concurrent Start) (G1 Humongous Allocation)
[69.368s][info][gc,task        ] GC(208) Using 8 workers of 8 for evacuation
[69.369s][info][gc,phases      ] GC(208)   Pre Evacuate Collection Set: 0.1ms
[69.369s][info][gc,phases      ] GC(208)   Merge Heap Roots: 0.0ms
[69.369s][info][gc,phases      ] GC(208)   Evacuate Collection Set: 0.4ms
[69.369s][info][gc,phases      ] GC(208)   Post Evacuate Collection Set: 0.2ms
[69.369s][info][gc,phases      ] GC(208)   Other: 0.1ms
[69.369s][info][gc,heap        ] GC(208) Eden regions: 0->0(49)
[69.369s][info][gc,heap        ] GC(208) Survivor regions: 0->0(7)
[69.369s][info][gc,heap        ] GC(208) Old regions: 10->10
[69.369s][info][gc,heap        ] GC(208) Humongous regions: 100->100
[69.369s][info][gc,metaspace   ] GC(208) Metaspace: 17787K(18176K)->17787K(18176K) NonClass: 15811K(16000K)->15811K(16000K) Class: 1975K(2176K)->1975K(2176K)
[69.369s][info][gc             ] GC(208) Pause Young (Concurrent Start) (G1 Humongous Allocation) 206M->206M(368M) 1.009ms
[69.369s][info][gc             ] GC(209) Concurrent Mark Cycle
[69.369s][info][gc,cpu         ] GC(208) User=0.00s Sys=0.00s Real=0.00s
[69.369s][info][gc,marking     ] GC(209) Concurrent Scan Root Regions
[69.369s][info][gc,marking     ] GC(209) Concurrent Scan Root Regions 0.047ms
[69.369s][info][gc,marking     ] GC(209) Concurrent Mark
[69.369s][info][gc,marking     ] GC(209) Concurrent Mark From Roots
[69.369s][info][gc,task        ] GC(209) Using 2 workers of 2 for marking
[69.379s][info][gc,marking     ] GC(209) Concurrent Mark From Roots 9.691ms
[69.379s][info][gc,marking     ] GC(209) Concurrent Preclean
[69.379s][info][gc,marking     ] GC(209) Concurrent Preclean 0.177ms
[69.379s][info][gc,start       ] GC(209) Pause Remark
[69.380s][info][gc             ] GC(209) Pause Remark 338M->138M(368M) 1.143ms
[69.380s][info][gc,cpu         ] GC(209) User=0.00s Sys=0.00s Real=0.00s
[69.381s][info][gc,marking     ] GC(209) Concurrent Mark 11.454ms
[69.381s][info][gc,marking     ] GC(209) Concurrent Rebuild Remembered Sets and Scrub Regions
[69.384s][info][gc,marking     ] GC(209) Concurrent Rebuild Remembered Sets and Scrub Regions 3.549ms
[69.384s][info][gc,start       ] GC(209) Pause Cleanup
[69.385s][info][gc             ] GC(209) Pause Cleanup 176M->176M(368M) 0.218ms
[69.385s][info][gc,cpu         ] GC(209) User=0.00s Sys=0.00s Real=0.00s
[69.385s][info][gc,marking     ] GC(209) Concurrent Clear Claimed Marks
[69.385s][info][gc,marking     ] GC(209) Concurrent Clear Claimed Marks 0.079ms
[69.385s][info][gc,marking     ] GC(209) Concurrent Cleanup for Next Mark
[69.386s][info][gc,marking     ] GC(209) Concurrent Cleanup for Next Mark 1.069ms
[69.386s][info][gc             ] GC(209) Concurrent Mark Cycle 17.110ms
[70.388s][info][gc,start       ] GC(210) Pause Full (System.gc())
[70.388s][info][gc,task        ] GC(210) Using 8 workers of 8 for full compaction
[70.389s][info][gc,phases,start] GC(210) Phase 1: Mark live objects
[70.392s][info][gc,phases      ] GC(210) Phase 1: Mark live objects 3.856ms
[70.392s][info][gc,phases,start] GC(210) Phase 2: Prepare compaction
[70.393s][info][gc,phases      ] GC(210) Phase 2: Prepare compaction 0.446ms
[70.393s][info][gc,phases,start] GC(210) Phase 3: Adjust pointers
[70.395s][info][gc,phases      ] GC(210) Phase 3: Adjust pointers 2.331ms
[70.395s][info][gc,phases,start] GC(210) Phase 4: Compact heap
[70.396s][info][gc,phases      ] GC(210) Phase 4: Compact heap 0.391ms
[70.396s][info][gc,phases,start] GC(210) Phase 5: Reset Metadata
[70.396s][info][gc,phases      ] GC(210) Phase 5: Reset Metadata 0.530ms
[70.398s][info][gc,heap        ] GC(210) Eden regions: 1->0(50)
[70.398s][info][gc,heap        ] GC(210) Survivor regions: 0->0(7)
[70.398s][info][gc,heap        ] GC(210) Old regions: 10->9
[70.399s][info][gc,heap        ] GC(210) Humongous regions: 100->100
[70.399s][info][gc,metaspace   ] GC(210) Metaspace: 17787K(18176K)->17787K(18176K) NonClass: 15812K(16000K)->15812K(16000K) Class: 1975K(2176K)->1975K(2176K)
[70.399s][info][gc             ] GC(210) Pause Full (System.gc()) 208M->206M(368M) 10.351ms
[70.399s][info][gc,cpu         ] GC(210) User=0.00s Sys=0.00s Real=0.01s
[70.399s][info][gc,start       ] GC(211) Pause Young (Concurrent Start) (G1 Humongous Allocation)
[70.399s][info][gc,task        ] GC(211) Using 8 workers of 8 for evacuation
[70.399s][info][gc,phases      ] GC(211)   Pre Evacuate Collection Set: 0.1ms
[70.399s][info][gc,phases      ] GC(211)   Merge Heap Roots: 0.0ms
[70.399s][info][gc,phases      ] GC(211)   Evacuate Collection Set: 0.3ms
[70.399s][info][gc,phases      ] GC(211)   Post Evacuate Collection Set: 0.1ms
[70.399s][info][gc,phases      ] GC(211)   Other: 0.1ms
[70.399s][info][gc,heap        ] GC(211) Eden regions: 0->0(50)
[70.399s][info][gc,heap        ] GC(211) Survivor regions: 0->0(7)
[70.399s][info][gc,heap        ] GC(211) Old regions: 9->9
[70.400s][info][gc,heap        ] GC(211) Humongous regions: 100->100
[70.400s][info][gc,metaspace   ] GC(211) Metaspace: 17787K(18176K)->17787K(18176K) NonClass: 15812K(16000K)->15812K(16000K) Class: 1975K(2176K)->1975K(2176K)
[70.400s][info][gc             ] GC(211) Pause Young (Concurrent Start) (G1 Humongous Allocation) 206M->206M(368M) 0.885ms
[70.400s][info][gc             ] GC(212) Concurrent Mark Cycle
[70.400s][info][gc,cpu         ] GC(211) User=0.00s Sys=0.00s Real=0.00s
[70.400s][info][gc,marking     ] GC(212) Concurrent Scan Root Regions
[70.400s][info][gc,marking     ] GC(212) Concurrent Scan Root Regions 0.061ms
[70.400s][info][gc,marking     ] GC(212) Concurrent Mark
[70.400s][info][gc,marking     ] GC(212) Concurrent Mark From Roots
[70.400s][info][gc,task        ] GC(212) Using 2 workers of 2 for marking
[70.409s][info][gc,marking     ] GC(212) Concurrent Mark From Roots 9.673ms
[70.410s][info][gc,marking     ] GC(212) Concurrent Preclean
[70.410s][info][gc,marking     ] GC(212) Concurrent Preclean 0.157ms
[70.410s][info][gc,start       ] GC(212) Pause Remark
[70.411s][info][gc             ] GC(212) Pause Remark 350M->150M(368M) 1.050ms
[70.411s][info][gc,cpu         ] GC(212) User=0.00s Sys=0.00s Real=0.00s
[70.411s][info][gc,marking     ] GC(212) Concurrent Mark 11.237ms
[70.411s][info][gc,marking     ] GC(212) Concurrent Rebuild Remembered Sets and Scrub Regions
[70.415s][info][gc,marking     ] GC(212) Concurrent Rebuild Remembered Sets and Scrub Regions 4.279ms
[70.416s][info][gc,start       ] GC(212) Pause Cleanup
[70.416s][info][gc             ] GC(212) Pause Cleanup 190M->190M(368M) 0.142ms
[70.416s][info][gc,cpu         ] GC(212) User=0.00s Sys=0.00s Real=0.00s
[70.416s][info][gc,marking     ] GC(212) Concurrent Clear Claimed Marks
[70.416s][info][gc,marking     ] GC(212) Concurrent Clear Claimed Marks 0.095ms
[70.416s][info][gc,marking     ] GC(212) Concurrent Cleanup for Next Mark
[70.417s][info][gc,marking     ] GC(212) Concurrent Cleanup for Next Mark 1.113ms
[70.417s][info][gc             ] GC(212) Concurrent Mark Cycle 17.614ms
[71.418s][info][gc,start       ] GC(213) Pause Full (System.gc())
[71.418s][info][gc,task        ] GC(213) Using 8 workers of 8 for full compaction
[71.419s][info][gc,phases,start] GC(213) Phase 1: Mark live objects
[71.422s][info][gc,phases      ] GC(213) Phase 1: Mark live objects 3.406ms
[71.422s][info][gc,phases,start] GC(213) Phase 2: Prepare compaction
[71.423s][info][gc,phases      ] GC(213) Phase 2: Prepare compaction 0.365ms
[71.423s][info][gc,phases,start] GC(213) Phase 3: Adjust pointers
[71.425s][info][gc,phases      ] GC(213) Phase 3: Adjust pointers 2.170ms
[71.425s][info][gc,phases,start] GC(213) Phase 4: Compact heap
[71.425s][info][gc,phases      ] GC(213) Phase 4: Compact heap 0.411ms
[71.425s][info][gc,phases,start] GC(213) Phase 5: Reset Metadata
[71.426s][info][gc,phases      ] GC(213) Phase 5: Reset Metadata 0.682ms
[71.428s][info][gc,heap        ] GC(213) Eden regions: 1->0(50)
[71.428s][info][gc,heap        ] GC(213) Survivor regions: 0->0(7)
[71.428s][info][gc,heap        ] GC(213) Old regions: 9->9
[71.428s][info][gc,heap        ] GC(213) Humongous regions: 100->100
[71.428s][info][gc,metaspace   ] GC(213) Metaspace: 17789K(18240K)->17789K(18240K) NonClass: 15813K(16064K)->15813K(16064K) Class: 1975K(2176K)->1975K(2176K)
[71.428s][info][gc             ] GC(213) Pause Full (System.gc()) 208M->206M(368M) 9.731ms
[71.428s][info][gc,cpu         ] GC(213) User=0.00s Sys=0.00s Real=0.01s
[71.428s][info][gc,start       ] GC(214) Pause Young (Concurrent Start) (G1 Humongous Allocation)
[71.428s][info][gc,task        ] GC(214) Using 8 workers of 8 for evacuation
[71.429s][info][gc,phases      ] GC(214)   Pre Evacuate Collection Set: 0.1ms
[71.429s][info][gc,phases      ] GC(214)   Merge Heap Roots: 0.0ms
[71.429s][info][gc,phases      ] GC(214)   Evacuate Collection Set: 0.3ms
[71.429s][info][gc,phases      ] GC(214)   Post Evacuate Collection Set: 0.2ms
[71.429s][info][gc,phases      ] GC(214)   Other: 0.1ms
[71.429s][info][gc,heap        ] GC(214) Eden regions: 0->0(50)
[71.429s][info][gc,heap        ] GC(214) Survivor regions: 0->0(7)
[71.429s][info][gc,heap        ] GC(214) Old regions: 9->9
[71.429s][info][gc,heap        ] GC(214) Humongous regions: 100->100
[71.429s][info][gc,metaspace   ] GC(214) Metaspace: 17789K(18240K)->17789K(18240K) NonClass: 15813K(16064K)->15813K(16064K) Class: 1975K(2176K)->1975K(2176K)
[71.429s][info][gc             ] GC(214) Pause Young (Concurrent Start) (G1 Humongous Allocation) 206M->206M(368M) 0.910ms
[71.429s][info][gc,cpu         ] GC(214) User=0.00s Sys=0.00s Real=0.00s
[71.429s][info][gc             ] GC(215) Concurrent Mark Cycle
[71.429s][info][gc,marking     ] GC(215) Concurrent Scan Root Regions
[71.429s][info][gc,marking     ] GC(215) Concurrent Scan Root Regions 0.028ms
[71.429s][info][gc,marking     ] GC(215) Concurrent Mark
[71.429s][info][gc,marking     ] GC(215) Concurrent Mark From Roots
[71.429s][info][gc,task        ] GC(215) Using 2 workers of 2 for marking
[71.439s][info][gc,marking     ] GC(215) Concurrent Mark From Roots 9.322ms
[71.439s][info][gc,marking     ] GC(215) Concurrent Preclean
[71.439s][info][gc,marking     ] GC(215) Concurrent Preclean 0.163ms
[71.439s][info][gc,start       ] GC(215) Pause Remark
[71.441s][info][gc             ] GC(215) Pause Remark 336M->136M(368M) 2.036ms
[71.441s][info][gc,cpu         ] GC(215) User=0.00s Sys=0.00s Real=0.00s
[71.441s][info][gc,marking     ] GC(215) Concurrent Mark 11.913ms
[71.441s][info][gc,marking     ] GC(215) Concurrent Rebuild Remembered Sets and Scrub Regions
[71.445s][info][gc,marking     ] GC(215) Concurrent Rebuild Remembered Sets and Scrub Regions 3.306ms
[71.445s][info][gc,start       ] GC(215) Pause Cleanup
[71.445s][info][gc             ] GC(215) Pause Cleanup 168M->168M(368M) 0.243ms
[71.445s][info][gc,cpu         ] GC(215) User=0.00s Sys=0.00s Real=0.00s
[71.445s][info][gc,marking     ] GC(215) Concurrent Clear Claimed Marks
[71.445s][info][gc,marking     ] GC(215) Concurrent Clear Claimed Marks 0.096ms
[71.445s][info][gc,marking     ] GC(215) Concurrent Cleanup for Next Mark
[71.447s][info][gc,marking     ] GC(215) Concurrent Cleanup for Next Mark 1.261ms
[71.447s][info][gc             ] GC(215) Concurrent Mark Cycle 17.558ms
[72.451s][info][gc,start       ] GC(216) Pause Full (System.gc())
[72.451s][info][gc,task        ] GC(216) Using 8 workers of 8 for full compaction
[72.452s][info][gc,phases,start] GC(216) Phase 1: Mark live objects
[72.456s][info][gc,phases      ] GC(216) Phase 1: Mark live objects 4.027ms
[72.456s][info][gc,phases,start] GC(216) Phase 2: Prepare compaction
[72.456s][info][gc,phases      ] GC(216) Phase 2: Prepare compaction 0.458ms
[72.456s][info][gc,phases,start] GC(216) Phase 3: Adjust pointers
[72.459s][info][gc,phases      ] GC(216) Phase 3: Adjust pointers 2.563ms
[72.459s][info][gc,phases,start] GC(216) Phase 4: Compact heap
[72.459s][info][gc,phases      ] GC(216) Phase 4: Compact heap 0.392ms
[72.459s][info][gc,phases,start] GC(216) Phase 5: Reset Metadata
[72.460s][info][gc,phases      ] GC(216) Phase 5: Reset Metadata 0.771ms
[72.463s][info][gc,heap        ] GC(216) Eden regions: 2->0(50)
[72.463s][info][gc,heap        ] GC(216) Survivor regions: 0->0(7)
[72.463s][info][gc,heap        ] GC(216) Old regions: 9->9
[72.463s][info][gc,heap        ] GC(216) Humongous regions: 100->100
[72.463s][info][gc,metaspace   ] GC(216) Metaspace: 17789K(18240K)->17789K(18240K) NonClass: 15813K(16064K)->15813K(16064K) Class: 1975K(2176K)->1975K(2176K)
[72.463s][info][gc             ] GC(216) Pause Full (System.gc()) 209M->206M(368M) 11.646ms
[72.463s][info][gc,cpu         ] GC(216) User=0.00s Sys=0.00s Real=0.01s
[72.463s][info][gc,start       ] GC(217) Pause Young (Concurrent Start) (G1 Humongous Allocation)
[72.463s][info][gc,task        ] GC(217) Using 8 workers of 8 for evacuation
[72.465s][info][gc,phases      ] GC(217)   Pre Evacuate Collection Set: 0.2ms
[72.465s][info][gc,phases      ] GC(217)   Merge Heap Roots: 0.1ms
[72.465s][info][gc,phases      ] GC(217)   Evacuate Collection Set: 0.7ms
[72.465s][info][gc,phases      ] GC(217)   Post Evacuate Collection Set: 0.4ms
[72.465s][info][gc,phases      ] GC(217)   Other: 0.2ms
[72.465s][info][gc,heap        ] GC(217) Eden regions: 0->0(50)
[72.465s][info][gc,heap        ] GC(217) Survivor regions: 0->0(7)
[72.465s][info][gc,heap        ] GC(217) Old regions: 9->9
[72.465s][info][gc,heap        ] GC(217) Humongous regions: 100->100
[72.465s][info][gc,metaspace   ] GC(217) Metaspace: 17789K(18240K)->17789K(18240K) NonClass: 15813K(16064K)->15813K(16064K) Class: 1975K(2176K)->1975K(2176K)
[72.465s][info][gc             ] GC(217) Pause Young (Concurrent Start) (G1 Humongous Allocation) 206M->206M(368M) 2.072ms
[72.465s][info][gc,cpu         ] GC(217) User=0.00s Sys=0.00s Real=0.00s
[72.465s][info][gc             ] GC(218) Concurrent Mark Cycle
[72.465s][info][gc,marking     ] GC(218) Concurrent Scan Root Regions
[72.465s][info][gc,marking     ] GC(218) Concurrent Scan Root Regions 0.022ms
[72.465s][info][gc,marking     ] GC(218) Concurrent Mark
[72.465s][info][gc,marking     ] GC(218) Concurrent Mark From Roots
[72.466s][info][gc,task        ] GC(218) Using 2 workers of 2 for marking
[72.479s][info][gc,marking     ] GC(218) Concurrent Mark From Roots 13.563ms
[72.479s][info][gc,marking     ] GC(218) Concurrent Preclean
[72.480s][info][gc,marking     ] GC(218) Concurrent Preclean 0.789ms
[72.481s][info][gc,start       ] GC(218) Pause Remark
[72.482s][info][gc             ] GC(218) Pause Remark 340M->140M(368M) 1.604ms
[72.482s][info][gc,cpu         ] GC(218) User=0.00s Sys=0.00s Real=0.00s
[72.482s][info][gc,marking     ] GC(218) Concurrent Mark 16.851ms
[72.482s][info][gc,marking     ] GC(218) Concurrent Rebuild Remembered Sets and Scrub Regions
[72.487s][info][gc,marking     ] GC(218) Concurrent Rebuild Remembered Sets and Scrub Regions 4.169ms
[72.487s][info][gc,start       ] GC(218) Pause Cleanup
[72.487s][info][gc             ] GC(218) Pause Cleanup 188M->188M(368M) 0.152ms
[72.487s][info][gc,cpu         ] GC(218) User=0.00s Sys=0.00s Real=0.00s
[72.487s][info][gc,marking     ] GC(218) Concurrent Clear Claimed Marks
[72.487s][info][gc,marking     ] GC(218) Concurrent Clear Claimed Marks 0.078ms
[72.487s][info][gc,marking     ] GC(218) Concurrent Cleanup for Next Mark
[72.488s][info][gc,marking     ] GC(218) Concurrent Cleanup for Next Mark 0.794ms
[72.488s][info][gc             ] GC(218) Concurrent Mark Cycle 22.781ms
[73.490s][info][gc,start       ] GC(219) Pause Full (System.gc())
[73.490s][info][gc,task        ] GC(219) Using 8 workers of 8 for full compaction
[73.490s][info][gc,phases,start] GC(219) Phase 1: Mark live objects
[73.494s][info][gc,phases      ] GC(219) Phase 1: Mark live objects 4.371ms
[73.495s][info][gc,phases,start] GC(219) Phase 2: Prepare compaction
[73.495s][info][gc,phases      ] GC(219) Phase 2: Prepare compaction 0.518ms
[73.495s][info][gc,phases,start] GC(219) Phase 3: Adjust pointers
[73.499s][info][gc,phases      ] GC(219) Phase 3: Adjust pointers 3.364ms
[73.499s][info][gc,phases,start] GC(219) Phase 4: Compact heap
[73.499s][info][gc,phases      ] GC(219) Phase 4: Compact heap 0.363ms
[73.499s][info][gc,phases,start] GC(219) Phase 5: Reset Metadata
[73.500s][info][gc,phases      ] GC(219) Phase 5: Reset Metadata 0.686ms
[73.502s][info][gc,heap        ] GC(219) Eden regions: 1->0(50)
[73.502s][info][gc,heap        ] GC(219) Survivor regions: 0->0(7)
[73.503s][info][gc,heap        ] GC(219) Old regions: 9->9
[73.503s][info][gc,heap        ] GC(219) Humongous regions: 100->100
[73.503s][info][gc,metaspace   ] GC(219) Metaspace: 17789K(18240K)->17789K(18240K) NonClass: 15813K(16064K)->15813K(16064K) Class: 1975K(2176K)->1975K(2176K)
[73.503s][info][gc             ] GC(219) Pause Full (System.gc()) 208M->206M(368M) 12.777ms
[73.503s][info][gc,cpu         ] GC(219) User=0.05s Sys=0.03s Real=0.01s
[73.503s][info][gc,start       ] GC(220) Pause Young (Concurrent Start) (G1 Humongous Allocation)
[73.503s][info][gc,task        ] GC(220) Using 8 workers of 8 for evacuation
[73.504s][info][gc,phases      ] GC(220)   Pre Evacuate Collection Set: 0.1ms
[73.504s][info][gc,phases      ] GC(220)   Merge Heap Roots: 0.0ms
[73.504s][info][gc,phases      ] GC(220)   Evacuate Collection Set: 0.4ms
[73.504s][info][gc,phases      ] GC(220)   Post Evacuate Collection Set: 0.2ms
[73.504s][info][gc,phases      ] GC(220)   Other: 0.1ms
[73.504s][info][gc,heap        ] GC(220) Eden regions: 0->0(50)
[73.504s][info][gc,heap        ] GC(220) Survivor regions: 0->0(7)
[73.504s][info][gc,heap        ] GC(220) Old regions: 9->9
[73.504s][info][gc,heap        ] GC(220) Humongous regions: 100->100
[73.504s][info][gc,metaspace   ] GC(220) Metaspace: 17789K(18240K)->17789K(18240K) NonClass: 15813K(16064K)->15813K(16064K) Class: 1975K(2176K)->1975K(2176K)
[73.504s][info][gc             ] GC(220) Pause Young (Concurrent Start) (G1 Humongous Allocation) 206M->206M(368M) 1.122ms
[73.504s][info][gc,cpu         ] GC(220) User=0.00s Sys=0.00s Real=0.00s
[73.504s][info][gc             ] GC(221) Concurrent Mark Cycle
[73.504s][info][gc,marking     ] GC(221) Concurrent Scan Root Regions
[73.504s][info][gc,marking     ] GC(221) Concurrent Scan Root Regions 0.042ms
[73.504s][info][gc,marking     ] GC(221) Concurrent Mark
[73.504s][info][gc,marking     ] GC(221) Concurrent Mark From Roots
[73.504s][info][gc,task        ] GC(221) Using 2 workers of 2 for marking
[73.519s][info][gc,marking     ] GC(221) Concurrent Mark From Roots 14.457ms
[73.519s][info][gc,marking     ] GC(221) Concurrent Preclean
[73.519s][info][gc,marking     ] GC(221) Concurrent Preclean 0.243ms
[73.519s][info][gc,start       ] GC(221) Pause Remark
[73.521s][info][gc             ] GC(221) Pause Remark 334M->134M(368M) 1.310ms
[73.521s][info][gc,cpu         ] GC(221) User=0.00s Sys=0.00s Real=0.00s
[73.521s][info][gc,marking     ] GC(221) Concurrent Mark 16.563ms
[73.521s][info][gc,marking     ] GC(221) Concurrent Rebuild Remembered Sets and Scrub Regions
[73.525s][info][gc,marking     ] GC(221) Concurrent Rebuild Remembered Sets and Scrub Regions 4.058ms
[73.525s][info][gc,start       ] GC(221) Pause Cleanup
[73.526s][info][gc             ] GC(221) Pause Cleanup 162M->162M(368M) 0.343ms
[73.526s][info][gc,cpu         ] GC(221) User=0.00s Sys=0.00s Real=0.00s
[73.526s][info][gc,marking     ] GC(221) Concurrent Clear Claimed Marks
[73.526s][info][gc,marking     ] GC(221) Concurrent Clear Claimed Marks 0.069ms
[73.526s][info][gc,marking     ] GC(221) Concurrent Cleanup for Next Mark
[73.527s][info][gc,marking     ] GC(221) Concurrent Cleanup for Next Mark 1.132ms
[73.527s][info][gc             ] GC(221) Concurrent Mark Cycle 23.462ms
[74.533s][info][gc,start       ] GC(222) Pause Full (System.gc())
[74.533s][info][gc,task        ] GC(222) Using 8 workers of 8 for full compaction
[74.533s][info][gc,phases,start] GC(222) Phase 1: Mark live objects
[74.537s][info][gc,phases      ] GC(222) Phase 1: Mark live objects 3.839ms
[74.537s][info][gc,phases,start] GC(222) Phase 2: Prepare compaction
[74.538s][info][gc,phases      ] GC(222) Phase 2: Prepare compaction 0.319ms
[74.538s][info][gc,phases,start] GC(222) Phase 3: Adjust pointers
[74.540s][info][gc,phases      ] GC(222) Phase 3: Adjust pointers 2.179ms
[74.540s][info][gc,phases,start] GC(222) Phase 4: Compact heap
[74.540s][info][gc,phases      ] GC(222) Phase 4: Compact heap 0.373ms
[74.540s][info][gc,phases,start] GC(222) Phase 5: Reset Metadata
[74.541s][info][gc,phases      ] GC(222) Phase 5: Reset Metadata 0.852ms
[74.545s][info][gc,heap        ] GC(222) Eden regions: 2->0(50)
[74.545s][info][gc,heap        ] GC(222) Survivor regions: 0->0(7)
[74.545s][info][gc,heap        ] GC(222) Old regions: 9->9
[74.545s][info][gc,heap        ] GC(222) Humongous regions: 100->100
[74.545s][info][gc,metaspace   ] GC(222) Metaspace: 17795K(18240K)->17795K(18240K) NonClass: 15819K(16064K)->15819K(16064K) Class: 1975K(2176K)->1975K(2176K)
[74.545s][info][gc             ] GC(222) Pause Full (System.gc()) 209M->206M(368M) 12.476ms
[74.545s][info][gc,cpu         ] GC(222) User=0.00s Sys=0.02s Real=0.01s
[74.546s][info][gc,start       ] GC(223) Pause Young (Concurrent Start) (G1 Humongous Allocation)
[74.546s][info][gc,task        ] GC(223) Using 8 workers of 8 for evacuation
[74.547s][info][gc,phases      ] GC(223)   Pre Evacuate Collection Set: 0.3ms
[74.547s][info][gc,phases      ] GC(223)   Merge Heap Roots: 0.0ms
[74.547s][info][gc,phases      ] GC(223)   Evacuate Collection Set: 0.7ms
[74.547s][info][gc,phases      ] GC(223)   Post Evacuate Collection Set: 0.4ms
[74.547s][info][gc,phases      ] GC(223)   Other: 0.1ms
[74.547s][info][gc,heap        ] GC(223) Eden regions: 0->0(50)
[74.547s][info][gc,heap        ] GC(223) Survivor regions: 0->0(7)
[74.547s][info][gc,heap        ] GC(223) Old regions: 9->9
[74.548s][info][gc,heap        ] GC(223) Humongous regions: 100->100
[74.548s][info][gc,metaspace   ] GC(223) Metaspace: 17795K(18240K)->17795K(18240K) NonClass: 15819K(16064K)->15819K(16064K) Class: 1975K(2176K)->1975K(2176K)
[74.548s][info][gc             ] GC(223) Pause Young (Concurrent Start) (G1 Humongous Allocation) 206M->206M(368M) 1.967ms
[74.548s][info][gc,cpu         ] GC(223) User=0.00s Sys=0.00s Real=0.00s
[74.548s][info][gc             ] GC(224) Concurrent Mark Cycle
[74.548s][info][gc,marking     ] GC(224) Concurrent Scan Root Regions
[74.548s][info][gc,marking     ] GC(224) Concurrent Scan Root Regions 0.017ms
[74.548s][info][gc,marking     ] GC(224) Concurrent Mark
[74.548s][info][gc,marking     ] GC(224) Concurrent Mark From Roots
[74.548s][info][gc,task        ] GC(224) Using 2 workers of 2 for marking
[74.558s][info][gc,marking     ] GC(224) Concurrent Mark From Roots 10.342ms
[74.558s][info][gc,marking     ] GC(224) Concurrent Preclean
[74.559s][info][gc,marking     ] GC(224) Concurrent Preclean 0.300ms
[74.559s][info][gc,start       ] GC(224) Pause Remark
[74.561s][info][gc             ] GC(224) Pause Remark 338M->138M(368M) 1.459ms
[74.561s][info][gc,cpu         ] GC(224) User=0.00s Sys=0.00s Real=0.00s
[74.561s][info][gc,marking     ] GC(224) Concurrent Mark 13.041ms
[74.561s][info][gc,marking     ] GC(224) Concurrent Rebuild Remembered Sets and Scrub Regions
[74.566s][info][gc,marking     ] GC(224) Concurrent Rebuild Remembered Sets and Scrub Regions 4.749ms
[74.566s][info][gc,start       ] GC(224) Pause Cleanup
[74.566s][info][gc             ] GC(224) Pause Cleanup 194M->194M(368M) 0.334ms
[74.566s][info][gc,cpu         ] GC(224) User=0.00s Sys=0.00s Real=0.00s
[74.567s][info][gc,marking     ] GC(224) Concurrent Clear Claimed Marks
[74.567s][info][gc,marking     ] GC(224) Concurrent Clear Claimed Marks 0.075ms
[74.567s][info][gc,marking     ] GC(224) Concurrent Cleanup for Next Mark
[74.568s][info][gc,marking     ] GC(224) Concurrent Cleanup for Next Mark 0.977ms
[74.568s][info][gc             ] GC(224) Concurrent Mark Cycle 20.173ms
[75.569s][info][gc,start       ] GC(225) Pause Full (System.gc())
[75.569s][info][gc,task        ] GC(225) Using 8 workers of 8 for full compaction
[75.569s][info][gc,phases,start] GC(225) Phase 1: Mark live objects
[75.573s][info][gc,phases      ] GC(225) Phase 1: Mark live objects 3.906ms
[75.573s][info][gc,phases,start] GC(225) Phase 2: Prepare compaction
[75.574s][info][gc,phases      ] GC(225) Phase 2: Prepare compaction 0.388ms
[75.574s][info][gc,phases,start] GC(225) Phase 3: Adjust pointers
[75.576s][info][gc,phases      ] GC(225) Phase 3: Adjust pointers 2.613ms
[75.577s][info][gc,phases,start] GC(225) Phase 4: Compact heap
[75.577s][info][gc,phases      ] GC(225) Phase 4: Compact heap 0.521ms
[75.577s][info][gc,phases,start] GC(225) Phase 5: Reset Metadata
[75.578s][info][gc,phases      ] GC(225) Phase 5: Reset Metadata 0.690ms
[75.580s][info][gc,heap        ] GC(225) Eden regions: 2->0(50)
[75.580s][info][gc,heap        ] GC(225) Survivor regions: 0->0(7)
[75.580s][info][gc,heap        ] GC(225) Old regions: 9->9
[75.580s][info][gc,heap        ] GC(225) Humongous regions: 100->100
[75.580s][info][gc,metaspace   ] GC(225) Metaspace: 17803K(18240K)->17803K(18240K) NonClass: 15827K(16064K)->15827K(16064K) Class: 1975K(2176K)->1975K(2176K)
[75.580s][info][gc             ] GC(225) Pause Full (System.gc()) 209M->206M(368M) 11.328ms
[75.580s][info][gc,cpu         ] GC(225) User=0.06s Sys=0.03s Real=0.01s
[75.581s][info][gc,start       ] GC(226) Pause Young (Concurrent Start) (G1 Humongous Allocation)
[75.581s][info][gc,task        ] GC(226) Using 8 workers of 8 for evacuation
[75.581s][info][gc,phases      ] GC(226)   Pre Evacuate Collection Set: 0.1ms
[75.581s][info][gc,phases      ] GC(226)   Merge Heap Roots: 0.0ms
[75.581s][info][gc,phases      ] GC(226)   Evacuate Collection Set: 0.4ms
[75.581s][info][gc,phases      ] GC(226)   Post Evacuate Collection Set: 0.2ms
[75.581s][info][gc,phases      ] GC(226)   Other: 0.1ms
[75.581s][info][gc,heap        ] GC(226) Eden regions: 0->0(50)
[75.582s][info][gc,heap        ] GC(226) Survivor regions: 0->0(7)
[75.582s][info][gc,heap        ] GC(226) Old regions: 9->9
[75.582s][info][gc,heap        ] GC(226) Humongous regions: 100->100
[75.582s][info][gc,metaspace   ] GC(226) Metaspace: 17803K(18240K)->17803K(18240K) NonClass: 15827K(16064K)->15827K(16064K) Class: 1975K(2176K)->1975K(2176K)
[75.582s][info][gc             ] GC(226) Pause Young (Concurrent Start) (G1 Humongous Allocation) 206M->206M(368M) 1.014ms
[75.582s][info][gc,cpu         ] GC(226) User=0.00s Sys=0.00s Real=0.00s
[75.582s][info][gc             ] GC(227) Concurrent Mark Cycle
[75.582s][info][gc,marking     ] GC(227) Concurrent Scan Root Regions
[75.582s][info][gc,marking     ] GC(227) Concurrent Scan Root Regions 0.018ms
[75.582s][info][gc,marking     ] GC(227) Concurrent Mark
[75.582s][info][gc,marking     ] GC(227) Concurrent Mark From Roots
[75.582s][info][gc,task        ] GC(227) Using 2 workers of 2 for marking
[75.594s][info][gc,marking     ] GC(227) Concurrent Mark From Roots 12.073ms
[75.594s][info][gc,marking     ] GC(227) Concurrent Preclean
[75.594s][info][gc,marking     ] GC(227) Concurrent Preclean 0.154ms
[75.594s][info][gc,start       ] GC(227) Pause Remark
[75.595s][info][gc             ] GC(227) Pause Remark 356M->156M(368M) 1.131ms
[75.595s][info][gc,cpu         ] GC(227) User=0.00s Sys=0.00s Real=0.00s
[75.595s][info][gc,marking     ] GC(227) Concurrent Mark 13.694ms
[75.595s][info][gc,marking     ] GC(227) Concurrent Rebuild Remembered Sets and Scrub Regions
[75.599s][info][gc,marking     ] GC(227) Concurrent Rebuild Remembered Sets and Scrub Regions 3.441ms
[75.599s][info][gc,start       ] GC(227) Pause Cleanup
[75.599s][info][gc             ] GC(227) Pause Cleanup 202M->202M(368M) 0.141ms
[75.599s][info][gc,cpu         ] GC(227) User=0.00s Sys=0.00s Real=0.00s
[75.599s][info][gc,marking     ] GC(227) Concurrent Clear Claimed Marks
[75.599s][info][gc,marking     ] GC(227) Concurrent Clear Claimed Marks 0.071ms
[75.599s][info][gc,marking     ] GC(227) Concurrent Cleanup for Next Mark
[75.600s][info][gc,marking     ] GC(227) Concurrent Cleanup for Next Mark 0.875ms
[75.600s][info][gc             ] GC(227) Concurrent Mark Cycle 18.806ms
[76.601s][info][gc,start       ] GC(228) Pause Full (System.gc())
[76.601s][info][gc,task        ] GC(228) Using 8 workers of 8 for full compaction
[76.602s][info][gc,phases,start] GC(228) Phase 1: Mark live objects
[76.605s][info][gc,phases      ] GC(228) Phase 1: Mark live objects 3.595ms
[76.605s][info][gc,phases,start] GC(228) Phase 2: Prepare compaction
[76.606s][info][gc,phases      ] GC(228) Phase 2: Prepare compaction 0.393ms
[76.606s][info][gc,phases,start] GC(228) Phase 3: Adjust pointers
[76.608s][info][gc,phases      ] GC(228) Phase 3: Adjust pointers 1.822ms
[76.608s][info][gc,phases,start] GC(228) Phase 4: Compact heap
[76.608s][info][gc,phases      ] GC(228) Phase 4: Compact heap 0.303ms
[76.608s][info][gc,phases,start] GC(228) Phase 5: Reset Metadata
[76.609s][info][gc,phases      ] GC(228) Phase 5: Reset Metadata 0.523ms
[76.610s][info][gc,heap        ] GC(228) Eden regions: 1->0(50)
[76.611s][info][gc,heap        ] GC(228) Survivor regions: 0->0(7)
[76.611s][info][gc,heap        ] GC(228) Old regions: 9->9
[76.611s][info][gc,heap        ] GC(228) Humongous regions: 100->100
[76.611s][info][gc,metaspace   ] GC(228) Metaspace: 17805K(18240K)->17805K(18240K) NonClass: 15829K(16064K)->15829K(16064K) Class: 1975K(2176K)->1975K(2176K)
[76.611s][info][gc             ] GC(228) Pause Full (System.gc()) 208M->206M(368M) 9.265ms
[76.611s][info][gc,cpu         ] GC(228) User=0.05s Sys=0.00s Real=0.01s
[76.611s][info][gc,start       ] GC(229) Pause Young (Concurrent Start) (G1 Humongous Allocation)
[76.611s][info][gc,task        ] GC(229) Using 8 workers of 8 for evacuation
[76.611s][info][gc,phases      ] GC(229)   Pre Evacuate Collection Set: 0.1ms
[76.611s][info][gc,phases      ] GC(229)   Merge Heap Roots: 0.0ms
[76.611s][info][gc,phases      ] GC(229)   Evacuate Collection Set: 0.3ms
[76.611s][info][gc,phases      ] GC(229)   Post Evacuate Collection Set: 0.1ms
[76.611s][info][gc,phases      ] GC(229)   Other: 0.1ms
[76.611s][info][gc,heap        ] GC(229) Eden regions: 0->0(50)
[76.611s][info][gc,heap        ] GC(229) Survivor regions: 0->0(7)
[76.611s][info][gc,heap        ] GC(229) Old regions: 9->9
[76.611s][info][gc,heap        ] GC(229) Humongous regions: 100->100
[76.611s][info][gc,metaspace   ] GC(229) Metaspace: 17805K(18240K)->17805K(18240K) NonClass: 15829K(16064K)->15829K(16064K) Class: 1975K(2176K)->1975K(2176K)
[76.612s][info][gc             ] GC(229) Pause Young (Concurrent Start) (G1 Humongous Allocation) 206M->206M(368M) 0.844ms
[76.612s][info][gc,cpu         ] GC(229) User=0.00s Sys=0.00s Real=0.00s
[76.612s][info][gc             ] GC(230) Concurrent Mark Cycle
[76.612s][info][gc,marking     ] GC(230) Concurrent Scan Root Regions
[76.612s][info][gc,marking     ] GC(230) Concurrent Scan Root Regions 0.015ms
[76.612s][info][gc,marking     ] GC(230) Concurrent Mark
[76.612s][info][gc,marking     ] GC(230) Concurrent Mark From Roots
[76.612s][info][gc,task        ] GC(230) Using 2 workers of 2 for marking
[76.619s][info][gc,marking     ] GC(230) Concurrent Mark From Roots 7.537ms
[76.619s][info][gc,marking     ] GC(230) Concurrent Preclean
[76.619s][info][gc,marking     ] GC(230) Concurrent Preclean 0.183ms
[76.620s][info][gc,start       ] GC(230) Pause Remark
[76.621s][info][gc             ] GC(230) Pause Remark 324M->124M(368M) 1.028ms
[76.621s][info][gc,cpu         ] GC(230) User=0.00s Sys=0.00s Real=0.00s
[76.621s][info][gc,marking     ] GC(230) Concurrent Mark 9.079ms
[76.621s][info][gc,marking     ] GC(230) Concurrent Rebuild Remembered Sets and Scrub Regions
[76.624s][info][gc,marking     ] GC(230) Concurrent Rebuild Remembered Sets and Scrub Regions 2.870ms
[76.624s][info][gc,start       ] GC(230) Pause Cleanup
[76.624s][info][gc             ] GC(230) Pause Cleanup 166M->166M(368M) 0.164ms
[76.624s][info][gc,cpu         ] GC(230) User=0.00s Sys=0.00s Real=0.00s
[76.624s][info][gc,marking     ] GC(230) Concurrent Clear Claimed Marks
[76.624s][info][gc,marking     ] GC(230) Concurrent Clear Claimed Marks 0.072ms
[76.624s][info][gc,marking     ] GC(230) Concurrent Cleanup for Next Mark
[76.625s][info][gc,marking     ] GC(230) Concurrent Cleanup for Next Mark 0.855ms
[76.625s][info][gc             ] GC(230) Concurrent Mark Cycle 13.725ms
[77.628s][info][gc,start       ] GC(231) Pause Full (System.gc())
[77.629s][info][gc,task        ] GC(231) Using 8 workers of 8 for full compaction
[77.629s][info][gc,phases,start] GC(231) Phase 1: Mark live objects
[77.632s][info][gc,phases      ] GC(231) Phase 1: Mark live objects 3.521ms
[77.632s][info][gc,phases,start] GC(231) Phase 2: Prepare compaction
[77.633s][info][gc,phases      ] GC(231) Phase 2: Prepare compaction 0.361ms
[77.633s][info][gc,phases,start] GC(231) Phase 3: Adjust pointers
[77.635s][info][gc,phases      ] GC(231) Phase 3: Adjust pointers 2.648ms
[77.635s][info][gc,phases,start] GC(231) Phase 4: Compact heap
[77.636s][info][gc,phases      ] GC(231) Phase 4: Compact heap 0.290ms
[77.636s][info][gc,phases,start] GC(231) Phase 5: Reset Metadata
[77.636s][info][gc,phases      ] GC(231) Phase 5: Reset Metadata 0.661ms
[77.639s][info][gc,heap        ] GC(231) Eden regions: 1->0(50)
[77.639s][info][gc,heap        ] GC(231) Survivor regions: 0->0(7)
[77.639s][info][gc,heap        ] GC(231) Old regions: 9->9
[77.639s][info][gc,heap        ] GC(231) Humongous regions: 100->100
[77.639s][info][gc,metaspace   ] GC(231) Metaspace: 17807K(18240K)->17807K(18240K) NonClass: 15831K(16064K)->15831K(16064K) Class: 1975K(2176K)->1975K(2176K)
[77.639s][info][gc             ] GC(231) Pause Full (System.gc()) 208M->206M(368M) 10.487ms
[77.639s][info][gc,cpu         ] GC(231) User=0.06s Sys=0.03s Real=0.01s
[77.639s][info][gc,start       ] GC(232) Pause Young (Concurrent Start) (G1 Humongous Allocation)
[77.639s][info][gc,task        ] GC(232) Using 8 workers of 8 for evacuation
[77.640s][info][gc,phases      ] GC(232)   Pre Evacuate Collection Set: 0.1ms
[77.640s][info][gc,phases      ] GC(232)   Merge Heap Roots: 0.0ms
[77.640s][info][gc,phases      ] GC(232)   Evacuate Collection Set: 0.3ms
[77.640s][info][gc,phases      ] GC(232)   Post Evacuate Collection Set: 0.1ms
[77.640s][info][gc,phases      ] GC(232)   Other: 0.1ms
[77.640s][info][gc,heap        ] GC(232) Eden regions: 0->0(50)
[77.640s][info][gc,heap        ] GC(232) Survivor regions: 0->0(7)
[77.640s][info][gc,heap        ] GC(232) Old regions: 9->9
[77.640s][info][gc,heap        ] GC(232) Humongous regions: 100->100
[77.640s][info][gc,metaspace   ] GC(232) Metaspace: 17807K(18240K)->17807K(18240K) NonClass: 15831K(16064K)->15831K(16064K) Class: 1975K(2176K)->1975K(2176K)
[77.640s][info][gc             ] GC(232) Pause Young (Concurrent Start) (G1 Humongous Allocation) 206M->206M(368M) 0.940ms
[77.640s][info][gc,cpu         ] GC(232) User=0.00s Sys=0.00s Real=0.00s
[77.640s][info][gc             ] GC(233) Concurrent Mark Cycle
[77.640s][info][gc,marking     ] GC(233) Concurrent Scan Root Regions
[77.640s][info][gc,marking     ] GC(233) Concurrent Scan Root Regions 0.017ms
[77.640s][info][gc,marking     ] GC(233) Concurrent Mark
[77.640s][info][gc,marking     ] GC(233) Concurrent Mark From Roots
[77.640s][info][gc,task        ] GC(233) Using 2 workers of 2 for marking
[77.650s][info][gc,marking     ] GC(233) Concurrent Mark From Roots 9.658ms
[77.650s][info][gc,marking     ] GC(233) Concurrent Preclean
[77.650s][info][gc,marking     ] GC(233) Concurrent Preclean 0.195ms
[77.650s][info][gc,start       ] GC(233) Pause Remark
[77.651s][info][gc             ] GC(233) Pause Remark 342M->142M(368M) 1.159ms
[77.651s][info][gc,cpu         ] GC(233) User=0.00s Sys=0.00s Real=0.00s
[77.651s][info][gc,marking     ] GC(233) Concurrent Mark 11.385ms
[77.652s][info][gc,marking     ] GC(233) Concurrent Rebuild Remembered Sets and Scrub Regions
[77.656s][info][gc,marking     ] GC(233) Concurrent Rebuild Remembered Sets and Scrub Regions 4.572ms
[77.656s][info][gc,start       ] GC(233) Pause Cleanup
[77.657s][info][gc             ] GC(233) Pause Cleanup 200M->200M(368M) 0.172ms
[77.657s][info][gc,cpu         ] GC(233) User=0.00s Sys=0.00s Real=0.00s
[77.657s][info][gc,marking     ] GC(233) Concurrent Clear Claimed Marks
[77.657s][info][gc,marking     ] GC(233) Concurrent Clear Claimed Marks 0.073ms
[77.657s][info][gc,marking     ] GC(233) Concurrent Cleanup for Next Mark
[77.658s][info][gc,marking     ] GC(233) Concurrent Cleanup for Next Mark 0.929ms
[77.658s][info][gc             ] GC(233) Concurrent Mark Cycle 17.739ms
[78.659s][info][gc,start       ] GC(234) Pause Full (System.gc())
[78.659s][info][gc,task        ] GC(234) Using 8 workers of 8 for full compaction
[78.659s][info][gc,phases,start] GC(234) Phase 1: Mark live objects
[78.663s][info][gc,phases      ] GC(234) Phase 1: Mark live objects 3.674ms
[78.663s][info][gc,phases,start] GC(234) Phase 2: Prepare compaction
[78.663s][info][gc,phases      ] GC(234) Phase 2: Prepare compaction 0.389ms
[78.663s][info][gc,phases,start] GC(234) Phase 3: Adjust pointers
[78.666s][info][gc,phases      ] GC(234) Phase 3: Adjust pointers 2.243ms
[78.666s][info][gc,phases,start] GC(234) Phase 4: Compact heap
[78.666s][info][gc,phases      ] GC(234) Phase 4: Compact heap 0.337ms
[78.666s][info][gc,phases,start] GC(234) Phase 5: Reset Metadata
[78.667s][info][gc,phases      ] GC(234) Phase 5: Reset Metadata 0.751ms
[78.669s][info][gc,heap        ] GC(234) Eden regions: 1->0(50)
[78.669s][info][gc,heap        ] GC(234) Survivor regions: 0->0(7)
[78.669s][info][gc,heap        ] GC(234) Old regions: 9->9
[78.669s][info][gc,heap        ] GC(234) Humongous regions: 100->100
[78.669s][info][gc,metaspace   ] GC(234) Metaspace: 17808K(18240K)->17808K(18240K) NonClass: 15832K(16064K)->15832K(16064K) Class: 1975K(2176K)->1975K(2176K)
[78.669s][info][gc             ] GC(234) Pause Full (System.gc()) 208M->206M(368M) 10.216ms
[78.669s][info][gc,cpu         ] GC(234) User=0.00s Sys=0.00s Real=0.01s
[78.669s][info][gc,start       ] GC(235) Pause Young (Concurrent Start) (G1 Humongous Allocation)
[78.669s][info][gc,task        ] GC(235) Using 8 workers of 8 for evacuation
[78.670s][info][gc,phases      ] GC(235)   Pre Evacuate Collection Set: 0.1ms
[78.670s][info][gc,phases      ] GC(235)   Merge Heap Roots: 0.0ms
[78.670s][info][gc,phases      ] GC(235)   Evacuate Collection Set: 0.3ms
[78.670s][info][gc,phases      ] GC(235)   Post Evacuate Collection Set: 0.1ms
[78.670s][info][gc,phases      ] GC(235)   Other: 0.1ms
[78.670s][info][gc,heap        ] GC(235) Eden regions: 0->0(50)
[78.670s][info][gc,heap        ] GC(235) Survivor regions: 0->0(7)
[78.670s][info][gc,heap        ] GC(235) Old regions: 9->9
[78.670s][info][gc,heap        ] GC(235) Humongous regions: 100->100
[78.670s][info][gc,metaspace   ] GC(235) Metaspace: 17808K(18240K)->17808K(18240K) NonClass: 15832K(16064K)->15832K(16064K) Class: 1975K(2176K)->1975K(2176K)
[78.670s][info][gc             ] GC(235) Pause Young (Concurrent Start) (G1 Humongous Allocation) 206M->206M(368M) 0.807ms
[78.670s][info][gc,cpu         ] GC(235) User=0.00s Sys=0.00s Real=0.00s
[78.670s][info][gc             ] GC(236) Concurrent Mark Cycle
[78.670s][info][gc,marking     ] GC(236) Concurrent Scan Root Regions
[78.670s][info][gc,marking     ] GC(236) Concurrent Scan Root Regions 0.016ms
[78.670s][info][gc,marking     ] GC(236) Concurrent Mark
[78.670s][info][gc,marking     ] GC(236) Concurrent Mark From Roots
[78.670s][info][gc,task        ] GC(236) Using 2 workers of 2 for marking
[78.678s][info][gc,marking     ] GC(236) Concurrent Mark From Roots 8.103ms
[78.678s][info][gc,marking     ] GC(236) Concurrent Preclean
[78.678s][info][gc,marking     ] GC(236) Concurrent Preclean 0.171ms
[78.678s][info][gc,start       ] GC(236) Pause Remark
[78.680s][info][gc             ] GC(236) Pause Remark 322M->122M(368M) 1.118ms
[78.680s][info][gc,cpu         ] GC(236) User=0.00s Sys=0.00s Real=0.00s
[78.680s][info][gc,marking     ] GC(236) Concurrent Mark 9.854ms
[78.680s][info][gc,marking     ] GC(236) Concurrent Rebuild Remembered Sets and Scrub Regions
[78.683s][info][gc,marking     ] GC(236) Concurrent Rebuild Remembered Sets and Scrub Regions 3.052ms
[78.683s][info][gc,start       ] GC(236) Pause Cleanup
[78.683s][info][gc             ] GC(236) Pause Cleanup 160M->160M(368M) 0.140ms
[78.683s][info][gc,cpu         ] GC(236) User=0.00s Sys=0.00s Real=0.00s
[78.683s][info][gc,marking     ] GC(236) Concurrent Clear Claimed Marks
[78.683s][info][gc,marking     ] GC(236) Concurrent Clear Claimed Marks 0.065ms
[78.683s][info][gc,marking     ] GC(236) Concurrent Cleanup for Next Mark
[78.685s][info][gc,marking     ] GC(236) Concurrent Cleanup for Next Mark 1.226ms
[78.685s][info][gc             ] GC(236) Concurrent Mark Cycle 15.094ms
[79.690s][info][gc,start       ] GC(237) Pause Full (System.gc())
[79.690s][info][gc,task        ] GC(237) Using 8 workers of 8 for full compaction
[79.690s][info][gc,phases,start] GC(237) Phase 1: Mark live objects
[79.694s][info][gc,phases      ] GC(237) Phase 1: Mark live objects 3.754ms
[79.694s][info][gc,phases,start] GC(237) Phase 2: Prepare compaction
[79.694s][info][gc,phases      ] GC(237) Phase 2: Prepare compaction 0.330ms
[79.694s][info][gc,phases,start] GC(237) Phase 3: Adjust pointers
[79.696s][info][gc,phases      ] GC(237) Phase 3: Adjust pointers 2.114ms
[79.696s][info][gc,phases,start] GC(237) Phase 4: Compact heap
[79.697s][info][gc,phases      ] GC(237) Phase 4: Compact heap 0.309ms
[79.697s][info][gc,phases,start] GC(237) Phase 5: Reset Metadata
[79.697s][info][gc,phases      ] GC(237) Phase 5: Reset Metadata 0.702ms
[79.700s][info][gc,heap        ] GC(237) Eden regions: 1->0(50)
[79.700s][info][gc,heap        ] GC(237) Survivor regions: 0->0(7)
[79.700s][info][gc,heap        ] GC(237) Old regions: 9->9
[79.700s][info][gc,heap        ] GC(237) Humongous regions: 100->100
[79.700s][info][gc,metaspace   ] GC(237) Metaspace: 17809K(18240K)->17809K(18240K) NonClass: 15833K(16064K)->15833K(16064K) Class: 1975K(2176K)->1975K(2176K)
[79.700s][info][gc             ] GC(237) Pause Full (System.gc()) 208M->206M(368M) 10.742ms
[79.700s][info][gc,cpu         ] GC(237) User=0.00s Sys=0.02s Real=0.01s
[79.701s][info][gc,start       ] GC(238) Pause Young (Concurrent Start) (G1 Humongous Allocation)
[79.701s][info][gc,task        ] GC(238) Using 8 workers of 8 for evacuation
[79.701s][info][gc,phases      ] GC(238)   Pre Evacuate Collection Set: 0.1ms
[79.701s][info][gc,phases      ] GC(238)   Merge Heap Roots: 0.0ms
[79.701s][info][gc,phases      ] GC(238)   Evacuate Collection Set: 0.4ms
[79.701s][info][gc,phases      ] GC(238)   Post Evacuate Collection Set: 0.2ms
[79.701s][info][gc,phases      ] GC(238)   Other: 0.1ms
[79.702s][info][gc,heap        ] GC(238) Eden regions: 0->0(50)
[79.702s][info][gc,heap        ] GC(238) Survivor regions: 0->0(7)
[79.702s][info][gc,heap        ] GC(238) Old regions: 9->9
[79.702s][info][gc,heap        ] GC(238) Humongous regions: 100->100
[79.702s][info][gc,metaspace   ] GC(238) Metaspace: 17809K(18240K)->17809K(18240K) NonClass: 15833K(16064K)->15833K(16064K) Class: 1975K(2176K)->1975K(2176K)
[79.702s][info][gc             ] GC(238) Pause Young (Concurrent Start) (G1 Humongous Allocation) 206M->206M(368M) 1.095ms
[79.702s][info][gc             ] GC(239) Concurrent Mark Cycle
[79.702s][info][gc,cpu         ] GC(238) User=0.00s Sys=0.00s Real=0.00s
[79.702s][info][gc,marking     ] GC(239) Concurrent Scan Root Regions
[79.702s][info][gc,marking     ] GC(239) Concurrent Scan Root Regions 0.044ms
[79.702s][info][gc,marking     ] GC(239) Concurrent Mark
[79.702s][info][gc,marking     ] GC(239) Concurrent Mark From Roots
[79.702s][info][gc,task        ] GC(239) Using 2 workers of 2 for marking
[79.712s][info][gc,marking     ] GC(239) Concurrent Mark From Roots 9.945ms
[79.712s][info][gc,marking     ] GC(239) Concurrent Preclean
[79.712s][info][gc,marking     ] GC(239) Concurrent Preclean 0.256ms
[79.712s][info][gc,start       ] GC(239) Pause Remark
[79.713s][info][gc             ] GC(239) Pause Remark 323M->123M(368M) 0.931ms
[79.713s][info][gc,cpu         ] GC(239) User=0.00s Sys=0.00s Real=0.00s
[79.713s][info][gc,marking     ] GC(239) Concurrent Mark 11.560ms
[79.713s][info][gc,marking     ] GC(239) Concurrent Rebuild Remembered Sets and Scrub Regions
[79.716s][info][gc,marking     ] GC(239) Concurrent Rebuild Remembered Sets and Scrub Regions 3.096ms
[79.717s][info][gc,start       ] GC(239) Pause Cleanup
[79.717s][info][gc             ] GC(239) Pause Cleanup 165M->165M(368M) 0.167ms
[79.717s][info][gc,cpu         ] GC(239) User=0.00s Sys=0.00s Real=0.00s
[79.717s][info][gc,marking     ] GC(239) Concurrent Clear Claimed Marks
[79.717s][info][gc,marking     ] GC(239) Concurrent Clear Claimed Marks 0.071ms
[79.717s][info][gc,marking     ] GC(239) Concurrent Cleanup for Next Mark
[79.718s][info][gc,marking     ] GC(239) Concurrent Cleanup for Next Mark 0.863ms
[79.718s][info][gc             ] GC(239) Concurrent Mark Cycle 16.304ms
[80.721s][info][gc,start       ] GC(240) Pause Full (System.gc())
[80.721s][info][gc,task        ] GC(240) Using 8 workers of 8 for full compaction
[80.722s][info][gc,phases,start] GC(240) Phase 1: Mark live objects
[80.725s][info][gc,phases      ] GC(240) Phase 1: Mark live objects 3.709ms
[80.725s][info][gc,phases,start] GC(240) Phase 2: Prepare compaction
[80.726s][info][gc,phases      ] GC(240) Phase 2: Prepare compaction 0.546ms
[80.726s][info][gc,phases,start] GC(240) Phase 3: Adjust pointers
[80.729s][info][gc,phases      ] GC(240) Phase 3: Adjust pointers 3.029ms
[80.729s][info][gc,phases,start] GC(240) Phase 4: Compact heap
[80.730s][info][gc,phases      ] GC(240) Phase 4: Compact heap 0.453ms
[80.730s][info][gc,phases,start] GC(240) Phase 5: Reset Metadata
[80.730s][info][gc,phases      ] GC(240) Phase 5: Reset Metadata 0.594ms
[80.733s][info][gc,heap        ] GC(240) Eden regions: 2->0(50)
[80.733s][info][gc,heap        ] GC(240) Survivor regions: 0->0(7)
[80.733s][info][gc,heap        ] GC(240) Old regions: 9->9
[80.733s][info][gc,heap        ] GC(240) Humongous regions: 100->100
[80.733s][info][gc,metaspace   ] GC(240) Metaspace: 17818K(18304K)->17818K(18304K) NonClass: 15842K(16128K)->15842K(16128K) Class: 1975K(2176K)->1975K(2176K)
[80.733s][info][gc             ] GC(240) Pause Full (System.gc()) 209M->206M(368M) 11.665ms
[80.733s][info][gc,cpu         ] GC(240) User=0.00s Sys=0.02s Real=0.01s
[80.733s][info][gc,start       ] GC(241) Pause Young (Concurrent Start) (G1 Humongous Allocation)
[80.733s][info][gc,task        ] GC(241) Using 8 workers of 8 for evacuation
[80.734s][info][gc,phases      ] GC(241)   Pre Evacuate Collection Set: 0.1ms
[80.734s][info][gc,phases      ] GC(241)   Merge Heap Roots: 0.0ms
[80.734s][info][gc,phases      ] GC(241)   Evacuate Collection Set: 0.3ms
[80.734s][info][gc,phases      ] GC(241)   Post Evacuate Collection Set: 0.2ms
[80.734s][info][gc,phases      ] GC(241)   Other: 0.1ms
[80.734s][info][gc,heap        ] GC(241) Eden regions: 0->0(50)
[80.734s][info][gc,heap        ] GC(241) Survivor regions: 0->0(7)
[80.734s][info][gc,heap        ] GC(241) Old regions: 9->9
[80.734s][info][gc,heap        ] GC(241) Humongous regions: 100->100
[80.734s][info][gc,metaspace   ] GC(241) Metaspace: 17818K(18304K)->17818K(18304K) NonClass: 15842K(16128K)->15842K(16128K) Class: 1975K(2176K)->1975K(2176K)
[80.734s][info][gc             ] GC(241) Pause Young (Concurrent Start) (G1 Humongous Allocation) 206M->206M(368M) 0.963ms
[80.734s][info][gc             ] GC(242) Concurrent Mark Cycle
[80.734s][info][gc,cpu         ] GC(241) User=0.00s Sys=0.00s Real=0.00s
[80.734s][info][gc,marking     ] GC(242) Concurrent Scan Root Regions
[80.734s][info][gc,marking     ] GC(242) Concurrent Scan Root Regions 0.042ms
[80.734s][info][gc,marking     ] GC(242) Concurrent Mark
[80.734s][info][gc,marking     ] GC(242) Concurrent Mark From Roots
[80.734s][info][gc,task        ] GC(242) Using 2 workers of 2 for marking
[80.746s][info][gc,marking     ] GC(242) Concurrent Mark From Roots 11.787ms
[80.746s][info][gc,marking     ] GC(242) Concurrent Preclean
[80.746s][info][gc,marking     ] GC(242) Concurrent Preclean 0.183ms
[80.746s][info][gc,start       ] GC(242) Pause Remark
[80.747s][info][gc             ] GC(242) Pause Remark 324M->124M(368M) 1.037ms
[80.747s][info][gc,cpu         ] GC(242) User=0.00s Sys=0.00s Real=0.00s
[80.747s][info][gc,marking     ] GC(242) Concurrent Mark 13.374ms
[80.747s][info][gc,marking     ] GC(242) Concurrent Rebuild Remembered Sets and Scrub Regions
[80.751s][info][gc,marking     ] GC(242) Concurrent Rebuild Remembered Sets and Scrub Regions 3.032ms
[80.751s][info][gc,start       ] GC(242) Pause Cleanup
[80.751s][info][gc             ] GC(242) Pause Cleanup 174M->174M(368M) 0.127ms
[80.751s][info][gc,cpu         ] GC(242) User=0.00s Sys=0.00s Real=0.00s
[80.751s][info][gc,marking     ] GC(242) Concurrent Clear Claimed Marks
[80.751s][info][gc,marking     ] GC(242) Concurrent Clear Claimed Marks 0.070ms
[80.751s][info][gc,marking     ] GC(242) Concurrent Cleanup for Next Mark
[80.752s][info][gc,marking     ] GC(242) Concurrent Cleanup for Next Mark 0.829ms
[80.752s][info][gc             ] GC(242) Concurrent Mark Cycle 18.008ms
[81.755s][info][gc,start       ] GC(243) Pause Full (System.gc())
[81.755s][info][gc,task        ] GC(243) Using 8 workers of 8 for full compaction
[81.756s][info][gc,phases,start] GC(243) Phase 1: Mark live objects
[81.760s][info][gc,phases      ] GC(243) Phase 1: Mark live objects 4.161ms
[81.760s][info][gc,phases,start] GC(243) Phase 2: Prepare compaction
[81.760s][info][gc,phases      ] GC(243) Phase 2: Prepare compaction 0.452ms
[81.760s][info][gc,phases,start] GC(243) Phase 3: Adjust pointers
[81.763s][info][gc,phases      ] GC(243) Phase 3: Adjust pointers 2.165ms
[81.763s][info][gc,phases,start] GC(243) Phase 4: Compact heap
[81.763s][info][gc,phases      ] GC(243) Phase 4: Compact heap 0.389ms
[81.763s][info][gc,phases,start] GC(243) Phase 5: Reset Metadata
[81.764s][info][gc,phases      ] GC(243) Phase 5: Reset Metadata 0.575ms
[81.766s][info][gc,heap        ] GC(243) Eden regions: 1->0(50)
[81.766s][info][gc,heap        ] GC(243) Survivor regions: 0->0(7)
[81.766s][info][gc,heap        ] GC(243) Old regions: 9->9
[81.766s][info][gc,heap        ] GC(243) Humongous regions: 100->100
[81.766s][info][gc,metaspace   ] GC(243) Metaspace: 17818K(18304K)->17818K(18304K) NonClass: 15842K(16128K)->15842K(16128K) Class: 1975K(2176K)->1975K(2176K)
[81.766s][info][gc             ] GC(243) Pause Full (System.gc()) 208M->206M(368M) 10.914ms
[81.766s][info][gc,cpu         ] GC(243) User=0.03s Sys=0.00s Real=0.01s
[81.766s][info][gc,start       ] GC(244) Pause Young (Concurrent Start) (G1 Humongous Allocation)
[81.766s][info][gc,task        ] GC(244) Using 8 workers of 8 for evacuation
[81.767s][info][gc,phases      ] GC(244)   Pre Evacuate Collection Set: 0.1ms
[81.767s][info][gc,phases      ] GC(244)   Merge Heap Roots: 0.0ms
[81.767s][info][gc,phases      ] GC(244)   Evacuate Collection Set: 0.3ms
[81.767s][info][gc,phases      ] GC(244)   Post Evacuate Collection Set: 0.1ms
[81.767s][info][gc,phases      ] GC(244)   Other: 0.1ms
[81.767s][info][gc,heap        ] GC(244) Eden regions: 0->0(50)
[81.767s][info][gc,heap        ] GC(244) Survivor regions: 0->0(7)
[81.767s][info][gc,heap        ] GC(244) Old regions: 9->9
[81.767s][info][gc,heap        ] GC(244) Humongous regions: 100->100
[81.767s][info][gc,metaspace   ] GC(244) Metaspace: 17818K(18304K)->17818K(18304K) NonClass: 15842K(16128K)->15842K(16128K) Class: 1975K(2176K)->1975K(2176K)
[81.767s][info][gc             ] GC(244) Pause Young (Concurrent Start) (G1 Humongous Allocation) 206M->206M(368M) 0.906ms
[81.767s][info][gc,cpu         ] GC(244) User=0.00s Sys=0.00s Real=0.00s
[81.767s][info][gc             ] GC(245) Concurrent Mark Cycle
[81.767s][info][gc,marking     ] GC(245) Concurrent Scan Root Regions
[81.767s][info][gc,marking     ] GC(245) Concurrent Scan Root Regions 0.017ms
[81.767s][info][gc,marking     ] GC(245) Concurrent Mark
[81.767s][info][gc,marking     ] GC(245) Concurrent Mark From Roots
[81.767s][info][gc,task        ] GC(245) Using 2 workers of 2 for marking
[81.777s][info][gc,marking     ] GC(245) Concurrent Mark From Roots 9.606ms
[81.777s][info][gc,marking     ] GC(245) Concurrent Preclean
[81.777s][info][gc,marking     ] GC(245) Concurrent Preclean 0.256ms
[81.778s][info][gc,start       ] GC(245) Pause Remark
[81.779s][info][gc             ] GC(245) Pause Remark 344M->144M(368M) 1.197ms
[81.779s][info][gc,cpu         ] GC(245) User=0.00s Sys=0.00s Real=0.00s
[81.779s][info][gc,marking     ] GC(245) Concurrent Mark 11.601ms
[81.779s][info][gc,marking     ] GC(245) Concurrent Rebuild Remembered Sets and Scrub Regions
[81.783s][info][gc,marking     ] GC(245) Concurrent Rebuild Remembered Sets and Scrub Regions 3.623ms
[81.783s][info][gc,start       ] GC(245) Pause Cleanup
[81.783s][info][gc             ] GC(245) Pause Cleanup 192M->192M(368M) 0.178ms
[81.783s][info][gc,cpu         ] GC(245) User=0.00s Sys=0.00s Real=0.00s
[81.783s][info][gc,marking     ] GC(245) Concurrent Clear Claimed Marks
[81.784s][info][gc,marking     ] GC(245) Concurrent Clear Claimed Marks 0.293ms
[81.784s][info][gc,marking     ] GC(245) Concurrent Cleanup for Next Mark
[81.785s][info][gc,marking     ] GC(245) Concurrent Cleanup for Next Mark 0.942ms
[81.785s][info][gc             ] GC(245) Concurrent Mark Cycle 17.869ms
[82.787s][info][gc,start       ] GC(246) Pause Full (System.gc())
[82.787s][info][gc,task        ] GC(246) Using 8 workers of 8 for full compaction
[82.788s][info][gc,phases,start] GC(246) Phase 1: Mark live objects
[82.791s][info][gc,phases      ] GC(246) Phase 1: Mark live objects 3.612ms
[82.791s][info][gc,phases,start] GC(246) Phase 2: Prepare compaction
[82.792s][info][gc,phases      ] GC(246) Phase 2: Prepare compaction 0.379ms
[82.792s][info][gc,phases,start] GC(246) Phase 3: Adjust pointers
[82.794s][info][gc,phases      ] GC(246) Phase 3: Adjust pointers 2.087ms
[82.794s][info][gc,phases,start] GC(246) Phase 4: Compact heap
[82.794s][info][gc,phases      ] GC(246) Phase 4: Compact heap 0.319ms
[82.794s][info][gc,phases,start] GC(246) Phase 5: Reset Metadata
[82.795s][info][gc,phases      ] GC(246) Phase 5: Reset Metadata 0.528ms
[82.797s][info][gc,heap        ] GC(246) Eden regions: 1->0(50)
[82.797s][info][gc,heap        ] GC(246) Survivor regions: 0->0(7)
[82.797s][info][gc,heap        ] GC(246) Old regions: 9->9
[82.797s][info][gc,heap        ] GC(246) Humongous regions: 100->100
[82.797s][info][gc,metaspace   ] GC(246) Metaspace: 17819K(18304K)->17819K(18304K) NonClass: 15843K(16128K)->15843K(16128K) Class: 1975K(2176K)->1975K(2176K)
[82.797s][info][gc             ] GC(246) Pause Full (System.gc()) 208M->206M(368M) 9.776ms
[82.797s][info][gc,cpu         ] GC(246) User=0.03s Sys=0.00s Real=0.01s
[82.797s][info][gc,start       ] GC(247) Pause Young (Concurrent Start) (G1 Humongous Allocation)
[82.797s][info][gc,task        ] GC(247) Using 8 workers of 8 for evacuation
[82.798s][info][gc,phases      ] GC(247)   Pre Evacuate Collection Set: 0.1ms
[82.798s][info][gc,phases      ] GC(247)   Merge Heap Roots: 0.0ms
[82.798s][info][gc,phases      ] GC(247)   Evacuate Collection Set: 0.4ms
[82.798s][info][gc,phases      ] GC(247)   Post Evacuate Collection Set: 0.1ms
[82.798s][info][gc,phases      ] GC(247)   Other: 0.1ms
[82.798s][info][gc,heap        ] GC(247) Eden regions: 0->0(50)
[82.798s][info][gc,heap        ] GC(247) Survivor regions: 0->0(7)
[82.798s][info][gc,heap        ] GC(247) Old regions: 9->9
[82.798s][info][gc,heap        ] GC(247) Humongous regions: 100->100
[82.798s][info][gc,metaspace   ] GC(247) Metaspace: 17819K(18304K)->17819K(18304K) NonClass: 15843K(16128K)->15843K(16128K) Class: 1975K(2176K)->1975K(2176K)
[82.798s][info][gc             ] GC(247) Pause Young (Concurrent Start) (G1 Humongous Allocation) 206M->206M(368M) 0.917ms
[82.798s][info][gc,cpu         ] GC(247) User=0.00s Sys=0.00s Real=0.00s
[82.798s][info][gc             ] GC(248) Concurrent Mark Cycle
[82.798s][info][gc,marking     ] GC(248) Concurrent Scan Root Regions
[82.798s][info][gc,marking     ] GC(248) Concurrent Scan Root Regions 0.019ms
[82.798s][info][gc,marking     ] GC(248) Concurrent Mark
[82.798s][info][gc,marking     ] GC(248) Concurrent Mark From Roots
[82.798s][info][gc,task        ] GC(248) Using 2 workers of 2 for marking
[82.807s][info][gc,marking     ] GC(248) Concurrent Mark From Roots 9.303ms
[82.808s][info][gc,marking     ] GC(248) Concurrent Preclean
[82.808s][info][gc,marking     ] GC(248) Concurrent Preclean 0.475ms
[82.809s][info][gc,start       ] GC(248) Pause Remark
[82.810s][info][gc             ] GC(248) Pause Remark 338M->138M(368M) 1.208ms
[82.810s][info][gc,cpu         ] GC(248) User=0.02s Sys=0.00s Real=0.00s
[82.810s][info][gc,marking     ] GC(248) Concurrent Mark 11.838ms
[82.810s][info][gc,marking     ] GC(248) Concurrent Rebuild Remembered Sets and Scrub Regions
[82.814s][info][gc,marking     ] GC(248) Concurrent Rebuild Remembered Sets and Scrub Regions 3.932ms
[82.814s][info][gc,start       ] GC(248) Pause Cleanup
[82.814s][info][gc             ] GC(248) Pause Cleanup 186M->186M(368M) 0.204ms
[82.814s][info][gc,cpu         ] GC(248) User=0.00s Sys=0.00s Real=0.00s
[82.815s][info][gc,marking     ] GC(248) Concurrent Clear Claimed Marks
[82.815s][info][gc,marking     ] GC(248) Concurrent Clear Claimed Marks 0.075ms
[82.815s][info][gc,marking     ] GC(248) Concurrent Cleanup for Next Mark
[82.816s][info][gc,marking     ] GC(248) Concurrent Cleanup for Next Mark 0.987ms
[82.816s][info][gc             ] GC(248) Concurrent Mark Cycle 17.779ms
[83.817s][info][gc,start       ] GC(249) Pause Full (System.gc())
[83.818s][info][gc,task        ] GC(249) Using 8 workers of 8 for full compaction
[83.818s][info][gc,phases,start] GC(249) Phase 1: Mark live objects
[83.822s][info][gc,phases      ] GC(249) Phase 1: Mark live objects 4.212ms
[83.822s][info][gc,phases,start] GC(249) Phase 2: Prepare compaction
[83.823s][info][gc,phases      ] GC(249) Phase 2: Prepare compaction 0.436ms
[83.823s][info][gc,phases,start] GC(249) Phase 3: Adjust pointers
[83.825s][info][gc,phases      ] GC(249) Phase 3: Adjust pointers 2.632ms
[83.825s][info][gc,phases,start] GC(249) Phase 4: Compact heap
[83.826s][info][gc,phases      ] GC(249) Phase 4: Compact heap 0.463ms
[83.826s][info][gc,phases,start] GC(249) Phase 5: Reset Metadata
[83.826s][info][gc,phases      ] GC(249) Phase 5: Reset Metadata 0.702ms
[83.829s][info][gc,heap        ] GC(249) Eden regions: 1->0(50)
[83.829s][info][gc,heap        ] GC(249) Survivor regions: 0->0(7)
[83.829s][info][gc,heap        ] GC(249) Old regions: 9->9
[83.829s][info][gc,heap        ] GC(249) Humongous regions: 100->100
[83.829s][info][gc,metaspace   ] GC(249) Metaspace: 17821K(18304K)->17821K(18304K) NonClass: 15845K(16128K)->15845K(16128K) Class: 1975K(2176K)->1975K(2176K)
[83.829s][info][gc             ] GC(249) Pause Full (System.gc()) 208M->206M(368M) 11.690ms
[83.829s][info][gc,cpu         ] GC(249) User=0.02s Sys=0.00s Real=0.01s
[83.829s][info][gc,start       ] GC(250) Pause Young (Concurrent Start) (G1 Humongous Allocation)
[83.829s][info][gc,task        ] GC(250) Using 8 workers of 8 for evacuation
[83.830s][info][gc,phases      ] GC(250)   Pre Evacuate Collection Set: 0.2ms
[83.831s][info][gc,phases      ] GC(250)   Merge Heap Roots: 0.0ms
[83.831s][info][gc,phases      ] GC(250)   Evacuate Collection Set: 0.5ms
[83.831s][info][gc,phases      ] GC(250)   Post Evacuate Collection Set: 0.2ms
[83.831s][info][gc,phases      ] GC(250)   Other: 0.1ms
[83.831s][info][gc,heap        ] GC(250) Eden regions: 0->0(50)
[83.831s][info][gc,heap        ] GC(250) Survivor regions: 0->0(7)
[83.831s][info][gc,heap        ] GC(250) Old regions: 9->9
[83.831s][info][gc,heap        ] GC(250) Humongous regions: 100->100
[83.831s][info][gc,metaspace   ] GC(250) Metaspace: 17821K(18304K)->17821K(18304K) NonClass: 15845K(16128K)->15845K(16128K) Class: 1975K(2176K)->1975K(2176K)
[83.831s][info][gc             ] GC(250) Pause Young (Concurrent Start) (G1 Humongous Allocation) 206M->206M(368M) 1.399ms
[83.831s][info][gc,cpu         ] GC(250) User=0.00s Sys=0.00s Real=0.00s
[83.831s][info][gc             ] GC(251) Concurrent Mark Cycle
[83.831s][info][gc,marking     ] GC(251) Concurrent Scan Root Regions
[83.831s][info][gc,marking     ] GC(251) Concurrent Scan Root Regions 0.017ms
[83.831s][info][gc,marking     ] GC(251) Concurrent Mark
[83.831s][info][gc,marking     ] GC(251) Concurrent Mark From Roots
[83.831s][info][gc,task        ] GC(251) Using 2 workers of 2 for marking
[83.841s][info][gc,marking     ] GC(251) Concurrent Mark From Roots 10.428ms
[83.841s][info][gc,marking     ] GC(251) Concurrent Preclean
[83.842s][info][gc,marking     ] GC(251) Concurrent Preclean 0.240ms
[83.842s][info][gc,start       ] GC(251) Pause Remark
[83.843s][info][gc             ] GC(251) Pause Remark 338M->138M(368M) 1.146ms
[83.843s][info][gc,cpu         ] GC(251) User=0.00s Sys=0.00s Real=0.00s
[83.843s][info][gc,marking     ] GC(251) Concurrent Mark 12.322ms
[83.843s][info][gc,marking     ] GC(251) Concurrent Rebuild Remembered Sets and Scrub Regions
[83.847s][info][gc,marking     ] GC(251) Concurrent Rebuild Remembered Sets and Scrub Regions 3.461ms
[83.847s][info][gc,start       ] GC(251) Pause Cleanup
[83.847s][info][gc             ] GC(251) Pause Cleanup 184M->184M(368M) 0.168ms
[83.847s][info][gc,cpu         ] GC(251) User=0.00s Sys=0.00s Real=0.00s
[83.847s][info][gc,marking     ] GC(251) Concurrent Clear Claimed Marks
[83.847s][info][gc,marking     ] GC(251) Concurrent Clear Claimed Marks 0.070ms
[83.847s][info][gc,marking     ] GC(251) Concurrent Cleanup for Next Mark
[83.848s][info][gc,marking     ] GC(251) Concurrent Cleanup for Next Mark 0.824ms
[83.848s][info][gc             ] GC(251) Concurrent Mark Cycle 17.594ms
[84.850s][info][gc,start       ] GC(252) Pause Full (System.gc())
[84.850s][info][gc,task        ] GC(252) Using 8 workers of 8 for full compaction
[84.851s][info][gc,phases,start] GC(252) Phase 1: Mark live objects
[84.855s][info][gc,phases      ] GC(252) Phase 1: Mark live objects 4.286ms
[84.855s][info][gc,phases,start] GC(252) Phase 2: Prepare compaction
[84.856s][info][gc,phases      ] GC(252) Phase 2: Prepare compaction 0.522ms
[84.856s][info][gc,phases,start] GC(252) Phase 3: Adjust pointers
[84.858s][info][gc,phases      ] GC(252) Phase 3: Adjust pointers 2.381ms
[84.858s][info][gc,phases,start] GC(252) Phase 4: Compact heap
[84.859s][info][gc,phases      ] GC(252) Phase 4: Compact heap 0.490ms
[84.859s][info][gc,phases,start] GC(252) Phase 5: Reset Metadata
[84.859s][info][gc,phases      ] GC(252) Phase 5: Reset Metadata 0.781ms
[84.862s][info][gc,heap        ] GC(252) Eden regions: 1->0(50)
[84.862s][info][gc,heap        ] GC(252) Survivor regions: 0->0(7)
[84.862s][info][gc,heap        ] GC(252) Old regions: 9->9
[84.862s][info][gc,heap        ] GC(252) Humongous regions: 100->100
[84.862s][info][gc,metaspace   ] GC(252) Metaspace: 17821K(18304K)->17821K(18304K) NonClass: 15845K(16128K)->15845K(16128K) Class: 1975K(2176K)->1975K(2176K)
[84.862s][info][gc             ] GC(252) Pause Full (System.gc()) 208M->206M(368M) 12.031ms
[84.862s][info][gc,cpu         ] GC(252) User=0.02s Sys=0.00s Real=0.01s
[84.862s][info][gc,start       ] GC(253) Pause Young (Concurrent Start) (G1 Humongous Allocation)
[84.863s][info][gc,task        ] GC(253) Using 8 workers of 8 for evacuation
[84.863s][info][gc,phases      ] GC(253)   Pre Evacuate Collection Set: 0.1ms
[84.863s][info][gc,phases      ] GC(253)   Merge Heap Roots: 0.0ms
[84.863s][info][gc,phases      ] GC(253)   Evacuate Collection Set: 0.3ms
[84.863s][info][gc,phases      ] GC(253)   Post Evacuate Collection Set: 0.1ms
[84.863s][info][gc,phases      ] GC(253)   Other: 0.1ms
[84.863s][info][gc,heap        ] GC(253) Eden regions: 0->0(50)
[84.863s][info][gc,heap        ] GC(253) Survivor regions: 0->0(7)
[84.863s][info][gc,heap        ] GC(253) Old regions: 9->9
[84.863s][info][gc,heap        ] GC(253) Humongous regions: 100->100
[84.863s][info][gc,metaspace   ] GC(253) Metaspace: 17821K(18304K)->17821K(18304K) NonClass: 15845K(16128K)->15845K(16128K) Class: 1975K(2176K)->1975K(2176K)
[84.863s][info][gc             ] GC(253) Pause Young (Concurrent Start) (G1 Humongous Allocation) 206M->206M(368M) 0.959ms
[84.863s][info][gc             ] GC(254) Concurrent Mark Cycle
[84.863s][info][gc,cpu         ] GC(253) User=0.00s Sys=0.00s Real=0.00s
[84.864s][info][gc,marking     ] GC(254) Concurrent Scan Root Regions
[84.864s][info][gc,marking     ] GC(254) Concurrent Scan Root Regions 0.069ms
[84.864s][info][gc,marking     ] GC(254) Concurrent Mark
[84.864s][info][gc,marking     ] GC(254) Concurrent Mark From Roots
[84.864s][info][gc,task        ] GC(254) Using 2 workers of 2 for marking
[84.873s][info][gc,marking     ] GC(254) Concurrent Mark From Roots 9.341ms
[84.873s][info][gc,marking     ] GC(254) Concurrent Preclean
[84.873s][info][gc,marking     ] GC(254) Concurrent Preclean 0.181ms
[84.873s][info][gc,start       ] GC(254) Pause Remark
[84.875s][info][gc             ] GC(254) Pause Remark 338M->138M(368M) 1.348ms
[84.875s][info][gc,cpu         ] GC(254) User=0.00s Sys=0.00s Real=0.00s
[84.875s][info][gc,marking     ] GC(254) Concurrent Mark 11.227ms
[84.875s][info][gc,marking     ] GC(254) Concurrent Rebuild Remembered Sets and Scrub Regions
[84.878s][info][gc,marking     ] GC(254) Concurrent Rebuild Remembered Sets and Scrub Regions 3.162ms
[84.878s][info][gc,start       ] GC(254) Pause Cleanup
[84.878s][info][gc             ] GC(254) Pause Cleanup 188M->188M(368M) 0.134ms
[84.878s][info][gc,cpu         ] GC(254) User=0.00s Sys=0.00s Real=0.00s
[84.878s][info][gc,marking     ] GC(254) Concurrent Clear Claimed Marks
[84.879s][info][gc,marking     ] GC(254) Concurrent Clear Claimed Marks 0.070ms
[84.879s][info][gc,marking     ] GC(254) Concurrent Cleanup for Next Mark
[84.879s][info][gc,marking     ] GC(254) Concurrent Cleanup for Next Mark 0.822ms
[84.879s][info][gc             ] GC(254) Concurrent Mark Cycle 15.987ms
[85.882s][info][gc,start       ] GC(255) Pause Full (System.gc())
[85.882s][info][gc,task        ] GC(255) Using 8 workers of 8 for full compaction
[85.882s][info][gc,phases,start] GC(255) Phase 1: Mark live objects
[85.886s][info][gc,phases      ] GC(255) Phase 1: Mark live objects 3.806ms
[85.886s][info][gc,phases,start] GC(255) Phase 2: Prepare compaction
[85.886s][info][gc,phases      ] GC(255) Phase 2: Prepare compaction 0.350ms
[85.886s][info][gc,phases,start] GC(255) Phase 3: Adjust pointers
[85.889s][info][gc,phases      ] GC(255) Phase 3: Adjust pointers 2.210ms
[85.889s][info][gc,phases,start] GC(255) Phase 4: Compact heap
[85.889s][info][gc,phases      ] GC(255) Phase 4: Compact heap 0.333ms
[85.889s][info][gc,phases,start] GC(255) Phase 5: Reset Metadata
[85.890s][info][gc,phases      ] GC(255) Phase 5: Reset Metadata 0.531ms
[85.892s][info][gc,heap        ] GC(255) Eden regions: 1->0(50)
[85.892s][info][gc,heap        ] GC(255) Survivor regions: 0->0(7)
[85.892s][info][gc,heap        ] GC(255) Old regions: 9->9
[85.892s][info][gc,heap        ] GC(255) Humongous regions: 100->100
[85.892s][info][gc,metaspace   ] GC(255) Metaspace: 17822K(18304K)->17822K(18304K) NonClass: 15846K(16128K)->15846K(16128K) Class: 1975K(2176K)->1975K(2176K)
[85.892s][info][gc             ] GC(255) Pause Full (System.gc()) 208M->206M(368M) 10.316ms
[85.892s][info][gc,cpu         ] GC(255) User=0.06s Sys=0.00s Real=0.01s
[85.892s][info][gc,start       ] GC(256) Pause Young (Concurrent Start) (G1 Humongous Allocation)
[85.892s][info][gc,task        ] GC(256) Using 8 workers of 8 for evacuation
[85.893s][info][gc,phases      ] GC(256)   Pre Evacuate Collection Set: 0.1ms
[85.893s][info][gc,phases      ] GC(256)   Merge Heap Roots: 0.0ms
[85.893s][info][gc,phases      ] GC(256)   Evacuate Collection Set: 0.3ms
[85.893s][info][gc,phases      ] GC(256)   Post Evacuate Collection Set: 0.1ms
[85.893s][info][gc,phases      ] GC(256)   Other: 0.1ms
[85.893s][info][gc,heap        ] GC(256) Eden regions: 0->0(50)
[85.893s][info][gc,heap        ] GC(256) Survivor regions: 0->0(7)
[85.893s][info][gc,heap        ] GC(256) Old regions: 9->9
[85.893s][info][gc,heap        ] GC(256) Humongous regions: 100->100
[85.893s][info][gc,metaspace   ] GC(256) Metaspace: 17822K(18304K)->17822K(18304K) NonClass: 15846K(16128K)->15846K(16128K) Class: 1975K(2176K)->1975K(2176K)
[85.893s][info][gc             ] GC(256) Pause Young (Concurrent Start) (G1 Humongous Allocation) 206M->206M(368M) 0.942ms
[85.893s][info][gc,cpu         ] GC(256) User=0.00s Sys=0.00s Real=0.00s
[85.893s][info][gc             ] GC(257) Concurrent Mark Cycle
[85.893s][info][gc,marking     ] GC(257) Concurrent Scan Root Regions
[85.893s][info][gc,marking     ] GC(257) Concurrent Scan Root Regions 0.016ms
[85.893s][info][gc,marking     ] GC(257) Concurrent Mark
[85.893s][info][gc,marking     ] GC(257) Concurrent Mark From Roots
[85.893s][info][gc,task        ] GC(257) Using 2 workers of 2 for marking
[85.903s][info][gc,marking     ] GC(257) Concurrent Mark From Roots 9.192ms
[85.903s][info][gc,marking     ] GC(257) Concurrent Preclean
[85.903s][info][gc,marking     ] GC(257) Concurrent Preclean 0.180ms
[85.903s][info][gc,start       ] GC(257) Pause Remark
[85.905s][info][gc             ] GC(257) Pause Remark 336M->136M(368M) 1.649ms
[85.905s][info][gc,cpu         ] GC(257) User=0.00s Sys=0.00s Real=0.00s
[85.905s][info][gc,marking     ] GC(257) Concurrent Mark 11.415ms
[85.905s][info][gc,marking     ] GC(257) Concurrent Rebuild Remembered Sets and Scrub Regions
[85.908s][info][gc,marking     ] GC(257) Concurrent Rebuild Remembered Sets and Scrub Regions 3.464ms
[85.908s][info][gc,start       ] GC(257) Pause Cleanup
[85.909s][info][gc             ] GC(257) Pause Cleanup 186M->186M(368M) 0.169ms
[85.909s][info][gc,cpu         ] GC(257) User=0.00s Sys=0.00s Real=0.00s
[85.909s][info][gc,marking     ] GC(257) Concurrent Clear Claimed Marks
[85.909s][info][gc,marking     ] GC(257) Concurrent Clear Claimed Marks 0.064ms
[85.909s][info][gc,marking     ] GC(257) Concurrent Cleanup for Next Mark
[85.910s][info][gc,marking     ] GC(257) Concurrent Cleanup for Next Mark 0.942ms
[85.910s][info][gc             ] GC(257) Concurrent Mark Cycle 16.724ms
[86.911s][info][gc,start       ] GC(258) Pause Full (System.gc())
[86.911s][info][gc,task        ] GC(258) Using 8 workers of 8 for full compaction
[86.911s][info][gc,phases,start] GC(258) Phase 1: Mark live objects
[86.916s][info][gc,phases      ] GC(258) Phase 1: Mark live objects 4.119ms
[86.916s][info][gc,phases,start] GC(258) Phase 2: Prepare compaction
[86.916s][info][gc,phases      ] GC(258) Phase 2: Prepare compaction 0.400ms
[86.916s][info][gc,phases,start] GC(258) Phase 3: Adjust pointers
[86.918s][info][gc,phases      ] GC(258) Phase 3: Adjust pointers 1.928ms
[86.918s][info][gc,phases,start] GC(258) Phase 4: Compact heap
[86.918s][info][gc,phases      ] GC(258) Phase 4: Compact heap 0.253ms
[86.918s][info][gc,phases,start] GC(258) Phase 5: Reset Metadata
[86.919s][info][gc,phases      ] GC(258) Phase 5: Reset Metadata 0.525ms
[86.921s][info][gc,heap        ] GC(258) Eden regions: 1->0(50)
[86.921s][info][gc,heap        ] GC(258) Survivor regions: 0->0(7)
[86.921s][info][gc,heap        ] GC(258) Old regions: 9->9
[86.921s][info][gc,heap        ] GC(258) Humongous regions: 100->100
[86.921s][info][gc,metaspace   ] GC(258) Metaspace: 17822K(18304K)->17822K(18304K) NonClass: 15846K(16128K)->15846K(16128K) Class: 1975K(2176K)->1975K(2176K)
[86.921s][info][gc             ] GC(258) Pause Full (System.gc()) 208M->206M(368M) 10.241ms
[86.921s][info][gc,cpu         ] GC(258) User=0.02s Sys=0.00s Real=0.01s
[86.922s][info][gc,start       ] GC(259) Pause Young (Concurrent Start) (G1 Humongous Allocation)
[86.922s][info][gc,task        ] GC(259) Using 8 workers of 8 for evacuation
[86.922s][info][gc,phases      ] GC(259)   Pre Evacuate Collection Set: 0.1ms
[86.923s][info][gc,phases      ] GC(259)   Merge Heap Roots: 0.0ms
[86.923s][info][gc,phases      ] GC(259)   Evacuate Collection Set: 0.4ms
[86.923s][info][gc,phases      ] GC(259)   Post Evacuate Collection Set: 0.3ms
[86.923s][info][gc,phases      ] GC(259)   Other: 0.1ms
[86.923s][info][gc,heap        ] GC(259) Eden regions: 0->0(50)
[86.923s][info][gc,heap        ] GC(259) Survivor regions: 0->0(7)
[86.923s][info][gc,heap        ] GC(259) Old regions: 9->9
[86.923s][info][gc,heap        ] GC(259) Humongous regions: 100->100
[86.923s][info][gc,metaspace   ] GC(259) Metaspace: 17822K(18304K)->17822K(18304K) NonClass: 15846K(16128K)->15846K(16128K) Class: 1975K(2176K)->1975K(2176K)
[86.923s][info][gc             ] GC(259) Pause Young (Concurrent Start) (G1 Humongous Allocation) 206M->206M(368M) 1.252ms
[86.923s][info][gc,cpu         ] GC(259) User=0.00s Sys=0.00s Real=0.00s
[86.923s][info][gc             ] GC(260) Concurrent Mark Cycle
[86.923s][info][gc,marking     ] GC(260) Concurrent Scan Root Regions
[86.923s][info][gc,marking     ] GC(260) Concurrent Scan Root Regions 0.017ms
[86.923s][info][gc,marking     ] GC(260) Concurrent Mark
[86.923s][info][gc,marking     ] GC(260) Concurrent Mark From Roots
[86.923s][info][gc,task        ] GC(260) Using 2 workers of 2 for marking
[86.934s][info][gc,marking     ] GC(260) Concurrent Mark From Roots 10.932ms
[86.934s][info][gc,marking     ] GC(260) Concurrent Preclean
[86.934s][info][gc,marking     ] GC(260) Concurrent Preclean 0.162ms
[86.934s][info][gc,start       ] GC(260) Pause Remark
[86.936s][info][gc             ] GC(260) Pause Remark 339M->139M(368M) 1.375ms
[86.936s][info][gc,cpu         ] GC(260) User=0.00s Sys=0.00s Real=0.00s
[86.936s][info][gc,marking     ] GC(260) Concurrent Mark 13.396ms
[86.936s][info][gc,marking     ] GC(260) Concurrent Rebuild Remembered Sets and Scrub Regions
[86.940s][info][gc,marking     ] GC(260) Concurrent Rebuild Remembered Sets and Scrub Regions 3.951ms
[86.941s][info][gc,start       ] GC(260) Pause Cleanup
[86.941s][info][gc             ] GC(260) Pause Cleanup 177M->177M(368M) 0.209ms
[86.941s][info][gc,cpu         ] GC(260) User=0.00s Sys=0.00s Real=0.00s
[86.941s][info][gc,marking     ] GC(260) Concurrent Clear Claimed Marks
[86.941s][info][gc,marking     ] GC(260) Concurrent Clear Claimed Marks 0.080ms
[86.941s][info][gc,marking     ] GC(260) Concurrent Cleanup for Next Mark
[86.942s][info][gc,marking     ] GC(260) Concurrent Cleanup for Next Mark 0.956ms
[86.942s][info][gc             ] GC(260) Concurrent Mark Cycle 19.312ms
[87.946s][info][gc,start       ] GC(261) Pause Full (System.gc())
[87.946s][info][gc,task        ] GC(261) Using 8 workers of 8 for full compaction
[87.947s][info][gc,phases,start] GC(261) Phase 1: Mark live objects
[87.953s][info][gc,phases      ] GC(261) Phase 1: Mark live objects 6.301ms
[87.953s][info][gc,phases,start] GC(261) Phase 2: Prepare compaction
[87.954s][info][gc,phases      ] GC(261) Phase 2: Prepare compaction 0.418ms
[87.954s][info][gc,phases,start] GC(261) Phase 3: Adjust pointers
[87.957s][info][gc,phases      ] GC(261) Phase 3: Adjust pointers 2.717ms
[87.957s][info][gc,phases,start] GC(261) Phase 4: Compact heap
[87.957s][info][gc,phases      ] GC(261) Phase 4: Compact heap 0.369ms
[87.957s][info][gc,phases,start] GC(261) Phase 5: Reset Metadata
[87.958s][info][gc,phases      ] GC(261) Phase 5: Reset Metadata 0.714ms
[87.961s][info][gc,heap        ] GC(261) Eden regions: 1->0(50)
[87.961s][info][gc,heap        ] GC(261) Survivor regions: 0->0(7)
[87.961s][info][gc,heap        ] GC(261) Old regions: 9->9
[87.961s][info][gc,heap        ] GC(261) Humongous regions: 100->100
[87.961s][info][gc,metaspace   ] GC(261) Metaspace: 17823K(18304K)->17823K(18304K) NonClass: 15847K(16128K)->15847K(16128K) Class: 1975K(2176K)->1975K(2176K)
[87.961s][info][gc             ] GC(261) Pause Full (System.gc()) 208M->206M(368M) 14.610ms
[87.961s][info][gc,cpu         ] GC(261) User=0.06s Sys=0.02s Real=0.01s
[87.961s][info][gc,start       ] GC(262) Pause Young (Concurrent Start) (G1 Humongous Allocation)
[87.961s][info][gc,task        ] GC(262) Using 8 workers of 8 for evacuation
[87.962s][info][gc,phases      ] GC(262)   Pre Evacuate Collection Set: 0.1ms
[87.962s][info][gc,phases      ] GC(262)   Merge Heap Roots: 0.0ms
[87.962s][info][gc,phases      ] GC(262)   Evacuate Collection Set: 0.6ms
[87.962s][info][gc,phases      ] GC(262)   Post Evacuate Collection Set: 0.2ms
[87.962s][info][gc,phases      ] GC(262)   Other: 0.1ms
[87.962s][info][gc,heap        ] GC(262) Eden regions: 0->0(50)
[87.962s][info][gc,heap        ] GC(262) Survivor regions: 0->0(7)
[87.962s][info][gc,heap        ] GC(262) Old regions: 9->9
[87.962s][info][gc,heap        ] GC(262) Humongous regions: 100->100
[87.962s][info][gc,metaspace   ] GC(262) Metaspace: 17823K(18304K)->17823K(18304K) NonClass: 15847K(16128K)->15847K(16128K) Class: 1975K(2176K)->1975K(2176K)
[87.962s][info][gc             ] GC(262) Pause Young (Concurrent Start) (G1 Humongous Allocation) 206M->206M(368M) 1.350ms
[87.962s][info][gc             ] GC(263) Concurrent Mark Cycle
[87.962s][info][gc,cpu         ] GC(262) User=0.00s Sys=0.00s Real=0.00s
[87.962s][info][gc,marking     ] GC(263) Concurrent Scan Root Regions
[87.962s][info][gc,marking     ] GC(263) Concurrent Scan Root Regions 0.056ms
[87.962s][info][gc,marking     ] GC(263) Concurrent Mark
[87.962s][info][gc,marking     ] GC(263) Concurrent Mark From Roots
[87.962s][info][gc,task        ] GC(263) Using 2 workers of 2 for marking
[87.973s][info][gc,marking     ] GC(263) Concurrent Mark From Roots 10.812ms
[87.973s][info][gc,marking     ] GC(263) Concurrent Preclean
[87.973s][info][gc,marking     ] GC(263) Concurrent Preclean 0.155ms
[87.974s][info][gc,start       ] GC(263) Pause Remark
[87.976s][info][gc             ] GC(263) Pause Remark 296M->96M(360M) 2.380ms
[87.976s][info][gc,cpu         ] GC(263) User=0.00s Sys=0.00s Real=0.00s
[87.976s][info][gc,marking     ] GC(263) Concurrent Mark 13.821ms
[87.976s][info][gc,marking     ] GC(263) Concurrent Rebuild Remembered Sets and Scrub Regions
[87.980s][info][gc,marking     ] GC(263) Concurrent Rebuild Remembered Sets and Scrub Regions 3.856ms
[87.980s][info][gc,start       ] GC(263) Pause Cleanup
[87.981s][info][gc             ] GC(263) Pause Cleanup 138M->138M(360M) 0.377ms
[87.981s][info][gc,cpu         ] GC(263) User=0.00s Sys=0.00s Real=0.00s
[87.981s][info][gc,marking     ] GC(263) Concurrent Clear Claimed Marks
[87.981s][info][gc,marking     ] GC(263) Concurrent Clear Claimed Marks 0.067ms
[87.981s][info][gc,marking     ] GC(263) Concurrent Cleanup for Next Mark
[87.982s][info][gc,marking     ] GC(263) Concurrent Cleanup for Next Mark 0.702ms
[87.982s][info][gc             ] GC(263) Concurrent Mark Cycle 19.498ms
[88.989s][info][gc,start       ] GC(264) Pause Full (System.gc())
[88.989s][info][gc,task        ] GC(264) Using 8 workers of 8 for full compaction
[88.989s][info][gc,phases,start] GC(264) Phase 1: Mark live objects
[88.993s][info][gc,phases      ] GC(264) Phase 1: Mark live objects 3.807ms
[88.993s][info][gc,phases,start] GC(264) Phase 2: Prepare compaction
[88.993s][info][gc,phases      ] GC(264) Phase 2: Prepare compaction 0.389ms
[88.993s][info][gc,phases,start] GC(264) Phase 3: Adjust pointers
[88.996s][info][gc,phases      ] GC(264) Phase 3: Adjust pointers 2.516ms
[88.996s][info][gc,phases,start] GC(264) Phase 4: Compact heap
[88.996s][info][gc,phases      ] GC(264) Phase 4: Compact heap 0.307ms
[88.996s][info][gc,phases,start] GC(264) Phase 5: Reset Metadata
[88.997s][info][gc,phases      ] GC(264) Phase 5: Reset Metadata 0.846ms
[89.000s][info][gc,heap        ] GC(264) Eden regions: 1->0(48)
[89.000s][info][gc,heap        ] GC(264) Survivor regions: 0->0(7)
[89.000s][info][gc,heap        ] GC(264) Old regions: 9->9
[89.000s][info][gc,heap        ] GC(264) Humongous regions: 100->100
[89.000s][info][gc,metaspace   ] GC(264) Metaspace: 17823K(18304K)->17823K(18304K) NonClass: 15847K(16128K)->15847K(16128K) Class: 1975K(2176K)->1975K(2176K)
[89.001s][info][gc             ] GC(264) Pause Full (System.gc()) 208M->206M(364M) 11.808ms
[89.001s][info][gc,cpu         ] GC(264) User=0.05s Sys=0.00s Real=0.01s
[89.001s][info][gc,start       ] GC(265) Pause Young (Concurrent Start) (G1 Humongous Allocation)
[89.001s][info][gc,task        ] GC(265) Using 8 workers of 8 for evacuation
[89.002s][info][gc,phases      ] GC(265)   Pre Evacuate Collection Set: 0.1ms
[89.002s][info][gc,phases      ] GC(265)   Merge Heap Roots: 0.0ms
[89.002s][info][gc,phases      ] GC(265)   Evacuate Collection Set: 0.7ms
[89.002s][info][gc,phases      ] GC(265)   Post Evacuate Collection Set: 0.2ms
[89.002s][info][gc,phases      ] GC(265)   Other: 0.1ms
[89.002s][info][gc,heap        ] GC(265) Eden regions: 0->0(48)
[89.002s][info][gc,heap        ] GC(265) Survivor regions: 0->0(6)
[89.002s][info][gc,heap        ] GC(265) Old regions: 9->9
[89.002s][info][gc,heap        ] GC(265) Humongous regions: 100->100
[89.002s][info][gc,metaspace   ] GC(265) Metaspace: 17823K(18304K)->17823K(18304K) NonClass: 15847K(16128K)->15847K(16128K) Class: 1975K(2176K)->1975K(2176K)
[89.002s][info][gc             ] GC(265) Pause Young (Concurrent Start) (G1 Humongous Allocation) 206M->206M(364M) 1.490ms
[89.002s][info][gc,cpu         ] GC(265) User=0.00s Sys=0.00s Real=0.00s
[89.002s][info][gc             ] GC(266) Concurrent Mark Cycle
[89.002s][info][gc,marking     ] GC(266) Concurrent Scan Root Regions
[89.002s][info][gc,marking     ] GC(266) Concurrent Scan Root Regions 0.025ms
[89.002s][info][gc,marking     ] GC(266) Concurrent Mark
[89.002s][info][gc,marking     ] GC(266) Concurrent Mark From Roots
[89.002s][info][gc,task        ] GC(266) Using 2 workers of 2 for marking
[89.016s][info][gc,marking     ] GC(266) Concurrent Mark From Roots 13.609ms
[89.016s][info][gc,marking     ] GC(266) Concurrent Preclean
[89.016s][info][gc,marking     ] GC(266) Concurrent Preclean 0.294ms
[89.017s][info][gc,start       ] GC(266) Pause Remark
[89.018s][info][gc             ] GC(266) Pause Remark 320M->120M(364M) 1.757ms
[89.018s][info][gc,cpu         ] GC(266) User=0.00s Sys=0.00s Real=0.00s
[89.018s][info][gc,marking     ] GC(266) Concurrent Mark 16.172ms
[89.019s][info][gc,marking     ] GC(266) Concurrent Rebuild Remembered Sets and Scrub Regions
[89.022s][info][gc,marking     ] GC(266) Concurrent Rebuild Remembered Sets and Scrub Regions 3.925ms
[89.023s][info][gc,start       ] GC(266) Pause Cleanup
[89.023s][info][gc             ] GC(266) Pause Cleanup 164M->164M(364M) 0.230ms
[89.023s][info][gc,cpu         ] GC(266) User=0.00s Sys=0.00s Real=0.00s
[89.023s][info][gc,marking     ] GC(266) Concurrent Clear Claimed Marks
[89.023s][info][gc,marking     ] GC(266) Concurrent Clear Claimed Marks 0.072ms
[89.023s][info][gc,marking     ] GC(266) Concurrent Cleanup for Next Mark
[89.025s][info][gc,marking     ] GC(266) Concurrent Cleanup for Next Mark 1.208ms
[89.025s][info][gc             ] GC(266) Concurrent Mark Cycle 22.623ms
[90.028s][info][gc,start       ] GC(267) Pause Full (System.gc())
[90.028s][info][gc,task        ] GC(267) Using 8 workers of 8 for full compaction
[90.029s][info][gc,phases,start] GC(267) Phase 1: Mark live objects
[90.034s][info][gc,phases      ] GC(267) Phase 1: Mark live objects 5.342ms
[90.034s][info][gc,phases,start] GC(267) Phase 2: Prepare compaction
[90.035s][info][gc,phases      ] GC(267) Phase 2: Prepare compaction 0.546ms
[90.035s][info][gc,phases,start] GC(267) Phase 3: Adjust pointers
[90.037s][info][gc,phases      ] GC(267) Phase 3: Adjust pointers 2.784ms
[90.038s][info][gc,phases,start] GC(267) Phase 4: Compact heap
[90.038s][info][gc,phases      ] GC(267) Phase 4: Compact heap 0.444ms
[90.038s][info][gc,phases,start] GC(267) Phase 5: Reset Metadata
[90.039s][info][gc,phases      ] GC(267) Phase 5: Reset Metadata 0.635ms
[90.042s][info][gc,heap        ] GC(267) Eden regions: 1->0(48)
[90.042s][info][gc,heap        ] GC(267) Survivor regions: 0->0(6)
[90.042s][info][gc,heap        ] GC(267) Old regions: 9->9
[90.042s][info][gc,heap        ] GC(267) Humongous regions: 100->100
[90.042s][info][gc,metaspace   ] GC(267) Metaspace: 17823K(18304K)->17823K(18304K) NonClass: 15847K(16128K)->15847K(16128K) Class: 1975K(2176K)->1975K(2176K)
[90.042s][info][gc             ] GC(267) Pause Full (System.gc()) 208M->206M(364M) 13.472ms
[90.042s][info][gc,cpu         ] GC(267) User=0.00s Sys=0.00s Real=0.01s
[90.042s][info][gc,start       ] GC(268) Pause Young (Concurrent Start) (G1 Humongous Allocation)
[90.042s][info][gc,task        ] GC(268) Using 8 workers of 8 for evacuation
[90.043s][info][gc,phases      ] GC(268)   Pre Evacuate Collection Set: 0.1ms
[90.043s][info][gc,phases      ] GC(268)   Merge Heap Roots: 0.0ms
[90.043s][info][gc,phases      ] GC(268)   Evacuate Collection Set: 0.4ms
[90.043s][info][gc,phases      ] GC(268)   Post Evacuate Collection Set: 0.1ms
[90.043s][info][gc,phases      ] GC(268)   Other: 0.1ms
[90.043s][info][gc,heap        ] GC(268) Eden regions: 0->0(48)
[90.043s][info][gc,heap        ] GC(268) Survivor regions: 0->0(6)
[90.043s][info][gc,heap        ] GC(268) Old regions: 9->9
[90.043s][info][gc,heap        ] GC(268) Humongous regions: 100->100
[90.043s][info][gc,metaspace   ] GC(268) Metaspace: 17823K(18304K)->17823K(18304K) NonClass: 15847K(16128K)->15847K(16128K) Class: 1975K(2176K)->1975K(2176K)
[90.043s][info][gc             ] GC(268) Pause Young (Concurrent Start) (G1 Humongous Allocation) 206M->206M(364M) 1.011ms
[90.043s][info][gc,cpu         ] GC(268) User=0.00s Sys=0.00s Real=0.00s
[90.043s][info][gc             ] GC(269) Concurrent Mark Cycle
[90.043s][info][gc,marking     ] GC(269) Concurrent Scan Root Regions
[90.043s][info][gc,marking     ] GC(269) Concurrent Scan Root Regions 0.018ms
[90.043s][info][gc,marking     ] GC(269) Concurrent Mark
[90.043s][info][gc,marking     ] GC(269) Concurrent Mark From Roots
[90.043s][info][gc,task        ] GC(269) Using 2 workers of 2 for marking
[90.055s][info][gc,marking     ] GC(269) Concurrent Mark From Roots 11.992ms
[90.055s][info][gc,marking     ] GC(269) Concurrent Preclean
[90.056s][info][gc,marking     ] GC(269) Concurrent Preclean 0.286ms
[90.056s][info][gc,start       ] GC(269) Pause Remark
[90.057s][info][gc             ] GC(269) Pause Remark 334M->134M(364M) 1.690ms
[90.058s][info][gc,cpu         ] GC(269) User=0.00s Sys=0.00s Real=0.00s
[90.058s][info][gc,marking     ] GC(269) Concurrent Mark 14.552ms
[90.058s][info][gc,marking     ] GC(269) Concurrent Rebuild Remembered Sets and Scrub Regions
[90.062s][info][gc,marking     ] GC(269) Concurrent Rebuild Remembered Sets and Scrub Regions 4.322ms
[90.062s][info][gc,start       ] GC(269) Pause Cleanup
[90.062s][info][gc             ] GC(269) Pause Cleanup 180M->180M(364M) 0.179ms
[90.062s][info][gc,cpu         ] GC(269) User=0.00s Sys=0.00s Real=0.00s
[90.062s][info][gc,marking     ] GC(269) Concurrent Clear Claimed Marks
[90.063s][info][gc,marking     ] GC(269) Concurrent Clear Claimed Marks 0.076ms
[90.063s][info][gc,marking     ] GC(269) Concurrent Cleanup for Next Mark
[90.064s][info][gc,marking     ] GC(269) Concurrent Cleanup for Next Mark 0.917ms
[90.064s][info][gc             ] GC(269) Concurrent Mark Cycle 20.721ms
[91.067s][info][gc,start       ] GC(270) Pause Full (System.gc())
[91.067s][info][gc,task        ] GC(270) Using 8 workers of 8 for full compaction
[91.067s][info][gc,phases,start] GC(270) Phase 1: Mark live objects
[91.070s][info][gc,phases      ] GC(270) Phase 1: Mark live objects 3.429ms
[91.070s][info][gc,phases,start] GC(270) Phase 2: Prepare compaction
[91.071s][info][gc,phases      ] GC(270) Phase 2: Prepare compaction 0.416ms
[91.071s][info][gc,phases,start] GC(270) Phase 3: Adjust pointers
[91.073s][info][gc,phases      ] GC(270) Phase 3: Adjust pointers 2.208ms
[91.073s][info][gc,phases,start] GC(270) Phase 4: Compact heap
[91.073s][info][gc,phases      ] GC(270) Phase 4: Compact heap 0.283ms
[91.073s][info][gc,phases,start] GC(270) Phase 5: Reset Metadata
[91.074s][info][gc,phases      ] GC(270) Phase 5: Reset Metadata 0.684ms
[91.077s][info][gc,heap        ] GC(270) Eden regions: 1->0(48)
[91.077s][info][gc,heap        ] GC(270) Survivor regions: 0->0(6)
[91.077s][info][gc,heap        ] GC(270) Old regions: 9->9
[91.077s][info][gc,heap        ] GC(270) Humongous regions: 100->100
[91.077s][info][gc,metaspace   ] GC(270) Metaspace: 17823K(18304K)->17823K(18304K) NonClass: 15847K(16128K)->15847K(16128K) Class: 1975K(2176K)->1975K(2176K)
[91.077s][info][gc             ] GC(270) Pause Full (System.gc()) 208M->206M(364M) 10.171ms
[91.077s][info][gc,cpu         ] GC(270) User=0.02s Sys=0.00s Real=0.01s
[91.077s][info][gc,start       ] GC(271) Pause Young (Concurrent Start) (G1 Humongous Allocation)
[91.077s][info][gc,task        ] GC(271) Using 8 workers of 8 for evacuation
[91.078s][info][gc,phases      ] GC(271)   Pre Evacuate Collection Set: 0.1ms
[91.078s][info][gc,phases      ] GC(271)   Merge Heap Roots: 0.0ms
[91.078s][info][gc,phases      ] GC(271)   Evacuate Collection Set: 0.3ms
[91.078s][info][gc,phases      ] GC(271)   Post Evacuate Collection Set: 0.2ms
[91.078s][info][gc,phases      ] GC(271)   Other: 0.1ms
[91.078s][info][gc,heap        ] GC(271) Eden regions: 0->0(48)
[91.078s][info][gc,heap        ] GC(271) Survivor regions: 0->0(6)
[91.078s][info][gc,heap        ] GC(271) Old regions: 9->9
[91.078s][info][gc,heap        ] GC(271) Humongous regions: 100->100
[91.078s][info][gc,metaspace   ] GC(271) Metaspace: 17823K(18304K)->17823K(18304K) NonClass: 15847K(16128K)->15847K(16128K) Class: 1975K(2176K)->1975K(2176K)
[91.078s][info][gc             ] GC(271) Pause Young (Concurrent Start) (G1 Humongous Allocation) 206M->206M(364M) 0.975ms
[91.078s][info][gc,cpu         ] GC(271) User=0.00s Sys=0.00s Real=0.00s
[91.078s][info][gc             ] GC(272) Concurrent Mark Cycle
[91.078s][info][gc,marking     ] GC(272) Concurrent Scan Root Regions
[91.078s][info][gc,marking     ] GC(272) Concurrent Scan Root Regions 0.020ms
[91.078s][info][gc,marking     ] GC(272) Concurrent Mark
[91.078s][info][gc,marking     ] GC(272) Concurrent Mark From Roots
[91.078s][info][gc,task        ] GC(272) Using 2 workers of 2 for marking
[91.088s][info][gc,marking     ] GC(272) Concurrent Mark From Roots 9.753ms
[91.088s][info][gc,marking     ] GC(272) Concurrent Preclean
[91.088s][info][gc,marking     ] GC(272) Concurrent Preclean 0.167ms
[91.088s][info][gc,start       ] GC(272) Pause Remark
[91.091s][info][gc             ] GC(272) Pause Remark 334M->134M(364M) 2.641ms
[91.091s][info][gc,cpu         ] GC(272) User=0.06s Sys=0.02s Real=0.00s
[91.091s][info][gc,marking     ] GC(272) Concurrent Mark 13.018ms
[91.091s][info][gc,marking     ] GC(272) Concurrent Rebuild Remembered Sets and Scrub Regions
[91.095s][info][gc,marking     ] GC(272) Concurrent Rebuild Remembered Sets and Scrub Regions 3.841ms
[91.095s][info][gc,start       ] GC(272) Pause Cleanup
[91.095s][info][gc             ] GC(272) Pause Cleanup 184M->184M(364M) 0.192ms
[91.095s][info][gc,cpu         ] GC(272) User=0.00s Sys=0.00s Real=0.00s
[91.095s][info][gc,marking     ] GC(272) Concurrent Clear Claimed Marks
[91.096s][info][gc,marking     ] GC(272) Concurrent Clear Claimed Marks 0.084ms
[91.096s][info][gc,marking     ] GC(272) Concurrent Cleanup for Next Mark
[91.097s][info][gc,marking     ] GC(272) Concurrent Cleanup for Next Mark 0.944ms
[91.097s][info][gc             ] GC(272) Concurrent Mark Cycle 18.759ms
[92.098s][info][gc,start       ] GC(273) Pause Full (System.gc())
[92.098s][info][gc,task        ] GC(273) Using 8 workers of 8 for full compaction
[92.099s][info][gc,phases,start] GC(273) Phase 1: Mark live objects
[92.102s][info][gc,phases      ] GC(273) Phase 1: Mark live objects 3.468ms
[92.102s][info][gc,phases,start] GC(273) Phase 2: Prepare compaction
[92.102s][info][gc,phases      ] GC(273) Phase 2: Prepare compaction 0.304ms
[92.102s][info][gc,phases,start] GC(273) Phase 3: Adjust pointers
[92.104s][info][gc,phases      ] GC(273) Phase 3: Adjust pointers 1.908ms
[92.104s][info][gc,phases,start] GC(273) Phase 4: Compact heap
[92.105s][info][gc,phases      ] GC(273) Phase 4: Compact heap 0.304ms
[92.105s][info][gc,phases,start] GC(273) Phase 5: Reset Metadata
[92.106s][info][gc,phases      ] GC(273) Phase 5: Reset Metadata 0.675ms
[92.108s][info][gc,heap        ] GC(273) Eden regions: 1->0(48)
[92.108s][info][gc,heap        ] GC(273) Survivor regions: 0->0(6)
[92.108s][info][gc,heap        ] GC(273) Old regions: 9->9
[92.108s][info][gc,heap        ] GC(273) Humongous regions: 100->100
[92.108s][info][gc,metaspace   ] GC(273) Metaspace: 17823K(18304K)->17823K(18304K) NonClass: 15847K(16128K)->15847K(16128K) Class: 1975K(2176K)->1975K(2176K)
[92.108s][info][gc             ] GC(273) Pause Full (System.gc()) 208M->206M(364M) 9.439ms
[92.108s][info][gc,cpu         ] GC(273) User=0.03s Sys=0.00s Real=0.01s
[92.108s][info][gc,start       ] GC(274) Pause Young (Concurrent Start) (G1 Humongous Allocation)
[92.108s][info][gc,task        ] GC(274) Using 8 workers of 8 for evacuation
[92.109s][info][gc,phases      ] GC(274)   Pre Evacuate Collection Set: 0.1ms
[92.109s][info][gc,phases      ] GC(274)   Merge Heap Roots: 0.0ms
[92.109s][info][gc,phases      ] GC(274)   Evacuate Collection Set: 0.3ms
[92.109s][info][gc,phases      ] GC(274)   Post Evacuate Collection Set: 0.1ms
[92.109s][info][gc,phases      ] GC(274)   Other: 0.1ms
[92.109s][info][gc,heap        ] GC(274) Eden regions: 0->0(48)
[92.109s][info][gc,heap        ] GC(274) Survivor regions: 0->0(6)
[92.109s][info][gc,heap        ] GC(274) Old regions: 9->9
[92.109s][info][gc,heap        ] GC(274) Humongous regions: 100->100
[92.109s][info][gc,metaspace   ] GC(274) Metaspace: 17823K(18304K)->17823K(18304K) NonClass: 15847K(16128K)->15847K(16128K) Class: 1975K(2176K)->1975K(2176K)
[92.109s][info][gc             ] GC(274) Pause Young (Concurrent Start) (G1 Humongous Allocation) 206M->206M(364M) 0.861ms
[92.109s][info][gc             ] GC(275) Concurrent Mark Cycle
[92.109s][info][gc,cpu         ] GC(274) User=0.00s Sys=0.00s Real=0.00s
[92.109s][info][gc,marking     ] GC(275) Concurrent Scan Root Regions
[92.109s][info][gc,marking     ] GC(275) Concurrent Scan Root Regions 0.041ms
[92.109s][info][gc,marking     ] GC(275) Concurrent Mark
[92.109s][info][gc,marking     ] GC(275) Concurrent Mark From Roots
[92.109s][info][gc,task        ] GC(275) Using 2 workers of 2 for marking
[92.117s][info][gc,marking     ] GC(275) Concurrent Mark From Roots 7.678ms
[92.117s][info][gc,marking     ] GC(275) Concurrent Preclean
[92.117s][info][gc,marking     ] GC(275) Concurrent Preclean 0.178ms
[92.117s][info][gc,start       ] GC(275) Pause Remark
[92.118s][info][gc             ] GC(275) Pause Remark 312M->112M(364M) 1.103ms
[92.118s][info][gc,cpu         ] GC(275) User=0.00s Sys=0.00s Real=0.00s
[92.118s][info][gc,marking     ] GC(275) Concurrent Mark 9.386ms
[92.118s][info][gc,marking     ] GC(275) Concurrent Rebuild Remembered Sets and Scrub Regions
[92.123s][info][gc,marking     ] GC(275) Concurrent Rebuild Remembered Sets and Scrub Regions 4.892ms
[92.123s][info][gc,start       ] GC(275) Pause Cleanup
[92.124s][info][gc             ] GC(275) Pause Cleanup 162M->162M(364M) 0.147ms
[92.124s][info][gc,cpu         ] GC(275) User=0.00s Sys=0.00s Real=0.00s
[92.124s][info][gc,marking     ] GC(275) Concurrent Clear Claimed Marks
[92.124s][info][gc,marking     ] GC(275) Concurrent Clear Claimed Marks 0.100ms
[92.124s][info][gc,marking     ] GC(275) Concurrent Cleanup for Next Mark
[92.125s][info][gc,marking     ] GC(275) Concurrent Cleanup for Next Mark 1.042ms
[92.125s][info][gc             ] GC(275) Concurrent Mark Cycle 16.306ms
[93.130s][info][gc,start       ] GC(276) Pause Full (System.gc())
[93.130s][info][gc,task        ] GC(276) Using 8 workers of 8 for full compaction
[93.130s][info][gc,phases,start] GC(276) Phase 1: Mark live objects
[93.134s][info][gc,phases      ] GC(276) Phase 1: Mark live objects 3.328ms
[93.134s][info][gc,phases,start] GC(276) Phase 2: Prepare compaction
[93.134s][info][gc,phases      ] GC(276) Phase 2: Prepare compaction 0.356ms
[93.134s][info][gc,phases,start] GC(276) Phase 3: Adjust pointers
[93.136s][info][gc,phases      ] GC(276) Phase 3: Adjust pointers 2.147ms
[93.136s][info][gc,phases,start] GC(276) Phase 4: Compact heap
[93.137s][info][gc,phases      ] GC(276) Phase 4: Compact heap 0.634ms
[93.137s][info][gc,phases,start] GC(276) Phase 5: Reset Metadata
[93.138s][info][gc,phases      ] GC(276) Phase 5: Reset Metadata 0.679ms
[93.141s][info][gc,heap        ] GC(276) Eden regions: 2->0(48)
[93.141s][info][gc,heap        ] GC(276) Survivor regions: 0->0(6)
[93.141s][info][gc,heap        ] GC(276) Old regions: 9->9
[93.141s][info][gc,heap        ] GC(276) Humongous regions: 100->100
[93.141s][info][gc,metaspace   ] GC(276) Metaspace: 17823K(18304K)->17823K(18304K) NonClass: 15847K(16128K)->15847K(16128K) Class: 1975K(2176K)->1975K(2176K)
[93.141s][info][gc             ] GC(276) Pause Full (System.gc()) 209M->206M(364M) 10.801ms
[93.141s][info][gc,cpu         ] GC(276) User=0.00s Sys=0.02s Real=0.01s
[93.141s][info][gc,start       ] GC(277) Pause Young (Concurrent Start) (G1 Humongous Allocation)
[93.141s][info][gc,task        ] GC(277) Using 8 workers of 8 for evacuation
[93.142s][info][gc,phases      ] GC(277)   Pre Evacuate Collection Set: 0.1ms
[93.142s][info][gc,phases      ] GC(277)   Merge Heap Roots: 0.1ms
[93.142s][info][gc,phases      ] GC(277)   Evacuate Collection Set: 0.5ms
[93.142s][info][gc,phases      ] GC(277)   Post Evacuate Collection Set: 0.2ms
[93.142s][info][gc,phases      ] GC(277)   Other: 0.1ms
[93.142s][info][gc,heap        ] GC(277) Eden regions: 0->0(48)
[93.142s][info][gc,heap        ] GC(277) Survivor regions: 0->0(6)
[93.142s][info][gc,heap        ] GC(277) Old regions: 9->9
[93.142s][info][gc,heap        ] GC(277) Humongous regions: 100->100
[93.142s][info][gc,metaspace   ] GC(277) Metaspace: 17823K(18304K)->17823K(18304K) NonClass: 15847K(16128K)->15847K(16128K) Class: 1975K(2176K)->1975K(2176K)
[93.142s][info][gc             ] GC(277) Pause Young (Concurrent Start) (G1 Humongous Allocation) 206M->206M(364M) 1.290ms
[93.142s][info][gc,cpu         ] GC(277) User=0.00s Sys=0.00s Real=0.00s
[93.142s][info][gc             ] GC(278) Concurrent Mark Cycle
[93.142s][info][gc,marking     ] GC(278) Concurrent Scan Root Regions
[93.142s][info][gc,marking     ] GC(278) Concurrent Scan Root Regions 0.018ms
[93.142s][info][gc,marking     ] GC(278) Concurrent Mark
[93.142s][info][gc,marking     ] GC(278) Concurrent Mark From Roots
[93.142s][info][gc,task        ] GC(278) Using 2 workers of 2 for marking
[93.153s][info][gc,marking     ] GC(278) Concurrent Mark From Roots 10.590ms
[93.153s][info][gc,marking     ] GC(278) Concurrent Preclean
[93.153s][info][gc,marking     ] GC(278) Concurrent Preclean 0.208ms
[93.153s][info][gc,start       ] GC(278) Pause Remark
[93.155s][info][gc             ] GC(278) Pause Remark 342M->142M(364M) 1.112ms
[93.155s][info][gc,cpu         ] GC(278) User=0.00s Sys=0.00s Real=0.00s
[93.155s][info][gc,marking     ] GC(278) Concurrent Mark 12.335ms
[93.155s][info][gc,marking     ] GC(278) Concurrent Rebuild Remembered Sets and Scrub Regions
[93.158s][info][gc,marking     ] GC(278) Concurrent Rebuild Remembered Sets and Scrub Regions 3.505ms
[93.158s][info][gc,start       ] GC(278) Pause Cleanup
[93.159s][info][gc             ] GC(278) Pause Cleanup 196M->196M(364M) 0.128ms
[93.159s][info][gc,cpu         ] GC(278) User=0.00s Sys=0.00s Real=0.00s
[93.159s][info][gc,marking     ] GC(278) Concurrent Clear Claimed Marks
[93.159s][info][gc,marking     ] GC(278) Concurrent Clear Claimed Marks 0.060ms
[93.159s][info][gc,marking     ] GC(278) Concurrent Cleanup for Next Mark
[93.160s][info][gc,marking     ] GC(278) Concurrent Cleanup for Next Mark 0.736ms
[93.160s][info][gc             ] GC(278) Concurrent Mark Cycle 17.398ms
[94.161s][info][gc,start       ] GC(279) Pause Full (System.gc())
[94.162s][info][gc,task        ] GC(279) Using 8 workers of 8 for full compaction
[94.162s][info][gc,phases,start] GC(279) Phase 1: Mark live objects
[94.166s][info][gc,phases      ] GC(279) Phase 1: Mark live objects 4.659ms
[94.167s][info][gc,phases,start] GC(279) Phase 2: Prepare compaction
[94.167s][info][gc,phases      ] GC(279) Phase 2: Prepare compaction 0.388ms
[94.167s][info][gc,phases,start] GC(279) Phase 3: Adjust pointers
[94.169s][info][gc,phases      ] GC(279) Phase 3: Adjust pointers 2.089ms
[94.169s][info][gc,phases,start] GC(279) Phase 4: Compact heap
[94.170s][info][gc,phases      ] GC(279) Phase 4: Compact heap 0.381ms
[94.170s][info][gc,phases,start] GC(279) Phase 5: Reset Metadata
[94.170s][info][gc,phases      ] GC(279) Phase 5: Reset Metadata 0.592ms
[94.173s][info][gc,heap        ] GC(279) Eden regions: 1->0(48)
[94.173s][info][gc,heap        ] GC(279) Survivor regions: 0->0(6)
[94.173s][info][gc,heap        ] GC(279) Old regions: 9->9
[94.173s][info][gc,heap        ] GC(279) Humongous regions: 100->100
[94.173s][info][gc,metaspace   ] GC(279) Metaspace: 17823K(18304K)->17823K(18304K) NonClass: 15847K(16128K)->15847K(16128K) Class: 1975K(2176K)->1975K(2176K)
[94.173s][info][gc             ] GC(279) Pause Full (System.gc()) 208M->206M(364M) 11.711ms
[94.173s][info][gc,cpu         ] GC(279) User=0.03s Sys=0.03s Real=0.01s
[94.173s][info][gc,start       ] GC(280) Pause Young (Concurrent Start) (G1 Humongous Allocation)
[94.173s][info][gc,task        ] GC(280) Using 8 workers of 8 for evacuation
[94.174s][info][gc,phases      ] GC(280)   Pre Evacuate Collection Set: 0.1ms
[94.174s][info][gc,phases      ] GC(280)   Merge Heap Roots: 0.0ms
[94.174s][info][gc,phases      ] GC(280)   Evacuate Collection Set: 0.5ms
[94.175s][info][gc,phases      ] GC(280)   Post Evacuate Collection Set: 0.2ms
[94.175s][info][gc,phases      ] GC(280)   Other: 0.1ms
[94.175s][info][gc,heap        ] GC(280) Eden regions: 0->0(48)
[94.175s][info][gc,heap        ] GC(280) Survivor regions: 0->0(6)
[94.175s][info][gc,heap        ] GC(280) Old regions: 9->9
[94.175s][info][gc,heap        ] GC(280) Humongous regions: 100->100
[94.175s][info][gc,metaspace   ] GC(280) Metaspace: 17823K(18304K)->17823K(18304K) NonClass: 15847K(16128K)->15847K(16128K) Class: 1975K(2176K)->1975K(2176K)
[94.175s][info][gc             ] GC(280) Pause Young (Concurrent Start) (G1 Humongous Allocation) 206M->206M(364M) 1.341ms
[94.175s][info][gc,cpu         ] GC(280) User=0.00s Sys=0.00s Real=0.00s
[94.175s][info][gc             ] GC(281) Concurrent Mark Cycle
[94.175s][info][gc,marking     ] GC(281) Concurrent Scan Root Regions
[94.175s][info][gc,marking     ] GC(281) Concurrent Scan Root Regions 0.030ms
[94.175s][info][gc,marking     ] GC(281) Concurrent Mark
[94.175s][info][gc,marking     ] GC(281) Concurrent Mark From Roots
[94.175s][info][gc,task        ] GC(281) Using 2 workers of 2 for marking
[94.185s][info][gc,marking     ] GC(281) Concurrent Mark From Roots 10.465ms
[94.186s][info][gc,marking     ] GC(281) Concurrent Preclean
[94.186s][info][gc,marking     ] GC(281) Concurrent Preclean 0.204ms
[94.186s][info][gc,start       ] GC(281) Pause Remark
[94.187s][info][gc             ] GC(281) Pause Remark 340M->140M(364M) 1.258ms
[94.187s][info][gc,cpu         ] GC(281) User=0.00s Sys=0.00s Real=0.00s
[94.187s][info][gc,marking     ] GC(281) Concurrent Mark 12.592ms
[94.187s][info][gc,marking     ] GC(281) Concurrent Rebuild Remembered Sets and Scrub Regions
[94.192s][info][gc,marking     ] GC(281) Concurrent Rebuild Remembered Sets and Scrub Regions 4.159ms
[94.192s][info][gc,start       ] GC(281) Pause Cleanup
[94.192s][info][gc             ] GC(281) Pause Cleanup 186M->186M(364M) 0.191ms
[94.192s][info][gc,cpu         ] GC(281) User=0.00s Sys=0.00s Real=0.00s
[94.192s][info][gc,marking     ] GC(281) Concurrent Clear Claimed Marks
[94.192s][info][gc,marking     ] GC(281) Concurrent Clear Claimed Marks 0.070ms
[94.192s][info][gc,marking     ] GC(281) Concurrent Cleanup for Next Mark
[94.193s][info][gc,marking     ] GC(281) Concurrent Cleanup for Next Mark 1.005ms
[94.194s][info][gc             ] GC(281) Concurrent Mark Cycle 18.811ms
[95.196s][info][gc,start       ] GC(282) Pause Full (System.gc())
[95.197s][info][gc,task        ] GC(282) Using 8 workers of 8 for full compaction
[95.197s][info][gc,phases,start] GC(282) Phase 1: Mark live objects
[95.201s][info][gc,phases      ] GC(282) Phase 1: Mark live objects 3.851ms
[95.201s][info][gc,phases,start] GC(282) Phase 2: Prepare compaction
[95.201s][info][gc,phases      ] GC(282) Phase 2: Prepare compaction 0.351ms
[95.201s][info][gc,phases,start] GC(282) Phase 3: Adjust pointers
[95.203s][info][gc,phases      ] GC(282) Phase 3: Adjust pointers 2.293ms
[95.203s][info][gc,phases,start] GC(282) Phase 4: Compact heap
[95.204s][info][gc,phases      ] GC(282) Phase 4: Compact heap 0.305ms
[95.204s][info][gc,phases,start] GC(282) Phase 5: Reset Metadata
[95.205s][info][gc,phases      ] GC(282) Phase 5: Reset Metadata 0.809ms
[95.207s][info][gc,heap        ] GC(282) Eden regions: 1->0(48)
[95.207s][info][gc,heap        ] GC(282) Survivor regions: 0->0(6)
[95.207s][info][gc,heap        ] GC(282) Old regions: 9->9
[95.207s][info][gc,heap        ] GC(282) Humongous regions: 100->100
[95.207s][info][gc,metaspace   ] GC(282) Metaspace: 17823K(18304K)->17823K(18304K) NonClass: 15847K(16128K)->15847K(16128K) Class: 1975K(2176K)->1975K(2176K)
[95.207s][info][gc             ] GC(282) Pause Full (System.gc()) 208M->206M(364M) 11.075ms
[95.208s][info][gc,cpu         ] GC(282) User=0.08s Sys=0.02s Real=0.01s
[95.208s][info][gc,start       ] GC(283) Pause Young (Concurrent Start) (G1 Humongous Allocation)
[95.208s][info][gc,task        ] GC(283) Using 8 workers of 8 for evacuation
[95.208s][info][gc,phases      ] GC(283)   Pre Evacuate Collection Set: 0.1ms
[95.208s][info][gc,phases      ] GC(283)   Merge Heap Roots: 0.0ms
[95.208s][info][gc,phases      ] GC(283)   Evacuate Collection Set: 0.4ms
[95.208s][info][gc,phases      ] GC(283)   Post Evacuate Collection Set: 0.2ms
[95.208s][info][gc,phases      ] GC(283)   Other: 0.1ms
[95.209s][info][gc,heap        ] GC(283) Eden regions: 0->0(48)
[95.209s][info][gc,heap        ] GC(283) Survivor regions: 0->0(6)
[95.209s][info][gc,heap        ] GC(283) Old regions: 9->9
[95.209s][info][gc,heap        ] GC(283) Humongous regions: 100->100
[95.209s][info][gc,metaspace   ] GC(283) Metaspace: 17823K(18304K)->17823K(18304K) NonClass: 15847K(16128K)->15847K(16128K) Class: 1975K(2176K)->1975K(2176K)
[95.209s][info][gc             ] GC(283) Pause Young (Concurrent Start) (G1 Humongous Allocation) 206M->206M(364M) 1.001ms
[95.209s][info][gc,cpu         ] GC(283) User=0.00s Sys=0.00s Real=0.00s
[95.209s][info][gc             ] GC(284) Concurrent Mark Cycle
[95.209s][info][gc,marking     ] GC(284) Concurrent Scan Root Regions
[95.209s][info][gc,marking     ] GC(284) Concurrent Scan Root Regions 0.019ms
[95.209s][info][gc,marking     ] GC(284) Concurrent Mark
[95.209s][info][gc,marking     ] GC(284) Concurrent Mark From Roots
[95.209s][info][gc,task        ] GC(284) Using 2 workers of 2 for marking
[95.222s][info][gc,marking     ] GC(284) Concurrent Mark From Roots 13.367ms
[95.222s][info][gc,marking     ] GC(284) Concurrent Preclean
[95.222s][info][gc,marking     ] GC(284) Concurrent Preclean 0.202ms
[95.223s][info][gc,start       ] GC(284) Pause Remark
[95.225s][info][gc             ] GC(284) Pause Remark 346M->146M(364M) 2.567ms
[95.225s][info][gc,cpu         ] GC(284) User=0.00s Sys=0.00s Real=0.00s
[95.226s][info][gc,marking     ] GC(284) Concurrent Mark 16.799ms
[95.226s][info][gc,marking     ] GC(284) Concurrent Rebuild Remembered Sets and Scrub Regions
[95.231s][info][gc,marking     ] GC(284) Concurrent Rebuild Remembered Sets and Scrub Regions 5.149ms
[95.231s][info][gc,start       ] GC(284) Pause Cleanup
[95.231s][info][gc             ] GC(284) Pause Cleanup 186M->186M(364M) 0.214ms
[95.231s][info][gc,cpu         ] GC(284) User=0.00s Sys=0.00s Real=0.00s
[95.231s][info][gc,marking     ] GC(284) Concurrent Clear Claimed Marks
[95.231s][info][gc,marking     ] GC(284) Concurrent Clear Claimed Marks 0.087ms
[95.231s][info][gc,marking     ] GC(284) Concurrent Cleanup for Next Mark
[95.232s][info][gc,marking     ] GC(284) Concurrent Cleanup for Next Mark 0.982ms
[95.233s][info][gc             ] GC(284) Concurrent Mark Cycle 24.050ms
[96.236s][info][gc,start       ] GC(285) Pause Full (System.gc())
[96.236s][info][gc,task        ] GC(285) Using 8 workers of 8 for full compaction
[96.236s][info][gc,phases,start] GC(285) Phase 1: Mark live objects
[96.240s][info][gc,phases      ] GC(285) Phase 1: Mark live objects 4.055ms
[96.240s][info][gc,phases,start] GC(285) Phase 2: Prepare compaction
[96.241s][info][gc,phases      ] GC(285) Phase 2: Prepare compaction 0.391ms
[96.241s][info][gc,phases,start] GC(285) Phase 3: Adjust pointers
[96.243s][info][gc,phases      ] GC(285) Phase 3: Adjust pointers 2.400ms
[96.243s][info][gc,phases,start] GC(285) Phase 4: Compact heap
[96.244s][info][gc,phases      ] GC(285) Phase 4: Compact heap 0.386ms
[96.244s][info][gc,phases,start] GC(285) Phase 5: Reset Metadata
[96.244s][info][gc,phases      ] GC(285) Phase 5: Reset Metadata 0.676ms
[96.247s][info][gc,heap        ] GC(285) Eden regions: 2->0(48)
[96.247s][info][gc,heap        ] GC(285) Survivor regions: 0->0(6)
[96.247s][info][gc,heap        ] GC(285) Old regions: 9->9
[96.247s][info][gc,heap        ] GC(285) Humongous regions: 100->100
[96.247s][info][gc,metaspace   ] GC(285) Metaspace: 17823K(18304K)->17823K(18304K) NonClass: 15847K(16128K)->15847K(16128K) Class: 1975K(2176K)->1975K(2176K)
[96.247s][info][gc             ] GC(285) Pause Full (System.gc()) 209M->206M(364M) 11.330ms
[96.247s][info][gc,cpu         ] GC(285) User=0.00s Sys=0.02s Real=0.01s
[96.247s][info][gc,start       ] GC(286) Pause Young (Concurrent Start) (G1 Humongous Allocation)
[96.247s][info][gc,task        ] GC(286) Using 8 workers of 8 for evacuation
[96.248s][info][gc,phases      ] GC(286)   Pre Evacuate Collection Set: 0.1ms
[96.248s][info][gc,phases      ] GC(286)   Merge Heap Roots: 0.0ms
[96.248s][info][gc,phases      ] GC(286)   Evacuate Collection Set: 0.4ms
[96.248s][info][gc,phases      ] GC(286)   Post Evacuate Collection Set: 0.2ms
[96.248s][info][gc,phases      ] GC(286)   Other: 0.1ms
[96.248s][info][gc,heap        ] GC(286) Eden regions: 0->0(48)
[96.248s][info][gc,heap        ] GC(286) Survivor regions: 0->0(6)
[96.248s][info][gc,heap        ] GC(286) Old regions: 9->9
[96.248s][info][gc,heap        ] GC(286) Humongous regions: 100->100
[96.248s][info][gc,metaspace   ] GC(286) Metaspace: 17823K(18304K)->17823K(18304K) NonClass: 15847K(16128K)->15847K(16128K) Class: 1975K(2176K)->1975K(2176K)
[96.248s][info][gc             ] GC(286) Pause Young (Concurrent Start) (G1 Humongous Allocation) 206M->206M(364M) 0.999ms
[96.248s][info][gc,cpu         ] GC(286) User=0.00s Sys=0.00s Real=0.00s
[96.248s][info][gc             ] GC(287) Concurrent Mark Cycle
[96.248s][info][gc,marking     ] GC(287) Concurrent Scan Root Regions
[96.248s][info][gc,marking     ] GC(287) Concurrent Scan Root Regions 0.017ms
[96.248s][info][gc,marking     ] GC(287) Concurrent Mark
[96.248s][info][gc,marking     ] GC(287) Concurrent Mark From Roots
[96.248s][info][gc,task        ] GC(287) Using 2 workers of 2 for marking
[96.259s][info][gc,marking     ] GC(287) Concurrent Mark From Roots 10.832ms
[96.259s][info][gc,marking     ] GC(287) Concurrent Preclean
[96.260s][info][gc,marking     ] GC(287) Concurrent Preclean 0.188ms
[96.260s][info][gc,start       ] GC(287) Pause Remark
[96.261s][info][gc             ] GC(287) Pause Remark 324M->124M(364M) 1.386ms
[96.261s][info][gc,cpu         ] GC(287) User=0.00s Sys=0.00s Real=0.00s
[96.261s][info][gc,marking     ] GC(287) Concurrent Mark 12.845ms
[96.261s][info][gc,marking     ] GC(287) Concurrent Rebuild Remembered Sets and Scrub Regions
[96.266s][info][gc,marking     ] GC(287) Concurrent Rebuild Remembered Sets and Scrub Regions 4.687ms
[96.266s][info][gc,start       ] GC(287) Pause Cleanup
[96.266s][info][gc             ] GC(287) Pause Cleanup 184M->184M(364M) 0.167ms
[96.266s][info][gc,cpu         ] GC(287) User=0.00s Sys=0.00s Real=0.00s
[96.266s][info][gc,marking     ] GC(287) Concurrent Clear Claimed Marks
[96.267s][info][gc,marking     ] GC(287) Concurrent Clear Claimed Marks 0.102ms
[96.267s][info][gc,marking     ] GC(287) Concurrent Cleanup for Next Mark
[96.267s][info][gc,marking     ] GC(287) Concurrent Cleanup for Next Mark 0.720ms
[96.268s][info][gc             ] GC(287) Concurrent Mark Cycle 19.309ms
[97.270s][info][gc,start       ] GC(288) Pause Full (System.gc())
[97.270s][info][gc,task        ] GC(288) Using 8 workers of 8 for full compaction
[97.270s][info][gc,phases,start] GC(288) Phase 1: Mark live objects
[97.274s][info][gc,phases      ] GC(288) Phase 1: Mark live objects 3.795ms
[97.274s][info][gc,phases,start] GC(288) Phase 2: Prepare compaction
[97.274s][info][gc,phases      ] GC(288) Phase 2: Prepare compaction 0.359ms
[97.274s][info][gc,phases,start] GC(288) Phase 3: Adjust pointers
[97.277s][info][gc,phases      ] GC(288) Phase 3: Adjust pointers 2.813ms
[97.277s][info][gc,phases,start] GC(288) Phase 4: Compact heap
[97.277s][info][gc,phases      ] GC(288) Phase 4: Compact heap 0.393ms
[97.278s][info][gc,phases,start] GC(288) Phase 5: Reset Metadata
[97.278s][info][gc,phases      ] GC(288) Phase 5: Reset Metadata 0.696ms
[97.281s][info][gc,heap        ] GC(288) Eden regions: 2->0(48)
[97.281s][info][gc,heap        ] GC(288) Survivor regions: 0->0(6)
[97.281s][info][gc,heap        ] GC(288) Old regions: 9->9
[97.281s][info][gc,heap        ] GC(288) Humongous regions: 100->100
[97.281s][info][gc,metaspace   ] GC(288) Metaspace: 17825K(18304K)->17825K(18304K) NonClass: 15850K(16128K)->15850K(16128K) Class: 1975K(2176K)->1975K(2176K)
[97.281s][info][gc             ] GC(288) Pause Full (System.gc()) 209M->206M(364M) 11.137ms
[97.281s][info][gc,cpu         ] GC(288) User=0.02s Sys=0.02s Real=0.01s
[97.281s][info][gc,start       ] GC(289) Pause Young (Concurrent Start) (G1 Humongous Allocation)
[97.281s][info][gc,task        ] GC(289) Using 8 workers of 8 for evacuation
[97.282s][info][gc,phases      ] GC(289)   Pre Evacuate Collection Set: 0.1ms
[97.282s][info][gc,phases      ] GC(289)   Merge Heap Roots: 0.0ms
[97.282s][info][gc,phases      ] GC(289)   Evacuate Collection Set: 0.4ms
[97.282s][info][gc,phases      ] GC(289)   Post Evacuate Collection Set: 0.2ms
[97.282s][info][gc,phases      ] GC(289)   Other: 0.1ms
[97.282s][info][gc,heap        ] GC(289) Eden regions: 0->0(48)
[97.282s][info][gc,heap        ] GC(289) Survivor regions: 0->0(6)
[97.282s][info][gc,heap        ] GC(289) Old regions: 9->9
[97.282s][info][gc,heap        ] GC(289) Humongous regions: 100->100
[97.282s][info][gc,metaspace   ] GC(289) Metaspace: 17825K(18304K)->17825K(18304K) NonClass: 15850K(16128K)->15850K(16128K) Class: 1975K(2176K)->1975K(2176K)
[97.282s][info][gc             ] GC(289) Pause Young (Concurrent Start) (G1 Humongous Allocation) 206M->206M(364M) 1.072ms
[97.282s][info][gc,cpu         ] GC(289) User=0.00s Sys=0.00s Real=0.00s
[97.282s][info][gc             ] GC(290) Concurrent Mark Cycle
[97.282s][info][gc,marking     ] GC(290) Concurrent Scan Root Regions
[97.282s][info][gc,marking     ] GC(290) Concurrent Scan Root Regions 0.016ms
[97.282s][info][gc,marking     ] GC(290) Concurrent Mark
[97.282s][info][gc,marking     ] GC(290) Concurrent Mark From Roots
[97.282s][info][gc,task        ] GC(290) Using 2 workers of 2 for marking
[97.294s][info][gc,marking     ] GC(290) Concurrent Mark From Roots 12.316ms
[97.294s][info][gc,marking     ] GC(290) Concurrent Preclean
[97.295s][info][gc,marking     ] GC(290) Concurrent Preclean 0.134ms
[97.295s][info][gc,start       ] GC(290) Pause Remark
[97.296s][info][gc             ] GC(290) Pause Remark 372M->172M(384M) 0.981ms
[97.296s][info][gc,cpu         ] GC(290) User=0.00s Sys=0.00s Real=0.00s
[97.296s][info][gc,marking     ] GC(290) Concurrent Mark 13.795ms
[97.296s][info][gc,marking     ] GC(290) Concurrent Rebuild Remembered Sets and Scrub Regions
[97.299s][info][gc,marking     ] GC(290) Concurrent Rebuild Remembered Sets and Scrub Regions 2.999ms
[97.299s][info][gc,start       ] GC(290) Pause Cleanup
[97.299s][info][gc             ] GC(290) Pause Cleanup 207M->207M(384M) 0.098ms
[97.299s][info][gc,cpu         ] GC(290) User=0.00s Sys=0.00s Real=0.00s
[97.299s][info][gc,marking     ] GC(290) Concurrent Clear Claimed Marks
[97.299s][info][gc,marking     ] GC(290) Concurrent Clear Claimed Marks 0.041ms
[97.299s][info][gc,marking     ] GC(290) Concurrent Cleanup for Next Mark
[97.300s][info][gc,marking     ] GC(290) Concurrent Cleanup for Next Mark 0.484ms
[97.300s][info][gc             ] GC(290) Concurrent Mark Cycle 17.769ms
[98.299s][info][gc,start       ] GC(291) Pause Full (System.gc())
[98.299s][info][gc,task        ] GC(291) Using 8 workers of 8 for full compaction
[98.299s][info][gc,phases,start] GC(291) Phase 1: Mark live objects
[98.303s][info][gc,phases      ] GC(291) Phase 1: Mark live objects 4.534ms
[98.303s][info][gc,phases,start] GC(291) Phase 2: Prepare compaction
[98.304s][info][gc,phases      ] GC(291) Phase 2: Prepare compaction 0.530ms
[98.304s][info][gc,phases,start] GC(291) Phase 3: Adjust pointers
[98.307s][info][gc,phases      ] GC(291) Phase 3: Adjust pointers 2.930ms
[98.307s][info][gc,phases,start] GC(291) Phase 4: Compact heap
[98.308s][info][gc,phases      ] GC(291) Phase 4: Compact heap 0.409ms
[98.308s][info][gc,phases,start] GC(291) Phase 5: Reset Metadata
[98.308s][info][gc,phases      ] GC(291) Phase 5: Reset Metadata 0.677ms
[98.311s][info][gc,heap        ] GC(291) Eden regions: 2->0(54)
[98.311s][info][gc,heap        ] GC(291) Survivor regions: 0->0(6)
[98.311s][info][gc,heap        ] GC(291) Old regions: 9->10
[98.311s][info][gc,heap        ] GC(291) Humongous regions: 100->100
[98.311s][info][gc,metaspace   ] GC(291) Metaspace: 17828K(18304K)->17828K(18304K) NonClass: 15852K(16128K)->15852K(16128K) Class: 1975K(2176K)->1975K(2176K)
[98.311s][info][gc             ] GC(291) Pause Full (System.gc()) 209M->206M(384M) 12.436ms
[98.311s][info][gc,cpu         ] GC(291) User=0.05s Sys=0.05s Real=0.01s
[98.311s][info][gc,start       ] GC(292) Pause Young (Concurrent Start) (G1 Humongous Allocation)
[98.311s][info][gc,task        ] GC(292) Using 8 workers of 8 for evacuation
[98.312s][info][gc,phases      ] GC(292)   Pre Evacuate Collection Set: 0.1ms
[98.312s][info][gc,phases      ] GC(292)   Merge Heap Roots: 0.1ms
[98.312s][info][gc,phases      ] GC(292)   Evacuate Collection Set: 0.4ms
[98.312s][info][gc,phases      ] GC(292)   Post Evacuate Collection Set: 0.2ms
[98.312s][info][gc,phases      ] GC(292)   Other: 0.1ms
[98.312s][info][gc,heap        ] GC(292) Eden regions: 0->0(54)
[98.312s][info][gc,heap        ] GC(292) Survivor regions: 0->0(7)
[98.312s][info][gc,heap        ] GC(292) Old regions: 10->10
[98.312s][info][gc,heap        ] GC(292) Humongous regions: 100->100
[98.312s][info][gc,metaspace   ] GC(292) Metaspace: 17828K(18304K)->17828K(18304K) NonClass: 15852K(16128K)->15852K(16128K) Class: 1975K(2176K)->1975K(2176K)
[98.312s][info][gc             ] GC(292) Pause Young (Concurrent Start) (G1 Humongous Allocation) 206M->206M(384M) 1.133ms
[98.312s][info][gc,cpu         ] GC(292) User=0.00s Sys=0.00s Real=0.00s
[98.312s][info][gc             ] GC(293) Concurrent Mark Cycle
[98.312s][info][gc,marking     ] GC(293) Concurrent Scan Root Regions
[98.312s][info][gc,marking     ] GC(293) Concurrent Scan Root Regions 0.020ms
[98.312s][info][gc,marking     ] GC(293) Concurrent Mark
[98.312s][info][gc,marking     ] GC(293) Concurrent Mark From Roots
[98.312s][info][gc,task        ] GC(293) Using 2 workers of 2 for marking
[98.324s][info][gc,marking     ] GC(293) Concurrent Mark From Roots 11.995ms
[98.325s][info][gc,marking     ] GC(293) Concurrent Preclean
[98.325s][info][gc,marking     ] GC(293) Concurrent Preclean 0.259ms
[98.325s][info][gc,start       ] GC(293) Pause Remark
[98.327s][info][gc             ] GC(293) Pause Remark 344M->144M(384M) 1.686ms
[98.327s][info][gc,cpu         ] GC(293) User=0.00s Sys=0.00s Real=0.00s
[98.327s][info][gc,marking     ] GC(293) Concurrent Mark 14.428ms
[98.327s][info][gc,marking     ] GC(293) Concurrent Rebuild Remembered Sets and Scrub Regions
[98.331s][info][gc,marking     ] GC(293) Concurrent Rebuild Remembered Sets and Scrub Regions 3.728ms
[98.331s][info][gc,start       ] GC(293) Pause Cleanup
[98.331s][info][gc             ] GC(293) Pause Cleanup 188M->188M(384M) 0.163ms
[98.331s][info][gc,cpu         ] GC(293) User=0.00s Sys=0.00s Real=0.00s
[98.331s][info][gc,marking     ] GC(293) Concurrent Clear Claimed Marks
[98.331s][info][gc,marking     ] GC(293) Concurrent Clear Claimed Marks 0.067ms
[98.331s][info][gc,marking     ] GC(293) Concurrent Cleanup for Next Mark
[98.332s][info][gc,marking     ] GC(293) Concurrent Cleanup for Next Mark 1.030ms
[98.332s][info][gc             ] GC(293) Concurrent Mark Cycle 20.215ms
[99.334s][info][gc,start       ] GC(294) Pause Full (System.gc())
[99.334s][info][gc,task        ] GC(294) Using 8 workers of 8 for full compaction
[99.335s][info][gc,phases,start] GC(294) Phase 1: Mark live objects
[99.339s][info][gc,phases      ] GC(294) Phase 1: Mark live objects 3.937ms
[99.339s][info][gc,phases,start] GC(294) Phase 2: Prepare compaction
[99.339s][info][gc,phases      ] GC(294) Phase 2: Prepare compaction 0.476ms
[99.339s][info][gc,phases,start] GC(294) Phase 3: Adjust pointers
[99.342s][info][gc,phases      ] GC(294) Phase 3: Adjust pointers 2.330ms
[99.342s][info][gc,phases,start] GC(294) Phase 4: Compact heap
[99.342s][info][gc,phases      ] GC(294) Phase 4: Compact heap 0.414ms
[99.342s][info][gc,phases,start] GC(294) Phase 5: Reset Metadata
[99.343s][info][gc,phases      ] GC(294) Phase 5: Reset Metadata 0.479ms
[99.345s][info][gc,heap        ] GC(294) Eden regions: 1->0(54)
[99.345s][info][gc,heap        ] GC(294) Survivor regions: 0->0(7)
[99.345s][info][gc,heap        ] GC(294) Old regions: 10->10
[99.345s][info][gc,heap        ] GC(294) Humongous regions: 100->100
[99.345s][info][gc,metaspace   ] GC(294) Metaspace: 17828K(18304K)->17828K(18304K) NonClass: 15852K(16128K)->15852K(16128K) Class: 1975K(2176K)->1975K(2176K)
[99.345s][info][gc             ] GC(294) Pause Full (System.gc()) 208M->206M(384M) 10.531ms
[99.345s][info][gc,cpu         ] GC(294) User=0.05s Sys=0.03s Real=0.01s
[99.345s][info][gc,start       ] GC(295) Pause Young (Concurrent Start) (G1 Humongous Allocation)
[99.345s][info][gc,task        ] GC(295) Using 8 workers of 8 for evacuation
[99.346s][info][gc,phases      ] GC(295)   Pre Evacuate Collection Set: 0.1ms
[99.346s][info][gc,phases      ] GC(295)   Merge Heap Roots: 0.0ms
[99.346s][info][gc,phases      ] GC(295)   Evacuate Collection Set: 0.3ms
[99.346s][info][gc,phases      ] GC(295)   Post Evacuate Collection Set: 0.1ms
[99.346s][info][gc,phases      ] GC(295)   Other: 0.1ms
[99.346s][info][gc,heap        ] GC(295) Eden regions: 0->0(54)
[99.346s][info][gc,heap        ] GC(295) Survivor regions: 0->0(7)
[99.346s][info][gc,heap        ] GC(295) Old regions: 10->10
[99.346s][info][gc,heap        ] GC(295) Humongous regions: 100->100
[99.346s][info][gc,metaspace   ] GC(295) Metaspace: 17828K(18304K)->17828K(18304K) NonClass: 15852K(16128K)->15852K(16128K) Class: 1975K(2176K)->1975K(2176K)
[99.346s][info][gc             ] GC(295) Pause Young (Concurrent Start) (G1 Humongous Allocation) 206M->206M(384M) 0.930ms
[99.346s][info][gc,cpu         ] GC(295) User=0.00s Sys=0.00s Real=0.00s
[99.346s][info][gc             ] GC(296) Concurrent Mark Cycle
[99.346s][info][gc,marking     ] GC(296) Concurrent Scan Root Regions
[99.346s][info][gc,marking     ] GC(296) Concurrent Scan Root Regions 0.023ms
[99.346s][info][gc,marking     ] GC(296) Concurrent Mark
[99.346s][info][gc,marking     ] GC(296) Concurrent Mark From Roots
[99.346s][info][gc,task        ] GC(296) Using 2 workers of 2 for marking
[99.354s][info][gc,marking     ] GC(296) Concurrent Mark From Roots 8.429ms
[99.355s][info][gc,marking     ] GC(296) Concurrent Preclean
[99.355s][info][gc,marking     ] GC(296) Concurrent Preclean 0.162ms
[99.355s][info][gc,start       ] GC(296) Pause Remark
[99.356s][info][gc             ] GC(296) Pause Remark 340M->140M(384M) 1.066ms
[99.356s][info][gc,cpu         ] GC(296) User=0.08s Sys=0.05s Real=0.00s
[99.356s][info][gc,marking     ] GC(296) Concurrent Mark 10.072ms
[99.356s][info][gc,marking     ] GC(296) Concurrent Rebuild Remembered Sets and Scrub Regions
[99.359s][info][gc,marking     ] GC(296) Concurrent Rebuild Remembered Sets and Scrub Regions 2.871ms
[99.359s][info][gc,start       ] GC(296) Pause Cleanup
[99.359s][info][gc             ] GC(296) Pause Cleanup 188M->188M(384M) 0.118ms
[99.359s][info][gc,cpu         ] GC(296) User=0.00s Sys=0.00s Real=0.00s
[99.359s][info][gc,marking     ] GC(296) Concurrent Clear Claimed Marks
[99.360s][info][gc,marking     ] GC(296) Concurrent Clear Claimed Marks 0.066ms
[99.360s][info][gc,marking     ] GC(296) Concurrent Cleanup for Next Mark
[99.360s][info][gc,marking     ] GC(296) Concurrent Cleanup for Next Mark 0.809ms
[99.360s][info][gc             ] GC(296) Concurrent Mark Cycle 14.475ms
[100.362s][info][gc,start       ] GC(297) Pause Full (System.gc())
[100.363s][info][gc,task        ] GC(297) Using 8 workers of 8 for full compaction
[100.363s][info][gc,phases,start] GC(297) Phase 1: Mark live objects
[100.368s][info][gc,phases      ] GC(297) Phase 1: Mark live objects 4.862ms
[100.368s][info][gc,phases,start] GC(297) Phase 2: Prepare compaction
[100.368s][info][gc,phases      ] GC(297) Phase 2: Prepare compaction 0.494ms
[100.368s][info][gc,phases,start] GC(297) Phase 3: Adjust pointers
[100.371s][info][gc,phases      ] GC(297) Phase 3: Adjust pointers 2.291ms
[100.371s][info][gc,phases,start] GC(297) Phase 4: Compact heap
[100.371s][info][gc,phases      ] GC(297) Phase 4: Compact heap 0.405ms
[100.371s][info][gc,phases,start] GC(297) Phase 5: Reset Metadata
[100.372s][info][gc,phases      ] GC(297) Phase 5: Reset Metadata 0.852ms
[100.375s][info][gc,heap        ] GC(297) Eden regions: 1->0(54)
[100.375s][info][gc,heap        ] GC(297) Survivor regions: 0->0(7)
[100.375s][info][gc,heap        ] GC(297) Old regions: 10->10
[100.375s][info][gc,heap        ] GC(297) Humongous regions: 100->100
[100.375s][info][gc,metaspace   ] GC(297) Metaspace: 17828K(18304K)->17828K(18304K) NonClass: 15852K(16128K)->15852K(16128K) Class: 1975K(2176K)->1975K(2176K)
[100.375s][info][gc             ] GC(297) Pause Full (System.gc()) 208M->206M(384M) 12.250ms
[100.375s][info][gc,cpu         ] GC(297) User=0.00s Sys=0.02s Real=0.01s
[100.375s][info][gc,start       ] GC(298) Pause Young (Concurrent Start) (G1 Humongous Allocation)
[100.375s][info][gc,task        ] GC(298) Using 8 workers of 8 for evacuation
[100.375s][info][gc,phases      ] GC(298)   Pre Evacuate Collection Set: 0.1ms
[100.376s][info][gc,phases      ] GC(298)   Merge Heap Roots: 0.0ms
[100.376s][info][gc,phases      ] GC(298)   Evacuate Collection Set: 0.3ms
[100.376s][info][gc,phases      ] GC(298)   Post Evacuate Collection Set: 0.2ms
[100.376s][info][gc,phases      ] GC(298)   Other: 0.1ms
[100.376s][info][gc,heap        ] GC(298) Eden regions: 0->0(54)
[100.376s][info][gc,heap        ] GC(298) Survivor regions: 0->0(7)
[100.376s][info][gc,heap        ] GC(298) Old regions: 10->10
[100.376s][info][gc,heap        ] GC(298) Humongous regions: 100->100
[100.376s][info][gc,metaspace   ] GC(298) Metaspace: 17828K(18304K)->17828K(18304K) NonClass: 15852K(16128K)->15852K(16128K) Class: 1975K(2176K)->1975K(2176K)
[100.376s][info][gc             ] GC(298) Pause Young (Concurrent Start) (G1 Humongous Allocation) 206M->206M(384M) 0.934ms
[100.376s][info][gc,cpu         ] GC(298) User=0.00s Sys=0.00s Real=0.00s
[100.376s][info][gc             ] GC(299) Concurrent Mark Cycle
[100.376s][info][gc,marking     ] GC(299) Concurrent Scan Root Regions
[100.376s][info][gc,marking     ] GC(299) Concurrent Scan Root Regions 0.017ms
[100.376s][info][gc,marking     ] GC(299) Concurrent Mark
[100.376s][info][gc,marking     ] GC(299) Concurrent Mark From Roots
[100.376s][info][gc,task        ] GC(299) Using 2 workers of 2 for marking
[100.386s][info][gc,marking     ] GC(299) Concurrent Mark From Roots 10.614ms
[100.387s][info][gc,marking     ] GC(299) Concurrent Preclean
[100.387s][info][gc,marking     ] GC(299) Concurrent Preclean 0.202ms
[100.387s][info][gc,start       ] GC(299) Pause Remark
[100.388s][info][gc             ] GC(299) Pause Remark 352M->152M(384M) 1.257ms
[100.388s][info][gc,cpu         ] GC(299) User=0.00s Sys=0.00s Real=0.00s
[100.388s][info][gc,marking     ] GC(299) Concurrent Mark 12.472ms
[100.388s][info][gc,marking     ] GC(299) Concurrent Rebuild Remembered Sets and Scrub Regions
[100.393s][info][gc,marking     ] GC(299) Concurrent Rebuild Remembered Sets and Scrub Regions 4.284ms
[100.393s][info][gc,start       ] GC(299) Pause Cleanup
[100.393s][info][gc             ] GC(299) Pause Cleanup 196M->196M(384M) 0.184ms
[100.393s][info][gc,cpu         ] GC(299) User=0.00s Sys=0.00s Real=0.00s
[100.393s][info][gc,marking     ] GC(299) Concurrent Clear Claimed Marks
[100.393s][info][gc,marking     ] GC(299) Concurrent Clear Claimed Marks 0.067ms
[100.393s][info][gc,marking     ] GC(299) Concurrent Cleanup for Next Mark
[100.394s][info][gc,marking     ] GC(299) Concurrent Cleanup for Next Mark 1.017ms
[100.394s][info][gc             ] GC(299) Concurrent Mark Cycle 18.636ms
[101.396s][info][gc,start       ] GC(300) Pause Full (System.gc())
[101.396s][info][gc,task        ] GC(300) Using 8 workers of 8 for full compaction
[101.396s][info][gc,phases,start] GC(300) Phase 1: Mark live objects
[101.399s][info][gc,phases      ] GC(300) Phase 1: Mark live objects 3.246ms
[101.399s][info][gc,phases,start] GC(300) Phase 2: Prepare compaction
[101.400s][info][gc,phases      ] GC(300) Phase 2: Prepare compaction 0.374ms
[101.400s][info][gc,phases,start] GC(300) Phase 3: Adjust pointers
[101.402s][info][gc,phases      ] GC(300) Phase 3: Adjust pointers 2.271ms
[101.402s][info][gc,phases,start] GC(300) Phase 4: Compact heap
[101.403s][info][gc,phases      ] GC(300) Phase 4: Compact heap 0.479ms
[101.403s][info][gc,phases,start] GC(300) Phase 5: Reset Metadata
[101.403s][info][gc,phases      ] GC(300) Phase 5: Reset Metadata 0.696ms
[101.406s][info][gc,heap        ] GC(300) Eden regions: 1->0(54)
[101.406s][info][gc,heap        ] GC(300) Survivor regions: 0->0(7)
[101.406s][info][gc,heap        ] GC(300) Old regions: 10->10
[101.406s][info][gc,heap        ] GC(300) Humongous regions: 100->100
[101.406s][info][gc,metaspace   ] GC(300) Metaspace: 17828K(18304K)->17828K(18304K) NonClass: 15853K(16128K)->15853K(16128K) Class: 1975K(2176K)->1975K(2176K)
[101.406s][info][gc             ] GC(300) Pause Full (System.gc()) 208M->206M(384M) 10.289ms
[101.406s][info][gc,cpu         ] GC(300) User=0.02s Sys=0.02s Real=0.01s
[101.406s][info][gc,start       ] GC(301) Pause Young (Concurrent Start) (G1 Humongous Allocation)
[101.406s][info][gc,task        ] GC(301) Using 8 workers of 8 for evacuation
[101.407s][info][gc,phases      ] GC(301)   Pre Evacuate Collection Set: 0.2ms
[101.407s][info][gc,phases      ] GC(301)   Merge Heap Roots: 0.0ms
[101.407s][info][gc,phases      ] GC(301)   Evacuate Collection Set: 0.4ms
[101.407s][info][gc,phases      ] GC(301)   Post Evacuate Collection Set: 0.2ms
[101.407s][info][gc,phases      ] GC(301)   Other: 0.1ms
[101.407s][info][gc,heap        ] GC(301) Eden regions: 0->0(54)
[101.407s][info][gc,heap        ] GC(301) Survivor regions: 0->0(7)
[101.407s][info][gc,heap        ] GC(301) Old regions: 10->10
[101.407s][info][gc,heap        ] GC(301) Humongous regions: 100->100
[101.407s][info][gc,metaspace   ] GC(301) Metaspace: 17828K(18304K)->17828K(18304K) NonClass: 15853K(16128K)->15853K(16128K) Class: 1975K(2176K)->1975K(2176K)
[101.407s][info][gc             ] GC(301) Pause Young (Concurrent Start) (G1 Humongous Allocation) 206M->206M(384M) 1.141ms
[101.407s][info][gc             ] GC(302) Concurrent Mark Cycle
[101.407s][info][gc,cpu         ] GC(301) User=0.00s Sys=0.00s Real=0.00s
[101.407s][info][gc,marking     ] GC(302) Concurrent Scan Root Regions
[101.407s][info][gc,marking     ] GC(302) Concurrent Scan Root Regions 0.071ms
[101.407s][info][gc,marking     ] GC(302) Concurrent Mark
[101.408s][info][gc,marking     ] GC(302) Concurrent Mark From Roots
[101.408s][info][gc,task        ] GC(302) Using 2 workers of 2 for marking
[101.418s][info][gc,marking     ] GC(302) Concurrent Mark From Roots 10.632ms
[101.418s][info][gc,marking     ] GC(302) Concurrent Preclean
[101.419s][info][gc,marking     ] GC(302) Concurrent Preclean 0.223ms
[101.419s][info][gc,start       ] GC(302) Pause Remark
[101.420s][info][gc             ] GC(302) Pause Remark 346M->146M(384M) 1.300ms
[101.420s][info][gc,cpu         ] GC(302) User=0.00s Sys=0.00s Real=0.00s
[101.420s][info][gc,marking     ] GC(302) Concurrent Mark 12.627ms
[101.420s][info][gc,marking     ] GC(302) Concurrent Rebuild Remembered Sets and Scrub Regions
[101.425s][info][gc,marking     ] GC(302) Concurrent Rebuild Remembered Sets and Scrub Regions 4.574ms
[101.425s][info][gc,start       ] GC(302) Pause Cleanup
[101.425s][info][gc             ] GC(302) Pause Cleanup 198M->198M(384M) 0.197ms
[101.425s][info][gc,cpu         ] GC(302) User=0.00s Sys=0.00s Real=0.00s
[101.425s][info][gc,marking     ] GC(302) Concurrent Clear Claimed Marks
[101.425s][info][gc,marking     ] GC(302) Concurrent Clear Claimed Marks 0.097ms
[101.426s][info][gc,marking     ] GC(302) Concurrent Cleanup for Next Mark
[101.427s][info][gc,marking     ] GC(302) Concurrent Cleanup for Next Mark 1.351ms
[101.427s][info][gc             ] GC(302) Concurrent Mark Cycle 19.654ms
[102.428s][info][gc,start       ] GC(303) Pause Full (System.gc())
[102.428s][info][gc,task        ] GC(303) Using 8 workers of 8 for full compaction
[102.428s][info][gc,phases,start] GC(303) Phase 1: Mark live objects
[102.433s][info][gc,phases      ] GC(303) Phase 1: Mark live objects 4.874ms
[102.433s][info][gc,phases,start] GC(303) Phase 2: Prepare compaction
[102.433s][info][gc,phases      ] GC(303) Phase 2: Prepare compaction 0.342ms
[102.433s][info][gc,phases,start] GC(303) Phase 3: Adjust pointers
[102.435s][info][gc,phases      ] GC(303) Phase 3: Adjust pointers 2.184ms
[102.436s][info][gc,phases,start] GC(303) Phase 4: Compact heap
[102.436s][info][gc,phases      ] GC(303) Phase 4: Compact heap 0.373ms
[102.436s][info][gc,phases,start] GC(303) Phase 5: Reset Metadata
[102.437s][info][gc,phases      ] GC(303) Phase 5: Reset Metadata 1.385ms
[102.441s][info][gc,heap        ] GC(303) Eden regions: 1->0(54)
[102.441s][info][gc,heap        ] GC(303) Survivor regions: 0->0(7)
[102.441s][info][gc,heap        ] GC(303) Old regions: 10->10
[102.441s][info][gc,heap        ] GC(303) Humongous regions: 100->100
[102.441s][info][gc,metaspace   ] GC(303) Metaspace: 17829K(18304K)->17829K(18304K) NonClass: 15853K(16128K)->15853K(16128K) Class: 1975K(2176K)->1975K(2176K)
[102.441s][info][gc             ] GC(303) Pause Full (System.gc()) 208M->206M(384M) 13.754ms
[102.441s][info][gc,cpu         ] GC(303) User=0.05s Sys=0.02s Real=0.01s
[102.441s][info][gc,start       ] GC(304) Pause Young (Concurrent Start) (G1 Humongous Allocation)
[102.442s][info][gc,task        ] GC(304) Using 8 workers of 8 for evacuation
[102.443s][info][gc,phases      ] GC(304)   Pre Evacuate Collection Set: 0.3ms
[102.443s][info][gc,phases      ] GC(304)   Merge Heap Roots: 0.0ms
[102.443s][info][gc,phases      ] GC(304)   Evacuate Collection Set: 0.6ms
[102.443s][info][gc,phases      ] GC(304)   Post Evacuate Collection Set: 0.3ms
[102.443s][info][gc,phases      ] GC(304)   Other: 0.1ms
[102.443s][info][gc,heap        ] GC(304) Eden regions: 0->0(54)
[102.443s][info][gc,heap        ] GC(304) Survivor regions: 0->0(7)
[102.443s][info][gc,heap        ] GC(304) Old regions: 10->10
[102.443s][info][gc,heap        ] GC(304) Humongous regions: 100->100
[102.443s][info][gc,metaspace   ] GC(304) Metaspace: 17829K(18304K)->17829K(18304K) NonClass: 15853K(16128K)->15853K(16128K) Class: 1975K(2176K)->1975K(2176K)
[102.443s][info][gc             ] GC(304) Pause Young (Concurrent Start) (G1 Humongous Allocation) 206M->206M(384M) 1.606ms
[102.443s][info][gc,cpu         ] GC(304) User=0.00s Sys=0.00s Real=0.00s
[102.443s][info][gc             ] GC(305) Concurrent Mark Cycle
[102.443s][info][gc,marking     ] GC(305) Concurrent Scan Root Regions
[102.443s][info][gc,marking     ] GC(305) Concurrent Scan Root Regions 0.025ms
[102.443s][info][gc,marking     ] GC(305) Concurrent Mark
[102.443s][info][gc,marking     ] GC(305) Concurrent Mark From Roots
[102.443s][info][gc,task        ] GC(305) Using 2 workers of 2 for marking
[102.453s][info][gc,marking     ] GC(305) Concurrent Mark From Roots 10.099ms
[102.454s][info][gc,marking     ] GC(305) Concurrent Preclean
[102.454s][info][gc,marking     ] GC(305) Concurrent Preclean 0.224ms
[102.454s][info][gc,start       ] GC(305) Pause Remark
[102.455s][info][gc             ] GC(305) Pause Remark 336M->136M(384M) 1.407ms
[102.455s][info][gc,cpu         ] GC(305) User=0.00s Sys=0.00s Real=0.00s
[102.455s][info][gc,marking     ] GC(305) Concurrent Mark 12.244ms
[102.456s][info][gc,marking     ] GC(305) Concurrent Rebuild Remembered Sets and Scrub Regions
[102.459s][info][gc,marking     ] GC(305) Concurrent Rebuild Remembered Sets and Scrub Regions 3.351ms
[102.459s][info][gc,start       ] GC(305) Pause Cleanup
[102.459s][info][gc             ] GC(305) Pause Cleanup 186M->186M(384M) 0.135ms
[102.459s][info][gc,cpu         ] GC(305) User=0.00s Sys=0.00s Real=0.00s
[102.459s][info][gc,marking     ] GC(305) Concurrent Clear Claimed Marks
[102.459s][info][gc,marking     ] GC(305) Concurrent Clear Claimed Marks 0.082ms
[102.459s][info][gc,marking     ] GC(305) Concurrent Cleanup for Next Mark
[102.460s][info][gc,marking     ] GC(305) Concurrent Cleanup for Next Mark 0.953ms
[102.461s][info][gc             ] GC(305) Concurrent Mark Cycle 17.465ms
[103.462s][info][gc,start       ] GC(306) Pause Full (System.gc())
[103.463s][info][gc,task        ] GC(306) Using 8 workers of 8 for full compaction
[103.464s][info][gc,phases,start] GC(306) Phase 1: Mark live objects
[103.468s][info][gc,phases      ] GC(306) Phase 1: Mark live objects 4.082ms
[103.468s][info][gc,phases,start] GC(306) Phase 2: Prepare compaction
[103.468s][info][gc,phases      ] GC(306) Phase 2: Prepare compaction 0.535ms
[103.469s][info][gc,phases,start] GC(306) Phase 3: Adjust pointers
[103.471s][info][gc,phases      ] GC(306) Phase 3: Adjust pointers 2.012ms
[103.471s][info][gc,phases,start] GC(306) Phase 4: Compact heap
[103.471s][info][gc,phases      ] GC(306) Phase 4: Compact heap 0.295ms
[103.471s][info][gc,phases,start] GC(306) Phase 5: Reset Metadata
[103.472s][info][gc,phases      ] GC(306) Phase 5: Reset Metadata 0.637ms
[103.474s][info][gc,heap        ] GC(306) Eden regions: 1->0(54)
[103.474s][info][gc,heap        ] GC(306) Survivor regions: 0->0(7)
[103.474s][info][gc,heap        ] GC(306) Old regions: 10->10
[103.474s][info][gc,heap        ] GC(306) Humongous regions: 100->100
[103.474s][info][gc,metaspace   ] GC(306) Metaspace: 17829K(18304K)->17829K(18304K) NonClass: 15853K(16128K)->15853K(16128K) Class: 1975K(2176K)->1975K(2176K)
[103.474s][info][gc             ] GC(306) Pause Full (System.gc()) 208M->206M(384M) 11.821ms
[103.474s][info][gc,cpu         ] GC(306) User=0.09s Sys=0.00s Real=0.01s
[103.474s][info][gc,start       ] GC(307) Pause Young (Concurrent Start) (G1 Humongous Allocation)
[103.474s][info][gc,task        ] GC(307) Using 8 workers of 8 for evacuation
[103.475s][info][gc,phases      ] GC(307)   Pre Evacuate Collection Set: 0.1ms
[103.475s][info][gc,phases      ] GC(307)   Merge Heap Roots: 0.0ms
[103.475s][info][gc,phases      ] GC(307)   Evacuate Collection Set: 0.3ms
[103.475s][info][gc,phases      ] GC(307)   Post Evacuate Collection Set: 0.1ms
[103.475s][info][gc,phases      ] GC(307)   Other: 0.1ms
[103.475s][info][gc,heap        ] GC(307) Eden regions: 0->0(54)
[103.475s][info][gc,heap        ] GC(307) Survivor regions: 0->0(7)
[103.475s][info][gc,heap        ] GC(307) Old regions: 10->10
[103.475s][info][gc,heap        ] GC(307) Humongous regions: 100->100
[103.475s][info][gc,metaspace   ] GC(307) Metaspace: 17829K(18304K)->17829K(18304K) NonClass: 15853K(16128K)->15853K(16128K) Class: 1975K(2176K)->1975K(2176K)
[103.475s][info][gc             ] GC(307) Pause Young (Concurrent Start) (G1 Humongous Allocation) 206M->206M(384M) 0.855ms
[103.475s][info][gc,cpu         ] GC(307) User=0.00s Sys=0.00s Real=0.00s
[103.475s][info][gc             ] GC(308) Concurrent Mark Cycle
[103.475s][info][gc,marking     ] GC(308) Concurrent Scan Root Regions
[103.475s][info][gc,marking     ] GC(308) Concurrent Scan Root Regions 0.018ms
[103.475s][info][gc,marking     ] GC(308) Concurrent Mark
[103.475s][info][gc,marking     ] GC(308) Concurrent Mark From Roots
[103.475s][info][gc,task        ] GC(308) Using 2 workers of 2 for marking
[103.484s][info][gc,marking     ] GC(308) Concurrent Mark From Roots 8.375ms
[103.484s][info][gc,marking     ] GC(308) Concurrent Preclean
[103.484s][info][gc,marking     ] GC(308) Concurrent Preclean 0.187ms
[103.484s][info][gc,start       ] GC(308) Pause Remark
[103.485s][info][gc             ] GC(308) Pause Remark 334M->134M(384M) 1.301ms
[103.485s][info][gc,cpu         ] GC(308) User=0.00s Sys=0.00s Real=0.00s
[103.485s][info][gc,marking     ] GC(308) Concurrent Mark 10.277ms
[103.485s][info][gc,marking     ] GC(308) Concurrent Rebuild Remembered Sets and Scrub Regions
[103.489s][info][gc,marking     ] GC(308) Concurrent Rebuild Remembered Sets and Scrub Regions 3.181ms
[103.489s][info][gc,start       ] GC(308) Pause Cleanup
[103.489s][info][gc             ] GC(308) Pause Cleanup 180M->180M(384M) 0.165ms
[103.489s][info][gc,cpu         ] GC(308) User=0.00s Sys=0.00s Real=0.00s
[103.489s][info][gc,marking     ] GC(308) Concurrent Clear Claimed Marks
[103.489s][info][gc,marking     ] GC(308) Concurrent Clear Claimed Marks 0.091ms
[103.489s][info][gc,marking     ] GC(308) Concurrent Cleanup for Next Mark
[103.490s][info][gc,marking     ] GC(308) Concurrent Cleanup for Next Mark 1.113ms
[103.491s][info][gc             ] GC(308) Concurrent Mark Cycle 15.522ms
[104.493s][info][gc,start       ] GC(309) Pause Full (System.gc())
[104.493s][info][gc,task        ] GC(309) Using 8 workers of 8 for full compaction
[104.493s][info][gc,phases,start] GC(309) Phase 1: Mark live objects
[104.497s][info][gc,phases      ] GC(309) Phase 1: Mark live objects 3.834ms
[104.497s][info][gc,phases,start] GC(309) Phase 2: Prepare compaction
[104.497s][info][gc,phases      ] GC(309) Phase 2: Prepare compaction 0.324ms
[104.497s][info][gc,phases,start] GC(309) Phase 3: Adjust pointers
[104.499s][info][gc,phases      ] GC(309) Phase 3: Adjust pointers 1.742ms
[104.499s][info][gc,phases,start] GC(309) Phase 4: Compact heap
[104.499s][info][gc,phases      ] GC(309) Phase 4: Compact heap 0.294ms
[104.500s][info][gc,phases,start] GC(309) Phase 5: Reset Metadata
[104.500s][info][gc,phases      ] GC(309) Phase 5: Reset Metadata 0.584ms
[104.502s][info][gc,heap        ] GC(309) Eden regions: 1->0(54)
[104.502s][info][gc,heap        ] GC(309) Survivor regions: 0->0(7)
[104.502s][info][gc,heap        ] GC(309) Old regions: 10->10
[104.502s][info][gc,heap        ] GC(309) Humongous regions: 100->100
[104.502s][info][gc,metaspace   ] GC(309) Metaspace: 17836K(18304K)->17836K(18304K) NonClass: 15860K(16128K)->15860K(16128K) Class: 1975K(2176K)->1975K(2176K)
[104.502s][info][gc             ] GC(309) Pause Full (System.gc()) 208M->206M(384M) 9.494ms
[104.502s][info][gc,cpu         ] GC(309) User=0.12s Sys=0.00s Real=0.01s
[104.502s][info][gc,start       ] GC(310) Pause Young (Concurrent Start) (G1 Humongous Allocation)
[104.502s][info][gc,task        ] GC(310) Using 8 workers of 8 for evacuation
[104.503s][info][gc,phases      ] GC(310)   Pre Evacuate Collection Set: 0.1ms
[104.503s][info][gc,phases      ] GC(310)   Merge Heap Roots: 0.0ms
[104.503s][info][gc,phases      ] GC(310)   Evacuate Collection Set: 0.3ms
[104.503s][info][gc,phases      ] GC(310)   Post Evacuate Collection Set: 0.1ms
[104.503s][info][gc,phases      ] GC(310)   Other: 0.1ms
[104.503s][info][gc,heap        ] GC(310) Eden regions: 0->0(54)
[104.503s][info][gc,heap        ] GC(310) Survivor regions: 0->0(7)
[104.503s][info][gc,heap        ] GC(310) Old regions: 10->10
[104.503s][info][gc,heap        ] GC(310) Humongous regions: 100->100
[104.503s][info][gc,metaspace   ] GC(310) Metaspace: 17836K(18304K)->17836K(18304K) NonClass: 15860K(16128K)->15860K(16128K) Class: 1975K(2176K)->1975K(2176K)
[104.503s][info][gc             ] GC(310) Pause Young (Concurrent Start) (G1 Humongous Allocation) 206M->206M(384M) 0.830ms
[104.503s][info][gc,cpu         ] GC(310) User=0.00s Sys=0.00s Real=0.00s
[104.503s][info][gc             ] GC(311) Concurrent Mark Cycle
[104.503s][info][gc,marking     ] GC(311) Concurrent Scan Root Regions
[104.503s][info][gc,marking     ] GC(311) Concurrent Scan Root Regions 0.020ms
[104.503s][info][gc,marking     ] GC(311) Concurrent Mark
[104.503s][info][gc,marking     ] GC(311) Concurrent Mark From Roots
[104.503s][info][gc,task        ] GC(311) Using 2 workers of 2 for marking
[104.512s][info][gc,marking     ] GC(311) Concurrent Mark From Roots 8.913ms
[104.512s][info][gc,marking     ] GC(311) Concurrent Preclean
[104.513s][info][gc,marking     ] GC(311) Concurrent Preclean 0.270ms
[104.513s][info][gc,start       ] GC(311) Pause Remark
[104.514s][info][gc             ] GC(311) Pause Remark 334M->134M(384M) 1.104ms
[104.514s][info][gc,cpu         ] GC(311) User=0.00s Sys=0.00s Real=0.00s
[104.514s][info][gc,marking     ] GC(311) Concurrent Mark 10.734ms
[104.514s][info][gc,marking     ] GC(311) Concurrent Rebuild Remembered Sets and Scrub Regions
[104.517s][info][gc,marking     ] GC(311) Concurrent Rebuild Remembered Sets and Scrub Regions 3.038ms
[104.517s][info][gc,start       ] GC(311) Pause Cleanup
[104.518s][info][gc             ] GC(311) Pause Cleanup 184M->184M(384M) 0.139ms
[104.518s][info][gc,cpu         ] GC(311) User=0.00s Sys=0.00s Real=0.00s
[104.518s][info][gc,marking     ] GC(311) Concurrent Clear Claimed Marks
[104.518s][info][gc,marking     ] GC(311) Concurrent Clear Claimed Marks 0.073ms
[104.518s][info][gc,marking     ] GC(311) Concurrent Cleanup for Next Mark
[104.518s][info][gc,marking     ] GC(311) Concurrent Cleanup for Next Mark 0.783ms
[104.519s][info][gc             ] GC(311) Concurrent Mark Cycle 15.297ms
[105.521s][info][gc,start       ] GC(312) Pause Full (System.gc())
[105.521s][info][gc,task        ] GC(312) Using 8 workers of 8 for full compaction
[105.521s][info][gc,phases,start] GC(312) Phase 1: Mark live objects
[105.525s][info][gc,phases      ] GC(312) Phase 1: Mark live objects 3.703ms
[105.525s][info][gc,phases,start] GC(312) Phase 2: Prepare compaction
[105.525s][info][gc,phases      ] GC(312) Phase 2: Prepare compaction 0.382ms
[105.525s][info][gc,phases,start] GC(312) Phase 3: Adjust pointers
[105.528s][info][gc,phases      ] GC(312) Phase 3: Adjust pointers 2.360ms
[105.528s][info][gc,phases,start] GC(312) Phase 4: Compact heap
[105.528s][info][gc,phases      ] GC(312) Phase 4: Compact heap 0.301ms
[105.528s][info][gc,phases,start] GC(312) Phase 5: Reset Metadata
[105.529s][info][gc,phases      ] GC(312) Phase 5: Reset Metadata 0.556ms
[105.531s][info][gc,heap        ] GC(312) Eden regions: 1->0(54)
[105.531s][info][gc,heap        ] GC(312) Survivor regions: 0->0(7)
[105.531s][info][gc,heap        ] GC(312) Old regions: 10->10
[105.531s][info][gc,heap        ] GC(312) Humongous regions: 100->100
[105.532s][info][gc,metaspace   ] GC(312) Metaspace: 17836K(18304K)->17836K(18304K) NonClass: 15860K(16128K)->15860K(16128K) Class: 1975K(2176K)->1975K(2176K)
[105.532s][info][gc             ] GC(312) Pause Full (System.gc()) 208M->206M(384M) 10.793ms
[105.532s][info][gc,cpu         ] GC(312) User=0.02s Sys=0.00s Real=0.01s
[105.532s][info][gc,start       ] GC(313) Pause Young (Concurrent Start) (G1 Humongous Allocation)
[105.532s][info][gc,task        ] GC(313) Using 8 workers of 8 for evacuation
[105.532s][info][gc,phases      ] GC(313)   Pre Evacuate Collection Set: 0.1ms
[105.533s][info][gc,phases      ] GC(313)   Merge Heap Roots: 0.0ms
[105.533s][info][gc,phases      ] GC(313)   Evacuate Collection Set: 0.3ms
[105.533s][info][gc,phases      ] GC(313)   Post Evacuate Collection Set: 0.1ms
[105.533s][info][gc,phases      ] GC(313)   Other: 0.1ms
[105.533s][info][gc,heap        ] GC(313) Eden regions: 0->0(54)
[105.533s][info][gc,heap        ] GC(313) Survivor regions: 0->0(7)
[105.533s][info][gc,heap        ] GC(313) Old regions: 10->10
[105.533s][info][gc,heap        ] GC(313) Humongous regions: 100->100
[105.533s][info][gc,metaspace   ] GC(313) Metaspace: 17836K(18304K)->17836K(18304K) NonClass: 15860K(16128K)->15860K(16128K) Class: 1975K(2176K)->1975K(2176K)
[105.533s][info][gc             ] GC(313) Pause Young (Concurrent Start) (G1 Humongous Allocation) 206M->206M(384M) 0.922ms
[105.533s][info][gc,cpu         ] GC(313) User=0.00s Sys=0.00s Real=0.00s
[105.533s][info][gc             ] GC(314) Concurrent Mark Cycle
[105.533s][info][gc,marking     ] GC(314) Concurrent Scan Root Regions
[105.533s][info][gc,marking     ] GC(314) Concurrent Scan Root Regions 0.021ms
[105.533s][info][gc,marking     ] GC(314) Concurrent Mark
[105.533s][info][gc,marking     ] GC(314) Concurrent Mark From Roots
[105.533s][info][gc,task        ] GC(314) Using 2 workers of 2 for marking
[105.543s][info][gc,marking     ] GC(314) Concurrent Mark From Roots 10.273ms
[105.543s][info][gc,marking     ] GC(314) Concurrent Preclean
[105.543s][info][gc,marking     ] GC(314) Concurrent Preclean 0.214ms
[105.544s][info][gc,start       ] GC(314) Pause Remark
[105.545s][info][gc             ] GC(314) Pause Remark 340M->140M(384M) 1.615ms
[105.545s][info][gc,cpu         ] GC(314) User=0.00s Sys=0.00s Real=0.00s
[105.545s][info][gc,marking     ] GC(314) Concurrent Mark 12.530ms
[105.545s][info][gc,marking     ] GC(314) Concurrent Rebuild Remembered Sets and Scrub Regions
[105.550s][info][gc,marking     ] GC(314) Concurrent Rebuild Remembered Sets and Scrub Regions 4.211ms
[105.550s][info][gc,start       ] GC(314) Pause Cleanup
[105.551s][info][gc             ] GC(314) Pause Cleanup 198M->198M(384M) 0.823ms
[105.551s][info][gc,cpu         ] GC(314) User=0.00s Sys=0.00s Real=0.00s
[105.551s][info][gc,marking     ] GC(314) Concurrent Clear Claimed Marks
[105.551s][info][gc,marking     ] GC(314) Concurrent Clear Claimed Marks 0.084ms
[105.551s][info][gc,marking     ] GC(314) Concurrent Cleanup for Next Mark
[105.552s][info][gc,marking     ] GC(314) Concurrent Cleanup for Next Mark 1.032ms
[105.552s][info][gc             ] GC(314) Concurrent Mark Cycle 19.505ms
[106.553s][info][gc,start       ] GC(315) Pause Full (System.gc())
[106.553s][info][gc,task        ] GC(315) Using 8 workers of 8 for full compaction
[106.554s][info][gc,phases,start] GC(315) Phase 1: Mark live objects
[106.557s][info][gc,phases      ] GC(315) Phase 1: Mark live objects 3.610ms
[106.557s][info][gc,phases,start] GC(315) Phase 2: Prepare compaction
[106.558s][info][gc,phases      ] GC(315) Phase 2: Prepare compaction 0.467ms
[106.558s][info][gc,phases,start] GC(315) Phase 3: Adjust pointers
[106.560s][info][gc,phases      ] GC(315) Phase 3: Adjust pointers 2.413ms
[106.560s][info][gc,phases,start] GC(315) Phase 4: Compact heap
[106.561s][info][gc,phases      ] GC(315) Phase 4: Compact heap 0.261ms
[106.561s][info][gc,phases,start] GC(315) Phase 5: Reset Metadata
[106.561s][info][gc,phases      ] GC(315) Phase 5: Reset Metadata 0.538ms
[106.564s][info][gc,heap        ] GC(315) Eden regions: 1->0(54)
[106.564s][info][gc,heap        ] GC(315) Survivor regions: 0->0(7)
[106.564s][info][gc,heap        ] GC(315) Old regions: 10->10
[106.564s][info][gc,heap        ] GC(315) Humongous regions: 100->100
[106.564s][info][gc,metaspace   ] GC(315) Metaspace: 17836K(18304K)->17836K(18304K) NonClass: 15860K(16128K)->15860K(16128K) Class: 1975K(2176K)->1975K(2176K)
[106.564s][info][gc             ] GC(315) Pause Full (System.gc()) 208M->206M(384M) 10.270ms
[106.564s][info][gc,cpu         ] GC(315) User=0.08s Sys=0.00s Real=0.01s
[106.564s][info][gc,start       ] GC(316) Pause Young (Concurrent Start) (G1 Humongous Allocation)
[106.564s][info][gc,task        ] GC(316) Using 8 workers of 8 for evacuation
[106.565s][info][gc,phases      ] GC(316)   Pre Evacuate Collection Set: 0.1ms
[106.565s][info][gc,phases      ] GC(316)   Merge Heap Roots: 0.0ms
[106.565s][info][gc,phases      ] GC(316)   Evacuate Collection Set: 0.4ms
[106.565s][info][gc,phases      ] GC(316)   Post Evacuate Collection Set: 0.2ms
[106.565s][info][gc,phases      ] GC(316)   Other: 0.1ms
[106.565s][info][gc,heap        ] GC(316) Eden regions: 0->0(54)
[106.565s][info][gc,heap        ] GC(316) Survivor regions: 0->0(7)
[106.565s][info][gc,heap        ] GC(316) Old regions: 10->10
[106.565s][info][gc,heap        ] GC(316) Humongous regions: 100->100
[106.565s][info][gc,metaspace   ] GC(316) Metaspace: 17836K(18304K)->17836K(18304K) NonClass: 15860K(16128K)->15860K(16128K) Class: 1975K(2176K)->1975K(2176K)
[106.565s][info][gc             ] GC(316) Pause Young (Concurrent Start) (G1 Humongous Allocation) 206M->206M(384M) 1.000ms
[106.565s][info][gc             ] GC(317) Concurrent Mark Cycle
[106.565s][info][gc,cpu         ] GC(316) User=0.00s Sys=0.00s Real=0.00s
[106.565s][info][gc,marking     ] GC(317) Concurrent Scan Root Regions
[106.565s][info][gc,marking     ] GC(317) Concurrent Scan Root Regions 0.059ms
[106.565s][info][gc,marking     ] GC(317) Concurrent Mark
[106.565s][info][gc,marking     ] GC(317) Concurrent Mark From Roots
[106.565s][info][gc,task        ] GC(317) Using 2 workers of 2 for marking
[106.574s][info][gc,marking     ] GC(317) Concurrent Mark From Roots 8.550ms
[106.574s][info][gc,marking     ] GC(317) Concurrent Preclean
[106.574s][info][gc,marking     ] GC(317) Concurrent Preclean 0.218ms
[106.574s][info][gc,start       ] GC(317) Pause Remark
[106.575s][info][gc             ] GC(317) Pause Remark 336M->136M(384M) 1.002ms
[106.575s][info][gc,cpu         ] GC(317) User=0.08s Sys=0.05s Real=0.00s
[106.575s][info][gc,marking     ] GC(317) Concurrent Mark 10.274ms
[106.575s][info][gc,marking     ] GC(317) Concurrent Rebuild Remembered Sets and Scrub Regions
[106.579s][info][gc,marking     ] GC(317) Concurrent Rebuild Remembered Sets and Scrub Regions 3.475ms
[106.579s][info][gc,start       ] GC(317) Pause Cleanup
[106.579s][info][gc             ] GC(317) Pause Cleanup 178M->178M(384M) 0.160ms
[106.579s][info][gc,cpu         ] GC(317) User=0.00s Sys=0.00s Real=0.00s
[106.579s][info][gc,marking     ] GC(317) Concurrent Clear Claimed Marks
[106.579s][info][gc,marking     ] GC(317) Concurrent Clear Claimed Marks 0.063ms
[106.579s][info][gc,marking     ] GC(317) Concurrent Cleanup for Next Mark
[106.580s][info][gc,marking     ] GC(317) Concurrent Cleanup for Next Mark 1.029ms
[106.580s][info][gc             ] GC(317) Concurrent Mark Cycle 15.608ms
[107.583s][info][gc,start       ] GC(318) Pause Full (System.gc())
[107.583s][info][gc,task        ] GC(318) Using 8 workers of 8 for full compaction
[107.583s][info][gc,phases,start] GC(318) Phase 1: Mark live objects
[107.588s][info][gc,phases      ] GC(318) Phase 1: Mark live objects 4.271ms
[107.588s][info][gc,phases,start] GC(318) Phase 2: Prepare compaction
[107.588s][info][gc,phases      ] GC(318) Phase 2: Prepare compaction 0.516ms
[107.588s][info][gc,phases,start] GC(318) Phase 3: Adjust pointers
[107.590s][info][gc,phases      ] GC(318) Phase 3: Adjust pointers 2.016ms
[107.590s][info][gc,phases,start] GC(318) Phase 4: Compact heap
[107.591s][info][gc,phases      ] GC(318) Phase 4: Compact heap 0.378ms
[107.591s][info][gc,phases,start] GC(318) Phase 5: Reset Metadata
[107.591s][info][gc,phases      ] GC(318) Phase 5: Reset Metadata 0.548ms
[107.594s][info][gc,heap        ] GC(318) Eden regions: 1->0(54)
[107.594s][info][gc,heap        ] GC(318) Survivor regions: 0->0(7)
[107.594s][info][gc,heap        ] GC(318) Old regions: 10->10
[107.594s][info][gc,heap        ] GC(318) Humongous regions: 100->100
[107.594s][info][gc,metaspace   ] GC(318) Metaspace: 17837K(18304K)->17837K(18304K) NonClass: 15862K(16128K)->15862K(16128K) Class: 1975K(2176K)->1975K(2176K)
[107.594s][info][gc             ] GC(318) Pause Full (System.gc()) 208M->206M(384M) 10.723ms
[107.594s][info][gc,cpu         ] GC(318) User=0.02s Sys=0.00s Real=0.01s
[107.594s][info][gc,start       ] GC(319) Pause Young (Concurrent Start) (G1 Humongous Allocation)
[107.594s][info][gc,task        ] GC(319) Using 8 workers of 8 for evacuation
[107.595s][info][gc,phases      ] GC(319)   Pre Evacuate Collection Set: 0.1ms
[107.595s][info][gc,phases      ] GC(319)   Merge Heap Roots: 0.0ms
[107.595s][info][gc,phases      ] GC(319)   Evacuate Collection Set: 0.3ms
[107.595s][info][gc,phases      ] GC(319)   Post Evacuate Collection Set: 0.1ms
[107.595s][info][gc,phases      ] GC(319)   Other: 0.1ms
[107.595s][info][gc,heap        ] GC(319) Eden regions: 0->0(54)
[107.595s][info][gc,heap        ] GC(319) Survivor regions: 0->0(7)
[107.595s][info][gc,heap        ] GC(319) Old regions: 10->10
[107.595s][info][gc,heap        ] GC(319) Humongous regions: 100->100
[107.595s][info][gc,metaspace   ] GC(319) Metaspace: 17837K(18304K)->17837K(18304K) NonClass: 15862K(16128K)->15862K(16128K) Class: 1975K(2176K)->1975K(2176K)
[107.595s][info][gc             ] GC(319) Pause Young (Concurrent Start) (G1 Humongous Allocation) 206M->206M(384M) 0.893ms
[107.595s][info][gc,cpu         ] GC(319) User=0.00s Sys=0.00s Real=0.00s
[107.595s][info][gc             ] GC(320) Concurrent Mark Cycle
[107.595s][info][gc,marking     ] GC(320) Concurrent Scan Root Regions
[107.595s][info][gc,marking     ] GC(320) Concurrent Scan Root Regions 0.018ms
[107.595s][info][gc,marking     ] GC(320) Concurrent Mark
[107.595s][info][gc,marking     ] GC(320) Concurrent Mark From Roots
[107.595s][info][gc,task        ] GC(320) Using 2 workers of 2 for marking
[107.604s][info][gc,marking     ] GC(320) Concurrent Mark From Roots 8.837ms
[107.604s][info][gc,marking     ] GC(320) Concurrent Preclean
[107.605s][info][gc,marking     ] GC(320) Concurrent Preclean 0.502ms
[107.605s][info][gc,start       ] GC(320) Pause Remark
[107.606s][info][gc             ] GC(320) Pause Remark 340M->140M(384M) 1.376ms
[107.606s][info][gc,cpu         ] GC(320) User=0.08s Sys=0.02s Real=0.00s
[107.606s][info][gc,marking     ] GC(320) Concurrent Mark 11.591ms
[107.607s][info][gc,marking     ] GC(320) Concurrent Rebuild Remembered Sets and Scrub Regions
[107.610s][info][gc,marking     ] GC(320) Concurrent Rebuild Remembered Sets and Scrub Regions 3.351ms
[107.610s][info][gc,start       ] GC(320) Pause Cleanup
[107.610s][info][gc             ] GC(320) Pause Cleanup 186M->186M(384M) 0.159ms
[107.610s][info][gc,cpu         ] GC(320) User=0.00s Sys=0.00s Real=0.00s
[107.610s][info][gc,marking     ] GC(320) Concurrent Clear Claimed Marks
[107.610s][info][gc,marking     ] GC(320) Concurrent Clear Claimed Marks 0.082ms
[107.610s][info][gc,marking     ] GC(320) Concurrent Cleanup for Next Mark
[107.611s][info][gc,marking     ] GC(320) Concurrent Cleanup for Next Mark 0.954ms
[107.612s][info][gc             ] GC(320) Concurrent Mark Cycle 16.780ms
[108.613s][info][gc,start       ] GC(321) Pause Full (System.gc())
[108.614s][info][gc,task        ] GC(321) Using 8 workers of 8 for full compaction
[108.614s][info][gc,phases,start] GC(321) Phase 1: Mark live objects
[108.618s][info][gc,phases      ] GC(321) Phase 1: Mark live objects 3.993ms
[108.618s][info][gc,phases,start] GC(321) Phase 2: Prepare compaction
[108.618s][info][gc,phases      ] GC(321) Phase 2: Prepare compaction 0.348ms
[108.618s][info][gc,phases,start] GC(321) Phase 3: Adjust pointers
[108.620s][info][gc,phases      ] GC(321) Phase 3: Adjust pointers 2.009ms
[108.620s][info][gc,phases,start] GC(321) Phase 4: Compact heap
[108.621s][info][gc,phases      ] GC(321) Phase 4: Compact heap 0.556ms
[108.621s][info][gc,phases,start] GC(321) Phase 5: Reset Metadata
[108.622s][info][gc,phases      ] GC(321) Phase 5: Reset Metadata 0.837ms
[108.625s][info][gc,heap        ] GC(321) Eden regions: 1->0(54)
[108.625s][info][gc,heap        ] GC(321) Survivor regions: 0->0(7)
[108.625s][info][gc,heap        ] GC(321) Old regions: 10->10
[108.625s][info][gc,heap        ] GC(321) Humongous regions: 100->100
[108.625s][info][gc,metaspace   ] GC(321) Metaspace: 17837K(18304K)->17837K(18304K) NonClass: 15862K(16128K)->15862K(16128K) Class: 1975K(2176K)->1975K(2176K)
[108.625s][info][gc             ] GC(321) Pause Full (System.gc()) 208M->206M(384M) 11.679ms
[108.625s][info][gc,cpu         ] GC(321) User=0.05s Sys=0.03s Real=0.01s
[108.625s][info][gc,start       ] GC(322) Pause Young (Concurrent Start) (G1 Humongous Allocation)
[108.625s][info][gc,task        ] GC(322) Using 8 workers of 8 for evacuation
[108.626s][info][gc,phases      ] GC(322)   Pre Evacuate Collection Set: 0.1ms
[108.626s][info][gc,phases      ] GC(322)   Merge Heap Roots: 0.0ms
[108.626s][info][gc,phases      ] GC(322)   Evacuate Collection Set: 0.3ms
[108.626s][info][gc,phases      ] GC(322)   Post Evacuate Collection Set: 0.2ms
[108.626s][info][gc,phases      ] GC(322)   Other: 0.1ms
[108.626s][info][gc,heap        ] GC(322) Eden regions: 0->0(54)
[108.626s][info][gc,heap        ] GC(322) Survivor regions: 0->0(7)
[108.626s][info][gc,heap        ] GC(322) Old regions: 10->10
[108.626s][info][gc,heap        ] GC(322) Humongous regions: 100->100
[108.626s][info][gc,metaspace   ] GC(322) Metaspace: 17837K(18304K)->17837K(18304K) NonClass: 15862K(16128K)->15862K(16128K) Class: 1975K(2176K)->1975K(2176K)
[108.626s][info][gc             ] GC(322) Pause Young (Concurrent Start) (G1 Humongous Allocation) 206M->206M(384M) 0.980ms
[108.626s][info][gc,cpu         ] GC(322) User=0.00s Sys=0.00s Real=0.00s
[108.626s][info][gc             ] GC(323) Concurrent Mark Cycle
[108.626s][info][gc,marking     ] GC(323) Concurrent Scan Root Regions
[108.626s][info][gc,marking     ] GC(323) Concurrent Scan Root Regions 0.018ms
[108.626s][info][gc,marking     ] GC(323) Concurrent Mark
[108.626s][info][gc,marking     ] GC(323) Concurrent Mark From Roots
[108.626s][info][gc,task        ] GC(323) Using 2 workers of 2 for marking
[108.636s][info][gc,marking     ] GC(323) Concurrent Mark From Roots 9.899ms
[108.636s][info][gc,marking     ] GC(323) Concurrent Preclean
[108.637s][info][gc,marking     ] GC(323) Concurrent Preclean 0.174ms
[108.637s][info][gc,start       ] GC(323) Pause Remark
[108.638s][info][gc             ] GC(323) Pause Remark 338M->138M(384M) 1.203ms
[108.638s][info][gc,cpu         ] GC(323) User=0.02s Sys=0.00s Real=0.00s
[108.638s][info][gc,marking     ] GC(323) Concurrent Mark 11.657ms
[108.638s][info][gc,marking     ] GC(323) Concurrent Rebuild Remembered Sets and Scrub Regions
[108.642s][info][gc,marking     ] GC(323) Concurrent Rebuild Remembered Sets and Scrub Regions 4.078ms
[108.642s][info][gc,start       ] GC(323) Pause Cleanup
[108.643s][info][gc             ] GC(323) Pause Cleanup 188M->188M(384M) 0.135ms
[108.643s][info][gc,cpu         ] GC(323) User=0.00s Sys=0.00s Real=0.00s
[108.643s][info][gc,marking     ] GC(323) Concurrent Clear Claimed Marks
[108.643s][info][gc,marking     ] GC(323) Concurrent Clear Claimed Marks 0.073ms
[108.643s][info][gc,marking     ] GC(323) Concurrent Cleanup for Next Mark
[108.643s][info][gc,marking     ] GC(323) Concurrent Cleanup for Next Mark 0.805ms
[108.644s][info][gc             ] GC(323) Concurrent Mark Cycle 17.318ms
[109.645s][info][gc,start       ] GC(324) Pause Full (System.gc())
[109.645s][info][gc,task        ] GC(324) Using 8 workers of 8 for full compaction
[109.645s][info][gc,phases,start] GC(324) Phase 1: Mark live objects
[109.649s][info][gc,phases      ] GC(324) Phase 1: Mark live objects 3.693ms
[109.649s][info][gc,phases,start] GC(324) Phase 2: Prepare compaction
[109.649s][info][gc,phases      ] GC(324) Phase 2: Prepare compaction 0.403ms
[109.649s][info][gc,phases,start] GC(324) Phase 3: Adjust pointers
[109.652s][info][gc,phases      ] GC(324) Phase 3: Adjust pointers 2.454ms
[109.652s][info][gc,phases,start] GC(324) Phase 4: Compact heap
[109.652s][info][gc,phases      ] GC(324) Phase 4: Compact heap 0.314ms
[109.652s][info][gc,phases,start] GC(324) Phase 5: Reset Metadata
[109.653s][info][gc,phases      ] GC(324) Phase 5: Reset Metadata 0.727ms
[109.656s][info][gc,heap        ] GC(324) Eden regions: 1->0(54)
[109.657s][info][gc,heap        ] GC(324) Survivor regions: 0->0(7)
[109.657s][info][gc,heap        ] GC(324) Old regions: 10->10
[109.657s][info][gc,heap        ] GC(324) Humongous regions: 100->100
[109.657s][info][gc,metaspace   ] GC(324) Metaspace: 17837K(18304K)->17837K(18304K) NonClass: 15862K(16128K)->15862K(16128K) Class: 1975K(2176K)->1975K(2176K)
[109.657s][info][gc             ] GC(324) Pause Full (System.gc()) 208M->206M(384M) 11.929ms
[109.657s][info][gc,cpu         ] GC(324) User=0.02s Sys=0.00s Real=0.01s
[109.657s][info][gc,start       ] GC(325) Pause Young (Concurrent Start) (G1 Humongous Allocation)
[109.657s][info][gc,task        ] GC(325) Using 8 workers of 8 for evacuation
[109.658s][info][gc,phases      ] GC(325)   Pre Evacuate Collection Set: 0.1ms
[109.658s][info][gc,phases      ] GC(325)   Merge Heap Roots: 0.0ms
[109.658s][info][gc,phases      ] GC(325)   Evacuate Collection Set: 0.3ms
[109.658s][info][gc,phases      ] GC(325)   Post Evacuate Collection Set: 0.2ms
[109.658s][info][gc,phases      ] GC(325)   Other: 0.1ms
[109.658s][info][gc,heap        ] GC(325) Eden regions: 0->0(54)
[109.658s][info][gc,heap        ] GC(325) Survivor regions: 0->0(7)
[109.658s][info][gc,heap        ] GC(325) Old regions: 10->10
[109.658s][info][gc,heap        ] GC(325) Humongous regions: 100->100
[109.658s][info][gc,metaspace   ] GC(325) Metaspace: 17837K(18304K)->17837K(18304K) NonClass: 15862K(16128K)->15862K(16128K) Class: 1975K(2176K)->1975K(2176K)
[109.658s][info][gc             ] GC(325) Pause Young (Concurrent Start) (G1 Humongous Allocation) 206M->206M(384M) 0.983ms
[109.658s][info][gc,cpu         ] GC(325) User=0.00s Sys=0.00s Real=0.00s
[109.658s][info][gc             ] GC(326) Concurrent Mark Cycle
[109.658s][info][gc,marking     ] GC(326) Concurrent Scan Root Regions
[109.658s][info][gc,marking     ] GC(326) Concurrent Scan Root Regions 0.022ms
[109.658s][info][gc,marking     ] GC(326) Concurrent Mark
[109.658s][info][gc,marking     ] GC(326) Concurrent Mark From Roots
[109.658s][info][gc,task        ] GC(326) Using 2 workers of 2 for marking
[109.671s][info][gc,marking     ] GC(326) Concurrent Mark From Roots 13.262ms
[109.671s][info][gc,marking     ] GC(326) Concurrent Preclean
[109.672s][info][gc,marking     ] GC(326) Concurrent Preclean 0.230ms
[109.672s][info][gc,start       ] GC(326) Pause Remark
[109.673s][info][gc             ] GC(326) Pause Remark 332M->132M(384M) 1.414ms
[109.673s][info][gc,cpu         ] GC(326) User=0.00s Sys=0.00s Real=0.00s
[109.673s][info][gc,marking     ] GC(326) Concurrent Mark 15.325ms
[109.673s][info][gc,marking     ] GC(326) Concurrent Rebuild Remembered Sets and Scrub Regions
[109.677s][info][gc,marking     ] GC(326) Concurrent Rebuild Remembered Sets and Scrub Regions 3.527ms
[109.677s][info][gc,start       ] GC(326) Pause Cleanup
[109.677s][info][gc             ] GC(326) Pause Cleanup 172M->172M(384M) 0.205ms
[109.677s][info][gc,cpu         ] GC(326) User=0.00s Sys=0.00s Real=0.00s
[109.677s][info][gc,marking     ] GC(326) Concurrent Clear Claimed Marks
[109.677s][info][gc,marking     ] GC(326) Concurrent Clear Claimed Marks 0.060ms
[109.677s][info][gc,marking     ] GC(326) Concurrent Cleanup for Next Mark
[109.679s][info][gc,marking     ] GC(326) Concurrent Cleanup for Next Mark 1.163ms
[109.679s][info][gc             ] GC(326) Concurrent Mark Cycle 21.071ms
[110.682s][info][gc,start       ] GC(327) Pause Full (System.gc())
[110.683s][info][gc,task        ] GC(327) Using 8 workers of 8 for full compaction
[110.683s][info][gc,phases,start] GC(327) Phase 1: Mark live objects
[110.687s][info][gc,phases      ] GC(327) Phase 1: Mark live objects 4.262ms
[110.688s][info][gc,phases,start] GC(327) Phase 2: Prepare compaction
[110.688s][info][gc,phases      ] GC(327) Phase 2: Prepare compaction 0.554ms
[110.688s][info][gc,phases,start] GC(327) Phase 3: Adjust pointers
[110.691s][info][gc,phases      ] GC(327) Phase 3: Adjust pointers 2.789ms
[110.691s][info][gc,phases,start] GC(327) Phase 4: Compact heap
[110.691s][info][gc,phases      ] GC(327) Phase 4: Compact heap 0.463ms
[110.692s][info][gc,phases,start] GC(327) Phase 5: Reset Metadata
[110.693s][info][gc,phases      ] GC(327) Phase 5: Reset Metadata 0.968ms
[110.695s][info][gc,heap        ] GC(327) Eden regions: 1->0(54)
[110.695s][info][gc,heap        ] GC(327) Survivor regions: 0->0(7)
[110.695s][info][gc,heap        ] GC(327) Old regions: 10->10
[110.695s][info][gc,heap        ] GC(327) Humongous regions: 100->100
[110.695s][info][gc,metaspace   ] GC(327) Metaspace: 17837K(18304K)->17837K(18304K) NonClass: 15862K(16128K)->15862K(16128K) Class: 1975K(2176K)->1975K(2176K)
[110.695s][info][gc             ] GC(327) Pause Full (System.gc()) 208M->206M(384M) 13.020ms
[110.695s][info][gc,cpu         ] GC(327) User=0.11s Sys=0.00s Real=0.01s
[110.695s][info][gc,start       ] GC(328) Pause Young (Concurrent Start) (G1 Humongous Allocation)
[110.695s][info][gc,task        ] GC(328) Using 8 workers of 8 for evacuation
[110.696s][info][gc,phases      ] GC(328)   Pre Evacuate Collection Set: 0.1ms
[110.696s][info][gc,phases      ] GC(328)   Merge Heap Roots: 0.0ms
[110.696s][info][gc,phases      ] GC(328)   Evacuate Collection Set: 0.4ms
[110.696s][info][gc,phases      ] GC(328)   Post Evacuate Collection Set: 0.2ms
[110.696s][info][gc,phases      ] GC(328)   Other: 0.1ms
[110.696s][info][gc,heap        ] GC(328) Eden regions: 0->0(54)
[110.696s][info][gc,heap        ] GC(328) Survivor regions: 0->0(7)
[110.696s][info][gc,heap        ] GC(328) Old regions: 10->10
[110.696s][info][gc,heap        ] GC(328) Humongous regions: 100->100
[110.696s][info][gc,metaspace   ] GC(328) Metaspace: 17837K(18304K)->17837K(18304K) NonClass: 15862K(16128K)->15862K(16128K) Class: 1975K(2176K)->1975K(2176K)
[110.696s][info][gc             ] GC(328) Pause Young (Concurrent Start) (G1 Humongous Allocation) 206M->206M(384M) 1.009ms
[110.696s][info][gc,cpu         ] GC(328) User=0.00s Sys=0.00s Real=0.00s
[110.696s][info][gc             ] GC(329) Concurrent Mark Cycle
[110.696s][info][gc,marking     ] GC(329) Concurrent Scan Root Regions
[110.696s][info][gc,marking     ] GC(329) Concurrent Scan Root Regions 0.018ms
[110.696s][info][gc,marking     ] GC(329) Concurrent Mark
[110.696s][info][gc,marking     ] GC(329) Concurrent Mark From Roots
[110.696s][info][gc,task        ] GC(329) Using 2 workers of 2 for marking
[110.710s][info][gc,marking     ] GC(329) Concurrent Mark From Roots 13.844ms
[110.710s][info][gc,marking     ] GC(329) Concurrent Preclean
[110.711s][info][gc,marking     ] GC(329) Concurrent Preclean 0.156ms
[110.711s][info][gc,start       ] GC(329) Pause Remark
[110.712s][info][gc             ] GC(329) Pause Remark 362M->162M(384M) 1.101ms
[110.712s][info][gc,cpu         ] GC(329) User=0.00s Sys=0.00s Real=0.00s
[110.712s][info][gc,marking     ] GC(329) Concurrent Mark 15.521ms
[110.712s][info][gc,marking     ] GC(329) Concurrent Rebuild Remembered Sets and Scrub Regions
[110.715s][info][gc,marking     ] GC(329) Concurrent Rebuild Remembered Sets and Scrub Regions 3.510ms
[110.716s][info][gc,start       ] GC(329) Pause Cleanup
[110.716s][info][gc             ] GC(329) Pause Cleanup 207M->207M(384M) 0.108ms
[110.716s][info][gc,cpu         ] GC(329) User=0.00s Sys=0.00s Real=0.00s
[110.716s][info][gc,marking     ] GC(329) Concurrent Clear Claimed Marks
[110.716s][info][gc,marking     ] GC(329) Concurrent Clear Claimed Marks 0.054ms
[110.716s][info][gc,marking     ] GC(329) Concurrent Cleanup for Next Mark
[110.716s][info][gc,marking     ] GC(329) Concurrent Cleanup for Next Mark 0.413ms
[110.716s][info][gc             ] GC(329) Concurrent Mark Cycle 19.952ms
[111.716s][info][gc,start       ] GC(330) Pause Full (System.gc())
[111.716s][info][gc,task        ] GC(330) Using 8 workers of 8 for full compaction
[111.716s][info][gc,phases,start] GC(330) Phase 1: Mark live objects
[111.720s][info][gc,phases      ] GC(330) Phase 1: Mark live objects 3.207ms
[111.720s][info][gc,phases,start] GC(330) Phase 2: Prepare compaction
[111.720s][info][gc,phases      ] GC(330) Phase 2: Prepare compaction 0.441ms
[111.720s][info][gc,phases,start] GC(330) Phase 3: Adjust pointers
[111.722s][info][gc,phases      ] GC(330) Phase 3: Adjust pointers 2.232ms
[111.722s][info][gc,phases,start] GC(330) Phase 4: Compact heap
[111.723s][info][gc,phases      ] GC(330) Phase 4: Compact heap 0.304ms
[111.723s][info][gc,phases,start] GC(330) Phase 5: Reset Metadata
[111.723s][info][gc,phases      ] GC(330) Phase 5: Reset Metadata 0.522ms
[111.726s][info][gc,heap        ] GC(330) Eden regions: 1->0(54)
[111.726s][info][gc,heap        ] GC(330) Survivor regions: 0->0(7)
[111.726s][info][gc,heap        ] GC(330) Old regions: 10->10
[111.726s][info][gc,heap        ] GC(330) Humongous regions: 100->100
[111.726s][info][gc,metaspace   ] GC(330) Metaspace: 17837K(18304K)->17837K(18304K) NonClass: 15862K(16128K)->15862K(16128K) Class: 1975K(2176K)->1975K(2176K)
[111.726s][info][gc             ] GC(330) Pause Full (System.gc()) 208M->206M(384M) 9.835ms
[111.726s][info][gc,cpu         ] GC(330) User=0.00s Sys=0.00s Real=0.01s
[111.726s][info][gc,start       ] GC(331) Pause Young (Concurrent Start) (G1 Humongous Allocation)
[111.726s][info][gc,task        ] GC(331) Using 8 workers of 8 for evacuation
[111.727s][info][gc,phases      ] GC(331)   Pre Evacuate Collection Set: 0.1ms
[111.727s][info][gc,phases      ] GC(331)   Merge Heap Roots: 0.0ms
[111.727s][info][gc,phases      ] GC(331)   Evacuate Collection Set: 0.3ms
[111.727s][info][gc,phases      ] GC(331)   Post Evacuate Collection Set: 0.1ms
[111.727s][info][gc,phases      ] GC(331)   Other: 0.1ms
[111.727s][info][gc,heap        ] GC(331) Eden regions: 0->0(54)
[111.727s][info][gc,heap        ] GC(331) Survivor regions: 0->0(7)
[111.727s][info][gc,heap        ] GC(331) Old regions: 10->10
[111.727s][info][gc,heap        ] GC(331) Humongous regions: 100->100
[111.727s][info][gc,metaspace   ] GC(331) Metaspace: 17837K(18304K)->17837K(18304K) NonClass: 15862K(16128K)->15862K(16128K) Class: 1975K(2176K)->1975K(2176K)
[111.727s][info][gc             ] GC(331) Pause Young (Concurrent Start) (G1 Humongous Allocation) 206M->206M(384M) 0.899ms
[111.727s][info][gc,cpu         ] GC(331) User=0.00s Sys=0.00s Real=0.00s
[111.727s][info][gc             ] GC(332) Concurrent Mark Cycle
[111.727s][info][gc,marking     ] GC(332) Concurrent Scan Root Regions
[111.727s][info][gc,marking     ] GC(332) Concurrent Scan Root Regions 0.018ms
[111.727s][info][gc,marking     ] GC(332) Concurrent Mark
[111.727s][info][gc,marking     ] GC(332) Concurrent Mark From Roots
[111.727s][info][gc,task        ] GC(332) Using 2 workers of 2 for marking
[111.735s][info][gc,marking     ] GC(332) Concurrent Mark From Roots 8.038ms
[111.735s][info][gc,marking     ] GC(332) Concurrent Preclean
[111.735s][info][gc,marking     ] GC(332) Concurrent Preclean 0.185ms
[111.735s][info][gc,start       ] GC(332) Pause Remark
[111.737s][info][gc             ] GC(332) Pause Remark 334M->134M(384M) 1.050ms
[111.737s][info][gc,cpu         ] GC(332) User=0.00s Sys=0.00s Real=0.00s
[111.737s][info][gc,marking     ] GC(332) Concurrent Mark 9.661ms
[111.737s][info][gc,marking     ] GC(332) Concurrent Rebuild Remembered Sets and Scrub Regions
[111.740s][info][gc,marking     ] GC(332) Concurrent Rebuild Remembered Sets and Scrub Regions 3.234ms
[111.740s][info][gc,start       ] GC(332) Pause Cleanup
[111.741s][info][gc             ] GC(332) Pause Cleanup 182M->182M(384M) 0.615ms
[111.741s][info][gc,cpu         ] GC(332) User=0.00s Sys=0.00s Real=0.00s
[111.741s][info][gc,marking     ] GC(332) Concurrent Clear Claimed Marks
[111.741s][info][gc,marking     ] GC(332) Concurrent Clear Claimed Marks 0.074ms
[111.741s][info][gc,marking     ] GC(332) Concurrent Cleanup for Next Mark
[111.742s][info][gc,marking     ] GC(332) Concurrent Cleanup for Next Mark 1.134ms
[111.743s][info][gc             ] GC(332) Concurrent Mark Cycle 15.694ms
[112.746s][info][gc,start       ] GC(333) Pause Full (System.gc())
[112.746s][info][gc,task        ] GC(333) Using 8 workers of 8 for full compaction
[112.746s][info][gc,phases,start] GC(333) Phase 1: Mark live objects
[112.750s][info][gc,phases      ] GC(333) Phase 1: Mark live objects 3.617ms
[112.750s][info][gc,phases,start] GC(333) Phase 2: Prepare compaction
[112.750s][info][gc,phases      ] GC(333) Phase 2: Prepare compaction 0.357ms
[112.750s][info][gc,phases,start] GC(333) Phase 3: Adjust pointers
[112.752s][info][gc,phases      ] GC(333) Phase 3: Adjust pointers 1.925ms
[112.752s][info][gc,phases,start] GC(333) Phase 4: Compact heap
[112.753s][info][gc,phases      ] GC(333) Phase 4: Compact heap 0.360ms
[112.753s][info][gc,phases,start] GC(333) Phase 5: Reset Metadata
[112.753s][info][gc,phases      ] GC(333) Phase 5: Reset Metadata 0.597ms
[112.755s][info][gc,heap        ] GC(333) Eden regions: 1->0(54)
[112.756s][info][gc,heap        ] GC(333) Survivor regions: 0->0(7)
[112.756s][info][gc,heap        ] GC(333) Old regions: 10->10
[112.756s][info][gc,heap        ] GC(333) Humongous regions: 100->100
[112.756s][info][gc,metaspace   ] GC(333) Metaspace: 17837K(18304K)->17837K(18304K) NonClass: 15862K(16128K)->15862K(16128K) Class: 1975K(2176K)->1975K(2176K)
[112.756s][info][gc             ] GC(333) Pause Full (System.gc()) 208M->206M(384M) 10.028ms
[112.756s][info][gc,cpu         ] GC(333) User=0.02s Sys=0.00s Real=0.01s
[112.756s][info][gc,start       ] GC(334) Pause Young (Concurrent Start) (G1 Humongous Allocation)
[112.756s][info][gc,task        ] GC(334) Using 8 workers of 8 for evacuation
[112.757s][info][gc,phases      ] GC(334)   Pre Evacuate Collection Set: 0.1ms
[112.757s][info][gc,phases      ] GC(334)   Merge Heap Roots: 0.0ms
[112.757s][info][gc,phases      ] GC(334)   Evacuate Collection Set: 0.3ms
[112.757s][info][gc,phases      ] GC(334)   Post Evacuate Collection Set: 0.2ms
[112.757s][info][gc,phases      ] GC(334)   Other: 0.1ms
[112.757s][info][gc,heap        ] GC(334) Eden regions: 0->0(54)
[112.757s][info][gc,heap        ] GC(334) Survivor regions: 0->0(7)
[112.757s][info][gc,heap        ] GC(334) Old regions: 10->10
[112.757s][info][gc,heap        ] GC(334) Humongous regions: 100->100
[112.757s][info][gc,metaspace   ] GC(334) Metaspace: 17837K(18304K)->17837K(18304K) NonClass: 15862K(16128K)->15862K(16128K) Class: 1975K(2176K)->1975K(2176K)
[112.757s][info][gc             ] GC(334) Pause Young (Concurrent Start) (G1 Humongous Allocation) 206M->206M(384M) 0.965ms
[112.757s][info][gc,cpu         ] GC(334) User=0.00s Sys=0.00s Real=0.00s
[112.757s][info][gc             ] GC(335) Concurrent Mark Cycle
[112.757s][info][gc,marking     ] GC(335) Concurrent Scan Root Regions
[112.757s][info][gc,marking     ] GC(335) Concurrent Scan Root Regions 0.026ms
[112.757s][info][gc,marking     ] GC(335) Concurrent Mark
[112.757s][info][gc,marking     ] GC(335) Concurrent Mark From Roots
[112.757s][info][gc,task        ] GC(335) Using 2 workers of 2 for marking
[112.768s][info][gc,marking     ] GC(335) Concurrent Mark From Roots 11.367ms
[112.768s][info][gc,marking     ] GC(335) Concurrent Preclean
[112.769s][info][gc,marking     ] GC(335) Concurrent Preclean 0.232ms
[112.769s][info][gc,start       ] GC(335) Pause Remark
[112.770s][info][gc             ] GC(335) Pause Remark 348M->148M(384M) 1.389ms
[112.770s][info][gc,cpu         ] GC(335) User=0.00s Sys=0.00s Real=0.00s
[112.770s][info][gc,marking     ] GC(335) Concurrent Mark 13.482ms
[112.770s][info][gc,marking     ] GC(335) Concurrent Rebuild Remembered Sets and Scrub Regions
[112.773s][info][gc,marking     ] GC(335) Concurrent Rebuild Remembered Sets and Scrub Regions 2.733ms
[112.773s][info][gc,start       ] GC(335) Pause Cleanup
[112.774s][info][gc             ] GC(335) Pause Cleanup 192M->192M(384M) 0.145ms
[112.774s][info][gc,cpu         ] GC(335) User=0.00s Sys=0.00s Real=0.00s
[112.774s][info][gc,marking     ] GC(335) Concurrent Clear Claimed Marks
[112.774s][info][gc,marking     ] GC(335) Concurrent Clear Claimed Marks 0.083ms
[112.774s][info][gc,marking     ] GC(335) Concurrent Cleanup for Next Mark
[112.775s][info][gc,marking     ] GC(335) Concurrent Cleanup for Next Mark 0.822ms
[112.775s][info][gc             ] GC(335) Concurrent Mark Cycle 17.940ms
[113.776s][info][gc,start       ] GC(336) Pause Full (System.gc())
[113.776s][info][gc,task        ] GC(336) Using 8 workers of 8 for full compaction
[113.776s][info][gc,phases,start] GC(336) Phase 1: Mark live objects
[113.780s][info][gc,phases      ] GC(336) Phase 1: Mark live objects 3.664ms
[113.780s][info][gc,phases,start] GC(336) Phase 2: Prepare compaction
[113.781s][info][gc,phases      ] GC(336) Phase 2: Prepare compaction 0.376ms
[113.781s][info][gc,phases,start] GC(336) Phase 3: Adjust pointers
[113.784s][info][gc,phases      ] GC(336) Phase 3: Adjust pointers 3.148ms
[113.784s][info][gc,phases,start] GC(336) Phase 4: Compact heap
[113.784s][info][gc,phases      ] GC(336) Phase 4: Compact heap 0.306ms
[113.784s][info][gc,phases,start] GC(336) Phase 5: Reset Metadata
[113.785s][info][gc,phases      ] GC(336) Phase 5: Reset Metadata 0.673ms
[113.788s][info][gc,heap        ] GC(336) Eden regions: 1->0(54)
[113.788s][info][gc,heap        ] GC(336) Survivor regions: 0->0(7)
[113.788s][info][gc,heap        ] GC(336) Old regions: 10->10
[113.788s][info][gc,heap        ] GC(336) Humongous regions: 100->100
[113.788s][info][gc,metaspace   ] GC(336) Metaspace: 17839K(18304K)->17839K(18304K) NonClass: 15863K(16128K)->15863K(16128K) Class: 1975K(2176K)->1975K(2176K)
[113.788s][info][gc             ] GC(336) Pause Full (System.gc()) 208M->206M(384M) 11.940ms
[113.788s][info][gc,cpu         ] GC(336) User=0.12s Sys=0.00s Real=0.01s
[113.788s][info][gc,start       ] GC(337) Pause Young (Concurrent Start) (G1 Humongous Allocation)
[113.788s][info][gc,task        ] GC(337) Using 8 workers of 8 for evacuation
[113.789s][info][gc,phases      ] GC(337)   Pre Evacuate Collection Set: 0.1ms
[113.789s][info][gc,phases      ] GC(337)   Merge Heap Roots: 0.0ms
[113.789s][info][gc,phases      ] GC(337)   Evacuate Collection Set: 0.4ms
[113.789s][info][gc,phases      ] GC(337)   Post Evacuate Collection Set: 0.2ms
[113.789s][info][gc,phases      ] GC(337)   Other: 0.1ms
[113.789s][info][gc,heap        ] GC(337) Eden regions: 0->0(54)
[113.789s][info][gc,heap        ] GC(337) Survivor regions: 0->0(7)
[113.789s][info][gc,heap        ] GC(337) Old regions: 10->10
[113.789s][info][gc,heap        ] GC(337) Humongous regions: 100->100
[113.789s][info][gc,metaspace   ] GC(337) Metaspace: 17839K(18304K)->17839K(18304K) NonClass: 15863K(16128K)->15863K(16128K) Class: 1975K(2176K)->1975K(2176K)
[113.789s][info][gc             ] GC(337) Pause Young (Concurrent Start) (G1 Humongous Allocation) 206M->206M(384M) 1.046ms
[113.789s][info][gc,cpu         ] GC(337) User=0.00s Sys=0.00s Real=0.00s
[113.789s][info][gc             ] GC(338) Concurrent Mark Cycle
[113.789s][info][gc,marking     ] GC(338) Concurrent Scan Root Regions
[113.789s][info][gc,marking     ] GC(338) Concurrent Scan Root Regions 0.018ms
[113.789s][info][gc,marking     ] GC(338) Concurrent Mark
[113.789s][info][gc,marking     ] GC(338) Concurrent Mark From Roots
[113.789s][info][gc,task        ] GC(338) Using 2 workers of 2 for marking
[113.799s][info][gc,marking     ] GC(338) Concurrent Mark From Roots 9.654ms
[113.799s][info][gc,marking     ] GC(338) Concurrent Preclean
[113.799s][info][gc,marking     ] GC(338) Concurrent Preclean 0.184ms
[113.799s][info][gc,start       ] GC(338) Pause Remark
[113.801s][info][gc             ] GC(338) Pause Remark 354M->154M(384M) 1.148ms
[113.801s][info][gc,cpu         ] GC(338) User=0.00s Sys=0.00s Real=0.00s
[113.801s][info][gc,marking     ] GC(338) Concurrent Mark 11.374ms
[113.801s][info][gc,marking     ] GC(338) Concurrent Rebuild Remembered Sets and Scrub Regions
[113.805s][info][gc,marking     ] GC(338) Concurrent Rebuild Remembered Sets and Scrub Regions 3.740ms
[113.805s][info][gc,start       ] GC(338) Pause Cleanup
[113.805s][info][gc             ] GC(338) Pause Cleanup 204M->204M(384M) 0.197ms
[113.805s][info][gc,cpu         ] GC(338) User=0.00s Sys=0.00s Real=0.00s
[113.805s][info][gc,marking     ] GC(338) Concurrent Clear Claimed Marks
[113.805s][info][gc,marking     ] GC(338) Concurrent Clear Claimed Marks 0.082ms
[113.805s][info][gc,marking     ] GC(338) Concurrent Cleanup for Next Mark
[113.806s][info][gc,marking     ] GC(338) Concurrent Cleanup for Next Mark 0.943ms
[113.806s][info][gc             ] GC(338) Concurrent Mark Cycle 17.059ms
[114.807s][info][gc,start       ] GC(339) Pause Full (System.gc())
[114.807s][info][gc,task        ] GC(339) Using 8 workers of 8 for full compaction
[114.808s][info][gc,phases,start] GC(339) Phase 1: Mark live objects
[114.811s][info][gc,phases      ] GC(339) Phase 1: Mark live objects 3.654ms
[114.811s][info][gc,phases,start] GC(339) Phase 2: Prepare compaction
[114.812s][info][gc,phases      ] GC(339) Phase 2: Prepare compaction 0.549ms
[114.812s][info][gc,phases,start] GC(339) Phase 3: Adjust pointers
[114.814s][info][gc,phases      ] GC(339) Phase 3: Adjust pointers 2.391ms
[114.815s][info][gc,phases,start] GC(339) Phase 4: Compact heap
[114.815s][info][gc,phases      ] GC(339) Phase 4: Compact heap 0.377ms
[114.815s][info][gc,phases,start] GC(339) Phase 5: Reset Metadata
[114.816s][info][gc,phases      ] GC(339) Phase 5: Reset Metadata 0.601ms
[114.819s][info][gc,heap        ] GC(339) Eden regions: 1->0(54)
[114.819s][info][gc,heap        ] GC(339) Survivor regions: 0->0(7)
[114.819s][info][gc,heap        ] GC(339) Old regions: 10->10
[114.819s][info][gc,heap        ] GC(339) Humongous regions: 100->100
[114.819s][info][gc,metaspace   ] GC(339) Metaspace: 17839K(18304K)->17839K(18304K) NonClass: 15863K(16128K)->15863K(16128K) Class: 1975K(2176K)->1975K(2176K)
[114.819s][info][gc             ] GC(339) Pause Full (System.gc()) 208M->206M(384M) 12.055ms
[114.819s][info][gc,cpu         ] GC(339) User=0.08s Sys=0.05s Real=0.01s
[114.819s][info][gc,start       ] GC(340) Pause Young (Concurrent Start) (G1 Humongous Allocation)
[114.819s][info][gc,task        ] GC(340) Using 8 workers of 8 for evacuation
[114.820s][info][gc,phases      ] GC(340)   Pre Evacuate Collection Set: 0.1ms
[114.820s][info][gc,phases      ] GC(340)   Merge Heap Roots: 0.0ms
[114.820s][info][gc,phases      ] GC(340)   Evacuate Collection Set: 0.4ms
[114.820s][info][gc,phases      ] GC(340)   Post Evacuate Collection Set: 0.2ms
[114.820s][info][gc,phases      ] GC(340)   Other: 0.1ms
[114.820s][info][gc,heap        ] GC(340) Eden regions: 0->0(54)
[114.820s][info][gc,heap        ] GC(340) Survivor regions: 0->0(7)
[114.820s][info][gc,heap        ] GC(340) Old regions: 10->10
[114.820s][info][gc,heap        ] GC(340) Humongous regions: 100->100
[114.820s][info][gc,metaspace   ] GC(340) Metaspace: 17839K(18304K)->17839K(18304K) NonClass: 15863K(16128K)->15863K(16128K) Class: 1975K(2176K)->1975K(2176K)
[114.820s][info][gc             ] GC(340) Pause Young (Concurrent Start) (G1 Humongous Allocation) 206M->206M(384M) 1.096ms
[114.820s][info][gc,cpu         ] GC(340) User=0.00s Sys=0.00s Real=0.00s
[114.820s][info][gc             ] GC(341) Concurrent Mark Cycle
[114.820s][info][gc,marking     ] GC(341) Concurrent Scan Root Regions
[114.820s][info][gc,marking     ] GC(341) Concurrent Scan Root Regions 0.022ms
[114.820s][info][gc,marking     ] GC(341) Concurrent Mark
[114.820s][info][gc,marking     ] GC(341) Concurrent Mark From Roots
[114.820s][info][gc,task        ] GC(341) Using 2 workers of 2 for marking
[114.832s][info][gc,marking     ] GC(341) Concurrent Mark From Roots 12.061ms
[114.832s][info][gc,marking     ] GC(341) Concurrent Preclean
[114.832s][info][gc,marking     ] GC(341) Concurrent Preclean 0.191ms
[114.833s][info][gc,start       ] GC(341) Pause Remark
[114.834s][info][gc             ] GC(341) Pause Remark 366M->166M(384M) 1.340ms
[114.834s][info][gc,cpu         ] GC(341) User=0.00s Sys=0.00s Real=0.00s
[114.834s][info][gc,marking     ] GC(341) Concurrent Mark 14.036ms
[114.834s][info][gc,marking     ] GC(341) Concurrent Rebuild Remembered Sets and Scrub Regions
[114.837s][info][gc,marking     ] GC(341) Concurrent Rebuild Remembered Sets and Scrub Regions 2.967ms
[114.837s][info][gc,start       ] GC(341) Pause Cleanup
[114.837s][info][gc             ] GC(341) Pause Cleanup 207M->207M(384M) 0.193ms
[114.837s][info][gc,cpu         ] GC(341) User=0.00s Sys=0.00s Real=0.00s
[114.838s][info][gc,marking     ] GC(341) Concurrent Clear Claimed Marks
[114.838s][info][gc,marking     ] GC(341) Concurrent Clear Claimed Marks 0.060ms
[114.838s][info][gc,marking     ] GC(341) Concurrent Cleanup for Next Mark
[114.838s][info][gc,marking     ] GC(341) Concurrent Cleanup for Next Mark 0.508ms
[114.838s][info][gc             ] GC(341) Concurrent Mark Cycle 18.239ms
[115.839s][info][gc,start       ] GC(342) Pause Full (System.gc())
[115.839s][info][gc,task        ] GC(342) Using 8 workers of 8 for full compaction
[115.840s][info][gc,phases,start] GC(342) Phase 1: Mark live objects
[115.843s][info][gc,phases      ] GC(342) Phase 1: Mark live objects 3.235ms
[115.843s][info][gc,phases,start] GC(342) Phase 2: Prepare compaction
[115.843s][info][gc,phases      ] GC(342) Phase 2: Prepare compaction 0.362ms
[115.843s][info][gc,phases,start] GC(342) Phase 3: Adjust pointers
[115.846s][info][gc,phases      ] GC(342) Phase 3: Adjust pointers 2.734ms
[115.846s][info][gc,phases,start] GC(342) Phase 4: Compact heap
[115.846s][info][gc,phases      ] GC(342) Phase 4: Compact heap 0.308ms
[115.846s][info][gc,phases,start] GC(342) Phase 5: Reset Metadata
[115.847s][info][gc,phases      ] GC(342) Phase 5: Reset Metadata 0.570ms
[115.849s][info][gc,heap        ] GC(342) Eden regions: 1->0(54)
[115.849s][info][gc,heap        ] GC(342) Survivor regions: 0->0(7)
[115.849s][info][gc,heap        ] GC(342) Old regions: 10->10
[115.849s][info][gc,heap        ] GC(342) Humongous regions: 100->100
[115.849s][info][gc,metaspace   ] GC(342) Metaspace: 17839K(18304K)->17839K(18304K) NonClass: 15863K(16128K)->15863K(16128K) Class: 1975K(2176K)->1975K(2176K)
[115.849s][info][gc             ] GC(342) Pause Full (System.gc()) 208M->206M(384M) 10.859ms
[115.849s][info][gc,cpu         ] GC(342) User=0.09s Sys=0.03s Real=0.01s
[115.850s][info][gc,start       ] GC(343) Pause Young (Concurrent Start) (G1 Humongous Allocation)
[115.850s][info][gc,task        ] GC(343) Using 8 workers of 8 for evacuation
[115.850s][info][gc,phases      ] GC(343)   Pre Evacuate Collection Set: 0.1ms
[115.850s][info][gc,phases      ] GC(343)   Merge Heap Roots: 0.0ms
[115.850s][info][gc,phases      ] GC(343)   Evacuate Collection Set: 0.3ms
[115.850s][info][gc,phases      ] GC(343)   Post Evacuate Collection Set: 0.2ms
[115.850s][info][gc,phases      ] GC(343)   Other: 0.1ms
[115.850s][info][gc,heap        ] GC(343) Eden regions: 0->0(54)
[115.850s][info][gc,heap        ] GC(343) Survivor regions: 0->0(7)
[115.850s][info][gc,heap        ] GC(343) Old regions: 10->10
[115.850s][info][gc,heap        ] GC(343) Humongous regions: 100->100
[115.850s][info][gc,metaspace   ] GC(343) Metaspace: 17839K(18304K)->17839K(18304K) NonClass: 15863K(16128K)->15863K(16128K) Class: 1975K(2176K)->1975K(2176K)
[115.850s][info][gc             ] GC(343) Pause Young (Concurrent Start) (G1 Humongous Allocation) 206M->206M(384M) 0.953ms
[115.851s][info][gc,cpu         ] GC(343) User=0.00s Sys=0.00s Real=0.00s
[115.851s][info][gc             ] GC(344) Concurrent Mark Cycle
[115.851s][info][gc,marking     ] GC(344) Concurrent Scan Root Regions
[115.851s][info][gc,marking     ] GC(344) Concurrent Scan Root Regions 0.015ms
[115.851s][info][gc,marking     ] GC(344) Concurrent Mark
[115.851s][info][gc,marking     ] GC(344) Concurrent Mark From Roots
[115.851s][info][gc,task        ] GC(344) Using 2 workers of 2 for marking
[115.858s][info][gc,marking     ] GC(344) Concurrent Mark From Roots 7.703ms
[115.858s][info][gc,marking     ] GC(344) Concurrent Preclean
[115.859s][info][gc,marking     ] GC(344) Concurrent Preclean 0.155ms
[115.859s][info][gc,start       ] GC(344) Pause Remark
[115.860s][info][gc             ] GC(344) Pause Remark 328M->128M(384M) 0.992ms
[115.860s][info][gc,cpu         ] GC(344) User=0.00s Sys=0.00s Real=0.00s
[115.860s][info][gc,marking     ] GC(344) Concurrent Mark 9.256ms
[115.860s][info][gc,marking     ] GC(344) Concurrent Rebuild Remembered Sets and Scrub Regions
[115.863s][info][gc,marking     ] GC(344) Concurrent Rebuild Remembered Sets and Scrub Regions 2.983ms
[115.863s][info][gc,start       ] GC(344) Pause Cleanup
[115.863s][info][gc             ] GC(344) Pause Cleanup 176M->176M(384M) 0.120ms
[115.863s][info][gc,cpu         ] GC(344) User=0.00s Sys=0.00s Real=0.00s
[115.863s][info][gc,marking     ] GC(344) Concurrent Clear Claimed Marks
[115.863s][info][gc,marking     ] GC(344) Concurrent Clear Claimed Marks 0.081ms
[115.863s][info][gc,marking     ] GC(344) Concurrent Cleanup for Next Mark
[115.864s][info][gc,marking     ] GC(344) Concurrent Cleanup for Next Mark 0.880ms
[115.864s][info][gc             ] GC(344) Concurrent Mark Cycle 13.947ms
[116.868s][info][gc,start       ] GC(345) Pause Full (System.gc())
[116.868s][info][gc,task        ] GC(345) Using 8 workers of 8 for full compaction
[116.868s][info][gc,phases,start] GC(345) Phase 1: Mark live objects
[116.872s][info][gc,phases      ] GC(345) Phase 1: Mark live objects 3.758ms
[116.872s][info][gc,phases,start] GC(345) Phase 2: Prepare compaction
[116.872s][info][gc,phases      ] GC(345) Phase 2: Prepare compaction 0.492ms
[116.872s][info][gc,phases,start] GC(345) Phase 3: Adjust pointers
[116.875s][info][gc,phases      ] GC(345) Phase 3: Adjust pointers 2.915ms
[116.875s][info][gc,phases,start] GC(345) Phase 4: Compact heap
[116.876s][info][gc,phases      ] GC(345) Phase 4: Compact heap 0.422ms
[116.876s][info][gc,phases,start] GC(345) Phase 5: Reset Metadata
[116.877s][info][gc,phases      ] GC(345) Phase 5: Reset Metadata 0.679ms
[116.879s][info][gc,heap        ] GC(345) Eden regions: 2->0(54)
[116.879s][info][gc,heap        ] GC(345) Survivor regions: 0->0(7)
[116.879s][info][gc,heap        ] GC(345) Old regions: 10->10
[116.879s][info][gc,heap        ] GC(345) Humongous regions: 100->100
[116.879s][info][gc,metaspace   ] GC(345) Metaspace: 17842K(18304K)->17842K(18304K) NonClass: 15866K(16128K)->15866K(16128K) Class: 1975K(2176K)->1975K(2176K)
[116.879s][info][gc             ] GC(345) Pause Full (System.gc()) 209M->206M(384M) 11.327ms
[116.879s][info][gc,cpu         ] GC(345) User=0.08s Sys=0.03s Real=0.01s
[116.879s][info][gc,start       ] GC(346) Pause Young (Concurrent Start) (G1 Humongous Allocation)
[116.879s][info][gc,task        ] GC(346) Using 8 workers of 8 for evacuation
[116.880s][info][gc,phases      ] GC(346)   Pre Evacuate Collection Set: 0.1ms
[116.880s][info][gc,phases      ] GC(346)   Merge Heap Roots: 0.0ms
[116.880s][info][gc,phases      ] GC(346)   Evacuate Collection Set: 0.5ms
[116.880s][info][gc,phases      ] GC(346)   Post Evacuate Collection Set: 0.2ms
[116.880s][info][gc,phases      ] GC(346)   Other: 0.1ms
[116.880s][info][gc,heap        ] GC(346) Eden regions: 0->0(54)
[116.880s][info][gc,heap        ] GC(346) Survivor regions: 0->0(7)
[116.880s][info][gc,heap        ] GC(346) Old regions: 10->10
[116.880s][info][gc,heap        ] GC(346) Humongous regions: 100->100
[116.880s][info][gc,metaspace   ] GC(346) Metaspace: 17842K(18304K)->17842K(18304K) NonClass: 15866K(16128K)->15866K(16128K) Class: 1975K(2176K)->1975K(2176K)
[116.880s][info][gc             ] GC(346) Pause Young (Concurrent Start) (G1 Humongous Allocation) 206M->206M(384M) 1.336ms
[116.880s][info][gc,cpu         ] GC(346) User=0.00s Sys=0.00s Real=0.00s
[116.880s][info][gc             ] GC(347) Concurrent Mark Cycle
[116.881s][info][gc,marking     ] GC(347) Concurrent Scan Root Regions
[116.881s][info][gc,marking     ] GC(347) Concurrent Scan Root Regions 0.018ms
[116.881s][info][gc,marking     ] GC(347) Concurrent Mark
[116.881s][info][gc,marking     ] GC(347) Concurrent Mark From Roots
[116.881s][info][gc,task        ] GC(347) Using 2 workers of 2 for marking
[116.890s][info][gc,marking     ] GC(347) Concurrent Mark From Roots 9.661ms
[116.890s][info][gc,marking     ] GC(347) Concurrent Preclean
[116.891s][info][gc,marking     ] GC(347) Concurrent Preclean 0.213ms
[116.891s][info][gc,start       ] GC(347) Pause Remark
[116.892s][info][gc             ] GC(347) Pause Remark 316M->116M(384M) 1.410ms
[116.892s][info][gc,cpu         ] GC(347) User=0.00s Sys=0.00s Real=0.00s
[116.892s][info][gc,marking     ] GC(347) Concurrent Mark 11.737ms
[116.892s][info][gc,marking     ] GC(347) Concurrent Rebuild Remembered Sets and Scrub Regions
[116.897s][info][gc,marking     ] GC(347) Concurrent Rebuild Remembered Sets and Scrub Regions 4.144ms
[116.897s][info][gc,start       ] GC(347) Pause Cleanup
[116.898s][info][gc             ] GC(347) Pause Cleanup 170M->170M(384M) 0.611ms
[116.898s][info][gc,cpu         ] GC(347) User=0.00s Sys=0.00s Real=0.00s
[116.898s][info][gc,marking     ] GC(347) Concurrent Clear Claimed Marks
[116.898s][info][gc,marking     ] GC(347) Concurrent Clear Claimed Marks 0.094ms
[116.898s][info][gc,marking     ] GC(347) Concurrent Cleanup for Next Mark
[116.899s][info][gc,marking     ] GC(347) Concurrent Cleanup for Next Mark 1.298ms
[116.899s][info][gc             ] GC(347) Concurrent Mark Cycle 19.012ms
[117.903s][info][gc,start       ] GC(348) Pause Full (System.gc())
[117.903s][info][gc,task        ] GC(348) Using 8 workers of 8 for full compaction
[117.903s][info][gc,phases,start] GC(348) Phase 1: Mark live objects
[117.907s][info][gc,phases      ] GC(348) Phase 1: Mark live objects 3.802ms
[117.907s][info][gc,phases,start] GC(348) Phase 2: Prepare compaction
[117.907s][info][gc,phases      ] GC(348) Phase 2: Prepare compaction 0.458ms
[117.907s][info][gc,phases,start] GC(348) Phase 3: Adjust pointers
[117.910s][info][gc,phases      ] GC(348) Phase 3: Adjust pointers 2.415ms
[117.910s][info][gc,phases,start] GC(348) Phase 4: Compact heap
[117.910s][info][gc,phases      ] GC(348) Phase 4: Compact heap 0.405ms
[117.910s][info][gc,phases,start] GC(348) Phase 5: Reset Metadata
[117.911s][info][gc,phases      ] GC(348) Phase 5: Reset Metadata 0.688ms
[117.914s][info][gc,heap        ] GC(348) Eden regions: 2->0(54)
[117.914s][info][gc,heap        ] GC(348) Survivor regions: 0->0(7)
[117.914s][info][gc,heap        ] GC(348) Old regions: 10->10
[117.914s][info][gc,heap        ] GC(348) Humongous regions: 100->100
[117.914s][info][gc,metaspace   ] GC(348) Metaspace: 17842K(18304K)->17842K(18304K) NonClass: 15866K(16128K)->15866K(16128K) Class: 1975K(2176K)->1975K(2176K)
[117.914s][info][gc             ] GC(348) Pause Full (System.gc()) 209M->206M(384M) 11.611ms
[117.914s][info][gc,cpu         ] GC(348) User=0.00s Sys=0.00s Real=0.01s
[117.914s][info][gc,start       ] GC(349) Pause Young (Concurrent Start) (G1 Humongous Allocation)
[117.915s][info][gc,task        ] GC(349) Using 8 workers of 8 for evacuation
[117.915s][info][gc,phases      ] GC(349)   Pre Evacuate Collection Set: 0.1ms
[117.915s][info][gc,phases      ] GC(349)   Merge Heap Roots: 0.0ms
[117.915s][info][gc,phases      ] GC(349)   Evacuate Collection Set: 0.4ms
[117.915s][info][gc,phases      ] GC(349)   Post Evacuate Collection Set: 0.1ms
[117.915s][info][gc,phases      ] GC(349)   Other: 0.1ms
[117.915s][info][gc,heap        ] GC(349) Eden regions: 0->0(54)
[117.915s][info][gc,heap        ] GC(349) Survivor regions: 0->0(7)
[117.915s][info][gc,heap        ] GC(349) Old regions: 10->10
[117.915s][info][gc,heap        ] GC(349) Humongous regions: 100->100
[117.915s][info][gc,metaspace   ] GC(349) Metaspace: 17842K(18304K)->17842K(18304K) NonClass: 15866K(16128K)->15866K(16128K) Class: 1975K(2176K)->1975K(2176K)
[117.916s][info][gc             ] GC(349) Pause Young (Concurrent Start) (G1 Humongous Allocation) 206M->206M(384M) 1.086ms
[117.916s][info][gc,cpu         ] GC(349) User=0.00s Sys=0.00s Real=0.00s
[117.916s][info][gc             ] GC(350) Concurrent Mark Cycle
[117.916s][info][gc,marking     ] GC(350) Concurrent Scan Root Regions
[117.916s][info][gc,marking     ] GC(350) Concurrent Scan Root Regions 0.043ms
[117.916s][info][gc,marking     ] GC(350) Concurrent Mark
[117.916s][info][gc,marking     ] GC(350) Concurrent Mark From Roots
[117.916s][info][gc,task        ] GC(350) Using 2 workers of 2 for marking
[117.929s][info][gc,marking     ] GC(350) Concurrent Mark From Roots 13.615ms
[117.929s][info][gc,marking     ] GC(350) Concurrent Preclean
[117.930s][info][gc,marking     ] GC(350) Concurrent Preclean 0.213ms
[117.930s][info][gc,start       ] GC(350) Pause Remark
[117.932s][info][gc             ] GC(350) Pause Remark 320M->120M(384M) 2.071ms
[117.932s][info][gc,cpu         ] GC(350) User=0.00s Sys=0.00s Real=0.00s
[117.932s][info][gc,marking     ] GC(350) Concurrent Mark 16.352ms
[117.932s][info][gc,marking     ] GC(350) Concurrent Rebuild Remembered Sets and Scrub Regions
[117.936s][info][gc,marking     ] GC(350) Concurrent Rebuild Remembered Sets and Scrub Regions 4.242ms
[117.937s][info][gc,start       ] GC(350) Pause Cleanup
[117.937s][info][gc             ] GC(350) Pause Cleanup 164M->164M(384M) 0.168ms
[117.937s][info][gc,cpu         ] GC(350) User=0.00s Sys=0.00s Real=0.00s
[117.937s][info][gc,marking     ] GC(350) Concurrent Clear Claimed Marks
[117.937s][info][gc,marking     ] GC(350) Concurrent Clear Claimed Marks 0.105ms
[117.937s][info][gc,marking     ] GC(350) Concurrent Cleanup for Next Mark
[117.938s][info][gc,marking     ] GC(350) Concurrent Cleanup for Next Mark 1.031ms
[117.938s][info][gc             ] GC(350) Concurrent Mark Cycle 22.736ms
[118.943s][info][gc,start       ] GC(351) Pause Full (System.gc())
[118.943s][info][gc,task        ] GC(351) Using 8 workers of 8 for full compaction
[118.943s][info][gc,phases,start] GC(351) Phase 1: Mark live objects
[118.948s][info][gc,phases      ] GC(351) Phase 1: Mark live objects 4.213ms
[118.948s][info][gc,phases,start] GC(351) Phase 2: Prepare compaction
[118.948s][info][gc,phases      ] GC(351) Phase 2: Prepare compaction 0.380ms
[118.948s][info][gc,phases,start] GC(351) Phase 3: Adjust pointers
[118.951s][info][gc,phases      ] GC(351) Phase 3: Adjust pointers 2.618ms
[118.951s][info][gc,phases,start] GC(351) Phase 4: Compact heap
[118.951s][info][gc,phases      ] GC(351) Phase 4: Compact heap 0.382ms
[118.951s][info][gc,phases,start] GC(351) Phase 5: Reset Metadata
[118.952s][info][gc,phases      ] GC(351) Phase 5: Reset Metadata 0.691ms
[118.954s][info][gc,heap        ] GC(351) Eden regions: 1->0(54)
[118.954s][info][gc,heap        ] GC(351) Survivor regions: 0->0(7)
[118.954s][info][gc,heap        ] GC(351) Old regions: 10->10
[118.954s][info][gc,heap        ] GC(351) Humongous regions: 100->100
[118.954s][info][gc,metaspace   ] GC(351) Metaspace: 17842K(18304K)->17842K(18304K) NonClass: 15866K(16128K)->15866K(16128K) Class: 1975K(2176K)->1975K(2176K)
[118.954s][info][gc             ] GC(351) Pause Full (System.gc()) 208M->206M(384M) 11.440ms
[118.954s][info][gc,cpu         ] GC(351) User=0.05s Sys=0.00s Real=0.01s
[118.955s][info][gc,start       ] GC(352) Pause Young (Concurrent Start) (G1 Humongous Allocation)
[118.955s][info][gc,task        ] GC(352) Using 8 workers of 8 for evacuation
[118.955s][info][gc,phases      ] GC(352)   Pre Evacuate Collection Set: 0.1ms
[118.955s][info][gc,phases      ] GC(352)   Merge Heap Roots: 0.0ms
[118.955s][info][gc,phases      ] GC(352)   Evacuate Collection Set: 0.3ms
[118.955s][info][gc,phases      ] GC(352)   Post Evacuate Collection Set: 0.1ms
[118.955s][info][gc,phases      ] GC(352)   Other: 0.1ms
[118.955s][info][gc,heap        ] GC(352) Eden regions: 0->0(54)
[118.955s][info][gc,heap        ] GC(352) Survivor regions: 0->0(7)
[118.955s][info][gc,heap        ] GC(352) Old regions: 10->10
[118.955s][info][gc,heap        ] GC(352) Humongous regions: 100->100
[118.955s][info][gc,metaspace   ] GC(352) Metaspace: 17842K(18304K)->17842K(18304K) NonClass: 15866K(16128K)->15866K(16128K) Class: 1975K(2176K)->1975K(2176K)
[118.955s][info][gc             ] GC(352) Pause Young (Concurrent Start) (G1 Humongous Allocation) 206M->206M(384M) 0.856ms
[118.955s][info][gc,cpu         ] GC(352) User=0.00s Sys=0.00s Real=0.00s
[118.955s][info][gc             ] GC(353) Concurrent Mark Cycle
[118.956s][info][gc,marking     ] GC(353) Concurrent Scan Root Regions
[118.956s][info][gc,marking     ] GC(353) Concurrent Scan Root Regions 0.016ms
[118.956s][info][gc,marking     ] GC(353) Concurrent Mark
[118.956s][info][gc,marking     ] GC(353) Concurrent Mark From Roots
[118.956s][info][gc,task        ] GC(353) Using 2 workers of 2 for marking
[118.964s][info][gc,marking     ] GC(353) Concurrent Mark From Roots 8.798ms
[118.965s][info][gc,marking     ] GC(353) Concurrent Preclean
[118.965s][info][gc,marking     ] GC(353) Concurrent Preclean 0.247ms
[118.965s][info][gc,start       ] GC(353) Pause Remark
[118.967s][info][gc             ] GC(353) Pause Remark 334M->134M(384M) 1.513ms
[118.967s][info][gc,cpu         ] GC(353) User=0.00s Sys=0.00s Real=0.00s
[118.967s][info][gc,marking     ] GC(353) Concurrent Mark 11.202ms
[118.967s][info][gc,marking     ] GC(353) Concurrent Rebuild Remembered Sets and Scrub Regions
[118.971s][info][gc,marking     ] GC(353) Concurrent Rebuild Remembered Sets and Scrub Regions 3.958ms
[118.971s][info][gc,start       ] GC(353) Pause Cleanup
[118.971s][info][gc             ] GC(353) Pause Cleanup 182M->182M(384M) 0.185ms
[118.971s][info][gc,cpu         ] GC(353) User=0.00s Sys=0.00s Real=0.00s
[118.971s][info][gc,marking     ] GC(353) Concurrent Clear Claimed Marks
[118.971s][info][gc,marking     ] GC(353) Concurrent Clear Claimed Marks 0.084ms
[118.971s][info][gc,marking     ] GC(353) Concurrent Cleanup for Next Mark
[118.972s][info][gc,marking     ] GC(353) Concurrent Cleanup for Next Mark 0.994ms
[118.973s][info][gc             ] GC(353) Concurrent Mark Cycle 17.060ms
[119.975s][info][gc,start       ] GC(354) Pause Full (System.gc())
[119.975s][info][gc,task        ] GC(354) Using 8 workers of 8 for full compaction
[119.975s][info][gc,phases,start] GC(354) Phase 1: Mark live objects
[119.980s][info][gc,phases      ] GC(354) Phase 1: Mark live objects 4.989ms
[119.980s][info][gc,phases,start] GC(354) Phase 2: Prepare compaction
[119.981s][info][gc,phases      ] GC(354) Phase 2: Prepare compaction 0.409ms
[119.981s][info][gc,phases,start] GC(354) Phase 3: Adjust pointers
[119.983s][info][gc,phases      ] GC(354) Phase 3: Adjust pointers 2.488ms
[119.984s][info][gc,phases,start] GC(354) Phase 4: Compact heap
[119.984s][info][gc,phases      ] GC(354) Phase 4: Compact heap 0.401ms
[119.984s][info][gc,phases,start] GC(354) Phase 5: Reset Metadata
[119.985s][info][gc,phases      ] GC(354) Phase 5: Reset Metadata 0.755ms
[119.987s][info][gc,heap        ] GC(354) Eden regions: 1->0(54)
[119.987s][info][gc,heap        ] GC(354) Survivor regions: 0->0(7)
[119.987s][info][gc,heap        ] GC(354) Old regions: 10->10
[119.987s][info][gc,heap        ] GC(354) Humongous regions: 100->100
[119.987s][info][gc,metaspace   ] GC(354) Metaspace: 17843K(18304K)->17843K(18304K) NonClass: 15867K(16128K)->15867K(16128K) Class: 1975K(2176K)->1975K(2176K)
[119.988s][info][gc             ] GC(354) Pause Full (System.gc()) 208M->206M(384M) 12.605ms
[119.988s][info][gc,cpu         ] GC(354) User=0.02s Sys=0.00s Real=0.01s
[119.988s][info][gc,start       ] GC(355) Pause Young (Concurrent Start) (G1 Humongous Allocation)
[119.988s][info][gc,task        ] GC(355) Using 8 workers of 8 for evacuation
[119.988s][info][gc,phases      ] GC(355)   Pre Evacuate Collection Set: 0.1ms
[119.988s][info][gc,phases      ] GC(355)   Merge Heap Roots: 0.0ms
[119.988s][info][gc,phases      ] GC(355)   Evacuate Collection Set: 0.4ms
[119.988s][info][gc,phases      ] GC(355)   Post Evacuate Collection Set: 0.1ms
[119.988s][info][gc,phases      ] GC(355)   Other: 0.1ms
[119.989s][info][gc,heap        ] GC(355) Eden regions: 0->0(54)
[119.989s][info][gc,heap        ] GC(355) Survivor regions: 0->0(7)
[119.989s][info][gc,heap        ] GC(355) Old regions: 10->10
[119.989s][info][gc,heap        ] GC(355) Humongous regions: 100->100
[119.989s][info][gc,metaspace   ] GC(355) Metaspace: 17843K(18304K)->17843K(18304K) NonClass: 15867K(16128K)->15867K(16128K) Class: 1975K(2176K)->1975K(2176K)
[119.989s][info][gc             ] GC(355) Pause Young (Concurrent Start) (G1 Humongous Allocation) 206M->206M(384M) 0.989ms
[119.989s][info][gc,cpu         ] GC(355) User=0.00s Sys=0.00s Real=0.00s
[119.989s][info][gc             ] GC(356) Concurrent Mark Cycle
[119.989s][info][gc,marking     ] GC(356) Concurrent Scan Root Regions
[119.989s][info][gc,marking     ] GC(356) Concurrent Scan Root Regions 0.023ms
[119.989s][info][gc,marking     ] GC(356) Concurrent Mark
[119.989s][info][gc,marking     ] GC(356) Concurrent Mark From Roots
[119.989s][info][gc,task        ] GC(356) Using 2 workers of 2 for marking
[119.998s][info][gc,marking     ] GC(356) Concurrent Mark From Roots 8.757ms
[119.998s][info][gc,marking     ] GC(356) Concurrent Preclean
[119.998s][info][gc,marking     ] GC(356) Concurrent Preclean 0.314ms
[119.998s][info][gc,start       ] GC(356) Pause Remark
[119.999s][info][gc             ] GC(356) Pause Remark 330M->130M(384M) 1.058ms
[119.999s][info][gc,cpu         ] GC(356) User=0.00s Sys=0.00s Real=0.00s
[120.000s][info][gc,marking     ] GC(356) Concurrent Mark 10.739ms
[120.000s][info][gc,marking     ] GC(356) Concurrent Rebuild Remembered Sets and Scrub Regions
[120.004s][info][gc,marking     ] GC(356) Concurrent Rebuild Remembered Sets and Scrub Regions 3.930ms
[120.004s][info][gc,start       ] GC(356) Pause Cleanup
[120.004s][info][gc             ] GC(356) Pause Cleanup 190M->190M(384M) 0.152ms
[120.004s][info][gc,cpu         ] GC(356) User=0.00s Sys=0.00s Real=0.00s
[120.004s][info][gc,marking     ] GC(356) Concurrent Clear Claimed Marks
[120.004s][info][gc,marking     ] GC(356) Concurrent Clear Claimed Marks 0.085ms
[120.004s][info][gc,marking     ] GC(356) Concurrent Cleanup for Next Mark
[120.005s][info][gc,marking     ] GC(356) Concurrent Cleanup for Next Mark 0.930ms
[120.005s][info][gc             ] GC(356) Concurrent Mark Cycle 16.605ms
[121.007s][info][gc,start       ] GC(357) Pause Full (System.gc())
[121.007s][info][gc,task        ] GC(357) Using 8 workers of 8 for full compaction
[121.007s][info][gc,phases,start] GC(357) Phase 1: Mark live objects
[121.011s][info][gc,phases      ] GC(357) Phase 1: Mark live objects 3.834ms
[121.011s][info][gc,phases,start] GC(357) Phase 2: Prepare compaction
[121.012s][info][gc,phases      ] GC(357) Phase 2: Prepare compaction 0.532ms
[121.012s][info][gc,phases,start] GC(357) Phase 3: Adjust pointers
[121.015s][info][gc,phases      ] GC(357) Phase 3: Adjust pointers 2.780ms
[121.015s][info][gc,phases,start] GC(357) Phase 4: Compact heap
[121.015s][info][gc,phases      ] GC(357) Phase 4: Compact heap 0.418ms
[121.015s][info][gc,phases,start] GC(357) Phase 5: Reset Metadata
[121.016s][info][gc,phases      ] GC(357) Phase 5: Reset Metadata 0.648ms
[121.019s][info][gc,heap        ] GC(357) Eden regions: 1->0(54)
[121.019s][info][gc,heap        ] GC(357) Survivor regions: 0->0(7)
[121.019s][info][gc,heap        ] GC(357) Old regions: 10->10
[121.019s][info][gc,heap        ] GC(357) Humongous regions: 100->100
[121.019s][info][gc,metaspace   ] GC(357) Metaspace: 17843K(18304K)->17843K(18304K) NonClass: 15867K(16128K)->15867K(16128K) Class: 1975K(2176K)->1975K(2176K)
[121.019s][info][gc             ] GC(357) Pause Full (System.gc()) 208M->206M(384M) 11.755ms
[121.019s][info][gc,cpu         ] GC(357) User=0.02s Sys=0.00s Real=0.01s
[121.019s][info][gc,start       ] GC(358) Pause Young (Concurrent Start) (G1 Humongous Allocation)
[121.019s][info][gc,task        ] GC(358) Using 8 workers of 8 for evacuation
[121.020s][info][gc,phases      ] GC(358)   Pre Evacuate Collection Set: 0.2ms
[121.020s][info][gc,phases      ] GC(358)   Merge Heap Roots: 0.0ms
[121.020s][info][gc,phases      ] GC(358)   Evacuate Collection Set: 0.4ms
[121.020s][info][gc,phases      ] GC(358)   Post Evacuate Collection Set: 0.2ms
[121.020s][info][gc,phases      ] GC(358)   Other: 0.1ms
[121.020s][info][gc,heap        ] GC(358) Eden regions: 0->0(54)
[121.020s][info][gc,heap        ] GC(358) Survivor regions: 0->0(7)
[121.020s][info][gc,heap        ] GC(358) Old regions: 10->10
[121.020s][info][gc,heap        ] GC(358) Humongous regions: 100->100
[121.020s][info][gc,metaspace   ] GC(358) Metaspace: 17843K(18304K)->17843K(18304K) NonClass: 15867K(16128K)->15867K(16128K) Class: 1975K(2176K)->1975K(2176K)
[121.020s][info][gc             ] GC(358) Pause Young (Concurrent Start) (G1 Humongous Allocation) 206M->206M(384M) 1.214ms
[121.020s][info][gc,cpu         ] GC(358) User=0.00s Sys=0.00s Real=0.00s
[121.020s][info][gc             ] GC(359) Concurrent Mark Cycle
[121.020s][info][gc,marking     ] GC(359) Concurrent Scan Root Regions
[121.020s][info][gc,marking     ] GC(359) Concurrent Scan Root Regions 0.026ms
[121.020s][info][gc,marking     ] GC(359) Concurrent Mark
[121.020s][info][gc,marking     ] GC(359) Concurrent Mark From Roots
[121.020s][info][gc,task        ] GC(359) Using 2 workers of 2 for marking
[121.033s][info][gc,marking     ] GC(359) Concurrent Mark From Roots 12.399ms
[121.033s][info][gc,marking     ] GC(359) Concurrent Preclean
[121.033s][info][gc,marking     ] GC(359) Concurrent Preclean 0.190ms
[121.033s][info][gc,start       ] GC(359) Pause Remark
[121.035s][info][gc             ] GC(359) Pause Remark 354M->154M(384M) 1.342ms
[121.035s][info][gc,cpu         ] GC(359) User=0.00s Sys=0.00s Real=0.00s
[121.035s][info][gc,marking     ] GC(359) Concurrent Mark 14.416ms
[121.035s][info][gc,marking     ] GC(359) Concurrent Rebuild Remembered Sets and Scrub Regions
[121.039s][info][gc,marking     ] GC(359) Concurrent Rebuild Remembered Sets and Scrub Regions 4.336ms
[121.039s][info][gc,start       ] GC(359) Pause Cleanup
[121.039s][info][gc             ] GC(359) Pause Cleanup 202M->202M(384M) 0.124ms
[121.039s][info][gc,cpu         ] GC(359) User=0.00s Sys=0.00s Real=0.00s
[121.039s][info][gc,marking     ] GC(359) Concurrent Clear Claimed Marks
[121.040s][info][gc,marking     ] GC(359) Concurrent Clear Claimed Marks 0.063ms
[121.040s][info][gc,marking     ] GC(359) Concurrent Cleanup for Next Mark
[121.040s][info][gc,marking     ] GC(359) Concurrent Cleanup for Next Mark 0.765ms
[121.040s][info][gc             ] GC(359) Concurrent Mark Cycle 20.231ms
[122.041s][info][gc,start       ] GC(360) Pause Full (System.gc())
[122.041s][info][gc,task        ] GC(360) Using 8 workers of 8 for full compaction
[122.041s][info][gc,phases,start] GC(360) Phase 1: Mark live objects
[122.045s][info][gc,phases      ] GC(360) Phase 1: Mark live objects 3.913ms
[122.045s][info][gc,phases,start] GC(360) Phase 2: Prepare compaction
[122.046s][info][gc,phases      ] GC(360) Phase 2: Prepare compaction 0.474ms
[122.046s][info][gc,phases,start] GC(360) Phase 3: Adjust pointers
[122.048s][info][gc,phases      ] GC(360) Phase 3: Adjust pointers 2.323ms
[122.048s][info][gc,phases,start] GC(360) Phase 4: Compact heap
[122.049s][info][gc,phases      ] GC(360) Phase 4: Compact heap 0.292ms
[122.049s][info][gc,phases,start] GC(360) Phase 5: Reset Metadata
[122.049s][info][gc,phases      ] GC(360) Phase 5: Reset Metadata 0.511ms
[122.051s][info][gc,heap        ] GC(360) Eden regions: 1->0(54)
[122.051s][info][gc,heap        ] GC(360) Survivor regions: 0->0(7)
[122.051s][info][gc,heap        ] GC(360) Old regions: 10->10
[122.051s][info][gc,heap        ] GC(360) Humongous regions: 100->100
[122.051s][info][gc,metaspace   ] GC(360) Metaspace: 17843K(18304K)->17843K(18304K) NonClass: 15867K(16128K)->15867K(16128K) Class: 1975K(2176K)->1975K(2176K)
[122.051s][info][gc             ] GC(360) Pause Full (System.gc()) 208M->206M(384M) 10.472ms
[122.051s][info][gc,cpu         ] GC(360) User=0.11s Sys=0.02s Real=0.01s
[122.052s][info][gc,start       ] GC(361) Pause Young (Concurrent Start) (G1 Humongous Allocation)
[122.052s][info][gc,task        ] GC(361) Using 8 workers of 8 for evacuation
[122.052s][info][gc,phases      ] GC(361)   Pre Evacuate Collection Set: 0.1ms
[122.052s][info][gc,phases      ] GC(361)   Merge Heap Roots: 0.0ms
[122.052s][info][gc,phases      ] GC(361)   Evacuate Collection Set: 0.3ms
[122.052s][info][gc,phases      ] GC(361)   Post Evacuate Collection Set: 0.1ms
[122.052s][info][gc,phases      ] GC(361)   Other: 0.1ms
[122.052s][info][gc,heap        ] GC(361) Eden regions: 0->0(54)
[122.052s][info][gc,heap        ] GC(361) Survivor regions: 0->0(7)
[122.052s][info][gc,heap        ] GC(361) Old regions: 10->10
[122.052s][info][gc,heap        ] GC(361) Humongous regions: 100->100
[122.052s][info][gc,metaspace   ] GC(361) Metaspace: 17843K(18304K)->17843K(18304K) NonClass: 15867K(16128K)->15867K(16128K) Class: 1975K(2176K)->1975K(2176K)
[122.052s][info][gc             ] GC(361) Pause Young (Concurrent Start) (G1 Humongous Allocation) 206M->206M(384M) 0.832ms
[122.052s][info][gc,cpu         ] GC(361) User=0.00s Sys=0.00s Real=0.00s
[122.052s][info][gc             ] GC(362) Concurrent Mark Cycle
[122.052s][info][gc,marking     ] GC(362) Concurrent Scan Root Regions
[122.052s][info][gc,marking     ] GC(362) Concurrent Scan Root Regions 0.018ms
[122.053s][info][gc,marking     ] GC(362) Concurrent Mark
[122.053s][info][gc,marking     ] GC(362) Concurrent Mark From Roots
[122.053s][info][gc,task        ] GC(362) Using 2 workers of 2 for marking
[122.061s][info][gc,marking     ] GC(362) Concurrent Mark From Roots 8.006ms
[122.061s][info][gc,marking     ] GC(362) Concurrent Preclean
[122.061s][info][gc,marking     ] GC(362) Concurrent Preclean 0.190ms
[122.061s][info][gc,start       ] GC(362) Pause Remark
[122.062s][info][gc             ] GC(362) Pause Remark 336M->136M(384M) 1.323ms
[122.062s][info][gc,cpu         ] GC(362) User=0.00s Sys=0.00s Real=0.00s
[122.062s][info][gc,marking     ] GC(362) Concurrent Mark 9.944ms
[122.062s][info][gc,marking     ] GC(362) Concurrent Rebuild Remembered Sets and Scrub Regions
[122.067s][info][gc,marking     ] GC(362) Concurrent Rebuild Remembered Sets and Scrub Regions 4.232ms
[122.067s][info][gc,start       ] GC(362) Pause Cleanup
[122.067s][info][gc             ] GC(362) Pause Cleanup 180M->180M(384M) 0.231ms
[122.067s][info][gc,cpu         ] GC(362) User=0.00s Sys=0.00s Real=0.00s
[122.067s][info][gc,marking     ] GC(362) Concurrent Clear Claimed Marks
[122.068s][info][gc,marking     ] GC(362) Concurrent Clear Claimed Marks 0.064ms
[122.068s][info][gc,marking     ] GC(362) Concurrent Cleanup for Next Mark
[122.069s][info][gc,marking     ] GC(362) Concurrent Cleanup for Next Mark 0.979ms
[122.069s][info][gc             ] GC(362) Concurrent Mark Cycle 16.238ms
[123.071s][info][gc,start       ] GC(363) Pause Full (System.gc())
[123.072s][info][gc,task        ] GC(363) Using 8 workers of 8 for full compaction
[123.072s][info][gc,phases,start] GC(363) Phase 1: Mark live objects
[123.075s][info][gc,phases      ] GC(363) Phase 1: Mark live objects 3.565ms
[123.075s][info][gc,phases,start] GC(363) Phase 2: Prepare compaction
[123.076s][info][gc,phases      ] GC(363) Phase 2: Prepare compaction 0.423ms
[123.076s][info][gc,phases,start] GC(363) Phase 3: Adjust pointers
[123.078s][info][gc,phases      ] GC(363) Phase 3: Adjust pointers 2.162ms
[123.078s][info][gc,phases,start] GC(363) Phase 4: Compact heap
[123.079s][info][gc,phases      ] GC(363) Phase 4: Compact heap 0.369ms
[123.079s][info][gc,phases,start] GC(363) Phase 5: Reset Metadata
[123.079s][info][gc,phases      ] GC(363) Phase 5: Reset Metadata 0.642ms
[123.082s][info][gc,heap        ] GC(363) Eden regions: 1->0(54)
[123.082s][info][gc,heap        ] GC(363) Survivor regions: 0->0(7)
[123.082s][info][gc,heap        ] GC(363) Old regions: 10->10
[123.082s][info][gc,heap        ] GC(363) Humongous regions: 100->100
[123.082s][info][gc,metaspace   ] GC(363) Metaspace: 17843K(18304K)->17843K(18304K) NonClass: 15867K(16128K)->15867K(16128K) Class: 1975K(2176K)->1975K(2176K)
[123.082s][info][gc             ] GC(363) Pause Full (System.gc()) 208M->206M(384M) 10.292ms
[123.082s][info][gc,cpu         ] GC(363) User=0.06s Sys=0.02s Real=0.01s
[123.082s][info][gc,start       ] GC(364) Pause Young (Concurrent Start) (G1 Humongous Allocation)
[123.082s][info][gc,task        ] GC(364) Using 8 workers of 8 for evacuation
[123.083s][info][gc,phases      ] GC(364)   Pre Evacuate Collection Set: 0.1ms
[123.083s][info][gc,phases      ] GC(364)   Merge Heap Roots: 0.0ms
[123.083s][info][gc,phases      ] GC(364)   Evacuate Collection Set: 0.3ms
[123.083s][info][gc,phases      ] GC(364)   Post Evacuate Collection Set: 0.1ms
[123.083s][info][gc,phases      ] GC(364)   Other: 0.1ms
[123.083s][info][gc,heap        ] GC(364) Eden regions: 0->0(54)
[123.083s][info][gc,heap        ] GC(364) Survivor regions: 0->0(7)
[123.083s][info][gc,heap        ] GC(364) Old regions: 10->10
[123.083s][info][gc,heap        ] GC(364) Humongous regions: 100->100
[123.083s][info][gc,metaspace   ] GC(364) Metaspace: 17843K(18304K)->17843K(18304K) NonClass: 15867K(16128K)->15867K(16128K) Class: 1975K(2176K)->1975K(2176K)
[123.083s][info][gc             ] GC(364) Pause Young (Concurrent Start) (G1 Humongous Allocation) 206M->206M(384M) 0.954ms
[123.083s][info][gc,cpu         ] GC(364) User=0.00s Sys=0.00s Real=0.00s
[123.083s][info][gc             ] GC(365) Concurrent Mark Cycle
[123.083s][info][gc,marking     ] GC(365) Concurrent Scan Root Regions
[123.083s][info][gc,marking     ] GC(365) Concurrent Scan Root Regions 0.023ms
[123.083s][info][gc,marking     ] GC(365) Concurrent Mark
[123.083s][info][gc,marking     ] GC(365) Concurrent Mark From Roots
[123.083s][info][gc,task        ] GC(365) Using 2 workers of 2 for marking
[123.094s][info][gc,marking     ] GC(365) Concurrent Mark From Roots 11.460ms
[123.095s][info][gc,marking     ] GC(365) Concurrent Preclean
[123.095s][info][gc,marking     ] GC(365) Concurrent Preclean 0.171ms
[123.095s][info][gc,start       ] GC(365) Pause Remark
[123.096s][info][gc             ] GC(365) Pause Remark 334M->134M(384M) 1.315ms
[123.096s][info][gc,cpu         ] GC(365) User=0.00s Sys=0.00s Real=0.00s
[123.096s][info][gc,marking     ] GC(365) Concurrent Mark 13.339ms
[123.096s][info][gc,marking     ] GC(365) Concurrent Rebuild Remembered Sets and Scrub Regions
[123.100s][info][gc,marking     ] GC(365) Concurrent Rebuild Remembered Sets and Scrub Regions 4.093ms
[123.101s][info][gc,start       ] GC(365) Pause Cleanup
[123.101s][info][gc             ] GC(365) Pause Cleanup 184M->184M(384M) 0.130ms
[123.101s][info][gc,cpu         ] GC(365) User=0.00s Sys=0.00s Real=0.00s
[123.101s][info][gc,marking     ] GC(365) Concurrent Clear Claimed Marks
[123.101s][info][gc,marking     ] GC(365) Concurrent Clear Claimed Marks 0.068ms
[123.101s][info][gc,marking     ] GC(365) Concurrent Cleanup for Next Mark
[123.102s][info][gc,marking     ] GC(365) Concurrent Cleanup for Next Mark 0.867ms
[123.102s][info][gc             ] GC(365) Concurrent Mark Cycle 19.165ms
[124.104s][info][gc,start       ] GC(366) Pause Full (System.gc())
[124.104s][info][gc,task        ] GC(366) Using 8 workers of 8 for full compaction
[124.104s][info][gc,phases,start] GC(366) Phase 1: Mark live objects
[124.108s][info][gc,phases      ] GC(366) Phase 1: Mark live objects 3.843ms
[124.108s][info][gc,phases,start] GC(366) Phase 2: Prepare compaction
[124.108s][info][gc,phases      ] GC(366) Phase 2: Prepare compaction 0.414ms
[124.108s][info][gc,phases,start] GC(366) Phase 3: Adjust pointers
[124.110s][info][gc,phases      ] GC(366) Phase 3: Adjust pointers 1.986ms
[124.110s][info][gc,phases,start] GC(366) Phase 4: Compact heap
[124.111s][info][gc,phases      ] GC(366) Phase 4: Compact heap 0.236ms
[124.111s][info][gc,phases,start] GC(366) Phase 5: Reset Metadata
[124.111s][info][gc,phases      ] GC(366) Phase 5: Reset Metadata 0.600ms
[124.115s][info][gc,heap        ] GC(366) Eden regions: 1->0(54)
[124.115s][info][gc,heap        ] GC(366) Survivor regions: 0->0(7)
[124.115s][info][gc,heap        ] GC(366) Old regions: 10->10
[124.115s][info][gc,heap        ] GC(366) Humongous regions: 100->100
[124.115s][info][gc,metaspace   ] GC(366) Metaspace: 17843K(18304K)->17843K(18304K) NonClass: 15867K(16128K)->15867K(16128K) Class: 1975K(2176K)->1975K(2176K)
[124.115s][info][gc             ] GC(366) Pause Full (System.gc()) 208M->206M(384M) 11.263ms
[124.115s][info][gc,cpu         ] GC(366) User=0.06s Sys=0.05s Real=0.01s
[124.115s][info][gc,start       ] GC(367) Pause Young (Concurrent Start) (G1 Humongous Allocation)
[124.115s][info][gc,task        ] GC(367) Using 8 workers of 8 for evacuation
[124.116s][info][gc,phases      ] GC(367)   Pre Evacuate Collection Set: 0.1ms
[124.116s][info][gc,phases      ] GC(367)   Merge Heap Roots: 0.0ms
[124.116s][info][gc,phases      ] GC(367)   Evacuate Collection Set: 0.4ms
[124.116s][info][gc,phases      ] GC(367)   Post Evacuate Collection Set: 0.1ms
[124.116s][info][gc,phases      ] GC(367)   Other: 0.1ms
[124.116s][info][gc,heap        ] GC(367) Eden regions: 0->0(54)
[124.116s][info][gc,heap        ] GC(367) Survivor regions: 0->0(7)
[124.116s][info][gc,heap        ] GC(367) Old regions: 10->10
[124.116s][info][gc,heap        ] GC(367) Humongous regions: 100->100
[124.116s][info][gc,metaspace   ] GC(367) Metaspace: 17843K(18304K)->17843K(18304K) NonClass: 15867K(16128K)->15867K(16128K) Class: 1975K(2176K)->1975K(2176K)
[124.116s][info][gc             ] GC(367) Pause Young (Concurrent Start) (G1 Humongous Allocation) 206M->206M(384M) 1.003ms
[124.116s][info][gc,cpu         ] GC(367) User=0.00s Sys=0.00s Real=0.00s
[124.116s][info][gc             ] GC(368) Concurrent Mark Cycle
[124.116s][info][gc,marking     ] GC(368) Concurrent Scan Root Regions
[124.116s][info][gc,marking     ] GC(368) Concurrent Scan Root Regions 0.021ms
[124.116s][info][gc,marking     ] GC(368) Concurrent Mark
[124.116s][info][gc,marking     ] GC(368) Concurrent Mark From Roots
[124.116s][info][gc,task        ] GC(368) Using 2 workers of 2 for marking
[124.126s][info][gc,marking     ] GC(368) Concurrent Mark From Roots 9.618ms
[124.126s][info][gc,marking     ] GC(368) Concurrent Preclean
[124.126s][info][gc,marking     ] GC(368) Concurrent Preclean 0.184ms
[124.126s][info][gc,start       ] GC(368) Pause Remark
[124.127s][info][gc             ] GC(368) Pause Remark 342M->142M(384M) 1.046ms
[124.127s][info][gc,cpu         ] GC(368) User=0.00s Sys=0.00s Real=0.00s
[124.127s][info][gc,marking     ] GC(368) Concurrent Mark 11.231ms
[124.127s][info][gc,marking     ] GC(368) Concurrent Rebuild Remembered Sets and Scrub Regions
[124.131s][info][gc,marking     ] GC(368) Concurrent Rebuild Remembered Sets and Scrub Regions 3.241ms
[124.131s][info][gc,start       ] GC(368) Pause Cleanup
[124.131s][info][gc             ] GC(368) Pause Cleanup 192M->192M(384M) 0.133ms
[124.131s][info][gc,cpu         ] GC(368) User=0.00s Sys=0.00s Real=0.00s
[124.131s][info][gc,marking     ] GC(368) Concurrent Clear Claimed Marks
[124.131s][info][gc,marking     ] GC(368) Concurrent Clear Claimed Marks 0.077ms
[124.131s][info][gc,marking     ] GC(368) Concurrent Cleanup for Next Mark
[124.132s][info][gc,marking     ] GC(368) Concurrent Cleanup for Next Mark 0.901ms
[124.132s][info][gc             ] GC(368) Concurrent Mark Cycle 16.175ms
[125.134s][info][gc,start       ] GC(369) Pause Full (System.gc())
[125.134s][info][gc,task        ] GC(369) Using 8 workers of 8 for full compaction
[125.134s][info][gc,phases,start] GC(369) Phase 1: Mark live objects
[125.137s][info][gc,phases      ] GC(369) Phase 1: Mark live objects 3.312ms
[125.137s][info][gc,phases,start] GC(369) Phase 2: Prepare compaction
[125.138s][info][gc,phases      ] GC(369) Phase 2: Prepare compaction 0.355ms
[125.138s][info][gc,phases,start] GC(369) Phase 3: Adjust pointers
[125.141s][info][gc,phases      ] GC(369) Phase 3: Adjust pointers 2.801ms
[125.141s][info][gc,phases,start] GC(369) Phase 4: Compact heap
[125.141s][info][gc,phases      ] GC(369) Phase 4: Compact heap 0.328ms
[125.141s][info][gc,phases,start] GC(369) Phase 5: Reset Metadata
[125.142s][info][gc,phases      ] GC(369) Phase 5: Reset Metadata 0.664ms
[125.144s][info][gc,heap        ] GC(369) Eden regions: 1->0(54)
[125.144s][info][gc,heap        ] GC(369) Survivor regions: 0->0(7)
[125.144s][info][gc,heap        ] GC(369) Old regions: 10->10
[125.144s][info][gc,heap        ] GC(369) Humongous regions: 100->100
[125.144s][info][gc,metaspace   ] GC(369) Metaspace: 17843K(18304K)->17843K(18304K) NonClass: 15867K(16128K)->15867K(16128K) Class: 1975K(2176K)->1975K(2176K)
[125.144s][info][gc             ] GC(369) Pause Full (System.gc()) 208M->206M(384M) 10.624ms
[125.144s][info][gc,cpu         ] GC(369) User=0.02s Sys=0.00s Real=0.01s
[125.145s][info][gc,start       ] GC(370) Pause Young (Concurrent Start) (G1 Humongous Allocation)
[125.145s][info][gc,task        ] GC(370) Using 8 workers of 8 for evacuation
[125.145s][info][gc,phases      ] GC(370)   Pre Evacuate Collection Set: 0.1ms
[125.146s][info][gc,phases      ] GC(370)   Merge Heap Roots: 0.0ms
[125.146s][info][gc,phases      ] GC(370)   Evacuate Collection Set: 0.5ms
[125.146s][info][gc,phases      ] GC(370)   Post Evacuate Collection Set: 0.2ms
[125.146s][info][gc,phases      ] GC(370)   Other: 0.1ms
[125.146s][info][gc,heap        ] GC(370) Eden regions: 0->0(54)
[125.146s][info][gc,heap        ] GC(370) Survivor regions: 0->0(7)
[125.146s][info][gc,heap        ] GC(370) Old regions: 10->10
[125.146s][info][gc,heap        ] GC(370) Humongous regions: 100->100
[125.146s][info][gc,metaspace   ] GC(370) Metaspace: 17843K(18304K)->17843K(18304K) NonClass: 15867K(16128K)->15867K(16128K) Class: 1975K(2176K)->1975K(2176K)
[125.146s][info][gc             ] GC(370) Pause Young (Concurrent Start) (G1 Humongous Allocation) 206M->206M(384M) 1.151ms
[125.146s][info][gc,cpu         ] GC(370) User=0.00s Sys=0.00s Real=0.00s
[125.146s][info][gc             ] GC(371) Concurrent Mark Cycle
[125.146s][info][gc,marking     ] GC(371) Concurrent Scan Root Regions
[125.146s][info][gc,marking     ] GC(371) Concurrent Scan Root Regions 0.018ms
[125.146s][info][gc,marking     ] GC(371) Concurrent Mark
[125.146s][info][gc,marking     ] GC(371) Concurrent Mark From Roots
[125.146s][info][gc,task        ] GC(371) Using 2 workers of 2 for marking
[125.157s][info][gc,marking     ] GC(371) Concurrent Mark From Roots 11.642ms
[125.158s][info][gc,marking     ] GC(371) Concurrent Preclean
[125.158s][info][gc,marking     ] GC(371) Concurrent Preclean 0.166ms
[125.158s][info][gc,start       ] GC(371) Pause Remark
[125.159s][info][gc             ] GC(371) Pause Remark 343M->143M(384M) 1.057ms
[125.159s][info][gc,cpu         ] GC(371) User=0.00s Sys=0.00s Real=0.00s
[125.159s][info][gc,marking     ] GC(371) Concurrent Mark 13.218ms
[125.159s][info][gc,marking     ] GC(371) Concurrent Rebuild Remembered Sets and Scrub Regions
[125.162s][info][gc,marking     ] GC(371) Concurrent Rebuild Remembered Sets and Scrub Regions 3.398ms
[125.163s][info][gc,start       ] GC(371) Pause Cleanup
[125.163s][info][gc             ] GC(371) Pause Cleanup 195M->195M(384M) 0.167ms
[125.163s][info][gc,cpu         ] GC(371) User=0.00s Sys=0.00s Real=0.00s
[125.163s][info][gc,marking     ] GC(371) Concurrent Clear Claimed Marks
[125.163s][info][gc,marking     ] GC(371) Concurrent Clear Claimed Marks 0.066ms
[125.163s][info][gc,marking     ] GC(371) Concurrent Cleanup for Next Mark
[125.164s][info][gc,marking     ] GC(371) Concurrent Cleanup for Next Mark 0.976ms
[125.164s][info][gc             ] GC(371) Concurrent Mark Cycle 18.428ms
[126.165s][info][gc,start       ] GC(372) Pause Full (System.gc())
[126.165s][info][gc,task        ] GC(372) Using 8 workers of 8 for full compaction
[126.165s][info][gc,phases,start] GC(372) Phase 1: Mark live objects
[126.169s][info][gc,phases      ] GC(372) Phase 1: Mark live objects 3.791ms
[126.169s][info][gc,phases,start] GC(372) Phase 2: Prepare compaction
[126.170s][info][gc,phases      ] GC(372) Phase 2: Prepare compaction 0.486ms
[126.170s][info][gc,phases,start] GC(372) Phase 3: Adjust pointers
[126.172s][info][gc,phases      ] GC(372) Phase 3: Adjust pointers 2.273ms
[126.172s][info][gc,phases,start] GC(372) Phase 4: Compact heap
[126.173s][info][gc,phases      ] GC(372) Phase 4: Compact heap 0.442ms
[126.173s][info][gc,phases,start] GC(372) Phase 5: Reset Metadata
[126.173s][info][gc,phases      ] GC(372) Phase 5: Reset Metadata 0.575ms
[126.176s][info][gc,heap        ] GC(372) Eden regions: 1->0(54)
[126.176s][info][gc,heap        ] GC(372) Survivor regions: 0->0(7)
[126.176s][info][gc,heap        ] GC(372) Old regions: 10->10
[126.176s][info][gc,heap        ] GC(372) Humongous regions: 100->100
[126.176s][info][gc,metaspace   ] GC(372) Metaspace: 17847K(18304K)->17847K(18304K) NonClass: 15870K(16128K)->15870K(16128K) Class: 1976K(2176K)->1976K(2176K)
[126.176s][info][gc             ] GC(372) Pause Full (System.gc()) 208M->206M(384M) 11.193ms
[126.176s][info][gc,cpu         ] GC(372) User=0.00s Sys=0.02s Real=0.01s
[126.176s][info][gc,start       ] GC(373) Pause Young (Concurrent Start) (G1 Humongous Allocation)
[126.176s][info][gc,task        ] GC(373) Using 8 workers of 8 for evacuation
[126.177s][info][gc,phases      ] GC(373)   Pre Evacuate Collection Set: 0.1ms
[126.177s][info][gc,phases      ] GC(373)   Merge Heap Roots: 0.0ms
[126.177s][info][gc,phases      ] GC(373)   Evacuate Collection Set: 0.3ms
[126.177s][info][gc,phases      ] GC(373)   Post Evacuate Collection Set: 0.2ms
[126.177s][info][gc,phases      ] GC(373)   Other: 0.1ms
[126.177s][info][gc,heap        ] GC(373) Eden regions: 0->0(54)
[126.177s][info][gc,heap        ] GC(373) Survivor regions: 0->0(7)
[126.177s][info][gc,heap        ] GC(373) Old regions: 10->10
[126.177s][info][gc,heap        ] GC(373) Humongous regions: 100->100
[126.177s][info][gc,metaspace   ] GC(373) Metaspace: 17847K(18304K)->17847K(18304K) NonClass: 15870K(16128K)->15870K(16128K) Class: 1976K(2176K)->1976K(2176K)
[126.177s][info][gc             ] GC(373) Pause Young (Concurrent Start) (G1 Humongous Allocation) 206M->206M(384M) 1.006ms
[126.177s][info][gc             ] GC(374) Concurrent Mark Cycle
[126.177s][info][gc,cpu         ] GC(373) User=0.00s Sys=0.00s Real=0.00s
[126.177s][info][gc,marking     ] GC(374) Concurrent Scan Root Regions
[126.177s][info][gc,marking     ] GC(374) Concurrent Scan Root Regions 0.054ms
[126.177s][info][gc,marking     ] GC(374) Concurrent Mark
[126.177s][info][gc,marking     ] GC(374) Concurrent Mark From Roots
[126.178s][info][gc,task        ] GC(374) Using 2 workers of 2 for marking
[126.192s][info][gc,marking     ] GC(374) Concurrent Mark From Roots 14.843ms
[126.192s][info][gc,marking     ] GC(374) Concurrent Preclean
[126.193s][info][gc,marking     ] GC(374) Concurrent Preclean 0.166ms
[126.193s][info][gc,start       ] GC(374) Pause Remark
[126.194s][info][gc             ] GC(374) Pause Remark 374M->174M(388M) 0.965ms
[126.194s][info][gc,cpu         ] GC(374) User=0.00s Sys=0.00s Real=0.00s
[126.194s][info][gc,marking     ] GC(374) Concurrent Mark 16.496ms
[126.194s][info][gc,marking     ] GC(374) Concurrent Rebuild Remembered Sets and Scrub Regions
[126.198s][info][gc,marking     ] GC(374) Concurrent Rebuild Remembered Sets and Scrub Regions 4.020ms
[126.198s][info][gc,start       ] GC(374) Pause Cleanup
[126.198s][info][gc             ] GC(374) Pause Cleanup 207M->207M(388M) 0.108ms
[126.198s][info][gc,cpu         ] GC(374) User=0.00s Sys=0.00s Real=0.00s
[126.198s][info][gc,marking     ] GC(374) Concurrent Clear Claimed Marks
[126.198s][info][gc,marking     ] GC(374) Concurrent Clear Claimed Marks 0.053ms
[126.198s][info][gc,marking     ] GC(374) Concurrent Cleanup for Next Mark
[126.199s][info][gc,marking     ] GC(374) Concurrent Cleanup for Next Mark 0.649ms
[126.199s][info][gc             ] GC(374) Concurrent Mark Cycle 21.701ms
[127.198s][info][gc,start       ] GC(375) Pause Full (System.gc())
[127.198s][info][gc,task        ] GC(375) Using 8 workers of 8 for full compaction
[127.198s][info][gc,phases,start] GC(375) Phase 1: Mark live objects
[127.201s][info][gc,phases      ] GC(375) Phase 1: Mark live objects 3.178ms
[127.201s][info][gc,phases,start] GC(375) Phase 2: Prepare compaction
[127.202s][info][gc,phases      ] GC(375) Phase 2: Prepare compaction 0.534ms
[127.202s][info][gc,phases,start] GC(375) Phase 3: Adjust pointers
[127.204s][info][gc,phases      ] GC(375) Phase 3: Adjust pointers 2.478ms
[127.205s][info][gc,phases,start] GC(375) Phase 4: Compact heap
[127.205s][info][gc,phases      ] GC(375) Phase 4: Compact heap 0.416ms
[127.205s][info][gc,phases,start] GC(375) Phase 5: Reset Metadata
[127.206s][info][gc,phases      ] GC(375) Phase 5: Reset Metadata 0.718ms
[127.208s][info][gc,heap        ] GC(375) Eden regions: 1->0(56)
[127.208s][info][gc,heap        ] GC(375) Survivor regions: 0->0(7)
[127.208s][info][gc,heap        ] GC(375) Old regions: 10->10
[127.208s][info][gc,heap        ] GC(375) Humongous regions: 100->100
[127.208s][info][gc,metaspace   ] GC(375) Metaspace: 17849K(18304K)->17849K(18304K) NonClass: 15872K(16128K)->15872K(16128K) Class: 1976K(2176K)->1976K(2176K)
[127.208s][info][gc             ] GC(375) Pause Full (System.gc()) 208M->206M(388M) 10.553ms
[127.208s][info][gc,cpu         ] GC(375) User=0.12s Sys=0.00s Real=0.01s
[127.208s][info][gc,start       ] GC(376) Pause Young (Concurrent Start) (G1 Humongous Allocation)
[127.208s][info][gc,task        ] GC(376) Using 8 workers of 8 for evacuation
[127.209s][info][gc,phases      ] GC(376)   Pre Evacuate Collection Set: 0.1ms
[127.209s][info][gc,phases      ] GC(376)   Merge Heap Roots: 0.0ms
[127.209s][info][gc,phases      ] GC(376)   Evacuate Collection Set: 0.5ms
[127.209s][info][gc,phases      ] GC(376)   Post Evacuate Collection Set: 0.1ms
[127.209s][info][gc,phases      ] GC(376)   Other: 0.1ms
[127.209s][info][gc,heap        ] GC(376) Eden regions: 0->0(56)
[127.209s][info][gc,heap        ] GC(376) Survivor regions: 0->0(7)
[127.209s][info][gc,heap        ] GC(376) Old regions: 10->10
[127.209s][info][gc,heap        ] GC(376) Humongous regions: 100->100
[127.209s][info][gc,metaspace   ] GC(376) Metaspace: 17849K(18304K)->17849K(18304K) NonClass: 15872K(16128K)->15872K(16128K) Class: 1976K(2176K)->1976K(2176K)
[127.209s][info][gc             ] GC(376) Pause Young (Concurrent Start) (G1 Humongous Allocation) 206M->206M(388M) 1.134ms
[127.209s][info][gc,cpu         ] GC(376) User=0.00s Sys=0.00s Real=0.00s
[127.209s][info][gc             ] GC(377) Concurrent Mark Cycle
[127.210s][info][gc,marking     ] GC(377) Concurrent Scan Root Regions
[127.210s][info][gc,marking     ] GC(377) Concurrent Scan Root Regions 0.018ms
[127.210s][info][gc,marking     ] GC(377) Concurrent Mark
[127.210s][info][gc,marking     ] GC(377) Concurrent Mark From Roots
[127.210s][info][gc,task        ] GC(377) Using 2 workers of 2 for marking
[127.219s][info][gc,marking     ] GC(377) Concurrent Mark From Roots 9.171ms
[127.219s][info][gc,marking     ] GC(377) Concurrent Preclean
[127.219s][info][gc,marking     ] GC(377) Concurrent Preclean 0.243ms
[127.219s][info][gc,start       ] GC(377) Pause Remark
[127.221s][info][gc             ] GC(377) Pause Remark 316M->116M(388M) 1.615ms
[127.221s][info][gc,cpu         ] GC(377) User=0.00s Sys=0.00s Real=0.00s
[127.221s][info][gc,marking     ] GC(377) Concurrent Mark 11.567ms
[127.221s][info][gc,marking     ] GC(377) Concurrent Rebuild Remembered Sets and Scrub Regions
[127.225s][info][gc,marking     ] GC(377) Concurrent Rebuild Remembered Sets and Scrub Regions 3.747ms
[127.225s][info][gc,start       ] GC(377) Pause Cleanup
[127.226s][info][gc             ] GC(377) Pause Cleanup 152M->152M(388M) 0.723ms
[127.226s][info][gc,cpu         ] GC(377) User=0.00s Sys=0.00s Real=0.00s
[127.226s][info][gc,marking     ] GC(377) Concurrent Clear Claimed Marks
[127.226s][info][gc,marking     ] GC(377) Concurrent Clear Claimed Marks 0.083ms
[127.226s][info][gc,marking     ] GC(377) Concurrent Cleanup for Next Mark
[127.227s][info][gc,marking     ] GC(377) Concurrent Cleanup for Next Mark 1.055ms
[127.228s][info][gc             ] GC(377) Concurrent Mark Cycle 18.152ms
[128.233s][info][gc,start       ] GC(378) Pause Full (System.gc())
[128.233s][info][gc,task        ] GC(378) Using 8 workers of 8 for full compaction
[128.233s][info][gc,phases,start] GC(378) Phase 1: Mark live objects
[128.237s][info][gc,phases      ] GC(378) Phase 1: Mark live objects 3.660ms
[128.237s][info][gc,phases,start] GC(378) Phase 2: Prepare compaction
[128.237s][info][gc,phases      ] GC(378) Phase 2: Prepare compaction 0.554ms
[128.238s][info][gc,phases,start] GC(378) Phase 3: Adjust pointers
[128.240s][info][gc,phases      ] GC(378) Phase 3: Adjust pointers 2.055ms
[128.240s][info][gc,phases,start] GC(378) Phase 4: Compact heap
[128.240s][info][gc,phases      ] GC(378) Phase 4: Compact heap 0.328ms
[128.240s][info][gc,phases,start] GC(378) Phase 5: Reset Metadata
[128.241s][info][gc,phases      ] GC(378) Phase 5: Reset Metadata 0.663ms
[128.243s][info][gc,heap        ] GC(378) Eden regions: 1->0(56)
[128.243s][info][gc,heap        ] GC(378) Survivor regions: 0->0(7)
[128.243s][info][gc,heap        ] GC(378) Old regions: 10->10
[128.243s][info][gc,heap        ] GC(378) Humongous regions: 100->100
[128.243s][info][gc,metaspace   ] GC(378) Metaspace: 17850K(18304K)->17850K(18304K) NonClass: 15873K(16128K)->15873K(16128K) Class: 1976K(2176K)->1976K(2176K)
[128.243s][info][gc             ] GC(378) Pause Full (System.gc()) 208M->206M(388M) 10.353ms
[128.243s][info][gc,cpu         ] GC(378) User=0.00s Sys=0.00s Real=0.01s
[128.243s][info][gc,start       ] GC(379) Pause Young (Concurrent Start) (G1 Humongous Allocation)
[128.243s][info][gc,task        ] GC(379) Using 8 workers of 8 for evacuation
[128.244s][info][gc,phases      ] GC(379)   Pre Evacuate Collection Set: 0.1ms
[128.244s][info][gc,phases      ] GC(379)   Merge Heap Roots: 0.0ms
[128.244s][info][gc,phases      ] GC(379)   Evacuate Collection Set: 0.3ms
[128.244s][info][gc,phases      ] GC(379)   Post Evacuate Collection Set: 0.2ms
[128.244s][info][gc,phases      ] GC(379)   Other: 0.1ms
[128.244s][info][gc,heap        ] GC(379) Eden regions: 0->0(56)
[128.244s][info][gc,heap        ] GC(379) Survivor regions: 0->0(7)
[128.244s][info][gc,heap        ] GC(379) Old regions: 10->10
[128.244s][info][gc,heap        ] GC(379) Humongous regions: 100->100
[128.244s][info][gc,metaspace   ] GC(379) Metaspace: 17850K(18304K)->17850K(18304K) NonClass: 15873K(16128K)->15873K(16128K) Class: 1976K(2176K)->1976K(2176K)
[128.244s][info][gc             ] GC(379) Pause Young (Concurrent Start) (G1 Humongous Allocation) 206M->206M(388M) 0.915ms
[128.244s][info][gc,cpu         ] GC(379) User=0.00s Sys=0.00s Real=0.00s
[128.244s][info][gc             ] GC(380) Concurrent Mark Cycle
[128.244s][info][gc,marking     ] GC(380) Concurrent Scan Root Regions
[128.244s][info][gc,marking     ] GC(380) Concurrent Scan Root Regions 0.029ms
[128.244s][info][gc,marking     ] GC(380) Concurrent Mark
[128.244s][info][gc,marking     ] GC(380) Concurrent Mark From Roots
[128.244s][info][gc,task        ] GC(380) Using 2 workers of 2 for marking
[128.254s][info][gc,marking     ] GC(380) Concurrent Mark From Roots 9.749ms
[128.254s][info][gc,marking     ] GC(380) Concurrent Preclean
[128.255s][info][gc,marking     ] GC(380) Concurrent Preclean 0.211ms
[128.255s][info][gc,start       ] GC(380) Pause Remark
[128.256s][info][gc             ] GC(380) Pause Remark 312M->112M(388M) 1.028ms
[128.256s][info][gc,cpu         ] GC(380) User=0.00s Sys=0.00s Real=0.00s
[128.256s][info][gc,marking     ] GC(380) Concurrent Mark 11.477ms
[128.256s][info][gc,marking     ] GC(380) Concurrent Rebuild Remembered Sets and Scrub Regions
[128.259s][info][gc,marking     ] GC(380) Concurrent Rebuild Remembered Sets and Scrub Regions 3.232ms
[128.259s][info][gc,start       ] GC(380) Pause Cleanup
[128.259s][info][gc             ] GC(380) Pause Cleanup 162M->162M(388M) 0.135ms
[128.259s][info][gc,cpu         ] GC(380) User=0.00s Sys=0.00s Real=0.00s
[128.259s][info][gc,marking     ] GC(380) Concurrent Clear Claimed Marks
[128.260s][info][gc,marking     ] GC(380) Concurrent Clear Claimed Marks 0.066ms
[128.260s][info][gc,marking     ] GC(380) Concurrent Cleanup for Next Mark
[128.260s][info][gc,marking     ] GC(380) Concurrent Cleanup for Next Mark 0.778ms
[128.260s][info][gc             ] GC(380) Concurrent Mark Cycle 16.195ms
[129.263s][info][gc,start       ] GC(381) Pause Full (System.gc())
[129.263s][info][gc,task        ] GC(381) Using 8 workers of 8 for full compaction
[129.264s][info][gc,phases,start] GC(381) Phase 1: Mark live objects
[129.269s][info][gc,phases      ] GC(381) Phase 1: Mark live objects 5.243ms
[129.269s][info][gc,phases,start] GC(381) Phase 2: Prepare compaction
[129.270s][info][gc,phases      ] GC(381) Phase 2: Prepare compaction 0.531ms
[129.270s][info][gc,phases,start] GC(381) Phase 3: Adjust pointers
[129.273s][info][gc,phases      ] GC(381) Phase 3: Adjust pointers 3.404ms
[129.273s][info][gc,phases,start] GC(381) Phase 4: Compact heap
[129.273s][info][gc,phases      ] GC(381) Phase 4: Compact heap 0.322ms
[129.274s][info][gc,phases,start] GC(381) Phase 5: Reset Metadata
[129.274s][info][gc,phases      ] GC(381) Phase 5: Reset Metadata 0.799ms
[129.278s][info][gc,heap        ] GC(381) Eden regions: 1->0(56)
[129.278s][info][gc,heap        ] GC(381) Survivor regions: 0->0(7)
[129.278s][info][gc,heap        ] GC(381) Old regions: 10->10
[129.278s][info][gc,heap        ] GC(381) Humongous regions: 100->100
[129.278s][info][gc,metaspace   ] GC(381) Metaspace: 17850K(18304K)->17850K(18304K) NonClass: 15873K(16128K)->15873K(16128K) Class: 1976K(2176K)->1976K(2176K)
[129.278s][info][gc             ] GC(381) Pause Full (System.gc()) 208M->206M(388M) 14.327ms
[129.278s][info][gc,cpu         ] GC(381) User=0.02s Sys=0.00s Real=0.01s
[129.278s][info][gc,start       ] GC(382) Pause Young (Concurrent Start) (G1 Humongous Allocation)
[129.278s][info][gc,task        ] GC(382) Using 8 workers of 8 for evacuation
[129.279s][info][gc,phases      ] GC(382)   Pre Evacuate Collection Set: 0.1ms
[129.279s][info][gc,phases      ] GC(382)   Merge Heap Roots: 0.0ms
[129.279s][info][gc,phases      ] GC(382)   Evacuate Collection Set: 0.8ms
[129.279s][info][gc,phases      ] GC(382)   Post Evacuate Collection Set: 0.3ms
[129.279s][info][gc,phases      ] GC(382)   Other: 0.1ms
[129.279s][info][gc,heap        ] GC(382) Eden regions: 0->0(56)
[129.280s][info][gc,heap        ] GC(382) Survivor regions: 0->0(7)
[129.280s][info][gc,heap        ] GC(382) Old regions: 10->10
[129.280s][info][gc,heap        ] GC(382) Humongous regions: 100->100
[129.280s][info][gc,metaspace   ] GC(382) Metaspace: 17850K(18304K)->17850K(18304K) NonClass: 15873K(16128K)->15873K(16128K) Class: 1976K(2176K)->1976K(2176K)
[129.280s][info][gc             ] GC(382) Pause Young (Concurrent Start) (G1 Humongous Allocation) 206M->206M(388M) 2.051ms
[129.280s][info][gc,cpu         ] GC(382) User=0.00s Sys=0.00s Real=0.00s
[129.280s][info][gc             ] GC(383) Concurrent Mark Cycle
[129.280s][info][gc,marking     ] GC(383) Concurrent Scan Root Regions
[129.280s][info][gc,marking     ] GC(383) Concurrent Scan Root Regions 0.024ms
[129.280s][info][gc,marking     ] GC(383) Concurrent Mark
[129.280s][info][gc,marking     ] GC(383) Concurrent Mark From Roots
[129.280s][info][gc,task        ] GC(383) Using 2 workers of 2 for marking
[129.294s][info][gc,marking     ] GC(383) Concurrent Mark From Roots 13.479ms
[129.294s][info][gc,marking     ] GC(383) Concurrent Preclean
[129.294s][info][gc,marking     ] GC(383) Concurrent Preclean 0.219ms
[129.294s][info][gc,start       ] GC(383) Pause Remark
[129.296s][info][gc             ] GC(383) Pause Remark 301M->101M(388M) 1.958ms
[129.296s][info][gc,cpu         ] GC(383) User=0.00s Sys=0.00s Real=0.00s
[129.296s][info][gc,marking     ] GC(383) Concurrent Mark 16.213ms
[129.296s][info][gc,marking     ] GC(383) Concurrent Rebuild Remembered Sets and Scrub Regions
[129.300s][info][gc,marking     ] GC(383) Concurrent Rebuild Remembered Sets and Scrub Regions 3.339ms
[129.300s][info][gc,start       ] GC(383) Pause Cleanup
[129.300s][info][gc             ] GC(383) Pause Cleanup 127M->127M(388M) 0.167ms
[129.300s][info][gc,cpu         ] GC(383) User=0.00s Sys=0.00s Real=0.00s
[129.300s][info][gc,marking     ] GC(383) Concurrent Clear Claimed Marks
[129.300s][info][gc,marking     ] GC(383) Concurrent Clear Claimed Marks 0.085ms
[129.300s][info][gc,marking     ] GC(383) Concurrent Cleanup for Next Mark
[129.301s][info][gc,marking     ] GC(383) Concurrent Cleanup for Next Mark 1.051ms
[129.302s][info][gc             ] GC(383) Concurrent Mark Cycle 21.645ms
[130.311s][info][gc,start       ] GC(384) Pause Full (System.gc())
[130.311s][info][gc,task        ] GC(384) Using 8 workers of 8 for full compaction
[130.311s][info][gc,phases,start] GC(384) Phase 1: Mark live objects
[130.315s][info][gc,phases      ] GC(384) Phase 1: Mark live objects 3.378ms
[130.315s][info][gc,phases,start] GC(384) Phase 2: Prepare compaction
[130.315s][info][gc,phases      ] GC(384) Phase 2: Prepare compaction 0.372ms
[130.315s][info][gc,phases,start] GC(384) Phase 3: Adjust pointers
[130.317s][info][gc,phases      ] GC(384) Phase 3: Adjust pointers 2.207ms
[130.317s][info][gc,phases,start] GC(384) Phase 4: Compact heap
[130.318s][info][gc,phases      ] GC(384) Phase 4: Compact heap 0.301ms
[130.318s][info][gc,phases,start] GC(384) Phase 5: Reset Metadata
[130.318s][info][gc,phases      ] GC(384) Phase 5: Reset Metadata 0.524ms
[130.321s][info][gc,heap        ] GC(384) Eden regions: 1->0(56)
[130.321s][info][gc,heap        ] GC(384) Survivor regions: 0->0(7)
[130.321s][info][gc,heap        ] GC(384) Old regions: 10->10
[130.321s][info][gc,heap        ] GC(384) Humongous regions: 100->100
[130.321s][info][gc,metaspace   ] GC(384) Metaspace: 17850K(18304K)->17850K(18304K) NonClass: 15873K(16128K)->15873K(16128K) Class: 1976K(2176K)->1976K(2176K)
[130.321s][info][gc             ] GC(384) Pause Full (System.gc()) 208M->206M(388M) 9.997ms
[130.321s][info][gc,cpu         ] GC(384) User=0.00s Sys=0.00s Real=0.01s
[130.321s][info][gc,start       ] GC(385) Pause Young (Concurrent Start) (G1 Humongous Allocation)
[130.321s][info][gc,task        ] GC(385) Using 8 workers of 8 for evacuation
[130.322s][info][gc,phases      ] GC(385)   Pre Evacuate Collection Set: 0.1ms
[130.322s][info][gc,phases      ] GC(385)   Merge Heap Roots: 0.0ms
[130.322s][info][gc,phases      ] GC(385)   Evacuate Collection Set: 0.4ms
[130.322s][info][gc,phases      ] GC(385)   Post Evacuate Collection Set: 0.1ms
[130.322s][info][gc,phases      ] GC(385)   Other: 0.1ms
[130.322s][info][gc,heap        ] GC(385) Eden regions: 0->0(56)
[130.322s][info][gc,heap        ] GC(385) Survivor regions: 0->0(7)
[130.322s][info][gc,heap        ] GC(385) Old regions: 10->10
[130.322s][info][gc,heap        ] GC(385) Humongous regions: 100->100
[130.322s][info][gc,metaspace   ] GC(385) Metaspace: 17850K(18304K)->17850K(18304K) NonClass: 15873K(16128K)->15873K(16128K) Class: 1976K(2176K)->1976K(2176K)
[130.322s][info][gc             ] GC(385) Pause Young (Concurrent Start) (G1 Humongous Allocation) 206M->206M(388M) 0.928ms
[130.322s][info][gc,cpu         ] GC(385) User=0.00s Sys=0.00s Real=0.00s
[130.322s][info][gc             ] GC(386) Concurrent Mark Cycle
[130.322s][info][gc,marking     ] GC(386) Concurrent Scan Root Regions
[130.322s][info][gc,marking     ] GC(386) Concurrent Scan Root Regions 0.018ms
[130.322s][info][gc,marking     ] GC(386) Concurrent Mark
[130.322s][info][gc,marking     ] GC(386) Concurrent Mark From Roots
[130.322s][info][gc,task        ] GC(386) Using 2 workers of 2 for marking
[130.331s][info][gc,marking     ] GC(386) Concurrent Mark From Roots 8.308ms
[130.331s][info][gc,marking     ] GC(386) Concurrent Preclean
[130.331s][info][gc,marking     ] GC(386) Concurrent Preclean 0.181ms
[130.331s][info][gc,start       ] GC(386) Pause Remark
[130.333s][info][gc             ] GC(386) Pause Remark 330M->130M(388M) 1.747ms
[130.333s][info][gc,cpu         ] GC(386) User=0.00s Sys=0.00s Real=0.00s
[130.333s][info][gc,marking     ] GC(386) Concurrent Mark 10.899ms
[130.333s][info][gc,marking     ] GC(386) Concurrent Rebuild Remembered Sets and Scrub Regions
[130.336s][info][gc,marking     ] GC(386) Concurrent Rebuild Remembered Sets and Scrub Regions 2.701ms
[130.336s][info][gc,start       ] GC(386) Pause Cleanup
[130.336s][info][gc             ] GC(386) Pause Cleanup 164M->164M(388M) 0.158ms
[130.336s][info][gc,cpu         ] GC(386) User=0.00s Sys=0.00s Real=0.00s
[130.336s][info][gc,marking     ] GC(386) Concurrent Clear Claimed Marks
[130.336s][info][gc,marking     ] GC(386) Concurrent Clear Claimed Marks 0.075ms
[130.336s][info][gc,marking     ] GC(386) Concurrent Cleanup for Next Mark
[130.338s][info][gc,marking     ] GC(386) Concurrent Cleanup for Next Mark 1.320ms
[130.338s][info][gc             ] GC(386) Concurrent Mark Cycle 15.741ms
[131.341s][info][gc,start       ] GC(387) Pause Full (System.gc())
[131.341s][info][gc,task        ] GC(387) Using 8 workers of 8 for full compaction
[131.342s][info][gc,phases,start] GC(387) Phase 1: Mark live objects
[131.345s][info][gc,phases      ] GC(387) Phase 1: Mark live objects 3.837ms
[131.345s][info][gc,phases,start] GC(387) Phase 2: Prepare compaction
[131.346s][info][gc,phases      ] GC(387) Phase 2: Prepare compaction 0.405ms
[131.346s][info][gc,phases,start] GC(387) Phase 3: Adjust pointers
[131.349s][info][gc,phases      ] GC(387) Phase 3: Adjust pointers 2.633ms
[131.349s][info][gc,phases,start] GC(387) Phase 4: Compact heap
[131.349s][info][gc,phases      ] GC(387) Phase 4: Compact heap 0.373ms
[131.349s][info][gc,phases,start] GC(387) Phase 5: Reset Metadata
[131.350s][info][gc,phases      ] GC(387) Phase 5: Reset Metadata 0.579ms
[131.352s][info][gc,heap        ] GC(387) Eden regions: 1->0(56)
[131.352s][info][gc,heap        ] GC(387) Survivor regions: 0->0(7)
[131.352s][info][gc,heap        ] GC(387) Old regions: 10->10
[131.352s][info][gc,heap        ] GC(387) Humongous regions: 100->100
[131.352s][info][gc,metaspace   ] GC(387) Metaspace: 17850K(18304K)->17850K(18304K) NonClass: 15873K(16128K)->15873K(16128K) Class: 1976K(2176K)->1976K(2176K)
[131.352s][info][gc             ] GC(387) Pause Full (System.gc()) 208M->206M(388M) 10.753ms
[131.352s][info][gc,cpu         ] GC(387) User=0.00s Sys=0.00s Real=0.01s
[131.352s][info][gc,start       ] GC(388) Pause Young (Concurrent Start) (G1 Humongous Allocation)
[131.352s][info][gc,task        ] GC(388) Using 8 workers of 8 for evacuation
[131.353s][info][gc,phases      ] GC(388)   Pre Evacuate Collection Set: 0.1ms
[131.353s][info][gc,phases      ] GC(388)   Merge Heap Roots: 0.0ms
[131.353s][info][gc,phases      ] GC(388)   Evacuate Collection Set: 0.4ms
[131.353s][info][gc,phases      ] GC(388)   Post Evacuate Collection Set: 0.1ms
[131.353s][info][gc,phases      ] GC(388)   Other: 0.1ms
[131.353s][info][gc,heap        ] GC(388) Eden regions: 0->0(56)
[131.353s][info][gc,heap        ] GC(388) Survivor regions: 0->0(7)
[131.353s][info][gc,heap        ] GC(388) Old regions: 10->10
[131.353s][info][gc,heap        ] GC(388) Humongous regions: 100->100
[131.353s][info][gc,metaspace   ] GC(388) Metaspace: 17850K(18304K)->17850K(18304K) NonClass: 15873K(16128K)->15873K(16128K) Class: 1976K(2176K)->1976K(2176K)
[131.353s][info][gc             ] GC(388) Pause Young (Concurrent Start) (G1 Humongous Allocation) 206M->206M(388M) 1.006ms
[131.353s][info][gc,cpu         ] GC(388) User=0.00s Sys=0.00s Real=0.00s
[131.353s][info][gc             ] GC(389) Concurrent Mark Cycle
[131.353s][info][gc,marking     ] GC(389) Concurrent Scan Root Regions
[131.353s][info][gc,marking     ] GC(389) Concurrent Scan Root Regions 0.018ms
[131.353s][info][gc,marking     ] GC(389) Concurrent Mark
[131.353s][info][gc,marking     ] GC(389) Concurrent Mark From Roots
[131.353s][info][gc,task        ] GC(389) Using 2 workers of 2 for marking
[131.362s][info][gc,marking     ] GC(389) Concurrent Mark From Roots 8.802ms
[131.362s][info][gc,marking     ] GC(389) Concurrent Preclean
[131.362s][info][gc,marking     ] GC(389) Concurrent Preclean 0.186ms
[131.362s][info][gc,start       ] GC(389) Pause Remark
[131.363s][info][gc             ] GC(389) Pause Remark 318M->118M(388M) 1.044ms
[131.364s][info][gc,cpu         ] GC(389) User=0.00s Sys=0.00s Real=0.00s
[131.364s][info][gc,marking     ] GC(389) Concurrent Mark 10.422ms
[131.364s][info][gc,marking     ] GC(389) Concurrent Rebuild Remembered Sets and Scrub Regions
[131.367s][info][gc,marking     ] GC(389) Concurrent Rebuild Remembered Sets and Scrub Regions 3.046ms
[131.367s][info][gc,start       ] GC(389) Pause Cleanup
[131.367s][info][gc             ] GC(389) Pause Cleanup 160M->160M(388M) 0.188ms
[131.367s][info][gc,cpu         ] GC(389) User=0.00s Sys=0.00s Real=0.00s
[131.367s][info][gc,marking     ] GC(389) Concurrent Clear Claimed Marks
[131.367s][info][gc,marking     ] GC(389) Concurrent Clear Claimed Marks 0.063ms
[131.367s][info][gc,marking     ] GC(389) Concurrent Cleanup for Next Mark
[131.368s][info][gc,marking     ] GC(389) Concurrent Cleanup for Next Mark 0.838ms
[131.368s][info][gc             ] GC(389) Concurrent Mark Cycle 15.147ms
[132.373s][info][gc,start       ] GC(390) Pause Full (System.gc())
[132.373s][info][gc,task        ] GC(390) Using 8 workers of 8 for full compaction
[132.374s][info][gc,phases,start] GC(390) Phase 1: Mark live objects
[132.378s][info][gc,phases      ] GC(390) Phase 1: Mark live objects 4.249ms
[132.378s][info][gc,phases,start] GC(390) Phase 2: Prepare compaction
[132.379s][info][gc,phases      ] GC(390) Phase 2: Prepare compaction 0.485ms
[132.379s][info][gc,phases,start] GC(390) Phase 3: Adjust pointers
[132.381s][info][gc,phases      ] GC(390) Phase 3: Adjust pointers 2.536ms
[132.381s][info][gc,phases,start] GC(390) Phase 4: Compact heap
[132.382s][info][gc,phases      ] GC(390) Phase 4: Compact heap 0.462ms
[132.382s][info][gc,phases,start] GC(390) Phase 5: Reset Metadata
[132.382s][info][gc,phases      ] GC(390) Phase 5: Reset Metadata 0.591ms
[132.386s][info][gc,heap        ] GC(390) Eden regions: 2->0(56)
[132.386s][info][gc,heap        ] GC(390) Survivor regions: 0->0(7)
[132.386s][info][gc,heap        ] GC(390) Old regions: 10->10
[132.386s][info][gc,heap        ] GC(390) Humongous regions: 100->100
[132.386s][info][gc,metaspace   ] GC(390) Metaspace: 17850K(18304K)->17850K(18304K) NonClass: 15873K(16128K)->15873K(16128K) Class: 1976K(2176K)->1976K(2176K)
[132.386s][info][gc             ] GC(390) Pause Full (System.gc()) 209M->206M(388M) 12.670ms
[132.386s][info][gc,cpu         ] GC(390) User=0.00s Sys=0.00s Real=0.01s
[132.386s][info][gc,start       ] GC(391) Pause Young (Concurrent Start) (G1 Humongous Allocation)
[132.386s][info][gc,task        ] GC(391) Using 8 workers of 8 for evacuation
[132.388s][info][gc,phases      ] GC(391)   Pre Evacuate Collection Set: 0.1ms
[132.388s][info][gc,phases      ] GC(391)   Merge Heap Roots: 0.1ms
[132.388s][info][gc,phases      ] GC(391)   Evacuate Collection Set: 1.5ms
[132.388s][info][gc,phases      ] GC(391)   Post Evacuate Collection Set: 0.3ms
[132.388s][info][gc,phases      ] GC(391)   Other: 0.1ms
[132.388s][info][gc,heap        ] GC(391) Eden regions: 0->0(56)
[132.388s][info][gc,heap        ] GC(391) Survivor regions: 0->0(7)
[132.388s][info][gc,heap        ] GC(391) Old regions: 10->10
[132.389s][info][gc,heap        ] GC(391) Humongous regions: 100->100
[132.389s][info][gc,metaspace   ] GC(391) Metaspace: 17850K(18304K)->17850K(18304K) NonClass: 15873K(16128K)->15873K(16128K) Class: 1976K(2176K)->1976K(2176K)
[132.389s][info][gc             ] GC(391) Pause Young (Concurrent Start) (G1 Humongous Allocation) 206M->206M(388M) 2.439ms
[132.389s][info][gc,cpu         ] GC(391) User=0.03s Sys=0.00s Real=0.00s
[132.389s][info][gc             ] GC(392) Concurrent Mark Cycle
[132.389s][info][gc,marking     ] GC(392) Concurrent Scan Root Regions
[132.389s][info][gc,marking     ] GC(392) Concurrent Scan Root Regions 0.018ms
[132.389s][info][gc,marking     ] GC(392) Concurrent Mark
[132.389s][info][gc,marking     ] GC(392) Concurrent Mark From Roots
[132.389s][info][gc,task        ] GC(392) Using 2 workers of 2 for marking
[132.400s][info][gc,marking     ] GC(392) Concurrent Mark From Roots 11.381ms
[132.400s][info][gc,marking     ] GC(392) Concurrent Preclean
[132.400s][info][gc,marking     ] GC(392) Concurrent Preclean 0.184ms
[132.401s][info][gc,start       ] GC(392) Pause Remark
[132.402s][info][gc             ] GC(392) Pause Remark 346M->146M(388M) 1.399ms
[132.402s][info][gc,cpu         ] GC(392) User=0.00s Sys=0.00s Real=0.00s
[132.402s][info][gc,marking     ] GC(392) Concurrent Mark 13.420ms
[132.402s][info][gc,marking     ] GC(392) Concurrent Rebuild Remembered Sets and Scrub Regions
[132.406s][info][gc,marking     ] GC(392) Concurrent Rebuild Remembered Sets and Scrub Regions 3.927ms
[132.406s][info][gc,start       ] GC(392) Pause Cleanup
[132.407s][info][gc             ] GC(392) Pause Cleanup 196M->196M(388M) 0.183ms
[132.407s][info][gc,cpu         ] GC(392) User=0.00s Sys=0.00s Real=0.00s
[132.407s][info][gc,marking     ] GC(392) Concurrent Clear Claimed Marks
[132.407s][info][gc,marking     ] GC(392) Concurrent Clear Claimed Marks 0.075ms
[132.407s][info][gc,marking     ] GC(392) Concurrent Cleanup for Next Mark
[132.408s][info][gc,marking     ] GC(392) Concurrent Cleanup for Next Mark 0.882ms
[132.408s][info][gc             ] GC(392) Concurrent Mark Cycle 19.355ms
[133.409s][info][gc,start       ] GC(393) Pause Full (System.gc())
[133.409s][info][gc,task        ] GC(393) Using 8 workers of 8 for full compaction
[133.409s][info][gc,phases,start] GC(393) Phase 1: Mark live objects
[133.413s][info][gc,phases      ] GC(393) Phase 1: Mark live objects 3.970ms
[133.413s][info][gc,phases,start] GC(393) Phase 2: Prepare compaction
[133.414s][info][gc,phases      ] GC(393) Phase 2: Prepare compaction 0.398ms
[133.414s][info][gc,phases,start] GC(393) Phase 3: Adjust pointers
[133.417s][info][gc,phases      ] GC(393) Phase 3: Adjust pointers 2.584ms
[133.417s][info][gc,phases,start] GC(393) Phase 4: Compact heap
[133.417s][info][gc,phases      ] GC(393) Phase 4: Compact heap 0.285ms
[133.417s][info][gc,phases,start] GC(393) Phase 5: Reset Metadata
[133.418s][info][gc,phases      ] GC(393) Phase 5: Reset Metadata 0.703ms
[133.420s][info][gc,heap        ] GC(393) Eden regions: 1->0(56)
[133.420s][info][gc,heap        ] GC(393) Survivor regions: 0->0(7)
[133.420s][info][gc,heap        ] GC(393) Old regions: 10->10
[133.420s][info][gc,heap        ] GC(393) Humongous regions: 100->100
[133.420s][info][gc,metaspace   ] GC(393) Metaspace: 17851K(18304K)->17851K(18304K) NonClass: 15874K(16128K)->15874K(16128K) Class: 1976K(2176K)->1976K(2176K)
[133.420s][info][gc             ] GC(393) Pause Full (System.gc()) 208M->206M(388M) 11.450ms
[133.421s][info][gc,cpu         ] GC(393) User=0.09s Sys=0.02s Real=0.01s
[133.421s][info][gc,start       ] GC(394) Pause Young (Concurrent Start) (G1 Humongous Allocation)
[133.421s][info][gc,task        ] GC(394) Using 8 workers of 8 for evacuation
[133.422s][info][gc,phases      ] GC(394)   Pre Evacuate Collection Set: 0.2ms
[133.422s][info][gc,phases      ] GC(394)   Merge Heap Roots: 0.0ms
[133.422s][info][gc,phases      ] GC(394)   Evacuate Collection Set: 0.5ms
[133.422s][info][gc,phases      ] GC(394)   Post Evacuate Collection Set: 0.2ms
[133.422s][info][gc,phases      ] GC(394)   Other: 0.1ms
[133.422s][info][gc,heap        ] GC(394) Eden regions: 0->0(56)
[133.422s][info][gc,heap        ] GC(394) Survivor regions: 0->0(7)
[133.422s][info][gc,heap        ] GC(394) Old regions: 10->10
[133.422s][info][gc,heap        ] GC(394) Humongous regions: 100->100
[133.422s][info][gc,metaspace   ] GC(394) Metaspace: 17851K(18304K)->17851K(18304K) NonClass: 15874K(16128K)->15874K(16128K) Class: 1976K(2176K)->1976K(2176K)
[133.422s][info][gc             ] GC(394) Pause Young (Concurrent Start) (G1 Humongous Allocation) 206M->206M(388M) 1.272ms
[133.422s][info][gc,cpu         ] GC(394) User=0.00s Sys=0.00s Real=0.00s
[133.422s][info][gc             ] GC(395) Concurrent Mark Cycle
[133.422s][info][gc,marking     ] GC(395) Concurrent Scan Root Regions
[133.422s][info][gc,marking     ] GC(395) Concurrent Scan Root Regions 0.025ms
[133.422s][info][gc,marking     ] GC(395) Concurrent Mark
[133.422s][info][gc,marking     ] GC(395) Concurrent Mark From Roots
[133.423s][info][gc,task        ] GC(395) Using 2 workers of 2 for marking
[133.433s][info][gc,marking     ] GC(395) Concurrent Mark From Roots 10.476ms
[133.433s][info][gc,marking     ] GC(395) Concurrent Preclean
[133.433s][info][gc,marking     ] GC(395) Concurrent Preclean 0.178ms
[133.433s][info][gc,start       ] GC(395) Pause Remark
[133.435s][info][gc             ] GC(395) Pause Remark 340M->140M(388M) 1.245ms
[133.435s][info][gc,cpu         ] GC(395) User=0.06s Sys=0.03s Real=0.00s
[133.435s][info][gc,marking     ] GC(395) Concurrent Mark 12.245ms
[133.435s][info][gc,marking     ] GC(395) Concurrent Rebuild Remembered Sets and Scrub Regions
[133.438s][info][gc,marking     ] GC(395) Concurrent Rebuild Remembered Sets and Scrub Regions 2.966ms
[133.438s][info][gc,start       ] GC(395) Pause Cleanup
[133.438s][info][gc             ] GC(395) Pause Cleanup 184M->184M(388M) 0.175ms
[133.438s][info][gc,cpu         ] GC(395) User=0.00s Sys=0.00s Real=0.00s
[133.438s][info][gc,marking     ] GC(395) Concurrent Clear Claimed Marks
[133.438s][info][gc,marking     ] GC(395) Concurrent Clear Claimed Marks 0.086ms
[133.438s][info][gc,marking     ] GC(395) Concurrent Cleanup for Next Mark
[133.439s][info][gc,marking     ] GC(395) Concurrent Cleanup for Next Mark 1.025ms
[133.439s][info][gc             ] GC(395) Concurrent Mark Cycle 17.152ms
[134.441s][info][gc,start       ] GC(396) Pause Full (System.gc())
[134.441s][info][gc,task        ] GC(396) Using 8 workers of 8 for full compaction
[134.441s][info][gc,phases,start] GC(396) Phase 1: Mark live objects
[134.448s][info][gc,phases      ] GC(396) Phase 1: Mark live objects 6.273ms
[134.448s][info][gc,phases,start] GC(396) Phase 2: Prepare compaction
[134.448s][info][gc,phases      ] GC(396) Phase 2: Prepare compaction 0.429ms
[134.448s][info][gc,phases,start] GC(396) Phase 3: Adjust pointers
[134.451s][info][gc,phases      ] GC(396) Phase 3: Adjust pointers 2.527ms
[134.451s][info][gc,phases,start] GC(396) Phase 4: Compact heap
[134.451s][info][gc,phases      ] GC(396) Phase 4: Compact heap 0.396ms
[134.451s][info][gc,phases,start] GC(396) Phase 5: Reset Metadata
[134.452s][info][gc,phases      ] GC(396) Phase 5: Reset Metadata 0.699ms
[134.455s][info][gc,heap        ] GC(396) Eden regions: 1->0(56)
[134.455s][info][gc,heap        ] GC(396) Survivor regions: 0->0(7)
[134.455s][info][gc,heap        ] GC(396) Old regions: 10->10
[134.455s][info][gc,heap        ] GC(396) Humongous regions: 100->100
[134.455s][info][gc,metaspace   ] GC(396) Metaspace: 17851K(18304K)->17851K(18304K) NonClass: 15874K(16128K)->15874K(16128K) Class: 1976K(2176K)->1976K(2176K)
[134.455s][info][gc             ] GC(396) Pause Full (System.gc()) 208M->206M(388M) 13.634ms
[134.455s][info][gc,cpu         ] GC(396) User=0.06s Sys=0.00s Real=0.01s
[134.455s][info][gc,start       ] GC(397) Pause Young (Concurrent Start) (G1 Humongous Allocation)
[134.455s][info][gc,task        ] GC(397) Using 8 workers of 8 for evacuation
[134.456s][info][gc,phases      ] GC(397)   Pre Evacuate Collection Set: 0.1ms
[134.456s][info][gc,phases      ] GC(397)   Merge Heap Roots: 0.0ms
[134.456s][info][gc,phases      ] GC(397)   Evacuate Collection Set: 0.4ms
[134.456s][info][gc,phases      ] GC(397)   Post Evacuate Collection Set: 0.1ms
[134.456s][info][gc,phases      ] GC(397)   Other: 0.1ms
[134.456s][info][gc,heap        ] GC(397) Eden regions: 0->0(56)
[134.456s][info][gc,heap        ] GC(397) Survivor regions: 0->0(7)
[134.456s][info][gc,heap        ] GC(397) Old regions: 10->10
[134.456s][info][gc,heap        ] GC(397) Humongous regions: 100->100
[134.456s][info][gc,metaspace   ] GC(397) Metaspace: 17851K(18304K)->17851K(18304K) NonClass: 15874K(16128K)->15874K(16128K) Class: 1976K(2176K)->1976K(2176K)
[134.456s][info][gc             ] GC(397) Pause Young (Concurrent Start) (G1 Humongous Allocation) 206M->206M(388M) 1.139ms
[134.456s][info][gc             ] GC(398) Concurrent Mark Cycle
[134.456s][info][gc,cpu         ] GC(397) User=0.00s Sys=0.00s Real=0.00s
[134.456s][info][gc,marking     ] GC(398) Concurrent Scan Root Regions
[134.456s][info][gc,marking     ] GC(398) Concurrent Scan Root Regions 0.042ms
[134.456s][info][gc,marking     ] GC(398) Concurrent Mark
[134.456s][info][gc,marking     ] GC(398) Concurrent Mark From Roots
[134.456s][info][gc,task        ] GC(398) Using 2 workers of 2 for marking
[134.469s][info][gc,marking     ] GC(398) Concurrent Mark From Roots 13.128ms
[134.469s][info][gc,marking     ] GC(398) Concurrent Preclean
[134.470s][info][gc,marking     ] GC(398) Concurrent Preclean 0.354ms
[134.470s][info][gc,start       ] GC(398) Pause Remark
[134.471s][info][gc             ] GC(398) Pause Remark 360M->160M(388M) 1.372ms
[134.471s][info][gc,cpu         ] GC(398) User=0.00s Sys=0.00s Real=0.00s
[134.471s][info][gc,marking     ] GC(398) Concurrent Mark 15.362ms
[134.471s][info][gc,marking     ] GC(398) Concurrent Rebuild Remembered Sets and Scrub Regions
[134.475s][info][gc,marking     ] GC(398) Concurrent Rebuild Remembered Sets and Scrub Regions 3.920ms
[134.476s][info][gc,start       ] GC(398) Pause Cleanup
[134.476s][info][gc             ] GC(398) Pause Cleanup 207M->207M(388M) 0.147ms
[134.476s][info][gc,cpu         ] GC(398) User=0.00s Sys=0.00s Real=0.00s
[134.476s][info][gc,marking     ] GC(398) Concurrent Clear Claimed Marks
[134.476s][info][gc,marking     ] GC(398) Concurrent Clear Claimed Marks 0.065ms
[134.476s][info][gc,marking     ] GC(398) Concurrent Cleanup for Next Mark
[134.476s][info][gc,marking     ] GC(398) Concurrent Cleanup for Next Mark 0.492ms
[134.476s][info][gc             ] GC(398) Concurrent Mark Cycle 20.485ms
[135.476s][info][gc,start       ] GC(399) Pause Full (System.gc())
[135.476s][info][gc,task        ] GC(399) Using 8 workers of 8 for full compaction
[135.476s][info][gc,phases,start] GC(399) Phase 1: Mark live objects
[135.481s][info][gc,phases      ] GC(399) Phase 1: Mark live objects 5.147ms
[135.482s][info][gc,phases,start] GC(399) Phase 2: Prepare compaction
[135.482s][info][gc,phases      ] GC(399) Phase 2: Prepare compaction 0.551ms
[135.482s][info][gc,phases,start] GC(399) Phase 3: Adjust pointers
[135.486s][info][gc,phases      ] GC(399) Phase 3: Adjust pointers 3.733ms
[135.486s][info][gc,phases,start] GC(399) Phase 4: Compact heap
[135.487s][info][gc,phases      ] GC(399) Phase 4: Compact heap 0.461ms
[135.487s][info][gc,phases,start] GC(399) Phase 5: Reset Metadata
[135.487s][info][gc,phases      ] GC(399) Phase 5: Reset Metadata 0.760ms
[135.491s][info][gc,heap        ] GC(399) Eden regions: 1->0(56)
[135.491s][info][gc,heap        ] GC(399) Survivor regions: 0->0(7)
[135.491s][info][gc,heap        ] GC(399) Old regions: 10->10
[135.491s][info][gc,heap        ] GC(399) Humongous regions: 100->100
[135.491s][info][gc,metaspace   ] GC(399) Metaspace: 17851K(18304K)->17851K(18304K) NonClass: 15874K(16128K)->15874K(16128K) Class: 1976K(2176K)->1976K(2176K)
[135.491s][info][gc             ] GC(399) Pause Full (System.gc()) 208M->206M(388M) 14.870ms
[135.491s][info][gc,cpu         ] GC(399) User=0.08s Sys=0.00s Real=0.02s
[135.491s][info][gc,start       ] GC(400) Pause Young (Concurrent Start) (G1 Humongous Allocation)
[135.491s][info][gc,task        ] GC(400) Using 8 workers of 8 for evacuation
[135.492s][info][gc,phases      ] GC(400)   Pre Evacuate Collection Set: 0.1ms
[135.492s][info][gc,phases      ] GC(400)   Merge Heap Roots: 0.0ms
[135.492s][info][gc,phases      ] GC(400)   Evacuate Collection Set: 0.5ms
[135.492s][info][gc,phases      ] GC(400)   Post Evacuate Collection Set: 0.2ms
[135.492s][info][gc,phases      ] GC(400)   Other: 0.1ms
[135.492s][info][gc,heap        ] GC(400) Eden regions: 0->0(56)
[135.492s][info][gc,heap        ] GC(400) Survivor regions: 0->0(7)
[135.492s][info][gc,heap        ] GC(400) Old regions: 10->10
[135.492s][info][gc,heap        ] GC(400) Humongous regions: 100->100
[135.492s][info][gc,metaspace   ] GC(400) Metaspace: 17851K(18304K)->17851K(18304K) NonClass: 15874K(16128K)->15874K(16128K) Class: 1976K(2176K)->1976K(2176K)
[135.492s][info][gc             ] GC(400) Pause Young (Concurrent Start) (G1 Humongous Allocation) 206M->206M(388M) 1.262ms
[135.492s][info][gc             ] GC(401) Concurrent Mark Cycle
[135.492s][info][gc,cpu         ] GC(400) User=0.00s Sys=0.00s Real=0.00s
[135.492s][info][gc,marking     ] GC(401) Concurrent Scan Root Regions
[135.492s][info][gc,marking     ] GC(401) Concurrent Scan Root Regions 0.047ms
[135.492s][info][gc,marking     ] GC(401) Concurrent Mark
[135.492s][info][gc,marking     ] GC(401) Concurrent Mark From Roots
[135.492s][info][gc,task        ] GC(401) Using 2 workers of 2 for marking
[135.503s][info][gc,marking     ] GC(401) Concurrent Mark From Roots 10.804ms
[135.503s][info][gc,marking     ] GC(401) Concurrent Preclean
[135.504s][info][gc,marking     ] GC(401) Concurrent Preclean 0.212ms
[135.504s][info][gc,start       ] GC(401) Pause Remark
[135.506s][info][gc             ] GC(401) Pause Remark 350M->150M(388M) 2.419ms
[135.506s][info][gc,cpu         ] GC(401) User=0.00s Sys=0.00s Real=0.00s
[135.506s][info][gc,marking     ] GC(401) Concurrent Mark 13.979ms
[135.506s][info][gc,marking     ] GC(401) Concurrent Rebuild Remembered Sets and Scrub Regions
[135.510s][info][gc,marking     ] GC(401) Concurrent Rebuild Remembered Sets and Scrub Regions 3.456ms
[135.510s][info][gc,start       ] GC(401) Pause Cleanup
[135.510s][info][gc             ] GC(401) Pause Cleanup 200M->200M(388M) 0.121ms
[135.510s][info][gc,cpu         ] GC(401) User=0.00s Sys=0.00s Real=0.00s
[135.510s][info][gc,marking     ] GC(401) Concurrent Clear Claimed Marks
[135.510s][info][gc,marking     ] GC(401) Concurrent Clear Claimed Marks 0.074ms
[135.510s][info][gc,marking     ] GC(401) Concurrent Cleanup for Next Mark
[135.511s][info][gc,marking     ] GC(401) Concurrent Cleanup for Next Mark 0.811ms
[135.511s][info][gc             ] GC(401) Concurrent Mark Cycle 19.071ms
[136.512s][info][gc,start       ] GC(402) Pause Full (System.gc())
[136.512s][info][gc,task        ] GC(402) Using 8 workers of 8 for full compaction
[136.512s][info][gc,phases,start] GC(402) Phase 1: Mark live objects
[136.517s][info][gc,phases      ] GC(402) Phase 1: Mark live objects 4.832ms
[136.517s][info][gc,phases,start] GC(402) Phase 2: Prepare compaction
[136.517s][info][gc,phases      ] GC(402) Phase 2: Prepare compaction 0.428ms
[136.518s][info][gc,phases,start] GC(402) Phase 3: Adjust pointers
[136.520s][info][gc,phases      ] GC(402) Phase 3: Adjust pointers 2.447ms
[136.520s][info][gc,phases,start] GC(402) Phase 4: Compact heap
[136.521s][info][gc,phases      ] GC(402) Phase 4: Compact heap 0.491ms
[136.521s][info][gc,phases,start] GC(402) Phase 5: Reset Metadata
[136.521s][info][gc,phases      ] GC(402) Phase 5: Reset Metadata 0.679ms
[136.524s][info][gc,heap        ] GC(402) Eden regions: 1->0(56)
[136.524s][info][gc,heap        ] GC(402) Survivor regions: 0->0(7)
[136.524s][info][gc,heap        ] GC(402) Old regions: 10->10
[136.524s][info][gc,heap        ] GC(402) Humongous regions: 100->100
[136.524s][info][gc,metaspace   ] GC(402) Metaspace: 17851K(18304K)->17851K(18304K) NonClass: 15874K(16128K)->15874K(16128K) Class: 1976K(2176K)->1976K(2176K)
[136.524s][info][gc             ] GC(402) Pause Full (System.gc()) 208M->206M(388M) 12.341ms
[136.524s][info][gc,cpu         ] GC(402) User=0.00s Sys=0.02s Real=0.01s
[136.524s][info][gc,start       ] GC(403) Pause Young (Concurrent Start) (G1 Humongous Allocation)
[136.524s][info][gc,task        ] GC(403) Using 8 workers of 8 for evacuation
[136.525s][info][gc,phases      ] GC(403)   Pre Evacuate Collection Set: 0.1ms
[136.525s][info][gc,phases      ] GC(403)   Merge Heap Roots: 0.0ms
[136.525s][info][gc,phases      ] GC(403)   Evacuate Collection Set: 0.6ms
[136.525s][info][gc,phases      ] GC(403)   Post Evacuate Collection Set: 0.2ms
[136.525s][info][gc,phases      ] GC(403)   Other: 0.1ms
[136.526s][info][gc,heap        ] GC(403) Eden regions: 0->0(56)
[136.526s][info][gc,heap        ] GC(403) Survivor regions: 0->0(7)
[136.526s][info][gc,heap        ] GC(403) Old regions: 10->10
[136.526s][info][gc,heap        ] GC(403) Humongous regions: 100->100
[136.526s][info][gc,metaspace   ] GC(403) Metaspace: 17851K(18304K)->17851K(18304K) NonClass: 15874K(16128K)->15874K(16128K) Class: 1976K(2176K)->1976K(2176K)
[136.526s][info][gc             ] GC(403) Pause Young (Concurrent Start) (G1 Humongous Allocation) 206M->206M(388M) 1.483ms
[136.526s][info][gc,cpu         ] GC(403) User=0.00s Sys=0.00s Real=0.00s
[136.526s][info][gc             ] GC(404) Concurrent Mark Cycle
[136.526s][info][gc,marking     ] GC(404) Concurrent Scan Root Regions
[136.526s][info][gc,marking     ] GC(404) Concurrent Scan Root Regions 0.028ms
[136.526s][info][gc,marking     ] GC(404) Concurrent Mark
[136.526s][info][gc,marking     ] GC(404) Concurrent Mark From Roots
[136.526s][info][gc,task        ] GC(404) Using 2 workers of 2 for marking
[136.536s][info][gc,marking     ] GC(404) Concurrent Mark From Roots 9.732ms
[136.536s][info][gc,marking     ] GC(404) Concurrent Preclean
[136.536s][info][gc,marking     ] GC(404) Concurrent Preclean 0.236ms
[136.536s][info][gc,start       ] GC(404) Pause Remark
[136.538s][info][gc             ] GC(404) Pause Remark 338M->138M(388M) 1.869ms
[136.538s][info][gc,cpu         ] GC(404) User=0.00s Sys=0.00s Real=0.00s
[136.538s][info][gc,marking     ] GC(404) Concurrent Mark 12.308ms
[136.538s][info][gc,marking     ] GC(404) Concurrent Rebuild Remembered Sets and Scrub Regions
[136.541s][info][gc,marking     ] GC(404) Concurrent Rebuild Remembered Sets and Scrub Regions 3.022ms
[136.542s][info][gc,start       ] GC(404) Pause Cleanup
[136.542s][info][gc             ] GC(404) Pause Cleanup 180M->180M(388M) 0.199ms
[136.542s][info][gc,cpu         ] GC(404) User=0.00s Sys=0.00s Real=0.00s
[136.542s][info][gc,marking     ] GC(404) Concurrent Clear Claimed Marks
[136.542s][info][gc,marking     ] GC(404) Concurrent Clear Claimed Marks 0.079ms
[136.542s][info][gc,marking     ] GC(404) Concurrent Cleanup for Next Mark
[136.543s][info][gc,marking     ] GC(404) Concurrent Cleanup for Next Mark 0.764ms
[136.543s][info][gc             ] GC(404) Concurrent Mark Cycle 17.133ms
[137.546s][info][gc,start       ] GC(405) Pause Full (System.gc())
[137.547s][info][gc,task        ] GC(405) Using 8 workers of 8 for full compaction
[137.547s][info][gc,phases,start] GC(405) Phase 1: Mark live objects
[137.550s][info][gc,phases      ] GC(405) Phase 1: Mark live objects 3.604ms
[137.550s][info][gc,phases,start] GC(405) Phase 2: Prepare compaction
[137.551s][info][gc,phases      ] GC(405) Phase 2: Prepare compaction 0.429ms
[137.551s][info][gc,phases,start] GC(405) Phase 3: Adjust pointers
[137.553s][info][gc,phases      ] GC(405) Phase 3: Adjust pointers 2.288ms
[137.553s][info][gc,phases,start] GC(405) Phase 4: Compact heap
[137.554s][info][gc,phases      ] GC(405) Phase 4: Compact heap 0.276ms
[137.554s][info][gc,phases,start] GC(405) Phase 5: Reset Metadata
[137.554s][info][gc,phases      ] GC(405) Phase 5: Reset Metadata 0.596ms
[137.556s][info][gc,heap        ] GC(405) Eden regions: 1->0(56)
[137.556s][info][gc,heap        ] GC(405) Survivor regions: 0->0(7)
[137.557s][info][gc,heap        ] GC(405) Old regions: 10->10
[137.557s][info][gc,heap        ] GC(405) Humongous regions: 100->100
[137.557s][info][gc,metaspace   ] GC(405) Metaspace: 17851K(18304K)->17851K(18304K) NonClass: 15874K(16128K)->15874K(16128K) Class: 1976K(2176K)->1976K(2176K)
[137.557s][info][gc             ] GC(405) Pause Full (System.gc()) 208M->206M(388M) 10.082ms
[137.557s][info][gc,cpu         ] GC(405) User=0.00s Sys=0.00s Real=0.01s
[137.557s][info][gc,start       ] GC(406) Pause Young (Concurrent Start) (G1 Humongous Allocation)
[137.557s][info][gc,task        ] GC(406) Using 8 workers of 8 for evacuation
[137.557s][info][gc,phases      ] GC(406)   Pre Evacuate Collection Set: 0.1ms
[137.557s][info][gc,phases      ] GC(406)   Merge Heap Roots: 0.0ms
[137.557s][info][gc,phases      ] GC(406)   Evacuate Collection Set: 0.3ms
[137.557s][info][gc,phases      ] GC(406)   Post Evacuate Collection Set: 0.1ms
[137.557s][info][gc,phases      ] GC(406)   Other: 0.1ms
[137.557s][info][gc,heap        ] GC(406) Eden regions: 0->0(56)
[137.557s][info][gc,heap        ] GC(406) Survivor regions: 0->0(7)
[137.557s][info][gc,heap        ] GC(406) Old regions: 10->10
[137.557s][info][gc,heap        ] GC(406) Humongous regions: 100->100
[137.557s][info][gc,metaspace   ] GC(406) Metaspace: 17851K(18304K)->17851K(18304K) NonClass: 15874K(16128K)->15874K(16128K) Class: 1976K(2176K)->1976K(2176K)
[137.558s][info][gc             ] GC(406) Pause Young (Concurrent Start) (G1 Humongous Allocation) 206M->206M(388M) 0.837ms
[137.558s][info][gc,cpu         ] GC(406) User=0.00s Sys=0.00s Real=0.00s
[137.558s][info][gc             ] GC(407) Concurrent Mark Cycle
[137.558s][info][gc,marking     ] GC(407) Concurrent Scan Root Regions
[137.558s][info][gc,marking     ] GC(407) Concurrent Scan Root Regions 0.018ms
[137.558s][info][gc,marking     ] GC(407) Concurrent Mark
[137.558s][info][gc,marking     ] GC(407) Concurrent Mark From Roots
[137.558s][info][gc,task        ] GC(407) Using 2 workers of 2 for marking
[137.567s][info][gc,marking     ] GC(407) Concurrent Mark From Roots 9.529ms
[137.567s][info][gc,marking     ] GC(407) Concurrent Preclean
[137.568s][info][gc,marking     ] GC(407) Concurrent Preclean 0.257ms
[137.568s][info][gc,start       ] GC(407) Pause Remark
[137.569s][info][gc             ] GC(407) Pause Remark 336M->136M(388M) 1.064ms
[137.569s][info][gc,cpu         ] GC(407) User=0.00s Sys=0.00s Real=0.00s
[137.569s][info][gc,marking     ] GC(407) Concurrent Mark 11.252ms
[137.569s][info][gc,marking     ] GC(407) Concurrent Rebuild Remembered Sets and Scrub Regions
[137.572s][info][gc,marking     ] GC(407) Concurrent Rebuild Remembered Sets and Scrub Regions 3.045ms
[137.572s][info][gc,start       ] GC(407) Pause Cleanup
[137.573s][info][gc             ] GC(407) Pause Cleanup 182M->182M(388M) 0.435ms
[137.573s][info][gc,cpu         ] GC(407) User=0.00s Sys=0.00s Real=0.00s
[137.573s][info][gc,marking     ] GC(407) Concurrent Clear Claimed Marks
[137.573s][info][gc,marking     ] GC(407) Concurrent Clear Claimed Marks 0.097ms
[137.573s][info][gc,marking     ] GC(407) Concurrent Cleanup for Next Mark
[137.574s][info][gc,marking     ] GC(407) Concurrent Cleanup for Next Mark 1.091ms
[137.575s][info][gc             ] GC(407) Concurrent Mark Cycle 17.068ms
[138.577s][info][gc,start       ] GC(408) Pause Full (System.gc())
[138.577s][info][gc,task        ] GC(408) Using 8 workers of 8 for full compaction
[138.577s][info][gc,phases,start] GC(408) Phase 1: Mark live objects
[138.581s][info][gc,phases      ] GC(408) Phase 1: Mark live objects 3.582ms
[138.581s][info][gc,phases,start] GC(408) Phase 2: Prepare compaction
[138.581s][info][gc,phases      ] GC(408) Phase 2: Prepare compaction 0.436ms
[138.582s][info][gc,phases,start] GC(408) Phase 3: Adjust pointers
[138.584s][info][gc,phases      ] GC(408) Phase 3: Adjust pointers 2.154ms
[138.584s][info][gc,phases,start] GC(408) Phase 4: Compact heap
[138.584s][info][gc,phases      ] GC(408) Phase 4: Compact heap 0.276ms
[138.584s][info][gc,phases,start] GC(408) Phase 5: Reset Metadata
[138.585s][info][gc,phases      ] GC(408) Phase 5: Reset Metadata 0.680ms
[138.587s][info][gc,heap        ] GC(408) Eden regions: 1->0(56)
[138.587s][info][gc,heap        ] GC(408) Survivor regions: 0->0(7)
[138.587s][info][gc,heap        ] GC(408) Old regions: 10->10
[138.587s][info][gc,heap        ] GC(408) Humongous regions: 100->100
[138.587s][info][gc,metaspace   ] GC(408) Metaspace: 17859K(18304K)->17859K(18304K) NonClass: 15880K(16128K)->15880K(16128K) Class: 1978K(2176K)->1978K(2176K)
[138.587s][info][gc             ] GC(408) Pause Full (System.gc()) 208M->206M(388M) 10.338ms
[138.587s][info][gc,cpu         ] GC(408) User=0.00s Sys=0.00s Real=0.01s
[138.588s][info][gc,start       ] GC(409) Pause Young (Concurrent Start) (G1 Humongous Allocation)
[138.588s][info][gc,task        ] GC(409) Using 8 workers of 8 for evacuation
[138.588s][info][gc,phases      ] GC(409)   Pre Evacuate Collection Set: 0.1ms
[138.588s][info][gc,phases      ] GC(409)   Merge Heap Roots: 0.0ms
[138.588s][info][gc,phases      ] GC(409)   Evacuate Collection Set: 0.3ms
[138.588s][info][gc,phases      ] GC(409)   Post Evacuate Collection Set: 0.2ms
[138.588s][info][gc,phases      ] GC(409)   Other: 0.1ms
[138.588s][info][gc,heap        ] GC(409) Eden regions: 0->0(56)
[138.588s][info][gc,heap        ] GC(409) Survivor regions: 0->0(7)
[138.589s][info][gc,heap        ] GC(409) Old regions: 10->10
[138.589s][info][gc,heap        ] GC(409) Humongous regions: 100->100
[138.589s][info][gc,metaspace   ] GC(409) Metaspace: 17859K(18304K)->17859K(18304K) NonClass: 15880K(16128K)->15880K(16128K) Class: 1978K(2176K)->1978K(2176K)
[138.589s][info][gc             ] GC(409) Pause Young (Concurrent Start) (G1 Humongous Allocation) 206M->206M(388M) 1.027ms
[138.589s][info][gc,cpu         ] GC(409) User=0.00s Sys=0.00s Real=0.00s
[138.589s][info][gc             ] GC(410) Concurrent Mark Cycle
[138.589s][info][gc,marking     ] GC(410) Concurrent Scan Root Regions
[138.589s][info][gc,marking     ] GC(410) Concurrent Scan Root Regions 0.022ms
[138.589s][info][gc,marking     ] GC(410) Concurrent Mark
[138.589s][info][gc,marking     ] GC(410) Concurrent Mark From Roots
[138.589s][info][gc,task        ] GC(410) Using 2 workers of 2 for marking
[138.600s][info][gc,marking     ] GC(410) Concurrent Mark From Roots 10.754ms
[138.600s][info][gc,marking     ] GC(410) Concurrent Preclean
[138.600s][info][gc,marking     ] GC(410) Concurrent Preclean 0.218ms
[138.600s][info][gc,start       ] GC(410) Pause Remark
[138.601s][info][gc             ] GC(410) Pause Remark 350M->150M(388M) 1.207ms
[138.601s][info][gc,cpu         ] GC(410) User=0.00s Sys=0.00s Real=0.00s
[138.601s][info][gc,marking     ] GC(410) Concurrent Mark 12.704ms
[138.601s][info][gc,marking     ] GC(410) Concurrent Rebuild Remembered Sets and Scrub Regions
[138.606s][info][gc,marking     ] GC(410) Concurrent Rebuild Remembered Sets and Scrub Regions 4.451ms
[138.606s][info][gc,start       ] GC(410) Pause Cleanup
[138.606s][info][gc             ] GC(410) Pause Cleanup 190M->190M(388M) 0.170ms
[138.607s][info][gc,cpu         ] GC(410) User=0.00s Sys=0.00s Real=0.00s
[138.607s][info][gc,marking     ] GC(410) Concurrent Clear Claimed Marks
[138.607s][info][gc,marking     ] GC(410) Concurrent Clear Claimed Marks 0.088ms
[138.607s][info][gc,marking     ] GC(410) Concurrent Cleanup for Next Mark
[138.608s][info][gc,marking     ] GC(410) Concurrent Cleanup for Next Mark 0.900ms
[138.608s][info][gc             ] GC(410) Concurrent Mark Cycle 19.162ms
[139.610s][info][gc,start       ] GC(411) Pause Full (System.gc())
[139.610s][info][gc,task        ] GC(411) Using 8 workers of 8 for full compaction
[139.610s][info][gc,phases,start] GC(411) Phase 1: Mark live objects
[139.615s][info][gc,phases      ] GC(411) Phase 1: Mark live objects 4.119ms
[139.615s][info][gc,phases,start] GC(411) Phase 2: Prepare compaction
[139.615s][info][gc,phases      ] GC(411) Phase 2: Prepare compaction 0.338ms
[139.615s][info][gc,phases,start] GC(411) Phase 3: Adjust pointers
[139.618s][info][gc,phases      ] GC(411) Phase 3: Adjust pointers 2.467ms
[139.618s][info][gc,phases,start] GC(411) Phase 4: Compact heap
[139.618s][info][gc,phases      ] GC(411) Phase 4: Compact heap 0.389ms
[139.618s][info][gc,phases,start] GC(411) Phase 5: Reset Metadata
[139.619s][info][gc,phases      ] GC(411) Phase 5: Reset Metadata 0.771ms
[139.622s][info][gc,heap        ] GC(411) Eden regions: 2->0(56)
[139.622s][info][gc,heap        ] GC(411) Survivor regions: 0->0(7)
[139.622s][info][gc,heap        ] GC(411) Old regions: 10->10
[139.622s][info][gc,heap        ] GC(411) Humongous regions: 100->100
[139.622s][info][gc,metaspace   ] GC(411) Metaspace: 17868K(18304K)->17868K(18304K) NonClass: 15888K(16128K)->15888K(16128K) Class: 1979K(2176K)->1979K(2176K)
[139.622s][info][gc             ] GC(411) Pause Full (System.gc()) 209M->206M(388M) 12.227ms
[139.622s][info][gc,cpu         ] GC(411) User=0.00s Sys=0.02s Real=0.01s
[139.622s][info][gc,start       ] GC(412) Pause Young (Concurrent Start) (G1 Humongous Allocation)
[139.623s][info][gc,task        ] GC(412) Using 8 workers of 8 for evacuation
[139.623s][info][gc,phases      ] GC(412)   Pre Evacuate Collection Set: 0.1ms
[139.623s][info][gc,phases      ] GC(412)   Merge Heap Roots: 0.0ms
[139.623s][info][gc,phases      ] GC(412)   Evacuate Collection Set: 0.4ms
[139.624s][info][gc,phases      ] GC(412)   Post Evacuate Collection Set: 0.2ms
[139.624s][info][gc,phases      ] GC(412)   Other: 0.1ms
[139.624s][info][gc,heap        ] GC(412) Eden regions: 0->0(56)
[139.624s][info][gc,heap        ] GC(412) Survivor regions: 0->0(7)
[139.624s][info][gc,heap        ] GC(412) Old regions: 10->10
[139.624s][info][gc,heap        ] GC(412) Humongous regions: 100->100
[139.624s][info][gc,metaspace   ] GC(412) Metaspace: 17868K(18304K)->17868K(18304K) NonClass: 15888K(16128K)->15888K(16128K) Class: 1979K(2176K)->1979K(2176K)
[139.624s][info][gc             ] GC(412) Pause Young (Concurrent Start) (G1 Humongous Allocation) 206M->206M(388M) 1.226ms
[139.624s][info][gc,cpu         ] GC(412) User=0.00s Sys=0.00s Real=0.00s
[139.624s][info][gc             ] GC(413) Concurrent Mark Cycle
[139.624s][info][gc,marking     ] GC(413) Concurrent Scan Root Regions
[139.624s][info][gc,marking     ] GC(413) Concurrent Scan Root Regions 0.025ms
[139.624s][info][gc,marking     ] GC(413) Concurrent Mark
[139.624s][info][gc,marking     ] GC(413) Concurrent Mark From Roots
[139.624s][info][gc,task        ] GC(413) Using 2 workers of 2 for marking
[139.636s][info][gc,marking     ] GC(413) Concurrent Mark From Roots 12.268ms
[139.636s][info][gc,marking     ] GC(413) Concurrent Preclean
[139.637s][info][gc,marking     ] GC(413) Concurrent Preclean 0.280ms
[139.637s][info][gc,start       ] GC(413) Pause Remark
[139.638s][info][gc             ] GC(413) Pause Remark 324M->124M(388M) 1.514ms
[139.638s][info][gc,cpu         ] GC(413) User=0.02s Sys=0.00s Real=0.00s
[139.639s][info][gc,marking     ] GC(413) Concurrent Mark 14.631ms
[139.639s][info][gc,marking     ] GC(413) Concurrent Rebuild Remembered Sets and Scrub Regions
[139.645s][info][gc,marking     ] GC(413) Concurrent Rebuild Remembered Sets and Scrub Regions 6.276ms
[139.645s][info][gc,start       ] GC(413) Pause Cleanup
[139.645s][info][gc             ] GC(413) Pause Cleanup 176M->176M(388M) 0.142ms
[139.645s][info][gc,cpu         ] GC(413) User=0.00s Sys=0.00s Real=0.00s
[139.645s][info][gc,marking     ] GC(413) Concurrent Clear Claimed Marks
[139.645s][info][gc,marking     ] GC(413) Concurrent Clear Claimed Marks 0.076ms
[139.645s][info][gc,marking     ] GC(413) Concurrent Cleanup for Next Mark
[139.646s][info][gc,marking     ] GC(413) Concurrent Cleanup for Next Mark 0.927ms
[139.647s][info][gc             ] GC(413) Concurrent Mark Cycle 22.804ms
[140.650s][info][gc,start       ] GC(414) Pause Full (System.gc())
[140.650s][info][gc,task        ] GC(414) Using 8 workers of 8 for full compaction
[140.650s][info][gc,phases,start] GC(414) Phase 1: Mark live objects
[140.654s][info][gc,phases      ] GC(414) Phase 1: Mark live objects 3.768ms
[140.654s][info][gc,phases,start] GC(414) Phase 2: Prepare compaction
[140.654s][info][gc,phases      ] GC(414) Phase 2: Prepare compaction 0.411ms
[140.654s][info][gc,phases,start] GC(414) Phase 3: Adjust pointers
[140.657s][info][gc,phases      ] GC(414) Phase 3: Adjust pointers 2.103ms
[140.657s][info][gc,phases,start] GC(414) Phase 4: Compact heap
[140.657s][info][gc,phases      ] GC(414) Phase 4: Compact heap 0.353ms
[140.657s][info][gc,phases,start] GC(414) Phase 5: Reset Metadata
[140.658s][info][gc,phases      ] GC(414) Phase 5: Reset Metadata 0.852ms
[140.661s][info][gc,heap        ] GC(414) Eden regions: 1->0(56)
[140.661s][info][gc,heap        ] GC(414) Survivor regions: 0->0(7)
[140.661s][info][gc,heap        ] GC(414) Old regions: 10->10
[140.661s][info][gc,heap        ] GC(414) Humongous regions: 100->100
[140.661s][info][gc,metaspace   ] GC(414) Metaspace: 17882K(18304K)->17882K(18304K) NonClass: 15901K(16128K)->15901K(16128K) Class: 1980K(2176K)->1980K(2176K)
[140.661s][info][gc             ] GC(414) Pause Full (System.gc()) 208M->206M(388M) 11.682ms
[140.661s][info][gc,cpu         ] GC(414) User=0.05s Sys=0.06s Real=0.01s
[140.662s][info][gc,start       ] GC(415) Pause Young (Concurrent Start) (G1 Humongous Allocation)
[140.662s][info][gc,task        ] GC(415) Using 8 workers of 8 for evacuation
[140.662s][info][gc,phases      ] GC(415)   Pre Evacuate Collection Set: 0.1ms
[140.662s][info][gc,phases      ] GC(415)   Merge Heap Roots: 0.0ms
[140.663s][info][gc,phases      ] GC(415)   Evacuate Collection Set: 0.4ms
[140.663s][info][gc,phases      ] GC(415)   Post Evacuate Collection Set: 0.2ms
[140.663s][info][gc,phases      ] GC(415)   Other: 0.1ms
[140.663s][info][gc,heap        ] GC(415) Eden regions: 0->0(56)
[140.663s][info][gc,heap        ] GC(415) Survivor regions: 0->0(7)
[140.663s][info][gc,heap        ] GC(415) Old regions: 10->10
[140.663s][info][gc,heap        ] GC(415) Humongous regions: 100->100
[140.663s][info][gc,metaspace   ] GC(415) Metaspace: 17882K(18304K)->17882K(18304K) NonClass: 15901K(16128K)->15901K(16128K) Class: 1980K(2176K)->1980K(2176K)
[140.663s][info][gc             ] GC(415) Pause Young (Concurrent Start) (G1 Humongous Allocation) 206M->206M(388M) 1.108ms
[140.663s][info][gc,cpu         ] GC(415) User=0.00s Sys=0.00s Real=0.00s
[140.663s][info][gc             ] GC(416) Concurrent Mark Cycle
[140.663s][info][gc,marking     ] GC(416) Concurrent Scan Root Regions
[140.663s][info][gc,marking     ] GC(416) Concurrent Scan Root Regions 0.019ms
[140.663s][info][gc,marking     ] GC(416) Concurrent Mark
[140.663s][info][gc,marking     ] GC(416) Concurrent Mark From Roots
[140.663s][info][gc,task        ] GC(416) Using 2 workers of 2 for marking
[140.675s][info][gc,marking     ] GC(416) Concurrent Mark From Roots 12.300ms
[140.675s][info][gc,marking     ] GC(416) Concurrent Preclean
[140.675s][info][gc,marking     ] GC(416) Concurrent Preclean 0.184ms
[140.675s][info][gc,start       ] GC(416) Pause Remark
[140.677s][info][gc             ] GC(416) Pause Remark 370M->170M(388M) 1.040ms
[140.677s][info][gc,cpu         ] GC(416) User=0.00s Sys=0.00s Real=0.00s
[140.677s][info][gc,marking     ] GC(416) Concurrent Mark 13.867ms
[140.677s][info][gc,marking     ] GC(416) Concurrent Rebuild Remembered Sets and Scrub Regions
[140.680s][info][gc,marking     ] GC(416) Concurrent Rebuild Remembered Sets and Scrub Regions 2.838ms
[140.680s][info][gc,start       ] GC(416) Pause Cleanup
[140.680s][info][gc             ] GC(416) Pause Cleanup 207M->207M(388M) 0.143ms
[140.680s][info][gc,cpu         ] GC(416) User=0.00s Sys=0.00s Real=0.00s
[140.680s][info][gc,marking     ] GC(416) Concurrent Clear Claimed Marks
[140.680s][info][gc,marking     ] GC(416) Concurrent Clear Claimed Marks 0.045ms
[140.680s][info][gc,marking     ] GC(416) Concurrent Cleanup for Next Mark
[140.680s][info][gc,marking     ] GC(416) Concurrent Cleanup for Next Mark 0.512ms
[140.680s][info][gc             ] GC(416) Concurrent Mark Cycle 17.759ms
[141.219s][info][gc,heap,exit   ] Heap
[141.219s][info][gc,heap,exit   ]  garbage-first heap   total 397312K, used 215181K [0x0000000708e00000, 0x0000000800000000)
[141.219s][info][gc,heap,exit   ]   region size 2048K, 2 young (4096K), 0 survivors (0K)
[141.219s][info][gc,heap,exit   ]  Metaspace       used 17886K, committed 18304K, reserved 1114112K
[141.219s][info][gc,heap,exit   ]   class space    used 1981K, committed 2176K, reserved 1048576K
