[0.017s][info][gc,init] CardTable entry size: 512
[0.017s][info][gc     ] Using G1
[0.019s][info][gc,init] Version: 21.0.7+8-LTS-245 (release)
[0.020s][info][gc,init] CPUs: 8 total, 8 available
[0.020s][info][gc,init] Memory: 15809M
[0.020s][info][gc,init] Large Page Support: Disabled
[0.020s][info][gc,init] NUMA Support: Disabled
[0.020s][info][gc,init] Compressed Oops: Enabled (Zero based)
[0.020s][info][gc,init] Heap Region Size: 2M
[0.020s][info][gc,init] Heap Min Capacity: 8M
[0.020s][info][gc,init] Heap Initial Capacity: 248M
[0.020s][info][gc,init] Heap Max Capacity: 3954M
[0.020s][info][gc,init] Pre-touch: Disabled
[0.020s][info][gc,init] Parallel Workers: 8
[0.020s][info][gc,init] Concurrent Workers: 2
[0.020s][info][gc,init] Concurrent Refinement Workers: 8
[0.020s][info][gc,init] Periodic GC: Disabled
[0.029s][info][gc,metaspace] CDS archive(s) mapped at: [0x000002113b000000-0x000002113bc90000-0x000002113bc90000), size 13172736, SharedBaseAddress: 0x000002113b000000, ArchiveRelocationMode: 1.
[0.029s][info][gc,metaspace] Compressed class space mapped at: 0x000002113c000000-0x000002117c000000, reserved size: 1073741824
[0.029s][info][gc,metaspace] Narrow klass base: 0x000002113b000000, Narrow klass shift: 0, Narrow klass range: 0x100000000
[0.752s][info][gc,start    ] GC(0) Pause Young (Normal) (G1 Evacuation Pause)
[0.752s][info][gc,task     ] GC(0) Using 5 workers of 8 for evacuation
[0.759s][info][gc,phases   ] GC(0)   Pre Evacuate Collection Set: 0.1ms
[0.759s][info][gc,phases   ] GC(0)   Merge Heap Roots: 0.1ms
[0.759s][info][gc,phases   ] GC(0)   Evacuate Collection Set: 5.9ms
[0.759s][info][gc,phases   ] GC(0)   Post Evacuate Collection Set: 0.8ms
[0.759s][info][gc,phases   ] GC(0)   Other: 0.3ms
[0.759s][info][gc,heap     ] GC(0) Eden regions: 11->0(14)
[0.759s][info][gc,heap     ] GC(0) Survivor regions: 0->2(2)
[0.759s][info][gc,heap     ] GC(0) Old regions: 0->1
[0.759s][info][gc,heap     ] GC(0) Humongous regions: 0->0
[0.759s][info][gc,metaspace] GC(0) Metaspace: 9146K(9344K)->9146K(9344K) NonClass: 8082K(8192K)->8082K(8192K) Class: 1063K(1152K)->1063K(1152K)
[0.760s][info][gc          ] GC(0) Pause Young (Normal) (G1 Evacuation Pause) 22M->4M(248M) 7.597ms
[0.760s][info][gc,cpu      ] GC(0) User=0.02s Sys=0.08s Real=0.01s
[0.987s][info][gc,start    ] GC(1) Pause Young (Concurrent Start) (G1 Humongous Allocation)
[0.987s][info][gc,task     ] GC(1) Using 5 workers of 8 for evacuation
[0.995s][info][gc,phases   ] GC(1)   Pre Evacuate Collection Set: 0.2ms
[0.995s][info][gc,phases   ] GC(1)   Merge Heap Roots: 0.2ms
[0.995s][info][gc,phases   ] GC(1)   Evacuate Collection Set: 6.5ms
[0.995s][info][gc,phases   ] GC(1)   Post Evacuate Collection Set: 0.6ms
[0.995s][info][gc,phases   ] GC(1)   Other: 0.1ms
[0.995s][info][gc,heap     ] GC(1) Eden regions: 3->0(30)
[0.995s][info][gc,heap     ] GC(1) Survivor regions: 2->1(2)
[0.995s][info][gc,heap     ] GC(1) Old regions: 1->3
[0.995s][info][gc,heap     ] GC(1) Humongous regions: 55->55
[0.995s][info][gc,metaspace] GC(1) Metaspace: 9913K(10176K)->9913K(10176K) NonClass: 8760K(8896K)->8760K(8896K) Class: 1152K(1280K)->1152K(1280K)
[0.995s][info][gc          ] GC(1) Pause Young (Concurrent Start) (G1 Humongous Allocation) 119M->115M(248M) 8.113ms
[0.995s][info][gc,cpu      ] GC(1) User=0.05s Sys=0.02s Real=0.01s
[0.995s][info][gc          ] GC(2) Concurrent Mark Cycle
[0.995s][info][gc,marking  ] GC(2) Concurrent Scan Root Regions
[1.000s][info][gc,marking  ] GC(2) Concurrent Scan Root Regions 4.698ms
[1.000s][info][gc,marking  ] GC(2) Concurrent Mark
[1.000s][info][gc,marking  ] GC(2) Concurrent Mark From Roots
[1.000s][info][gc,task     ] GC(2) Using 2 workers of 2 for marking
[1.014s][info][gc,marking  ] GC(2) Concurrent Mark From Roots 13.780ms
[1.014s][info][gc,marking  ] GC(2) Concurrent Preclean
[1.014s][info][gc,marking  ] GC(2) Concurrent Preclean 0.026ms
[1.014s][info][gc,start    ] GC(2) Pause Remark
[1.016s][info][gc          ] GC(2) Pause Remark 162M->162M(278M) 1.804ms
[1.016s][info][gc,cpu      ] GC(2) User=0.00s Sys=0.00s Real=0.00s
[1.016s][info][gc,marking  ] GC(2) Concurrent Mark 16.252ms
[1.016s][info][gc,marking  ] GC(2) Concurrent Rebuild Remembered Sets and Scrub Regions
[1.024s][info][gc,marking  ] GC(2) Concurrent Rebuild Remembered Sets and Scrub Regions 7.900ms
[1.028s][info][gc,start    ] GC(2) Pause Cleanup
[1.028s][info][gc          ] GC(2) Pause Cleanup 178M->178M(278M) 0.212ms
[1.028s][info][gc,cpu      ] GC(2) User=0.00s Sys=0.00s Real=0.00s
[1.028s][info][gc,marking  ] GC(2) Concurrent Clear Claimed Marks
[1.028s][info][gc,marking  ] GC(2) Concurrent Clear Claimed Marks 0.087ms
[1.028s][info][gc,marking  ] GC(2) Concurrent Cleanup for Next Mark
[1.030s][info][gc,marking  ] GC(2) Concurrent Cleanup for Next Mark 1.532ms
[1.030s][info][gc          ] GC(2) Concurrent Mark Cycle 34.978ms
[1.031s][info][gc,start    ] GC(3) Pause Young (Concurrent Start) (G1 Humongous Allocation)
[1.031s][info][gc,task     ] GC(3) Using 6 workers of 8 for evacuation
[1.032s][info][gc,phases   ] GC(3)   Pre Evacuate Collection Set: 0.2ms
[1.032s][info][gc,phases   ] GC(3)   Merge Heap Roots: 0.1ms
[1.032s][info][gc,phases   ] GC(3)   Evacuate Collection Set: 1.0ms
[1.032s][info][gc,phases   ] GC(3)   Post Evacuate Collection Set: 0.4ms
[1.033s][info][gc,phases   ] GC(3)   Other: 0.1ms
[1.033s][info][gc,heap     ] GC(3) Eden regions: 1->0(30)
[1.033s][info][gc,heap     ] GC(3) Survivor regions: 1->1(4)
[1.033s][info][gc,heap     ] GC(3) Old regions: 3->3
[1.033s][info][gc,heap     ] GC(3) Humongous regions: 89->89
[1.033s][info][gc,metaspace] GC(3) Metaspace: 9914K(10176K)->9914K(10176K) NonClass: 8761K(8896K)->8761K(8896K) Class: 1152K(1280K)->1152K(1280K)
[1.033s][info][gc          ] GC(3) Pause Young (Concurrent Start) (G1 Humongous Allocation) 184M->183M(278M) 2.069ms
[1.033s][info][gc,cpu      ] GC(3) User=0.00s Sys=0.00s Real=0.00s
[1.033s][info][gc          ] GC(4) Concurrent Mark Cycle
[1.033s][info][gc,marking  ] GC(4) Concurrent Scan Root Regions
[1.036s][info][gc,marking  ] GC(4) Concurrent Scan Root Regions 3.087ms
[1.036s][info][gc,marking  ] GC(4) Concurrent Mark
[1.036s][info][gc,marking  ] GC(4) Concurrent Mark From Roots
[1.036s][info][gc,task     ] GC(4) Using 2 workers of 2 for marking
[1.044s][info][gc,marking  ] GC(4) Concurrent Mark From Roots 8.048ms
[1.044s][info][gc,marking  ] GC(4) Concurrent Preclean
[1.045s][info][gc,marking  ] GC(4) Concurrent Preclean 0.074ms
[1.045s][info][gc,start    ] GC(4) Pause Remark
[1.047s][info][gc          ] GC(4) Pause Remark 205M->205M(348M) 2.043ms
[1.047s][info][gc,cpu      ] GC(4) User=0.00s Sys=0.00s Real=0.00s
[1.047s][info][gc,marking  ] GC(4) Concurrent Mark 11.576ms
[1.048s][info][gc,marking  ] GC(4) Concurrent Rebuild Remembered Sets and Scrub Regions
[1.049s][info][gc,marking  ] GC(4) Concurrent Rebuild Remembered Sets and Scrub Regions 1.822ms
[1.049s][info][gc,start    ] GC(4) Pause Cleanup
[1.050s][info][gc          ] GC(4) Pause Cleanup 206M->206M(348M) 0.219ms
[1.050s][info][gc,cpu      ] GC(4) User=0.00s Sys=0.00s Real=0.00s
[1.061s][info][gc,marking  ] GC(4) Concurrent Clear Claimed Marks
[1.061s][info][gc,marking  ] GC(4) Concurrent Clear Claimed Marks 0.091ms
[1.061s][info][gc,marking  ] GC(4) Concurrent Cleanup for Next Mark
[1.063s][info][gc,marking  ] GC(4) Concurrent Cleanup for Next Mark 1.906ms
[1.063s][info][gc          ] GC(4) Concurrent Mark Cycle 30.506ms
[2.071s][info][gc,start    ] GC(5) Pause Young (Concurrent Start) (G1 Humongous Allocation)
[2.071s][info][gc,task     ] GC(5) Using 8 workers of 8 for evacuation
[2.074s][info][gc,phases   ] GC(5)   Pre Evacuate Collection Set: 0.6ms
[2.074s][info][gc,phases   ] GC(5)   Merge Heap Roots: 0.1ms
[2.074s][info][gc,phases   ] GC(5)   Evacuate Collection Set: 0.7ms
[2.074s][info][gc,phases   ] GC(5)   Post Evacuate Collection Set: 0.5ms
[2.074s][info][gc,phases   ] GC(5)   Other: 0.7ms
[2.074s][info][gc,heap     ] GC(5) Eden regions: 1->0(103)
[2.074s][info][gc,heap     ] GC(5) Survivor regions: 1->1(4)
[2.074s][info][gc,heap     ] GC(5) Old regions: 3->3
[2.074s][info][gc,heap     ] GC(5) Humongous regions: 100->0
[2.074s][info][gc,metaspace] GC(5) Metaspace: 9924K(10176K)->9924K(10176K) NonClass: 8768K(8896K)->8768K(8896K) Class: 1155K(1280K)->1155K(1280K)
[2.074s][info][gc          ] GC(5) Pause Young (Concurrent Start) (G1 Humongous Allocation) 206M->5M(348M) 2.977ms
[2.074s][info][gc,cpu      ] GC(5) User=0.00s Sys=0.00s Real=0.00s
[2.074s][info][gc          ] GC(6) Concurrent Undo Cycle
[2.074s][info][gc,marking  ] GC(6) Concurrent Clear Claimed Marks
[2.074s][info][gc,marking  ] GC(6) Concurrent Clear Claimed Marks 0.036ms
[2.074s][info][gc,marking  ] GC(6) Concurrent Cleanup for Next Mark
[2.074s][info][gc,marking  ] GC(6) Concurrent Cleanup for Next Mark 0.082ms
[2.074s][info][gc          ] GC(6) Concurrent Undo Cycle 0.273ms
[2.085s][info][gc,start    ] GC(7) Pause Young (Concurrent Start) (G1 Humongous Allocation)
[2.085s][info][gc,task     ] GC(7) Using 8 workers of 8 for evacuation
[2.087s][info][gc,phases   ] GC(7)   Pre Evacuate Collection Set: 0.1ms
[2.087s][info][gc,phases   ] GC(7)   Merge Heap Roots: 0.0ms
[2.087s][info][gc,phases   ] GC(7)   Evacuate Collection Set: 0.8ms
[2.087s][info][gc,phases   ] GC(7)   Post Evacuate Collection Set: 0.3ms
[2.087s][info][gc,phases   ] GC(7)   Other: 0.1ms
[2.087s][info][gc,heap     ] GC(7) Eden regions: 1->0(74)
[2.087s][info][gc,heap     ] GC(7) Survivor regions: 1->1(13)
[2.087s][info][gc,heap     ] GC(7) Old regions: 3->3
[2.087s][info][gc,heap     ] GC(7) Humongous regions: 75->75
[2.087s][info][gc,metaspace] GC(7) Metaspace: 9924K(10176K)->9924K(10176K) NonClass: 8768K(8896K)->8768K(8896K) Class: 1155K(1280K)->1155K(1280K)
[2.087s][info][gc          ] GC(7) Pause Young (Concurrent Start) (G1 Humongous Allocation) 157M->156M(348M) 1.624ms
[2.087s][info][gc,cpu      ] GC(7) User=0.00s Sys=0.00s Real=0.00s
[2.087s][info][gc          ] GC(8) Concurrent Undo Cycle
[2.087s][info][gc,marking  ] GC(8) Concurrent Clear Claimed Marks
[2.087s][info][gc,marking  ] GC(8) Concurrent Clear Claimed Marks 0.027ms
[2.087s][info][gc,marking  ] GC(8) Concurrent Cleanup for Next Mark
[2.087s][info][gc,marking  ] GC(8) Concurrent Cleanup for Next Mark 0.048ms
[2.087s][info][gc          ] GC(8) Concurrent Undo Cycle 0.182ms
[2.087s][info][gc,start    ] GC(9) Pause Young (Concurrent Start) (G1 Humongous Allocation)
[2.087s][info][gc,task     ] GC(9) Using 8 workers of 8 for evacuation
[2.088s][info][gc,phases   ] GC(9)   Pre Evacuate Collection Set: 0.1ms
[2.088s][info][gc,phases   ] GC(9)   Merge Heap Roots: 0.0ms
[2.088s][info][gc,phases   ] GC(9)   Evacuate Collection Set: 0.7ms
[2.088s][info][gc,phases   ] GC(9)   Post Evacuate Collection Set: 0.3ms
[2.088s][info][gc,phases   ] GC(9)   Other: 0.1ms
[2.088s][info][gc,heap     ] GC(9) Eden regions: 0->0(72)
[2.088s][info][gc,heap     ] GC(9) Survivor regions: 1->1(10)
[2.088s][info][gc,heap     ] GC(9) Old regions: 3->3
[2.089s][info][gc,heap     ] GC(9) Humongous regions: 77->77
[2.089s][info][gc,metaspace] GC(9) Metaspace: 9924K(10176K)->9924K(10176K) NonClass: 8768K(8896K)->8768K(8896K) Class: 1155K(1280K)->1155K(1280K)
[2.089s][info][gc          ] GC(9) Pause Young (Concurrent Start) (G1 Humongous Allocation) 160M->160M(348M) 1.430ms
[2.089s][info][gc,cpu      ] GC(9) User=0.00s Sys=0.00s Real=0.00s
[2.089s][info][gc          ] GC(10) Concurrent Mark Cycle
[2.089s][info][gc,marking  ] GC(10) Concurrent Scan Root Regions
[2.090s][info][gc,marking  ] GC(10) Concurrent Scan Root Regions 1.132ms
[2.090s][info][gc,marking  ] GC(10) Concurrent Mark
[2.090s][info][gc,marking  ] GC(10) Concurrent Mark From Roots
[2.090s][info][gc,task     ] GC(10) Using 2 workers of 2 for marking
[2.096s][info][gc,marking  ] GC(10) Concurrent Mark From Roots 5.914ms
[2.096s][info][gc,marking  ] GC(10) Concurrent Preclean
[2.096s][info][gc,marking  ] GC(10) Concurrent Preclean 0.050ms
[2.096s][info][gc,start    ] GC(10) Pause Remark
[2.097s][info][gc          ] GC(10) Pause Remark 207M->207M(350M) 0.802ms
[2.097s][info][gc,cpu      ] GC(10) User=0.00s Sys=0.00s Real=0.00s
[2.097s][info][gc,marking  ] GC(10) Concurrent Mark 7.042ms
[2.097s][info][gc,marking  ] GC(10) Concurrent Rebuild Remembered Sets and Scrub Regions
[2.098s][info][gc,marking  ] GC(10) Concurrent Rebuild Remembered Sets and Scrub Regions 1.494ms
[2.099s][info][gc,start    ] GC(10) Pause Cleanup
[2.099s][info][gc          ] GC(10) Pause Cleanup 207M->207M(350M) 0.111ms
[2.099s][info][gc,cpu      ] GC(10) User=0.00s Sys=0.00s Real=0.00s
[2.099s][info][gc,marking  ] GC(10) Concurrent Clear Claimed Marks
[2.099s][info][gc,marking  ] GC(10) Concurrent Clear Claimed Marks 0.036ms
[2.099s][info][gc,marking  ] GC(10) Concurrent Cleanup for Next Mark
[2.099s][info][gc,marking  ] GC(10) Concurrent Cleanup for Next Mark 0.382ms
[2.099s][info][gc          ] GC(10) Concurrent Mark Cycle 10.610ms
[3.099s][info][gc,start    ] GC(11) Pause Young (Concurrent Start) (G1 Humongous Allocation)
[3.099s][info][gc,task     ] GC(11) Using 8 workers of 8 for evacuation
[3.100s][info][gc,phases   ] GC(11)   Pre Evacuate Collection Set: 0.1ms
[3.101s][info][gc,phases   ] GC(11)   Merge Heap Roots: 0.0ms
[3.101s][info][gc,phases   ] GC(11)   Evacuate Collection Set: 0.9ms
[3.101s][info][gc,phases   ] GC(11)   Post Evacuate Collection Set: 0.3ms
[3.101s][info][gc,phases   ] GC(11)   Other: 0.1ms
[3.101s][info][gc,heap     ] GC(11) Eden regions: 1->0(104)
[3.101s][info][gc,heap     ] GC(11) Survivor regions: 1->1(10)
[3.101s][info][gc,heap     ] GC(11) Old regions: 3->3
[3.101s][info][gc,heap     ] GC(11) Humongous regions: 100->0
[3.101s][info][gc,metaspace] GC(11) Metaspace: 9924K(10176K)->9924K(10176K) NonClass: 8768K(8896K)->8768K(8896K) Class: 1155K(1280K)->1155K(1280K)
[3.101s][info][gc          ] GC(11) Pause Young (Concurrent Start) (G1 Humongous Allocation) 207M->5M(350M) 1.764ms
[3.101s][info][gc          ] GC(12) Concurrent Undo Cycle
[3.101s][info][gc,cpu      ] GC(11) User=0.00s Sys=0.00s Real=0.00s
[3.101s][info][gc,marking  ] GC(12) Concurrent Clear Claimed Marks
[3.101s][info][gc,marking  ] GC(12) Concurrent Clear Claimed Marks 0.045ms
[3.101s][info][gc,marking  ] GC(12) Concurrent Cleanup for Next Mark
[3.101s][info][gc,marking  ] GC(12) Concurrent Cleanup for Next Mark 0.047ms
[3.101s][info][gc          ] GC(12) Concurrent Undo Cycle 0.191ms
[3.112s][info][gc,start    ] GC(13) Pause Young (Concurrent Start) (G1 Humongous Allocation)
[3.112s][info][gc,task     ] GC(13) Using 8 workers of 8 for evacuation
[3.113s][info][gc,phases   ] GC(13)   Pre Evacuate Collection Set: 0.1ms
[3.113s][info][gc,phases   ] GC(13)   Merge Heap Roots: 0.0ms
[3.113s][info][gc,phases   ] GC(13)   Evacuate Collection Set: 0.5ms
[3.113s][info][gc,phases   ] GC(13)   Post Evacuate Collection Set: 0.2ms
[3.114s][info][gc,phases   ] GC(13)   Other: 0.1ms
[3.114s][info][gc,heap     ] GC(13) Eden regions: 1->0(81)
[3.114s][info][gc,heap     ] GC(13) Survivor regions: 1->1(14)
[3.114s][info][gc,heap     ] GC(13) Old regions: 3->3
[3.114s][info][gc,heap     ] GC(13) Humongous regions: 76->76
[3.114s][info][gc,metaspace] GC(13) Metaspace: 9924K(10176K)->9924K(10176K) NonClass: 8768K(8896K)->8768K(8896K) Class: 1155K(1280K)->1155K(1280K)
[3.114s][info][gc          ] GC(13) Pause Young (Concurrent Start) (G1 Humongous Allocation) 158M->157M(350M) 1.341ms
[3.114s][info][gc,cpu      ] GC(13) User=0.12s Sys=0.00s Real=0.00s
[3.114s][info][gc          ] GC(14) Concurrent Mark Cycle
[3.114s][info][gc,marking  ] GC(14) Concurrent Scan Root Regions
[3.116s][info][gc,marking  ] GC(14) Concurrent Scan Root Regions 1.752ms
[3.116s][info][gc,marking  ] GC(14) Concurrent Mark
[3.116s][info][gc,marking  ] GC(14) Concurrent Mark From Roots
[3.116s][info][gc,task     ] GC(14) Using 2 workers of 2 for marking
[3.123s][info][gc,marking  ] GC(14) Concurrent Mark From Roots 7.732ms
[3.123s][info][gc,marking  ] GC(14) Concurrent Preclean
[3.124s][info][gc,marking  ] GC(14) Concurrent Preclean 0.039ms
[3.124s][info][gc,start    ] GC(14) Pause Remark
[3.124s][info][gc          ] GC(14) Pause Remark 206M->206M(350M) 0.646ms
[3.124s][info][gc,cpu      ] GC(14) User=0.00s Sys=0.00s Real=0.00s
[3.124s][info][gc,marking  ] GC(14) Concurrent Mark 8.754ms
[3.124s][info][gc,marking  ] GC(14) Concurrent Rebuild Remembered Sets and Scrub Regions
[3.126s][info][gc,marking  ] GC(14) Concurrent Rebuild Remembered Sets and Scrub Regions 1.494ms
[3.126s][info][gc,start    ] GC(14) Pause Cleanup
[3.126s][info][gc          ] GC(14) Pause Cleanup 206M->206M(350M) 0.107ms
[3.126s][info][gc,cpu      ] GC(14) User=0.00s Sys=0.00s Real=0.00s
[3.126s][info][gc,marking  ] GC(14) Concurrent Clear Claimed Marks
[3.126s][info][gc,marking  ] GC(14) Concurrent Clear Claimed Marks 0.053ms
[3.126s][info][gc,marking  ] GC(14) Concurrent Cleanup for Next Mark
[3.127s][info][gc,marking  ] GC(14) Concurrent Cleanup for Next Mark 0.520ms
[3.127s][info][gc          ] GC(14) Concurrent Mark Cycle 13.226ms
[4.135s][info][gc,start    ] GC(15) Pause Young (Concurrent Start) (G1 Humongous Allocation)
[4.135s][info][gc,task     ] GC(15) Using 8 workers of 8 for evacuation
[4.136s][info][gc,phases   ] GC(15)   Pre Evacuate Collection Set: 0.1ms
[4.137s][info][gc,phases   ] GC(15)   Merge Heap Roots: 0.0ms
[4.137s][info][gc,phases   ] GC(15)   Evacuate Collection Set: 0.5ms
[4.137s][info][gc,phases   ] GC(15)   Post Evacuate Collection Set: 1.1ms
[4.137s][info][gc,phases   ] GC(15)   Other: 0.1ms
[4.137s][info][gc,heap     ] GC(15) Eden regions: 1->0(164)
[4.137s][info][gc,heap     ] GC(15) Survivor regions: 1->1(11)
[4.137s][info][gc,heap     ] GC(15) Old regions: 3->3
[4.137s][info][gc,heap     ] GC(15) Humongous regions: 100->0
[4.137s][info][gc,metaspace] GC(15) Metaspace: 9924K(10176K)->9924K(10176K) NonClass: 8768K(8896K)->8768K(8896K) Class: 1155K(1280K)->1155K(1280K)
[4.137s][info][gc          ] GC(15) Pause Young (Concurrent Start) (G1 Humongous Allocation) 206M->5M(552M) 2.247ms
[4.137s][info][gc,cpu      ] GC(15) User=0.00s Sys=0.00s Real=0.00s
[4.137s][info][gc          ] GC(16) Concurrent Undo Cycle
[4.137s][info][gc,marking  ] GC(16) Concurrent Clear Claimed Marks
[4.137s][info][gc,marking  ] GC(16) Concurrent Clear Claimed Marks 0.036ms
[4.137s][info][gc,marking  ] GC(16) Concurrent Cleanup for Next Mark
[4.137s][info][gc,marking  ] GC(16) Concurrent Cleanup for Next Mark 0.086ms
[4.137s][info][gc          ] GC(16) Concurrent Undo Cycle 0.280ms
[5.172s][info][gc,start    ] GC(17) Pause Young (Concurrent Start) (G1 Humongous Allocation)
[5.172s][info][gc,task     ] GC(17) Using 8 workers of 8 for evacuation
[5.174s][info][gc,phases   ] GC(17)   Pre Evacuate Collection Set: 0.2ms
[5.174s][info][gc,phases   ] GC(17)   Merge Heap Roots: 0.0ms
[5.174s][info][gc,phases   ] GC(17)   Evacuate Collection Set: 0.5ms
[5.174s][info][gc,phases   ] GC(17)   Post Evacuate Collection Set: 0.3ms
[5.174s][info][gc,phases   ] GC(17)   Other: 0.1ms
[5.174s][info][gc,heap     ] GC(17) Eden regions: 1->0(164)
[5.174s][info][gc,heap     ] GC(17) Survivor regions: 1->1(21)
[5.174s][info][gc,heap     ] GC(17) Old regions: 3->3
[5.174s][info][gc,heap     ] GC(17) Humongous regions: 121->21
[5.174s][info][gc,metaspace] GC(17) Metaspace: 9924K(10176K)->9924K(10176K) NonClass: 8768K(8896K)->8768K(8896K) Class: 1155K(1280K)->1155K(1280K)
[5.174s][info][gc          ] GC(17) Pause Young (Concurrent Start) (G1 Humongous Allocation) 248M->48M(552M) 1.550ms
[5.174s][info][gc,cpu      ] GC(17) User=0.00s Sys=0.00s Real=0.00s
[5.174s][info][gc          ] GC(18) Concurrent Undo Cycle
[5.174s][info][gc,marking  ] GC(18) Concurrent Clear Claimed Marks
[5.174s][info][gc,marking  ] GC(18) Concurrent Clear Claimed Marks 0.031ms
[5.174s][info][gc,marking  ] GC(18) Concurrent Cleanup for Next Mark
[5.174s][info][gc,marking  ] GC(18) Concurrent Cleanup for Next Mark 0.050ms
[5.174s][info][gc          ] GC(18) Concurrent Undo Cycle 0.216ms
[6.195s][info][gc,start    ] GC(19) Pause Young (Concurrent Start) (G1 Humongous Allocation)
[6.195s][info][gc,task     ] GC(19) Using 8 workers of 8 for evacuation
[6.196s][info][gc,phases   ] GC(19)   Pre Evacuate Collection Set: 0.1ms
[6.197s][info][gc,phases   ] GC(19)   Merge Heap Roots: 0.0ms
[6.197s][info][gc,phases   ] GC(19)   Evacuate Collection Set: 0.7ms
[6.197s][info][gc,phases   ] GC(19)   Post Evacuate Collection Set: 0.3ms
[6.197s][info][gc,phases   ] GC(19)   Other: 0.1ms
[6.197s][info][gc,heap     ] GC(19) Eden regions: 1->0(164)
[6.197s][info][gc,heap     ] GC(19) Survivor regions: 1->1(21)
[6.197s][info][gc,heap     ] GC(19) Old regions: 3->3
[6.197s][info][gc,heap     ] GC(19) Humongous regions: 121->21
[6.197s][info][gc,metaspace] GC(19) Metaspace: 9924K(10176K)->9924K(10176K) NonClass: 8768K(8896K)->8768K(8896K) Class: 1155K(1280K)->1155K(1280K)
[6.197s][info][gc          ] GC(19) Pause Young (Concurrent Start) (G1 Humongous Allocation) 249M->47M(552M) 1.738ms
[6.197s][info][gc,cpu      ] GC(19) User=0.00s Sys=0.00s Real=0.00s
[6.197s][info][gc          ] GC(20) Concurrent Undo Cycle
[6.197s][info][gc,marking  ] GC(20) Concurrent Clear Claimed Marks
[6.197s][info][gc,marking  ] GC(20) Concurrent Clear Claimed Marks 0.028ms
[6.197s][info][gc,marking  ] GC(20) Concurrent Cleanup for Next Mark
[6.197s][info][gc,marking  ] GC(20) Concurrent Cleanup for Next Mark 0.057ms
[6.197s][info][gc          ] GC(20) Concurrent Undo Cycle 0.226ms
[7.229s][info][gc,start    ] GC(21) Pause Young (Concurrent Start) (G1 Humongous Allocation)
[7.229s][info][gc,task     ] GC(21) Using 8 workers of 8 for evacuation
[7.230s][info][gc,phases   ] GC(21)   Pre Evacuate Collection Set: 0.1ms
[7.230s][info][gc,phases   ] GC(21)   Merge Heap Roots: 0.1ms
[7.230s][info][gc,phases   ] GC(21)   Evacuate Collection Set: 0.7ms
[7.230s][info][gc,phases   ] GC(21)   Post Evacuate Collection Set: 0.3ms
[7.230s][info][gc,phases   ] GC(21)   Other: 0.1ms
[7.230s][info][gc,heap     ] GC(21) Eden regions: 1->0(164)
[7.230s][info][gc,heap     ] GC(21) Survivor regions: 1->1(21)
[7.231s][info][gc,heap     ] GC(21) Old regions: 3->3
[7.231s][info][gc,heap     ] GC(21) Humongous regions: 121->21
[7.231s][info][gc,metaspace] GC(21) Metaspace: 9924K(10176K)->9924K(10176K) NonClass: 8768K(8896K)->8768K(8896K) Class: 1155K(1280K)->1155K(1280K)
[7.231s][info][gc          ] GC(21) Pause Young (Concurrent Start) (G1 Humongous Allocation) 248M->48M(552M) 1.792ms
[7.231s][info][gc,cpu      ] GC(21) User=0.00s Sys=0.00s Real=0.00s
[7.231s][info][gc          ] GC(22) Concurrent Undo Cycle
[7.231s][info][gc,marking  ] GC(22) Concurrent Clear Claimed Marks
[7.231s][info][gc,marking  ] GC(22) Concurrent Clear Claimed Marks 0.034ms
[7.231s][info][gc,marking  ] GC(22) Concurrent Cleanup for Next Mark
[7.231s][info][gc,marking  ] GC(22) Concurrent Cleanup for Next Mark 0.062ms
[7.231s][info][gc          ] GC(22) Concurrent Undo Cycle 0.235ms
[8.248s][info][gc,start    ] GC(23) Pause Young (Concurrent Start) (G1 Humongous Allocation)
[8.249s][info][gc,task     ] GC(23) Using 8 workers of 8 for evacuation
[8.250s][info][gc,phases   ] GC(23)   Pre Evacuate Collection Set: 0.2ms
[8.251s][info][gc,phases   ] GC(23)   Merge Heap Roots: 0.0ms
[8.251s][info][gc,phases   ] GC(23)   Evacuate Collection Set: 1.1ms
[8.251s][info][gc,phases   ] GC(23)   Post Evacuate Collection Set: 0.4ms
[8.251s][info][gc,phases   ] GC(23)   Other: 0.1ms
[8.251s][info][gc,heap     ] GC(23) Eden regions: 1->0(164)
[8.251s][info][gc,heap     ] GC(23) Survivor regions: 1->1(21)
[8.251s][info][gc,heap     ] GC(23) Old regions: 3->3
[8.251s][info][gc,heap     ] GC(23) Humongous regions: 121->21
[8.251s][info][gc,metaspace] GC(23) Metaspace: 9924K(10176K)->9924K(10176K) NonClass: 8768K(8896K)->8768K(8896K) Class: 1155K(1280K)->1155K(1280K)
[8.251s][info][gc          ] GC(23) Pause Young (Concurrent Start) (G1 Humongous Allocation) 249M->47M(552M) 2.303ms
[8.251s][info][gc,cpu      ] GC(23) User=0.00s Sys=0.00s Real=0.00s
[8.251s][info][gc          ] GC(24) Concurrent Undo Cycle
[8.251s][info][gc,marking  ] GC(24) Concurrent Clear Claimed Marks
[8.251s][info][gc,marking  ] GC(24) Concurrent Clear Claimed Marks 0.034ms
[8.251s][info][gc,marking  ] GC(24) Concurrent Cleanup for Next Mark
[8.251s][info][gc,marking  ] GC(24) Concurrent Cleanup for Next Mark 0.094ms
[8.251s][info][gc          ] GC(24) Concurrent Undo Cycle 0.387ms
[9.276s][info][gc,start    ] GC(25) Pause Young (Concurrent Start) (G1 Humongous Allocation)
[9.276s][info][gc,task     ] GC(25) Using 8 workers of 8 for evacuation
[9.278s][info][gc,phases   ] GC(25)   Pre Evacuate Collection Set: 0.2ms
[9.278s][info][gc,phases   ] GC(25)   Merge Heap Roots: 0.1ms
[9.278s][info][gc,phases   ] GC(25)   Evacuate Collection Set: 0.6ms
[9.278s][info][gc,phases   ] GC(25)   Post Evacuate Collection Set: 0.4ms
[9.278s][info][gc,phases   ] GC(25)   Other: 0.1ms
[9.278s][info][gc,heap     ] GC(25) Eden regions: 1->0(164)
[9.278s][info][gc,heap     ] GC(25) Survivor regions: 1->1(21)
[9.278s][info][gc,heap     ] GC(25) Old regions: 3->3
[9.278s][info][gc,heap     ] GC(25) Humongous regions: 121->21
[9.278s][info][gc,metaspace] GC(25) Metaspace: 9924K(10176K)->9924K(10176K) NonClass: 8768K(8896K)->8768K(8896K) Class: 1155K(1280K)->1155K(1280K)
[9.278s][info][gc          ] GC(25) Pause Young (Concurrent Start) (G1 Humongous Allocation) 248M->47M(552M) 1.869ms
[9.278s][info][gc          ] GC(26) Concurrent Undo Cycle
[9.278s][info][gc,cpu      ] GC(25) User=0.00s Sys=0.00s Real=0.00s
[9.278s][info][gc,marking  ] GC(26) Concurrent Clear Claimed Marks
[9.278s][info][gc,marking  ] GC(26) Concurrent Clear Claimed Marks 0.040ms
[9.278s][info][gc,marking  ] GC(26) Concurrent Cleanup for Next Mark
[9.278s][info][gc,marking  ] GC(26) Concurrent Cleanup for Next Mark 0.055ms
[9.278s][info][gc          ] GC(26) Concurrent Undo Cycle 0.204ms
[10.299s][info][gc,start    ] GC(27) Pause Young (Concurrent Start) (G1 Humongous Allocation)
[10.300s][info][gc,task     ] GC(27) Using 8 workers of 8 for evacuation
[10.301s][info][gc,phases   ] GC(27)   Pre Evacuate Collection Set: 0.2ms
[10.301s][info][gc,phases   ] GC(27)   Merge Heap Roots: 0.0ms
[10.301s][info][gc,phases   ] GC(27)   Evacuate Collection Set: 0.8ms
[10.301s][info][gc,phases   ] GC(27)   Post Evacuate Collection Set: 0.3ms
[10.301s][info][gc,phases   ] GC(27)   Other: 0.1ms
[10.301s][info][gc,heap     ] GC(27) Eden regions: 1->0(164)
[10.301s][info][gc,heap     ] GC(27) Survivor regions: 1->1(21)
[10.301s][info][gc,heap     ] GC(27) Old regions: 3->3
[10.301s][info][gc,heap     ] GC(27) Humongous regions: 121->21
[10.301s][info][gc,metaspace] GC(27) Metaspace: 9924K(10176K)->9924K(10176K) NonClass: 8768K(8896K)->8768K(8896K) Class: 1155K(1280K)->1155K(1280K)
[10.301s][info][gc          ] GC(27) Pause Young (Concurrent Start) (G1 Humongous Allocation) 248M->47M(552M) 1.839ms
[10.301s][info][gc,cpu      ] GC(27) User=0.03s Sys=0.03s Real=0.00s
[10.301s][info][gc          ] GC(28) Concurrent Undo Cycle
[10.301s][info][gc,marking  ] GC(28) Concurrent Clear Claimed Marks
[10.301s][info][gc,marking  ] GC(28) Concurrent Clear Claimed Marks 0.025ms
[10.301s][info][gc,marking  ] GC(28) Concurrent Cleanup for Next Mark
[10.301s][info][gc,marking  ] GC(28) Concurrent Cleanup for Next Mark 0.053ms
[10.301s][info][gc          ] GC(28) Concurrent Undo Cycle 0.182ms
[11.321s][info][gc,start    ] GC(29) Pause Young (Concurrent Start) (G1 Humongous Allocation)
[11.322s][info][gc,task     ] GC(29) Using 8 workers of 8 for evacuation
[11.323s][info][gc,phases   ] GC(29)   Pre Evacuate Collection Set: 0.1ms
[11.323s][info][gc,phases   ] GC(29)   Merge Heap Roots: 0.1ms
[11.323s][info][gc,phases   ] GC(29)   Evacuate Collection Set: 0.8ms
[11.323s][info][gc,phases   ] GC(29)   Post Evacuate Collection Set: 0.4ms
[11.323s][info][gc,phases   ] GC(29)   Other: 0.1ms
[11.323s][info][gc,heap     ] GC(29) Eden regions: 1->0(164)
[11.323s][info][gc,heap     ] GC(29) Survivor regions: 1->1(21)
[11.323s][info][gc,heap     ] GC(29) Old regions: 3->3
[11.323s][info][gc,heap     ] GC(29) Humongous regions: 121->21
[11.323s][info][gc,metaspace] GC(29) Metaspace: 9924K(10176K)->9924K(10176K) NonClass: 8768K(8896K)->8768K(8896K) Class: 1155K(1280K)->1155K(1280K)
[11.323s][info][gc          ] GC(29) Pause Young (Concurrent Start) (G1 Humongous Allocation) 248M->48M(552M) 2.100ms
[11.323s][info][gc          ] GC(30) Concurrent Undo Cycle
[11.323s][info][gc,cpu      ] GC(29) User=0.00s Sys=0.00s Real=0.00s
[11.324s][info][gc,marking  ] GC(30) Concurrent Clear Claimed Marks
[11.324s][info][gc,marking  ] GC(30) Concurrent Clear Claimed Marks 0.046ms
[11.324s][info][gc,marking  ] GC(30) Concurrent Cleanup for Next Mark
[11.324s][info][gc,marking  ] GC(30) Concurrent Cleanup for Next Mark 0.080ms
[11.324s][info][gc          ] GC(30) Concurrent Undo Cycle 0.250ms
[12.342s][info][gc,start    ] GC(31) Pause Young (Concurrent Start) (G1 Humongous Allocation)
[12.342s][info][gc,task     ] GC(31) Using 8 workers of 8 for evacuation
[12.344s][info][gc,phases   ] GC(31)   Pre Evacuate Collection Set: 0.2ms
[12.344s][info][gc,phases   ] GC(31)   Merge Heap Roots: 0.0ms
[12.344s][info][gc,phases   ] GC(31)   Evacuate Collection Set: 0.8ms
[12.344s][info][gc,phases   ] GC(31)   Post Evacuate Collection Set: 0.3ms
[12.344s][info][gc,phases   ] GC(31)   Other: 0.1ms
[12.344s][info][gc,heap     ] GC(31) Eden regions: 1->0(164)
[12.344s][info][gc,heap     ] GC(31) Survivor regions: 1->1(21)
[12.344s][info][gc,heap     ] GC(31) Old regions: 3->4
[12.344s][info][gc,heap     ] GC(31) Humongous regions: 121->21
[12.344s][info][gc,metaspace] GC(31) Metaspace: 9924K(10176K)->9924K(10176K) NonClass: 8768K(8896K)->8768K(8896K) Class: 1155K(1280K)->1155K(1280K)
[12.344s][info][gc          ] GC(31) Pause Young (Concurrent Start) (G1 Humongous Allocation) 249M->48M(552M) 1.792ms
[12.344s][info][gc,cpu      ] GC(31) User=0.00s Sys=0.00s Real=0.00s
[12.344s][info][gc          ] GC(32) Concurrent Undo Cycle
[12.344s][info][gc,marking  ] GC(32) Concurrent Clear Claimed Marks
[12.344s][info][gc,marking  ] GC(32) Concurrent Clear Claimed Marks 0.033ms
[12.344s][info][gc,marking  ] GC(32) Concurrent Cleanup for Next Mark
[12.344s][info][gc,marking  ] GC(32) Concurrent Cleanup for Next Mark 0.065ms
[12.344s][info][gc          ] GC(32) Concurrent Undo Cycle 0.230ms
[13.363s][info][gc,start    ] GC(33) Pause Young (Concurrent Start) (G1 Humongous Allocation)
[13.363s][info][gc,task     ] GC(33) Using 8 workers of 8 for evacuation
[13.364s][info][gc,phases   ] GC(33)   Pre Evacuate Collection Set: 0.4ms
[13.364s][info][gc,phases   ] GC(33)   Merge Heap Roots: 0.1ms
[13.364s][info][gc,phases   ] GC(33)   Evacuate Collection Set: 0.3ms
[13.364s][info][gc,phases   ] GC(33)   Post Evacuate Collection Set: 0.3ms
[13.364s][info][gc,phases   ] GC(33)   Other: 0.1ms
[13.364s][info][gc,heap     ] GC(33) Eden regions: 1->0(164)
[13.364s][info][gc,heap     ] GC(33) Survivor regions: 1->1(21)
[13.364s][info][gc,heap     ] GC(33) Old regions: 4->4
[13.364s][info][gc,heap     ] GC(33) Humongous regions: 120->20
[13.364s][info][gc,metaspace] GC(33) Metaspace: 9924K(10176K)->9924K(10176K) NonClass: 8768K(8896K)->8768K(8896K) Class: 1155K(1280K)->1155K(1280K)
[13.365s][info][gc          ] GC(33) Pause Young (Concurrent Start) (G1 Humongous Allocation) 247M->46M(552M) 1.615ms
[13.365s][info][gc,cpu      ] GC(33) User=0.02s Sys=0.00s Real=0.00s
[13.365s][info][gc          ] GC(34) Concurrent Undo Cycle
[13.365s][info][gc,marking  ] GC(34) Concurrent Clear Claimed Marks
[13.365s][info][gc,marking  ] GC(34) Concurrent Clear Claimed Marks 0.032ms
[13.365s][info][gc,marking  ] GC(34) Concurrent Cleanup for Next Mark
[13.365s][info][gc,marking  ] GC(34) Concurrent Cleanup for Next Mark 0.064ms
[13.365s][info][gc          ] GC(34) Concurrent Undo Cycle 0.225ms
[14.383s][info][gc,start    ] GC(35) Pause Young (Concurrent Start) (G1 Humongous Allocation)
[14.383s][info][gc,task     ] GC(35) Using 8 workers of 8 for evacuation
[14.384s][info][gc,phases   ] GC(35)   Pre Evacuate Collection Set: 0.1ms
[14.384s][info][gc,phases   ] GC(35)   Merge Heap Roots: 0.0ms
[14.384s][info][gc,phases   ] GC(35)   Evacuate Collection Set: 0.2ms
[14.384s][info][gc,phases   ] GC(35)   Post Evacuate Collection Set: 0.2ms
[14.384s][info][gc,phases   ] GC(35)   Other: 0.1ms
[14.384s][info][gc,heap     ] GC(35) Eden regions: 1->0(164)
[14.384s][info][gc,heap     ] GC(35) Survivor regions: 1->1(21)
[14.384s][info][gc,heap     ] GC(35) Old regions: 4->4
[14.384s][info][gc,heap     ] GC(35) Humongous regions: 120->20
[14.384s][info][gc,metaspace] GC(35) Metaspace: 9924K(10176K)->9924K(10176K) NonClass: 8768K(8896K)->8768K(8896K) Class: 1155K(1280K)->1155K(1280K)
[14.384s][info][gc          ] GC(35) Pause Young (Concurrent Start) (G1 Humongous Allocation) 247M->46M(552M) 1.018ms
[14.384s][info][gc,cpu      ] GC(35) User=0.00s Sys=0.00s Real=0.00s
[14.384s][info][gc          ] GC(36) Concurrent Undo Cycle
[14.384s][info][gc,marking  ] GC(36) Concurrent Clear Claimed Marks
[14.384s][info][gc,marking  ] GC(36) Concurrent Clear Claimed Marks 0.023ms
[14.384s][info][gc,marking  ] GC(36) Concurrent Cleanup for Next Mark
[14.384s][info][gc,marking  ] GC(36) Concurrent Cleanup for Next Mark 0.047ms
[14.384s][info][gc          ] GC(36) Concurrent Undo Cycle 0.178ms
[15.415s][info][gc,start    ] GC(37) Pause Young (Concurrent Start) (G1 Humongous Allocation)
[15.416s][info][gc,task     ] GC(37) Using 8 workers of 8 for evacuation
[15.417s][info][gc,phases   ] GC(37)   Pre Evacuate Collection Set: 0.2ms
[15.417s][info][gc,phases   ] GC(37)   Merge Heap Roots: 0.2ms
[15.417s][info][gc,phases   ] GC(37)   Evacuate Collection Set: 0.4ms
[15.417s][info][gc,phases   ] GC(37)   Post Evacuate Collection Set: 0.5ms
[15.417s][info][gc,phases   ] GC(37)   Other: 0.2ms
[15.417s][info][gc,heap     ] GC(37) Eden regions: 1->0(164)
[15.417s][info][gc,heap     ] GC(37) Survivor regions: 1->1(21)
[15.417s][info][gc,heap     ] GC(37) Old regions: 4->4
[15.417s][info][gc,heap     ] GC(37) Humongous regions: 120->20
[15.417s][info][gc,metaspace] GC(37) Metaspace: 9924K(10176K)->9924K(10176K) NonClass: 8768K(8896K)->8768K(8896K) Class: 1155K(1280K)->1155K(1280K)
[15.417s][info][gc          ] GC(37) Pause Young (Concurrent Start) (G1 Humongous Allocation) 247M->46M(552M) 2.028ms
[15.418s][info][gc,cpu      ] GC(37) User=0.00s Sys=0.00s Real=0.00s
[15.418s][info][gc          ] GC(38) Concurrent Undo Cycle
[15.418s][info][gc,marking  ] GC(38) Concurrent Clear Claimed Marks
[15.418s][info][gc,marking  ] GC(38) Concurrent Clear Claimed Marks 0.032ms
[15.418s][info][gc,marking  ] GC(38) Concurrent Cleanup for Next Mark
[15.418s][info][gc,marking  ] GC(38) Concurrent Cleanup for Next Mark 0.074ms
[15.418s][info][gc          ] GC(38) Concurrent Undo Cycle 0.249ms
[16.440s][info][gc,start    ] GC(39) Pause Young (Concurrent Start) (G1 Humongous Allocation)
[16.440s][info][gc,task     ] GC(39) Using 8 workers of 8 for evacuation
[16.441s][info][gc,phases   ] GC(39)   Pre Evacuate Collection Set: 0.2ms
[16.441s][info][gc,phases   ] GC(39)   Merge Heap Roots: 0.0ms
[16.441s][info][gc,phases   ] GC(39)   Evacuate Collection Set: 0.3ms
[16.441s][info][gc,phases   ] GC(39)   Post Evacuate Collection Set: 0.3ms
[16.441s][info][gc,phases   ] GC(39)   Other: 0.1ms
[16.441s][info][gc,heap     ] GC(39) Eden regions: 1->0(164)
[16.441s][info][gc,heap     ] GC(39) Survivor regions: 1->1(21)
[16.441s][info][gc,heap     ] GC(39) Old regions: 4->4
[16.441s][info][gc,heap     ] GC(39) Humongous regions: 120->20
[16.441s][info][gc,metaspace] GC(39) Metaspace: 9924K(10176K)->9924K(10176K) NonClass: 8768K(8896K)->8768K(8896K) Class: 1155K(1280K)->1155K(1280K)
[16.441s][info][gc          ] GC(39) Pause Young (Concurrent Start) (G1 Humongous Allocation) 247M->46M(552M) 1.316ms
[16.441s][info][gc,cpu      ] GC(39) User=0.00s Sys=0.00s Real=0.00s
[16.441s][info][gc          ] GC(40) Concurrent Undo Cycle
[16.441s][info][gc,marking  ] GC(40) Concurrent Clear Claimed Marks
[16.441s][info][gc,marking  ] GC(40) Concurrent Clear Claimed Marks 0.026ms
[16.441s][info][gc,marking  ] GC(40) Concurrent Cleanup for Next Mark
[16.442s][info][gc,marking  ] GC(40) Concurrent Cleanup for Next Mark 0.069ms
[16.442s][info][gc          ] GC(40) Concurrent Undo Cycle 0.228ms
[17.464s][info][gc,start    ] GC(41) Pause Young (Concurrent Start) (G1 Humongous Allocation)
[17.464s][info][gc,task     ] GC(41) Using 8 workers of 8 for evacuation
[17.465s][info][gc,phases   ] GC(41)   Pre Evacuate Collection Set: 0.1ms
[17.465s][info][gc,phases   ] GC(41)   Merge Heap Roots: 0.0ms
[17.465s][info][gc,phases   ] GC(41)   Evacuate Collection Set: 0.2ms
[17.465s][info][gc,phases   ] GC(41)   Post Evacuate Collection Set: 0.2ms
[17.465s][info][gc,phases   ] GC(41)   Other: 0.1ms
[17.465s][info][gc,heap     ] GC(41) Eden regions: 1->0(164)
[17.465s][info][gc,heap     ] GC(41) Survivor regions: 1->1(21)
[17.465s][info][gc,heap     ] GC(41) Old regions: 4->4
[17.465s][info][gc,heap     ] GC(41) Humongous regions: 120->20
[17.465s][info][gc,metaspace] GC(41) Metaspace: 9924K(10176K)->9924K(10176K) NonClass: 8768K(8896K)->8768K(8896K) Class: 1155K(1280K)->1155K(1280K)
[17.465s][info][gc          ] GC(41) Pause Young (Concurrent Start) (G1 Humongous Allocation) 247M->46M(552M) 0.951ms
[17.465s][info][gc,cpu      ] GC(41) User=0.00s Sys=0.00s Real=0.00s
[17.465s][info][gc          ] GC(42) Concurrent Undo Cycle
[17.465s][info][gc,marking  ] GC(42) Concurrent Clear Claimed Marks
[17.465s][info][gc,marking  ] GC(42) Concurrent Clear Claimed Marks 0.025ms
[17.465s][info][gc,marking  ] GC(42) Concurrent Cleanup for Next Mark
[17.465s][info][gc,marking  ] GC(42) Concurrent Cleanup for Next Mark 0.059ms
[17.465s][info][gc          ] GC(42) Concurrent Undo Cycle 0.195ms
[18.483s][info][gc,start    ] GC(43) Pause Young (Concurrent Start) (G1 Humongous Allocation)
[18.483s][info][gc,task     ] GC(43) Using 8 workers of 8 for evacuation
[18.484s][info][gc,phases   ] GC(43)   Pre Evacuate Collection Set: 0.2ms
[18.484s][info][gc,phases   ] GC(43)   Merge Heap Roots: 0.0ms
[18.484s][info][gc,phases   ] GC(43)   Evacuate Collection Set: 0.2ms
[18.484s][info][gc,phases   ] GC(43)   Post Evacuate Collection Set: 0.2ms
[18.484s][info][gc,phases   ] GC(43)   Other: 0.1ms
[18.484s][info][gc,heap     ] GC(43) Eden regions: 1->0(164)
[18.484s][info][gc,heap     ] GC(43) Survivor regions: 1->1(21)
[18.484s][info][gc,heap     ] GC(43) Old regions: 4->4
[18.484s][info][gc,heap     ] GC(43) Humongous regions: 120->20
[18.484s][info][gc,metaspace] GC(43) Metaspace: 9924K(10176K)->9924K(10176K) NonClass: 8768K(8896K)->8768K(8896K) Class: 1155K(1280K)->1155K(1280K)
[18.484s][info][gc          ] GC(43) Pause Young (Concurrent Start) (G1 Humongous Allocation) 247M->46M(552M) 1.039ms
[18.484s][info][gc,cpu      ] GC(43) User=0.00s Sys=0.00s Real=0.00s
[18.484s][info][gc          ] GC(44) Concurrent Undo Cycle
[18.484s][info][gc,marking  ] GC(44) Concurrent Clear Claimed Marks
[18.484s][info][gc,marking  ] GC(44) Concurrent Clear Claimed Marks 0.024ms
[18.484s][info][gc,marking  ] GC(44) Concurrent Cleanup for Next Mark
[18.484s][info][gc,marking  ] GC(44) Concurrent Cleanup for Next Mark 0.051ms
[18.484s][info][gc          ] GC(44) Concurrent Undo Cycle 0.191ms
[19.512s][info][gc,start    ] GC(45) Pause Young (Concurrent Start) (G1 Humongous Allocation)
[19.512s][info][gc,task     ] GC(45) Using 8 workers of 8 for evacuation
[19.513s][info][gc,phases   ] GC(45)   Pre Evacuate Collection Set: 0.2ms
[19.513s][info][gc,phases   ] GC(45)   Merge Heap Roots: 0.1ms
[19.513s][info][gc,phases   ] GC(45)   Evacuate Collection Set: 0.3ms
[19.513s][info][gc,phases   ] GC(45)   Post Evacuate Collection Set: 0.3ms
[19.513s][info][gc,phases   ] GC(45)   Other: 0.1ms
[19.513s][info][gc,heap     ] GC(45) Eden regions: 1->0(164)
[19.513s][info][gc,heap     ] GC(45) Survivor regions: 1->1(21)
[19.513s][info][gc,heap     ] GC(45) Old regions: 4->4
[19.513s][info][gc,heap     ] GC(45) Humongous regions: 120->20
[19.513s][info][gc,metaspace] GC(45) Metaspace: 9924K(10176K)->9924K(10176K) NonClass: 8768K(8896K)->8768K(8896K) Class: 1155K(1280K)->1155K(1280K)
[19.514s][info][gc          ] GC(45) Pause Young (Concurrent Start) (G1 Humongous Allocation) 247M->46M(552M) 1.378ms
[19.514s][info][gc,cpu      ] GC(45) User=0.00s Sys=0.00s Real=0.00s
[19.514s][info][gc          ] GC(46) Concurrent Undo Cycle
[19.514s][info][gc,marking  ] GC(46) Concurrent Clear Claimed Marks
[19.514s][info][gc,marking  ] GC(46) Concurrent Clear Claimed Marks 0.040ms
[19.514s][info][gc,marking  ] GC(46) Concurrent Cleanup for Next Mark
[19.514s][info][gc,marking  ] GC(46) Concurrent Cleanup for Next Mark 0.080ms
[19.514s][info][gc          ] GC(46) Concurrent Undo Cycle 0.283ms
[20.536s][info][gc,start    ] GC(47) Pause Young (Concurrent Start) (G1 Humongous Allocation)
[20.536s][info][gc,task     ] GC(47) Using 8 workers of 8 for evacuation
[20.536s][info][gc,phases   ] GC(47)   Pre Evacuate Collection Set: 0.2ms
[20.536s][info][gc,phases   ] GC(47)   Merge Heap Roots: 0.0ms
[20.536s][info][gc,phases   ] GC(47)   Evacuate Collection Set: 0.2ms
[20.536s][info][gc,phases   ] GC(47)   Post Evacuate Collection Set: 0.2ms
[20.536s][info][gc,phases   ] GC(47)   Other: 0.1ms
[20.536s][info][gc,heap     ] GC(47) Eden regions: 1->0(164)
[20.536s][info][gc,heap     ] GC(47) Survivor regions: 1->1(21)
[20.536s][info][gc,heap     ] GC(47) Old regions: 4->4
[20.536s][info][gc,heap     ] GC(47) Humongous regions: 120->20
[20.536s][info][gc,metaspace] GC(47) Metaspace: 9924K(10176K)->9924K(10176K) NonClass: 8768K(8896K)->8768K(8896K) Class: 1155K(1280K)->1155K(1280K)
[20.537s][info][gc          ] GC(47) Pause Young (Concurrent Start) (G1 Humongous Allocation) 247M->46M(552M) 0.970ms
[20.537s][info][gc,cpu      ] GC(47) User=0.00s Sys=0.00s Real=0.00s
[20.537s][info][gc          ] GC(48) Concurrent Undo Cycle
[20.537s][info][gc,marking  ] GC(48) Concurrent Clear Claimed Marks
[20.537s][info][gc,marking  ] GC(48) Concurrent Clear Claimed Marks 0.025ms
[20.537s][info][gc,marking  ] GC(48) Concurrent Cleanup for Next Mark
[20.537s][info][gc,marking  ] GC(48) Concurrent Cleanup for Next Mark 0.062ms
[20.537s][info][gc          ] GC(48) Concurrent Undo Cycle 0.198ms
[21.562s][info][gc,start    ] GC(49) Pause Young (Concurrent Start) (G1 Humongous Allocation)
[21.562s][info][gc,task     ] GC(49) Using 8 workers of 8 for evacuation
[21.563s][info][gc,phases   ] GC(49)   Pre Evacuate Collection Set: 0.2ms
[21.563s][info][gc,phases   ] GC(49)   Merge Heap Roots: 0.0ms
[21.563s][info][gc,phases   ] GC(49)   Evacuate Collection Set: 0.2ms
[21.563s][info][gc,phases   ] GC(49)   Post Evacuate Collection Set: 0.2ms
[21.563s][info][gc,phases   ] GC(49)   Other: 0.1ms
[21.563s][info][gc,heap     ] GC(49) Eden regions: 1->0(164)
[21.563s][info][gc,heap     ] GC(49) Survivor regions: 1->1(21)
[21.563s][info][gc,heap     ] GC(49) Old regions: 4->4
[21.563s][info][gc,heap     ] GC(49) Humongous regions: 120->20
[21.563s][info][gc,metaspace] GC(49) Metaspace: 9924K(10176K)->9924K(10176K) NonClass: 8768K(8896K)->8768K(8896K) Class: 1155K(1280K)->1155K(1280K)
[21.563s][info][gc          ] GC(49) Pause Young (Concurrent Start) (G1 Humongous Allocation) 247M->46M(552M) 0.993ms
[21.563s][info][gc,cpu      ] GC(49) User=0.00s Sys=0.00s Real=0.00s
[21.563s][info][gc          ] GC(50) Concurrent Undo Cycle
[21.563s][info][gc,marking  ] GC(50) Concurrent Clear Claimed Marks
[21.563s][info][gc,marking  ] GC(50) Concurrent Clear Claimed Marks 0.022ms
[21.563s][info][gc,marking  ] GC(50) Concurrent Cleanup for Next Mark
[21.563s][info][gc,marking  ] GC(50) Concurrent Cleanup for Next Mark 0.050ms
[21.563s][info][gc          ] GC(50) Concurrent Undo Cycle 0.179ms
[22.588s][info][gc,start    ] GC(51) Pause Young (Concurrent Start) (G1 Humongous Allocation)
[22.588s][info][gc,task     ] GC(51) Using 8 workers of 8 for evacuation
[22.589s][info][gc,phases   ] GC(51)   Pre Evacuate Collection Set: 0.1ms
[22.589s][info][gc,phases   ] GC(51)   Merge Heap Roots: 0.0ms
[22.589s][info][gc,phases   ] GC(51)   Evacuate Collection Set: 0.2ms
[22.589s][info][gc,phases   ] GC(51)   Post Evacuate Collection Set: 0.5ms
[22.589s][info][gc,phases   ] GC(51)   Other: 0.1ms
[22.589s][info][gc,heap     ] GC(51) Eden regions: 1->0(164)
[22.589s][info][gc,heap     ] GC(51) Survivor regions: 1->1(21)
[22.589s][info][gc,heap     ] GC(51) Old regions: 4->4
[22.589s][info][gc,heap     ] GC(51) Humongous regions: 120->20
[22.589s][info][gc,metaspace] GC(51) Metaspace: 9924K(10176K)->9924K(10176K) NonClass: 8768K(8896K)->8768K(8896K) Class: 1155K(1280K)->1155K(1280K)
[22.589s][info][gc          ] GC(51) Pause Young (Concurrent Start) (G1 Humongous Allocation) 247M->46M(552M) 1.256ms
[22.589s][info][gc,cpu      ] GC(51) User=0.00s Sys=0.00s Real=0.00s
[22.589s][info][gc          ] GC(52) Concurrent Undo Cycle
[22.590s][info][gc,marking  ] GC(52) Concurrent Clear Claimed Marks
[22.590s][info][gc,marking  ] GC(52) Concurrent Clear Claimed Marks 0.030ms
[22.590s][info][gc,marking  ] GC(52) Concurrent Cleanup for Next Mark
[22.590s][info][gc,marking  ] GC(52) Concurrent Cleanup for Next Mark 0.059ms
[22.590s][info][gc          ] GC(52) Concurrent Undo Cycle 0.224ms
[23.612s][info][gc,start    ] GC(53) Pause Young (Concurrent Start) (G1 Humongous Allocation)
[23.612s][info][gc,task     ] GC(53) Using 8 workers of 8 for evacuation
[23.612s][info][gc,phases   ] GC(53)   Pre Evacuate Collection Set: 0.1ms
[23.612s][info][gc,phases   ] GC(53)   Merge Heap Roots: 0.0ms
[23.612s][info][gc,phases   ] GC(53)   Evacuate Collection Set: 0.2ms
[23.612s][info][gc,phases   ] GC(53)   Post Evacuate Collection Set: 0.2ms
[23.612s][info][gc,phases   ] GC(53)   Other: 0.1ms
[23.612s][info][gc,heap     ] GC(53) Eden regions: 1->0(164)
[23.613s][info][gc,heap     ] GC(53) Survivor regions: 1->1(21)
[23.613s][info][gc,heap     ] GC(53) Old regions: 4->4
[23.613s][info][gc,heap     ] GC(53) Humongous regions: 120->20
[23.613s][info][gc,metaspace] GC(53) Metaspace: 9924K(10176K)->9924K(10176K) NonClass: 8768K(8896K)->8768K(8896K) Class: 1155K(1280K)->1155K(1280K)
[23.613s][info][gc          ] GC(53) Pause Young (Concurrent Start) (G1 Humongous Allocation) 247M->46M(552M) 0.983ms
[23.613s][info][gc,cpu      ] GC(53) User=0.00s Sys=0.00s Real=0.00s
[23.613s][info][gc          ] GC(54) Concurrent Undo Cycle
[23.613s][info][gc,marking  ] GC(54) Concurrent Clear Claimed Marks
[23.613s][info][gc,marking  ] GC(54) Concurrent Clear Claimed Marks 0.025ms
[23.613s][info][gc,marking  ] GC(54) Concurrent Cleanup for Next Mark
[23.613s][info][gc,marking  ] GC(54) Concurrent Cleanup for Next Mark 0.052ms
[23.613s][info][gc          ] GC(54) Concurrent Undo Cycle 0.192ms
[24.638s][info][gc,start    ] GC(55) Pause Young (Concurrent Start) (G1 Humongous Allocation)
[24.638s][info][gc,task     ] GC(55) Using 8 workers of 8 for evacuation
[24.638s][info][gc,phases   ] GC(55)   Pre Evacuate Collection Set: 0.2ms
[24.638s][info][gc,phases   ] GC(55)   Merge Heap Roots: 0.0ms
[24.638s][info][gc,phases   ] GC(55)   Evacuate Collection Set: 0.2ms
[24.638s][info][gc,phases   ] GC(55)   Post Evacuate Collection Set: 0.2ms
[24.638s][info][gc,phases   ] GC(55)   Other: 0.1ms
[24.638s][info][gc,heap     ] GC(55) Eden regions: 1->0(164)
[24.638s][info][gc,heap     ] GC(55) Survivor regions: 1->1(21)
[24.639s][info][gc,heap     ] GC(55) Old regions: 4->4
[24.639s][info][gc,heap     ] GC(55) Humongous regions: 120->20
[24.639s][info][gc,metaspace] GC(55) Metaspace: 9924K(10176K)->9924K(10176K) NonClass: 8768K(8896K)->8768K(8896K) Class: 1155K(1280K)->1155K(1280K)
[24.639s][info][gc          ] GC(55) Pause Young (Concurrent Start) (G1 Humongous Allocation) 247M->46M(552M) 0.971ms
[24.639s][info][gc,cpu      ] GC(55) User=0.00s Sys=0.00s Real=0.00s
[24.639s][info][gc          ] GC(56) Concurrent Undo Cycle
[24.639s][info][gc,marking  ] GC(56) Concurrent Clear Claimed Marks
[24.639s][info][gc,marking  ] GC(56) Concurrent Clear Claimed Marks 0.023ms
[24.639s][info][gc,marking  ] GC(56) Concurrent Cleanup for Next Mark
[24.639s][info][gc,marking  ] GC(56) Concurrent Cleanup for Next Mark 0.051ms
[24.639s][info][gc          ] GC(56) Concurrent Undo Cycle 0.185ms
[25.664s][info][gc,start    ] GC(57) Pause Young (Concurrent Start) (G1 Humongous Allocation)
[25.665s][info][gc,task     ] GC(57) Using 8 workers of 8 for evacuation
[25.665s][info][gc,phases   ] GC(57)   Pre Evacuate Collection Set: 0.1ms
[25.665s][info][gc,phases   ] GC(57)   Merge Heap Roots: 0.0ms
[25.665s][info][gc,phases   ] GC(57)   Evacuate Collection Set: 0.2ms
[25.665s][info][gc,phases   ] GC(57)   Post Evacuate Collection Set: 0.2ms
[25.665s][info][gc,phases   ] GC(57)   Other: 0.1ms
[25.665s][info][gc,heap     ] GC(57) Eden regions: 1->0(164)
[25.665s][info][gc,heap     ] GC(57) Survivor regions: 1->1(21)
[25.665s][info][gc,heap     ] GC(57) Old regions: 4->4
[25.665s][info][gc,heap     ] GC(57) Humongous regions: 120->20
[25.665s][info][gc,metaspace] GC(57) Metaspace: 9924K(10176K)->9924K(10176K) NonClass: 8768K(8896K)->8768K(8896K) Class: 1155K(1280K)->1155K(1280K)
[25.665s][info][gc          ] GC(57) Pause Young (Concurrent Start) (G1 Humongous Allocation) 247M->46M(552M) 0.936ms
[25.665s][info][gc,cpu      ] GC(57) User=0.00s Sys=0.00s Real=0.00s
[25.665s][info][gc          ] GC(58) Concurrent Undo Cycle
[25.665s][info][gc,marking  ] GC(58) Concurrent Clear Claimed Marks
[25.665s][info][gc,marking  ] GC(58) Concurrent Clear Claimed Marks 0.022ms
[25.665s][info][gc,marking  ] GC(58) Concurrent Cleanup for Next Mark
[25.666s][info][gc,marking  ] GC(58) Concurrent Cleanup for Next Mark 0.051ms
[25.666s][info][gc          ] GC(58) Concurrent Undo Cycle 0.176ms
[26.688s][info][gc,start    ] GC(59) Pause Young (Concurrent Start) (G1 Humongous Allocation)
[26.689s][info][gc,task     ] GC(59) Using 8 workers of 8 for evacuation
[26.689s][info][gc,phases   ] GC(59)   Pre Evacuate Collection Set: 0.1ms
[26.689s][info][gc,phases   ] GC(59)   Merge Heap Roots: 0.0ms
[26.689s][info][gc,phases   ] GC(59)   Evacuate Collection Set: 0.2ms
[26.689s][info][gc,phases   ] GC(59)   Post Evacuate Collection Set: 0.2ms
[26.689s][info][gc,phases   ] GC(59)   Other: 0.1ms
[26.689s][info][gc,heap     ] GC(59) Eden regions: 1->0(164)
[26.689s][info][gc,heap     ] GC(59) Survivor regions: 1->1(21)
[26.689s][info][gc,heap     ] GC(59) Old regions: 4->4
[26.689s][info][gc,heap     ] GC(59) Humongous regions: 120->20
[26.689s][info][gc,metaspace] GC(59) Metaspace: 9924K(10176K)->9924K(10176K) NonClass: 8768K(8896K)->8768K(8896K) Class: 1155K(1280K)->1155K(1280K)
[26.689s][info][gc          ] GC(59) Pause Young (Concurrent Start) (G1 Humongous Allocation) 247M->46M(552M) 1.018ms
[26.689s][info][gc,cpu      ] GC(59) User=0.00s Sys=0.00s Real=0.00s
[26.689s][info][gc          ] GC(60) Concurrent Undo Cycle
[26.690s][info][gc,marking  ] GC(60) Concurrent Clear Claimed Marks
[26.690s][info][gc,marking  ] GC(60) Concurrent Clear Claimed Marks 0.024ms
[26.690s][info][gc,marking  ] GC(60) Concurrent Cleanup for Next Mark
[26.690s][info][gc,marking  ] GC(60) Concurrent Cleanup for Next Mark 0.051ms
[26.690s][info][gc          ] GC(60) Concurrent Undo Cycle 0.188ms
[27.718s][info][gc,start    ] GC(61) Pause Young (Concurrent Start) (G1 Humongous Allocation)
[27.718s][info][gc,task     ] GC(61) Using 8 workers of 8 for evacuation
[27.719s][info][gc,phases   ] GC(61)   Pre Evacuate Collection Set: 0.2ms
[27.719s][info][gc,phases   ] GC(61)   Merge Heap Roots: 0.1ms
[27.719s][info][gc,phases   ] GC(61)   Evacuate Collection Set: 0.2ms
[27.719s][info][gc,phases   ] GC(61)   Post Evacuate Collection Set: 0.2ms
[27.719s][info][gc,phases   ] GC(61)   Other: 0.1ms
[27.719s][info][gc,heap     ] GC(61) Eden regions: 1->0(164)
[27.719s][info][gc,heap     ] GC(61) Survivor regions: 1->1(21)
[27.719s][info][gc,heap     ] GC(61) Old regions: 4->4
[27.719s][info][gc,heap     ] GC(61) Humongous regions: 120->20
[27.719s][info][gc,metaspace] GC(61) Metaspace: 9924K(10176K)->9924K(10176K) NonClass: 8768K(8896K)->8768K(8896K) Class: 1155K(1280K)->1155K(1280K)
[27.719s][info][gc          ] GC(61) Pause Young (Concurrent Start) (G1 Humongous Allocation) 247M->46M(552M) 1.094ms
[27.719s][info][gc,cpu      ] GC(61) User=0.00s Sys=0.00s Real=0.00s
[27.719s][info][gc          ] GC(62) Concurrent Undo Cycle
[27.719s][info][gc,marking  ] GC(62) Concurrent Clear Claimed Marks
[27.719s][info][gc,marking  ] GC(62) Concurrent Clear Claimed Marks 0.032ms
[27.719s][info][gc,marking  ] GC(62) Concurrent Cleanup for Next Mark
[27.719s][info][gc,marking  ] GC(62) Concurrent Cleanup for Next Mark 0.058ms
[27.719s][info][gc          ] GC(62) Concurrent Undo Cycle 0.208ms
[28.743s][info][gc,start    ] GC(63) Pause Young (Concurrent Start) (G1 Humongous Allocation)
[28.743s][info][gc,task     ] GC(63) Using 8 workers of 8 for evacuation
[28.744s][info][gc,phases   ] GC(63)   Pre Evacuate Collection Set: 0.2ms
[28.744s][info][gc,phases   ] GC(63)   Merge Heap Roots: 0.0ms
[28.744s][info][gc,phases   ] GC(63)   Evacuate Collection Set: 0.2ms
[28.744s][info][gc,phases   ] GC(63)   Post Evacuate Collection Set: 0.3ms
[28.744s][info][gc,phases   ] GC(63)   Other: 0.1ms
[28.744s][info][gc,heap     ] GC(63) Eden regions: 1->0(164)
[28.744s][info][gc,heap     ] GC(63) Survivor regions: 1->1(21)
[28.744s][info][gc,heap     ] GC(63) Old regions: 4->4
[28.744s][info][gc,heap     ] GC(63) Humongous regions: 120->20
[28.744s][info][gc,metaspace] GC(63) Metaspace: 9924K(10176K)->9924K(10176K) NonClass: 8768K(8896K)->8768K(8896K) Class: 1155K(1280K)->1155K(1280K)
[28.744s][info][gc          ] GC(63) Pause Young (Concurrent Start) (G1 Humongous Allocation) 247M->46M(552M) 1.345ms
[28.744s][info][gc          ] GC(64) Concurrent Undo Cycle
[28.744s][info][gc,cpu      ] GC(63) User=0.00s Sys=0.00s Real=0.00s
[28.744s][info][gc,marking  ] GC(64) Concurrent Clear Claimed Marks
[28.744s][info][gc,marking  ] GC(64) Concurrent Clear Claimed Marks 0.066ms
[28.744s][info][gc,marking  ] GC(64) Concurrent Cleanup for Next Mark
[28.745s][info][gc,marking  ] GC(64) Concurrent Cleanup for Next Mark 0.090ms
[28.745s][info][gc          ] GC(64) Concurrent Undo Cycle 0.276ms
[29.763s][info][gc,start    ] GC(65) Pause Young (Concurrent Start) (G1 Humongous Allocation)
[29.764s][info][gc,task     ] GC(65) Using 8 workers of 8 for evacuation
[29.765s][info][gc,phases   ] GC(65)   Pre Evacuate Collection Set: 0.1ms
[29.765s][info][gc,phases   ] GC(65)   Merge Heap Roots: 0.4ms
[29.765s][info][gc,phases   ] GC(65)   Evacuate Collection Set: 0.2ms
[29.765s][info][gc,phases   ] GC(65)   Post Evacuate Collection Set: 0.2ms
[29.765s][info][gc,phases   ] GC(65)   Other: 0.1ms
[29.765s][info][gc,heap     ] GC(65) Eden regions: 1->0(164)
[29.765s][info][gc,heap     ] GC(65) Survivor regions: 1->1(21)
[29.765s][info][gc,heap     ] GC(65) Old regions: 4->4
[29.765s][info][gc,heap     ] GC(65) Humongous regions: 120->20
[29.765s][info][gc,metaspace] GC(65) Metaspace: 9924K(10176K)->9924K(10176K) NonClass: 8768K(8896K)->8768K(8896K) Class: 1155K(1280K)->1155K(1280K)
[29.765s][info][gc          ] GC(65) Pause Young (Concurrent Start) (G1 Humongous Allocation) 247M->46M(552M) 1.327ms
[29.765s][info][gc,cpu      ] GC(65) User=0.00s Sys=0.00s Real=0.00s
[29.765s][info][gc          ] GC(66) Concurrent Undo Cycle
[29.765s][info][gc,marking  ] GC(66) Concurrent Clear Claimed Marks
[29.765s][info][gc,marking  ] GC(66) Concurrent Clear Claimed Marks 0.026ms
[29.765s][info][gc,marking  ] GC(66) Concurrent Cleanup for Next Mark
[29.765s][info][gc,marking  ] GC(66) Concurrent Cleanup for Next Mark 0.052ms
[29.765s][info][gc          ] GC(66) Concurrent Undo Cycle 0.191ms
[30.788s][info][gc,start    ] GC(67) Pause Young (Concurrent Start) (G1 Humongous Allocation)
[30.788s][info][gc,task     ] GC(67) Using 8 workers of 8 for evacuation
[30.789s][info][gc,phases   ] GC(67)   Pre Evacuate Collection Set: 0.1ms
[30.789s][info][gc,phases   ] GC(67)   Merge Heap Roots: 0.0ms
[30.789s][info][gc,phases   ] GC(67)   Evacuate Collection Set: 0.2ms
[30.789s][info][gc,phases   ] GC(67)   Post Evacuate Collection Set: 0.2ms
[30.789s][info][gc,phases   ] GC(67)   Other: 0.1ms
[30.789s][info][gc,heap     ] GC(67) Eden regions: 1->0(164)
[30.789s][info][gc,heap     ] GC(67) Survivor regions: 1->1(21)
[30.789s][info][gc,heap     ] GC(67) Old regions: 4->4
[30.789s][info][gc,heap     ] GC(67) Humongous regions: 120->20
[30.789s][info][gc,metaspace] GC(67) Metaspace: 9924K(10176K)->9924K(10176K) NonClass: 8768K(8896K)->8768K(8896K) Class: 1155K(1280K)->1155K(1280K)
[30.789s][info][gc          ] GC(67) Pause Young (Concurrent Start) (G1 Humongous Allocation) 247M->46M(552M) 1.022ms
[30.789s][info][gc,cpu      ] GC(67) User=0.00s Sys=0.00s Real=0.00s
[30.789s][info][gc          ] GC(68) Concurrent Undo Cycle
[30.789s][info][gc,marking  ] GC(68) Concurrent Clear Claimed Marks
[30.789s][info][gc,marking  ] GC(68) Concurrent Clear Claimed Marks 0.032ms
[30.789s][info][gc,marking  ] GC(68) Concurrent Cleanup for Next Mark
[30.789s][info][gc,marking  ] GC(68) Concurrent Cleanup for Next Mark 0.068ms
[30.789s][info][gc          ] GC(68) Concurrent Undo Cycle 0.239ms
[31.813s][info][gc,start    ] GC(69) Pause Young (Concurrent Start) (G1 Humongous Allocation)
[31.813s][info][gc,task     ] GC(69) Using 8 workers of 8 for evacuation
[31.813s][info][gc,phases   ] GC(69)   Pre Evacuate Collection Set: 0.2ms
[31.813s][info][gc,phases   ] GC(69)   Merge Heap Roots: 0.0ms
[31.814s][info][gc,phases   ] GC(69)   Evacuate Collection Set: 0.2ms
[31.814s][info][gc,phases   ] GC(69)   Post Evacuate Collection Set: 0.2ms
[31.814s][info][gc,phases   ] GC(69)   Other: 0.1ms
[31.814s][info][gc,heap     ] GC(69) Eden regions: 1->0(164)
[31.814s][info][gc,heap     ] GC(69) Survivor regions: 1->1(21)
[31.814s][info][gc,heap     ] GC(69) Old regions: 4->4
[31.814s][info][gc,heap     ] GC(69) Humongous regions: 120->20
[31.814s][info][gc,metaspace] GC(69) Metaspace: 9924K(10176K)->9924K(10176K) NonClass: 8768K(8896K)->8768K(8896K) Class: 1155K(1280K)->1155K(1280K)
[31.814s][info][gc          ] GC(69) Pause Young (Concurrent Start) (G1 Humongous Allocation) 247M->46M(552M) 0.974ms
[31.814s][info][gc,cpu      ] GC(69) User=0.00s Sys=0.00s Real=0.00s
[31.814s][info][gc          ] GC(70) Concurrent Undo Cycle
[31.814s][info][gc,marking  ] GC(70) Concurrent Clear Claimed Marks
[31.814s][info][gc,marking  ] GC(70) Concurrent Clear Claimed Marks 0.019ms
[31.814s][info][gc,marking  ] GC(70) Concurrent Cleanup for Next Mark
[31.814s][info][gc,marking  ] GC(70) Concurrent Cleanup for Next Mark 0.047ms
[31.814s][info][gc          ] GC(70) Concurrent Undo Cycle 0.155ms
[32.839s][info][gc,start    ] GC(71) Pause Young (Concurrent Start) (G1 Humongous Allocation)
[32.839s][info][gc,task     ] GC(71) Using 8 workers of 8 for evacuation
[32.840s][info][gc,phases   ] GC(71)   Pre Evacuate Collection Set: 0.1ms
[32.840s][info][gc,phases   ] GC(71)   Merge Heap Roots: 0.0ms
[32.840s][info][gc,phases   ] GC(71)   Evacuate Collection Set: 0.2ms
[32.840s][info][gc,phases   ] GC(71)   Post Evacuate Collection Set: 0.2ms
[32.840s][info][gc,phases   ] GC(71)   Other: 0.1ms
[32.840s][info][gc,heap     ] GC(71) Eden regions: 1->0(164)
[32.840s][info][gc,heap     ] GC(71) Survivor regions: 1->1(21)
[32.840s][info][gc,heap     ] GC(71) Old regions: 4->4
[32.840s][info][gc,heap     ] GC(71) Humongous regions: 120->20
[32.840s][info][gc,metaspace] GC(71) Metaspace: 9924K(10176K)->9924K(10176K) NonClass: 8768K(8896K)->8768K(8896K) Class: 1155K(1280K)->1155K(1280K)
[32.840s][info][gc          ] GC(71) Pause Young (Concurrent Start) (G1 Humongous Allocation) 247M->46M(552M) 1.056ms
[32.840s][info][gc          ] GC(72) Concurrent Undo Cycle
[32.840s][info][gc,cpu      ] GC(71) User=0.00s Sys=0.00s Real=0.00s
[32.840s][info][gc,marking  ] GC(72) Concurrent Clear Claimed Marks
[32.840s][info][gc,marking  ] GC(72) Concurrent Clear Claimed Marks 0.054ms
[32.840s][info][gc,marking  ] GC(72) Concurrent Cleanup for Next Mark
[32.840s][info][gc,marking  ] GC(72) Concurrent Cleanup for Next Mark 0.053ms
[32.840s][info][gc          ] GC(72) Concurrent Undo Cycle 0.200ms
[33.865s][info][gc,start    ] GC(73) Pause Young (Concurrent Start) (G1 Humongous Allocation)
[33.865s][info][gc,task     ] GC(73) Using 8 workers of 8 for evacuation
[33.866s][info][gc,phases   ] GC(73)   Pre Evacuate Collection Set: 0.2ms
[33.866s][info][gc,phases   ] GC(73)   Merge Heap Roots: 0.0ms
[33.866s][info][gc,phases   ] GC(73)   Evacuate Collection Set: 0.2ms
[33.866s][info][gc,phases   ] GC(73)   Post Evacuate Collection Set: 0.2ms
[33.866s][info][gc,phases   ] GC(73)   Other: 0.1ms
[33.866s][info][gc,heap     ] GC(73) Eden regions: 1->0(164)
[33.866s][info][gc,heap     ] GC(73) Survivor regions: 1->1(21)
[33.866s][info][gc,heap     ] GC(73) Old regions: 4->4
[33.866s][info][gc,heap     ] GC(73) Humongous regions: 120->20
[33.866s][info][gc,metaspace] GC(73) Metaspace: 9924K(10176K)->9924K(10176K) NonClass: 8768K(8896K)->8768K(8896K) Class: 1155K(1280K)->1155K(1280K)
[33.866s][info][gc          ] GC(73) Pause Young (Concurrent Start) (G1 Humongous Allocation) 247M->46M(552M) 1.043ms
[33.866s][info][gc,cpu      ] GC(73) User=0.00s Sys=0.00s Real=0.00s
[33.866s][info][gc          ] GC(74) Concurrent Undo Cycle
[33.866s][info][gc,marking  ] GC(74) Concurrent Clear Claimed Marks
[33.866s][info][gc,marking  ] GC(74) Concurrent Clear Claimed Marks 0.028ms
[33.866s][info][gc,marking  ] GC(74) Concurrent Cleanup for Next Mark
[33.866s][info][gc,marking  ] GC(74) Concurrent Cleanup for Next Mark 0.056ms
[33.867s][info][gc          ] GC(74) Concurrent Undo Cycle 0.207ms
[34.897s][info][gc,start    ] GC(75) Pause Young (Concurrent Start) (G1 Humongous Allocation)
[34.897s][info][gc,task     ] GC(75) Using 8 workers of 8 for evacuation
[34.898s][info][gc,phases   ] GC(75)   Pre Evacuate Collection Set: 0.2ms
[34.898s][info][gc,phases   ] GC(75)   Merge Heap Roots: 0.2ms
[34.898s][info][gc,phases   ] GC(75)   Evacuate Collection Set: 0.3ms
[34.898s][info][gc,phases   ] GC(75)   Post Evacuate Collection Set: 0.3ms
[34.898s][info][gc,phases   ] GC(75)   Other: 0.1ms
[34.898s][info][gc,heap     ] GC(75) Eden regions: 1->0(164)
[34.898s][info][gc,heap     ] GC(75) Survivor regions: 1->1(21)
[34.898s][info][gc,heap     ] GC(75) Old regions: 4->4
[34.898s][info][gc,heap     ] GC(75) Humongous regions: 120->20
[34.898s][info][gc,metaspace] GC(75) Metaspace: 9924K(10176K)->9924K(10176K) NonClass: 8768K(8896K)->8768K(8896K) Class: 1155K(1280K)->1155K(1280K)
[34.899s][info][gc          ] GC(75) Pause Young (Concurrent Start) (G1 Humongous Allocation) 247M->46M(552M) 1.735ms
[34.899s][info][gc,cpu      ] GC(75) User=0.00s Sys=0.00s Real=0.00s
[34.899s][info][gc          ] GC(76) Concurrent Undo Cycle
[34.899s][info][gc,marking  ] GC(76) Concurrent Clear Claimed Marks
[34.899s][info][gc,marking  ] GC(76) Concurrent Clear Claimed Marks 0.037ms
[34.899s][info][gc,marking  ] GC(76) Concurrent Cleanup for Next Mark
[34.899s][info][gc,marking  ] GC(76) Concurrent Cleanup for Next Mark 0.191ms
[34.899s][info][gc          ] GC(76) Concurrent Undo Cycle 0.420ms
[35.921s][info][gc,start    ] GC(77) Pause Young (Concurrent Start) (G1 Humongous Allocation)
[35.921s][info][gc,task     ] GC(77) Using 8 workers of 8 for evacuation
[35.922s][info][gc,phases   ] GC(77)   Pre Evacuate Collection Set: 0.2ms
[35.922s][info][gc,phases   ] GC(77)   Merge Heap Roots: 0.1ms
[35.922s][info][gc,phases   ] GC(77)   Evacuate Collection Set: 0.3ms
[35.922s][info][gc,phases   ] GC(77)   Post Evacuate Collection Set: 0.5ms
[35.923s][info][gc,phases   ] GC(77)   Other: 0.2ms
[35.923s][info][gc,heap     ] GC(77) Eden regions: 1->0(164)
[35.923s][info][gc,heap     ] GC(77) Survivor regions: 1->1(21)
[35.923s][info][gc,heap     ] GC(77) Old regions: 4->4
[35.923s][info][gc,heap     ] GC(77) Humongous regions: 120->20
[35.923s][info][gc,metaspace] GC(77) Metaspace: 9924K(10176K)->9924K(10176K) NonClass: 8768K(8896K)->8768K(8896K) Class: 1155K(1280K)->1155K(1280K)
[35.923s][info][gc          ] GC(77) Pause Young (Concurrent Start) (G1 Humongous Allocation) 247M->46M(552M) 1.858ms
[35.923s][info][gc,cpu      ] GC(77) User=0.00s Sys=0.00s Real=0.00s
[35.923s][info][gc          ] GC(78) Concurrent Undo Cycle
[35.923s][info][gc,marking  ] GC(78) Concurrent Clear Claimed Marks
[35.923s][info][gc,marking  ] GC(78) Concurrent Clear Claimed Marks 0.038ms
[35.923s][info][gc,marking  ] GC(78) Concurrent Cleanup for Next Mark
[35.923s][info][gc,marking  ] GC(78) Concurrent Cleanup for Next Mark 0.129ms
[35.923s][info][gc          ] GC(78) Concurrent Undo Cycle 0.333ms
[36.972s][info][gc,start    ] GC(79) Pause Young (Concurrent Start) (G1 Humongous Allocation)
[36.972s][info][gc,task     ] GC(79) Using 8 workers of 8 for evacuation
[36.974s][info][gc,phases   ] GC(79)   Pre Evacuate Collection Set: 0.5ms
[36.974s][info][gc,phases   ] GC(79)   Merge Heap Roots: 0.1ms
[36.974s][info][gc,phases   ] GC(79)   Evacuate Collection Set: 0.3ms
[36.974s][info][gc,phases   ] GC(79)   Post Evacuate Collection Set: 0.4ms
[36.974s][info][gc,phases   ] GC(79)   Other: 0.2ms
[36.974s][info][gc,heap     ] GC(79) Eden regions: 1->0(164)
[36.974s][info][gc,heap     ] GC(79) Survivor regions: 1->1(21)
[36.974s][info][gc,heap     ] GC(79) Old regions: 4->4
[36.974s][info][gc,heap     ] GC(79) Humongous regions: 120->20
[36.974s][info][gc,metaspace] GC(79) Metaspace: 9924K(10176K)->9924K(10176K) NonClass: 8768K(8896K)->8768K(8896K) Class: 1155K(1280K)->1155K(1280K)
[36.974s][info][gc          ] GC(79) Pause Young (Concurrent Start) (G1 Humongous Allocation) 247M->46M(552M) 1.861ms
[36.974s][info][gc,cpu      ] GC(79) User=0.00s Sys=0.00s Real=0.00s
[36.974s][info][gc          ] GC(80) Concurrent Undo Cycle
[36.974s][info][gc,marking  ] GC(80) Concurrent Clear Claimed Marks
[36.974s][info][gc,marking  ] GC(80) Concurrent Clear Claimed Marks 0.052ms
[36.974s][info][gc,marking  ] GC(80) Concurrent Cleanup for Next Mark
[36.974s][info][gc,marking  ] GC(80) Concurrent Cleanup for Next Mark 0.098ms
[36.974s][info][gc          ] GC(80) Concurrent Undo Cycle 0.331ms
[38.004s][info][gc,start    ] GC(81) Pause Young (Concurrent Start) (G1 Humongous Allocation)
[38.004s][info][gc,task     ] GC(81) Using 8 workers of 8 for evacuation
[38.005s][info][gc,phases   ] GC(81)   Pre Evacuate Collection Set: 0.1ms
[38.005s][info][gc,phases   ] GC(81)   Merge Heap Roots: 0.0ms
[38.005s][info][gc,phases   ] GC(81)   Evacuate Collection Set: 0.2ms
[38.005s][info][gc,phases   ] GC(81)   Post Evacuate Collection Set: 0.7ms
[38.005s][info][gc,phases   ] GC(81)   Other: 0.2ms
[38.005s][info][gc,heap     ] GC(81) Eden regions: 1->0(164)
[38.005s][info][gc,heap     ] GC(81) Survivor regions: 1->1(21)
[38.005s][info][gc,heap     ] GC(81) Old regions: 4->4
[38.005s][info][gc,heap     ] GC(81) Humongous regions: 120->20
[38.005s][info][gc,metaspace] GC(81) Metaspace: 9924K(10176K)->9924K(10176K) NonClass: 8768K(8896K)->8768K(8896K) Class: 1155K(1280K)->1155K(1280K)
[38.005s][info][gc          ] GC(81) Pause Young (Concurrent Start) (G1 Humongous Allocation) 247M->46M(552M) 1.925ms
[38.006s][info][gc,cpu      ] GC(81) User=0.00s Sys=0.02s Real=0.00s
[38.006s][info][gc          ] GC(82) Concurrent Undo Cycle
[38.006s][info][gc,marking  ] GC(82) Concurrent Clear Claimed Marks
[38.006s][info][gc,marking  ] GC(82) Concurrent Clear Claimed Marks 0.035ms
[38.006s][info][gc,marking  ] GC(82) Concurrent Cleanup for Next Mark
[38.006s][info][gc,marking  ] GC(82) Concurrent Cleanup for Next Mark 0.075ms
[38.006s][info][gc          ] GC(82) Concurrent Undo Cycle 0.246ms
[39.031s][info][gc,start    ] GC(83) Pause Young (Concurrent Start) (G1 Humongous Allocation)
[39.031s][info][gc,task     ] GC(83) Using 8 workers of 8 for evacuation
[39.032s][info][gc,phases   ] GC(83)   Pre Evacuate Collection Set: 0.1ms
[39.032s][info][gc,phases   ] GC(83)   Merge Heap Roots: 0.0ms
[39.032s][info][gc,phases   ] GC(83)   Evacuate Collection Set: 0.2ms
[39.032s][info][gc,phases   ] GC(83)   Post Evacuate Collection Set: 0.2ms
[39.032s][info][gc,phases   ] GC(83)   Other: 0.1ms
[39.032s][info][gc,heap     ] GC(83) Eden regions: 1->0(164)
[39.032s][info][gc,heap     ] GC(83) Survivor regions: 1->1(21)
[39.032s][info][gc,heap     ] GC(83) Old regions: 4->4
[39.032s][info][gc,heap     ] GC(83) Humongous regions: 120->20
[39.032s][info][gc,metaspace] GC(83) Metaspace: 9924K(10176K)->9924K(10176K) NonClass: 8768K(8896K)->8768K(8896K) Class: 1155K(1280K)->1155K(1280K)
[39.032s][info][gc          ] GC(83) Pause Young (Concurrent Start) (G1 Humongous Allocation) 247M->46M(552M) 1.088ms
[39.032s][info][gc,cpu      ] GC(83) User=0.00s Sys=0.00s Real=0.00s
[39.032s][info][gc          ] GC(84) Concurrent Undo Cycle
[39.032s][info][gc,marking  ] GC(84) Concurrent Clear Claimed Marks
[39.032s][info][gc,marking  ] GC(84) Concurrent Clear Claimed Marks 0.025ms
[39.032s][info][gc,marking  ] GC(84) Concurrent Cleanup for Next Mark
[39.032s][info][gc,marking  ] GC(84) Concurrent Cleanup for Next Mark 0.054ms
[39.032s][info][gc          ] GC(84) Concurrent Undo Cycle 0.179ms
[40.052s][info][gc,start    ] GC(85) Pause Young (Concurrent Start) (G1 Humongous Allocation)
[40.052s][info][gc,task     ] GC(85) Using 8 workers of 8 for evacuation
[40.053s][info][gc,phases   ] GC(85)   Pre Evacuate Collection Set: 0.2ms
[40.053s][info][gc,phases   ] GC(85)   Merge Heap Roots: 0.0ms
[40.053s][info][gc,phases   ] GC(85)   Evacuate Collection Set: 0.2ms
[40.053s][info][gc,phases   ] GC(85)   Post Evacuate Collection Set: 0.2ms
[40.053s][info][gc,phases   ] GC(85)   Other: 0.1ms
[40.053s][info][gc,heap     ] GC(85) Eden regions: 1->0(164)
[40.053s][info][gc,heap     ] GC(85) Survivor regions: 1->1(21)
[40.053s][info][gc,heap     ] GC(85) Old regions: 4->4
[40.053s][info][gc,heap     ] GC(85) Humongous regions: 120->20
[40.053s][info][gc,metaspace] GC(85) Metaspace: 9924K(10176K)->9924K(10176K) NonClass: 8768K(8896K)->8768K(8896K) Class: 1155K(1280K)->1155K(1280K)
[40.053s][info][gc          ] GC(85) Pause Young (Concurrent Start) (G1 Humongous Allocation) 247M->46M(552M) 0.961ms
[40.053s][info][gc,cpu      ] GC(85) User=0.00s Sys=0.00s Real=0.00s
[40.053s][info][gc          ] GC(86) Concurrent Undo Cycle
[40.053s][info][gc,marking  ] GC(86) Concurrent Clear Claimed Marks
[40.053s][info][gc,marking  ] GC(86) Concurrent Clear Claimed Marks 0.022ms
[40.053s][info][gc,marking  ] GC(86) Concurrent Cleanup for Next Mark
[40.053s][info][gc,marking  ] GC(86) Concurrent Cleanup for Next Mark 0.044ms
[40.053s][info][gc          ] GC(86) Concurrent Undo Cycle 0.155ms
[41.079s][info][gc,start    ] GC(87) Pause Young (Concurrent Start) (G1 Humongous Allocation)
[41.079s][info][gc,task     ] GC(87) Using 8 workers of 8 for evacuation
[41.080s][info][gc,phases   ] GC(87)   Pre Evacuate Collection Set: 0.2ms
[41.080s][info][gc,phases   ] GC(87)   Merge Heap Roots: 0.1ms
[41.080s][info][gc,phases   ] GC(87)   Evacuate Collection Set: 0.2ms
[41.080s][info][gc,phases   ] GC(87)   Post Evacuate Collection Set: 0.3ms
[41.080s][info][gc,phases   ] GC(87)   Other: 0.1ms
[41.080s][info][gc,heap     ] GC(87) Eden regions: 1->0(164)
[41.080s][info][gc,heap     ] GC(87) Survivor regions: 1->1(21)
[41.080s][info][gc,heap     ] GC(87) Old regions: 4->4
[41.080s][info][gc,heap     ] GC(87) Humongous regions: 120->20
[41.080s][info][gc,metaspace] GC(87) Metaspace: 9924K(10176K)->9924K(10176K) NonClass: 8768K(8896K)->8768K(8896K) Class: 1155K(1280K)->1155K(1280K)
[41.080s][info][gc          ] GC(87) Pause Young (Concurrent Start) (G1 Humongous Allocation) 247M->46M(552M) 1.372ms
[41.080s][info][gc          ] GC(88) Concurrent Undo Cycle
[41.080s][info][gc,cpu      ] GC(87) User=0.00s Sys=0.00s Real=0.00s
[41.081s][info][gc,marking  ] GC(88) Concurrent Clear Claimed Marks
[41.081s][info][gc,marking  ] GC(88) Concurrent Clear Claimed Marks 0.078ms
[41.081s][info][gc,marking  ] GC(88) Concurrent Cleanup for Next Mark
[41.081s][info][gc,marking  ] GC(88) Concurrent Cleanup for Next Mark 0.090ms
[41.081s][info][gc          ] GC(88) Concurrent Undo Cycle 0.495ms
[42.112s][info][gc,start    ] GC(89) Pause Young (Concurrent Start) (G1 Humongous Allocation)
[42.112s][info][gc,task     ] GC(89) Using 8 workers of 8 for evacuation
[42.113s][info][gc,phases   ] GC(89)   Pre Evacuate Collection Set: 0.2ms
[42.113s][info][gc,phases   ] GC(89)   Merge Heap Roots: 0.1ms
[42.113s][info][gc,phases   ] GC(89)   Evacuate Collection Set: 0.2ms
[42.113s][info][gc,phases   ] GC(89)   Post Evacuate Collection Set: 0.2ms
[42.113s][info][gc,phases   ] GC(89)   Other: 0.1ms
[42.113s][info][gc,heap     ] GC(89) Eden regions: 1->0(164)
[42.113s][info][gc,heap     ] GC(89) Survivor regions: 1->1(21)
[42.113s][info][gc,heap     ] GC(89) Old regions: 4->4
[42.113s][info][gc,heap     ] GC(89) Humongous regions: 120->20
[42.113s][info][gc,metaspace] GC(89) Metaspace: 9924K(10176K)->9924K(10176K) NonClass: 8768K(8896K)->8768K(8896K) Class: 1155K(1280K)->1155K(1280K)
[42.113s][info][gc          ] GC(89) Pause Young (Concurrent Start) (G1 Humongous Allocation) 247M->46M(552M) 1.122ms
[42.113s][info][gc,cpu      ] GC(89) User=0.00s Sys=0.00s Real=0.00s
[42.113s][info][gc          ] GC(90) Concurrent Undo Cycle
[42.113s][info][gc,marking  ] GC(90) Concurrent Clear Claimed Marks
[42.113s][info][gc,marking  ] GC(90) Concurrent Clear Claimed Marks 0.030ms
[42.113s][info][gc,marking  ] GC(90) Concurrent Cleanup for Next Mark
[42.113s][info][gc,marking  ] GC(90) Concurrent Cleanup for Next Mark 0.061ms
[42.113s][info][gc          ] GC(90) Concurrent Undo Cycle 0.211ms
[43.139s][info][gc,start    ] GC(91) Pause Young (Concurrent Start) (G1 Humongous Allocation)
[43.140s][info][gc,task     ] GC(91) Using 8 workers of 8 for evacuation
[43.140s][info][gc,phases   ] GC(91)   Pre Evacuate Collection Set: 0.2ms
[43.140s][info][gc,phases   ] GC(91)   Merge Heap Roots: 0.1ms
[43.140s][info][gc,phases   ] GC(91)   Evacuate Collection Set: 0.2ms
[43.140s][info][gc,phases   ] GC(91)   Post Evacuate Collection Set: 0.2ms
[43.140s][info][gc,phases   ] GC(91)   Other: 0.1ms
[43.140s][info][gc,heap     ] GC(91) Eden regions: 1->0(164)
[43.140s][info][gc,heap     ] GC(91) Survivor regions: 1->1(21)
[43.140s][info][gc,heap     ] GC(91) Old regions: 4->4
[43.140s][info][gc,heap     ] GC(91) Humongous regions: 120->20
[43.141s][info][gc,metaspace] GC(91) Metaspace: 9924K(10176K)->9924K(10176K) NonClass: 8768K(8896K)->8768K(8896K) Class: 1155K(1280K)->1155K(1280K)
[43.141s][info][gc          ] GC(91) Pause Young (Concurrent Start) (G1 Humongous Allocation) 247M->46M(552M) 1.144ms
[43.141s][info][gc,cpu      ] GC(91) User=0.00s Sys=0.00s Real=0.00s
[43.141s][info][gc          ] GC(92) Concurrent Undo Cycle
[43.141s][info][gc,marking  ] GC(92) Concurrent Clear Claimed Marks
[43.141s][info][gc,marking  ] GC(92) Concurrent Clear Claimed Marks 0.025ms
[43.141s][info][gc,marking  ] GC(92) Concurrent Cleanup for Next Mark
[43.141s][info][gc,marking  ] GC(92) Concurrent Cleanup for Next Mark 0.052ms
[43.141s][info][gc          ] GC(92) Concurrent Undo Cycle 0.168ms
[44.163s][info][gc,start    ] GC(93) Pause Young (Concurrent Start) (G1 Humongous Allocation)
[44.164s][info][gc,task     ] GC(93) Using 8 workers of 8 for evacuation
[44.165s][info][gc,phases   ] GC(93)   Pre Evacuate Collection Set: 0.2ms
[44.165s][info][gc,phases   ] GC(93)   Merge Heap Roots: 0.1ms
[44.165s][info][gc,phases   ] GC(93)   Evacuate Collection Set: 0.3ms
[44.165s][info][gc,phases   ] GC(93)   Post Evacuate Collection Set: 0.3ms
[44.165s][info][gc,phases   ] GC(93)   Other: 0.2ms
[44.165s][info][gc,heap     ] GC(93) Eden regions: 1->0(164)
[44.165s][info][gc,heap     ] GC(93) Survivor regions: 1->1(21)
[44.165s][info][gc,heap     ] GC(93) Old regions: 4->4
[44.165s][info][gc,heap     ] GC(93) Humongous regions: 120->20
[44.165s][info][gc,metaspace] GC(93) Metaspace: 9924K(10176K)->9924K(10176K) NonClass: 8768K(8896K)->8768K(8896K) Class: 1155K(1280K)->1155K(1280K)
[44.165s][info][gc          ] GC(93) Pause Young (Concurrent Start) (G1 Humongous Allocation) 247M->46M(552M) 1.315ms
[44.165s][info][gc,cpu      ] GC(93) User=0.00s Sys=0.00s Real=0.00s
[44.165s][info][gc          ] GC(94) Concurrent Undo Cycle
[44.165s][info][gc,marking  ] GC(94) Concurrent Clear Claimed Marks
[44.165s][info][gc,marking  ] GC(94) Concurrent Clear Claimed Marks 0.028ms
[44.165s][info][gc,marking  ] GC(94) Concurrent Cleanup for Next Mark
[44.165s][info][gc,marking  ] GC(94) Concurrent Cleanup for Next Mark 0.062ms
[44.165s][info][gc          ] GC(94) Concurrent Undo Cycle 0.234ms
[45.180s][info][gc,start    ] GC(95) Pause Young (Concurrent Start) (G1 Humongous Allocation)
[45.180s][info][gc,task     ] GC(95) Using 8 workers of 8 for evacuation
[45.181s][info][gc,phases   ] GC(95)   Pre Evacuate Collection Set: 0.2ms
[45.181s][info][gc,phases   ] GC(95)   Merge Heap Roots: 0.1ms
[45.181s][info][gc,phases   ] GC(95)   Evacuate Collection Set: 0.2ms
[45.181s][info][gc,phases   ] GC(95)   Post Evacuate Collection Set: 0.2ms
[45.181s][info][gc,phases   ] GC(95)   Other: 0.1ms
[45.181s][info][gc,heap     ] GC(95) Eden regions: 1->0(164)
[45.181s][info][gc,heap     ] GC(95) Survivor regions: 1->1(21)
[45.181s][info][gc,heap     ] GC(95) Old regions: 4->4
[45.181s][info][gc,heap     ] GC(95) Humongous regions: 120->20
[45.181s][info][gc,metaspace] GC(95) Metaspace: 9924K(10176K)->9924K(10176K) NonClass: 8768K(8896K)->8768K(8896K) Class: 1155K(1280K)->1155K(1280K)
[45.181s][info][gc          ] GC(95) Pause Young (Concurrent Start) (G1 Humongous Allocation) 247M->46M(552M) 1.189ms
[45.182s][info][gc,cpu      ] GC(95) User=0.00s Sys=0.00s Real=0.00s
[45.182s][info][gc          ] GC(96) Concurrent Undo Cycle
[45.182s][info][gc,marking  ] GC(96) Concurrent Clear Claimed Marks
[45.182s][info][gc,marking  ] GC(96) Concurrent Clear Claimed Marks 0.027ms
[45.182s][info][gc,marking  ] GC(96) Concurrent Cleanup for Next Mark
[45.182s][info][gc,marking  ] GC(96) Concurrent Cleanup for Next Mark 0.062ms
[45.182s][info][gc          ] GC(96) Concurrent Undo Cycle 0.204ms
[46.210s][info][gc,start    ] GC(97) Pause Young (Concurrent Start) (G1 Humongous Allocation)
[46.210s][info][gc,task     ] GC(97) Using 8 workers of 8 for evacuation
[46.211s][info][gc,phases   ] GC(97)   Pre Evacuate Collection Set: 0.2ms
[46.211s][info][gc,phases   ] GC(97)   Merge Heap Roots: 0.0ms
[46.211s][info][gc,phases   ] GC(97)   Evacuate Collection Set: 0.2ms
[46.212s][info][gc,phases   ] GC(97)   Post Evacuate Collection Set: 0.3ms
[46.212s][info][gc,phases   ] GC(97)   Other: 0.2ms
[46.212s][info][gc,heap     ] GC(97) Eden regions: 1->0(164)
[46.212s][info][gc,heap     ] GC(97) Survivor regions: 1->1(21)
[46.212s][info][gc,heap     ] GC(97) Old regions: 4->4
[46.212s][info][gc,heap     ] GC(97) Humongous regions: 120->20
[46.212s][info][gc,metaspace] GC(97) Metaspace: 9924K(10176K)->9924K(10176K) NonClass: 8768K(8896K)->8768K(8896K) Class: 1155K(1280K)->1155K(1280K)
[46.212s][info][gc          ] GC(97) Pause Young (Concurrent Start) (G1 Humongous Allocation) 247M->46M(552M) 1.491ms
[46.212s][info][gc,cpu      ] GC(97) User=0.00s Sys=0.00s Real=0.00s
[46.212s][info][gc          ] GC(98) Concurrent Undo Cycle
[46.212s][info][gc,marking  ] GC(98) Concurrent Clear Claimed Marks
[46.212s][info][gc,marking  ] GC(98) Concurrent Clear Claimed Marks 0.037ms
[46.212s][info][gc,marking  ] GC(98) Concurrent Cleanup for Next Mark
[46.212s][info][gc,marking  ] GC(98) Concurrent Cleanup for Next Mark 0.090ms
[46.212s][info][gc          ] GC(98) Concurrent Undo Cycle 0.312ms
[47.235s][info][gc,start    ] GC(99) Pause Young (Concurrent Start) (G1 Humongous Allocation)
[47.235s][info][gc,task     ] GC(99) Using 8 workers of 8 for evacuation
[47.236s][info][gc,phases   ] GC(99)   Pre Evacuate Collection Set: 0.2ms
[47.236s][info][gc,phases   ] GC(99)   Merge Heap Roots: 0.0ms
[47.236s][info][gc,phases   ] GC(99)   Evacuate Collection Set: 0.2ms
[47.236s][info][gc,phases   ] GC(99)   Post Evacuate Collection Set: 0.3ms
[47.236s][info][gc,phases   ] GC(99)   Other: 0.1ms
[47.236s][info][gc,heap     ] GC(99) Eden regions: 1->0(164)
[47.236s][info][gc,heap     ] GC(99) Survivor regions: 1->1(21)
[47.236s][info][gc,heap     ] GC(99) Old regions: 4->4
[47.236s][info][gc,heap     ] GC(99) Humongous regions: 120->20
[47.236s][info][gc,metaspace] GC(99) Metaspace: 9924K(10176K)->9924K(10176K) NonClass: 8768K(8896K)->8768K(8896K) Class: 1155K(1280K)->1155K(1280K)
[47.236s][info][gc          ] GC(99) Pause Young (Concurrent Start) (G1 Humongous Allocation) 247M->46M(552M) 1.193ms
[47.236s][info][gc,cpu      ] GC(99) User=0.00s Sys=0.00s Real=0.00s
[47.236s][info][gc          ] GC(100) Concurrent Undo Cycle
[47.236s][info][gc,marking  ] GC(100) Concurrent Clear Claimed Marks
[47.236s][info][gc,marking  ] GC(100) Concurrent Clear Claimed Marks 0.028ms
[47.236s][info][gc,marking  ] GC(100) Concurrent Cleanup for Next Mark
[47.236s][info][gc,marking  ] GC(100) Concurrent Cleanup for Next Mark 0.060ms
[47.236s][info][gc          ] GC(100) Concurrent Undo Cycle 0.194ms
[48.271s][info][gc,start    ] GC(101) Pause Young (Concurrent Start) (G1 Humongous Allocation)
[48.271s][info][gc,task     ] GC(101) Using 8 workers of 8 for evacuation
[48.272s][info][gc,phases   ] GC(101)   Pre Evacuate Collection Set: 0.2ms
[48.272s][info][gc,phases   ] GC(101)   Merge Heap Roots: 0.1ms
[48.272s][info][gc,phases   ] GC(101)   Evacuate Collection Set: 0.3ms
[48.272s][info][gc,phases   ] GC(101)   Post Evacuate Collection Set: 0.2ms
[48.272s][info][gc,phases   ] GC(101)   Other: 0.1ms
[48.272s][info][gc,heap     ] GC(101) Eden regions: 1->0(164)
[48.272s][info][gc,heap     ] GC(101) Survivor regions: 1->1(21)
[48.272s][info][gc,heap     ] GC(101) Old regions: 4->4
[48.272s][info][gc,heap     ] GC(101) Humongous regions: 120->20
[48.272s][info][gc,metaspace] GC(101) Metaspace: 9924K(10176K)->9924K(10176K) NonClass: 8768K(8896K)->8768K(8896K) Class: 1155K(1280K)->1155K(1280K)
[48.272s][info][gc          ] GC(101) Pause Young (Concurrent Start) (G1 Humongous Allocation) 247M->46M(552M) 1.325ms
[48.272s][info][gc,cpu      ] GC(101) User=0.00s Sys=0.00s Real=0.00s
[48.272s][info][gc          ] GC(102) Concurrent Undo Cycle
[48.272s][info][gc,marking  ] GC(102) Concurrent Clear Claimed Marks
[48.272s][info][gc,marking  ] GC(102) Concurrent Clear Claimed Marks 0.032ms
[48.272s][info][gc,marking  ] GC(102) Concurrent Cleanup for Next Mark
[48.272s][info][gc,marking  ] GC(102) Concurrent Cleanup for Next Mark 0.073ms
[48.273s][info][gc          ] GC(102) Concurrent Undo Cycle 0.299ms
[49.289s][info][gc,start    ] GC(103) Pause Young (Concurrent Start) (G1 Humongous Allocation)
[49.289s][info][gc,task     ] GC(103) Using 8 workers of 8 for evacuation
[49.290s][info][gc,phases   ] GC(103)   Pre Evacuate Collection Set: 0.1ms
[49.290s][info][gc,phases   ] GC(103)   Merge Heap Roots: 0.0ms
[49.290s][info][gc,phases   ] GC(103)   Evacuate Collection Set: 0.2ms
[49.290s][info][gc,phases   ] GC(103)   Post Evacuate Collection Set: 0.2ms
[49.290s][info][gc,phases   ] GC(103)   Other: 0.1ms
[49.290s][info][gc,heap     ] GC(103) Eden regions: 1->0(164)
[49.290s][info][gc,heap     ] GC(103) Survivor regions: 1->1(21)
[49.290s][info][gc,heap     ] GC(103) Old regions: 4->4
[49.290s][info][gc,heap     ] GC(103) Humongous regions: 120->20
[49.290s][info][gc,metaspace] GC(103) Metaspace: 9924K(10176K)->9924K(10176K) NonClass: 8768K(8896K)->8768K(8896K) Class: 1155K(1280K)->1155K(1280K)
[49.290s][info][gc          ] GC(103) Pause Young (Concurrent Start) (G1 Humongous Allocation) 247M->46M(552M) 0.956ms
[49.290s][info][gc,cpu      ] GC(103) User=0.00s Sys=0.00s Real=0.00s
[49.290s][info][gc          ] GC(104) Concurrent Undo Cycle
[49.290s][info][gc,marking  ] GC(104) Concurrent Clear Claimed Marks
[49.290s][info][gc,marking  ] GC(104) Concurrent Clear Claimed Marks 0.027ms
[49.290s][info][gc,marking  ] GC(104) Concurrent Cleanup for Next Mark
[49.290s][info][gc,marking  ] GC(104) Concurrent Cleanup for Next Mark 0.072ms
[49.290s][info][gc          ] GC(104) Concurrent Undo Cycle 0.198ms
[50.309s][info][gc,start    ] GC(105) Pause Young (Concurrent Start) (G1 Humongous Allocation)
[50.309s][info][gc,task     ] GC(105) Using 8 workers of 8 for evacuation
[50.310s][info][gc,phases   ] GC(105)   Pre Evacuate Collection Set: 0.1ms
[50.310s][info][gc,phases   ] GC(105)   Merge Heap Roots: 0.1ms
[50.310s][info][gc,phases   ] GC(105)   Evacuate Collection Set: 0.2ms
[50.310s][info][gc,phases   ] GC(105)   Post Evacuate Collection Set: 0.2ms
[50.310s][info][gc,phases   ] GC(105)   Other: 0.1ms
[50.310s][info][gc,heap     ] GC(105) Eden regions: 1->0(164)
[50.310s][info][gc,heap     ] GC(105) Survivor regions: 1->1(21)
[50.310s][info][gc,heap     ] GC(105) Old regions: 4->4
[50.310s][info][gc,heap     ] GC(105) Humongous regions: 120->20
[50.310s][info][gc,metaspace] GC(105) Metaspace: 9924K(10176K)->9924K(10176K) NonClass: 8768K(8896K)->8768K(8896K) Class: 1155K(1280K)->1155K(1280K)
[50.310s][info][gc          ] GC(105) Pause Young (Concurrent Start) (G1 Humongous Allocation) 247M->46M(552M) 1.013ms
[50.310s][info][gc,cpu      ] GC(105) User=0.00s Sys=0.00s Real=0.00s
[50.310s][info][gc          ] GC(106) Concurrent Undo Cycle
[50.311s][info][gc,marking  ] GC(106) Concurrent Clear Claimed Marks
[50.311s][info][gc,marking  ] GC(106) Concurrent Clear Claimed Marks 0.038ms
[50.311s][info][gc,marking  ] GC(106) Concurrent Cleanup for Next Mark
[50.311s][info][gc,marking  ] GC(106) Concurrent Cleanup for Next Mark 0.102ms
[50.311s][info][gc          ] GC(106) Concurrent Undo Cycle 0.386ms
[51.336s][info][gc,start    ] GC(107) Pause Young (Concurrent Start) (G1 Humongous Allocation)
[51.336s][info][gc,task     ] GC(107) Using 8 workers of 8 for evacuation
[51.337s][info][gc,phases   ] GC(107)   Pre Evacuate Collection Set: 0.2ms
[51.337s][info][gc,phases   ] GC(107)   Merge Heap Roots: 0.0ms
[51.337s][info][gc,phases   ] GC(107)   Evacuate Collection Set: 0.2ms
[51.337s][info][gc,phases   ] GC(107)   Post Evacuate Collection Set: 0.2ms
[51.337s][info][gc,phases   ] GC(107)   Other: 0.1ms
[51.337s][info][gc,heap     ] GC(107) Eden regions: 1->0(164)
[51.337s][info][gc,heap     ] GC(107) Survivor regions: 1->1(21)
[51.337s][info][gc,heap     ] GC(107) Old regions: 4->4
[51.337s][info][gc,heap     ] GC(107) Humongous regions: 120->20
[51.337s][info][gc,metaspace] GC(107) Metaspace: 9924K(10176K)->9924K(10176K) NonClass: 8768K(8896K)->8768K(8896K) Class: 1155K(1280K)->1155K(1280K)
[51.337s][info][gc          ] GC(107) Pause Young (Concurrent Start) (G1 Humongous Allocation) 247M->46M(552M) 1.053ms
[51.337s][info][gc,cpu      ] GC(107) User=0.00s Sys=0.00s Real=0.00s
[51.337s][info][gc          ] GC(108) Concurrent Undo Cycle
[51.337s][info][gc,marking  ] GC(108) Concurrent Clear Claimed Marks
[51.337s][info][gc,marking  ] GC(108) Concurrent Clear Claimed Marks 0.024ms
[51.337s][info][gc,marking  ] GC(108) Concurrent Cleanup for Next Mark
[51.338s][info][gc,marking  ] GC(108) Concurrent Cleanup for Next Mark 0.056ms
[51.338s][info][gc          ] GC(108) Concurrent Undo Cycle 0.198ms
[52.364s][info][gc,start    ] GC(109) Pause Young (Concurrent Start) (G1 Humongous Allocation)
[52.364s][info][gc,task     ] GC(109) Using 8 workers of 8 for evacuation
[52.365s][info][gc,phases   ] GC(109)   Pre Evacuate Collection Set: 0.1ms
[52.366s][info][gc,phases   ] GC(109)   Merge Heap Roots: 0.4ms
[52.366s][info][gc,phases   ] GC(109)   Evacuate Collection Set: 0.2ms
[52.366s][info][gc,phases   ] GC(109)   Post Evacuate Collection Set: 0.2ms
[52.366s][info][gc,phases   ] GC(109)   Other: 0.1ms
[52.366s][info][gc,heap     ] GC(109) Eden regions: 1->0(164)
[52.366s][info][gc,heap     ] GC(109) Survivor regions: 1->1(21)
[52.366s][info][gc,heap     ] GC(109) Old regions: 4->4
[52.366s][info][gc,heap     ] GC(109) Humongous regions: 120->20
[52.366s][info][gc,metaspace] GC(109) Metaspace: 9924K(10176K)->9924K(10176K) NonClass: 8768K(8896K)->8768K(8896K) Class: 1155K(1280K)->1155K(1280K)
[52.366s][info][gc          ] GC(109) Pause Young (Concurrent Start) (G1 Humongous Allocation) 247M->46M(552M) 1.505ms
[52.366s][info][gc,cpu      ] GC(109) User=0.00s Sys=0.00s Real=0.00s
[52.366s][info][gc          ] GC(110) Concurrent Undo Cycle
[52.366s][info][gc,marking  ] GC(110) Concurrent Clear Claimed Marks
[52.366s][info][gc,marking  ] GC(110) Concurrent Clear Claimed Marks 0.041ms
[52.366s][info][gc,marking  ] GC(110) Concurrent Cleanup for Next Mark
[52.366s][info][gc,marking  ] GC(110) Concurrent Cleanup for Next Mark 0.074ms
[52.366s][info][gc          ] GC(110) Concurrent Undo Cycle 0.272ms
[53.387s][info][gc,start    ] GC(111) Pause Young (Concurrent Start) (G1 Humongous Allocation)
[53.387s][info][gc,task     ] GC(111) Using 8 workers of 8 for evacuation
[53.388s][info][gc,phases   ] GC(111)   Pre Evacuate Collection Set: 0.2ms
[53.388s][info][gc,phases   ] GC(111)   Merge Heap Roots: 0.0ms
[53.388s][info][gc,phases   ] GC(111)   Evacuate Collection Set: 0.2ms
[53.388s][info][gc,phases   ] GC(111)   Post Evacuate Collection Set: 0.2ms
[53.388s][info][gc,phases   ] GC(111)   Other: 0.1ms
[53.388s][info][gc,heap     ] GC(111) Eden regions: 1->0(164)
[53.388s][info][gc,heap     ] GC(111) Survivor regions: 1->1(21)
[53.388s][info][gc,heap     ] GC(111) Old regions: 4->4
[53.388s][info][gc,heap     ] GC(111) Humongous regions: 120->20
[53.388s][info][gc,metaspace] GC(111) Metaspace: 9924K(10176K)->9924K(10176K) NonClass: 8768K(8896K)->8768K(8896K) Class: 1155K(1280K)->1155K(1280K)
[53.388s][info][gc          ] GC(111) Pause Young (Concurrent Start) (G1 Humongous Allocation) 247M->46M(552M) 1.079ms
[53.388s][info][gc,cpu      ] GC(111) User=0.00s Sys=0.00s Real=0.00s
[53.388s][info][gc          ] GC(112) Concurrent Undo Cycle
[53.388s][info][gc,marking  ] GC(112) Concurrent Clear Claimed Marks
[53.388s][info][gc,marking  ] GC(112) Concurrent Clear Claimed Marks 0.026ms
[53.388s][info][gc,marking  ] GC(112) Concurrent Cleanup for Next Mark
[53.388s][info][gc,marking  ] GC(112) Concurrent Cleanup for Next Mark 0.049ms
[53.388s][info][gc          ] GC(112) Concurrent Undo Cycle 0.173ms
[54.412s][info][gc,start    ] GC(113) Pause Young (Concurrent Start) (G1 Humongous Allocation)
[54.412s][info][gc,task     ] GC(113) Using 8 workers of 8 for evacuation
[54.413s][info][gc,phases   ] GC(113)   Pre Evacuate Collection Set: 0.2ms
[54.413s][info][gc,phases   ] GC(113)   Merge Heap Roots: 0.0ms
[54.413s][info][gc,phases   ] GC(113)   Evacuate Collection Set: 0.2ms
[54.413s][info][gc,phases   ] GC(113)   Post Evacuate Collection Set: 0.3ms
[54.413s][info][gc,phases   ] GC(113)   Other: 0.1ms
[54.413s][info][gc,heap     ] GC(113) Eden regions: 1->0(164)
[54.413s][info][gc,heap     ] GC(113) Survivor regions: 1->1(21)
[54.413s][info][gc,heap     ] GC(113) Old regions: 4->4
[54.413s][info][gc,heap     ] GC(113) Humongous regions: 120->20
[54.413s][info][gc,metaspace] GC(113) Metaspace: 9924K(10176K)->9924K(10176K) NonClass: 8768K(8896K)->8768K(8896K) Class: 1155K(1280K)->1155K(1280K)
[54.413s][info][gc          ] GC(113) Pause Young (Concurrent Start) (G1 Humongous Allocation) 247M->46M(552M) 1.201ms
[54.413s][info][gc,cpu      ] GC(113) User=0.00s Sys=0.00s Real=0.00s
[54.413s][info][gc          ] GC(114) Concurrent Undo Cycle
[54.414s][info][gc,marking  ] GC(114) Concurrent Clear Claimed Marks
[54.414s][info][gc,marking  ] GC(114) Concurrent Clear Claimed Marks 0.044ms
[54.414s][info][gc,marking  ] GC(114) Concurrent Cleanup for Next Mark
[54.414s][info][gc,marking  ] GC(114) Concurrent Cleanup for Next Mark 0.082ms
[54.414s][info][gc          ] GC(114) Concurrent Undo Cycle 0.284ms
[55.436s][info][gc,start    ] GC(115) Pause Young (Concurrent Start) (G1 Humongous Allocation)
[55.436s][info][gc,task     ] GC(115) Using 8 workers of 8 for evacuation
[55.437s][info][gc,phases   ] GC(115)   Pre Evacuate Collection Set: 0.2ms
[55.437s][info][gc,phases   ] GC(115)   Merge Heap Roots: 0.0ms
[55.437s][info][gc,phases   ] GC(115)   Evacuate Collection Set: 0.2ms
[55.437s][info][gc,phases   ] GC(115)   Post Evacuate Collection Set: 0.2ms
[55.437s][info][gc,phases   ] GC(115)   Other: 0.1ms
[55.437s][info][gc,heap     ] GC(115) Eden regions: 1->0(164)
[55.437s][info][gc,heap     ] GC(115) Survivor regions: 1->1(21)
[55.437s][info][gc,heap     ] GC(115) Old regions: 4->4
[55.437s][info][gc,heap     ] GC(115) Humongous regions: 120->20
[55.437s][info][gc,metaspace] GC(115) Metaspace: 9924K(10176K)->9924K(10176K) NonClass: 8768K(8896K)->8768K(8896K) Class: 1155K(1280K)->1155K(1280K)
[55.437s][info][gc          ] GC(115) Pause Young (Concurrent Start) (G1 Humongous Allocation) 247M->46M(552M) 0.921ms
[55.437s][info][gc,cpu      ] GC(115) User=0.00s Sys=0.00s Real=0.00s
[55.437s][info][gc          ] GC(116) Concurrent Undo Cycle
[55.437s][info][gc,marking  ] GC(116) Concurrent Clear Claimed Marks
[55.437s][info][gc,marking  ] GC(116) Concurrent Clear Claimed Marks 0.019ms
[55.437s][info][gc,marking  ] GC(116) Concurrent Cleanup for Next Mark
[55.437s][info][gc,marking  ] GC(116) Concurrent Cleanup for Next Mark 0.052ms
[55.437s][info][gc          ] GC(116) Concurrent Undo Cycle 0.169ms
[56.462s][info][gc,start    ] GC(117) Pause Young (Concurrent Start) (G1 Humongous Allocation)
[56.462s][info][gc,task     ] GC(117) Using 8 workers of 8 for evacuation
[56.463s][info][gc,phases   ] GC(117)   Pre Evacuate Collection Set: 0.2ms
[56.463s][info][gc,phases   ] GC(117)   Merge Heap Roots: 0.0ms
[56.463s][info][gc,phases   ] GC(117)   Evacuate Collection Set: 0.2ms
[56.463s][info][gc,phases   ] GC(117)   Post Evacuate Collection Set: 0.2ms
[56.463s][info][gc,phases   ] GC(117)   Other: 0.1ms
[56.463s][info][gc,heap     ] GC(117) Eden regions: 1->0(164)
[56.463s][info][gc,heap     ] GC(117) Survivor regions: 1->1(21)
[56.463s][info][gc,heap     ] GC(117) Old regions: 4->4
[56.463s][info][gc,heap     ] GC(117) Humongous regions: 120->20
[56.463s][info][gc,metaspace] GC(117) Metaspace: 9924K(10176K)->9924K(10176K) NonClass: 8768K(8896K)->8768K(8896K) Class: 1155K(1280K)->1155K(1280K)
[56.463s][info][gc          ] GC(117) Pause Young (Concurrent Start) (G1 Humongous Allocation) 247M->46M(552M) 0.996ms
[56.463s][info][gc,cpu      ] GC(117) User=0.00s Sys=0.00s Real=0.00s
[56.463s][info][gc          ] GC(118) Concurrent Undo Cycle
[56.463s][info][gc,marking  ] GC(118) Concurrent Clear Claimed Marks
[56.463s][info][gc,marking  ] GC(118) Concurrent Clear Claimed Marks 0.024ms
[56.463s][info][gc,marking  ] GC(118) Concurrent Cleanup for Next Mark
[56.463s][info][gc,marking  ] GC(118) Concurrent Cleanup for Next Mark 0.053ms
[56.463s][info][gc          ] GC(118) Concurrent Undo Cycle 0.171ms
[57.491s][info][gc,start    ] GC(119) Pause Young (Concurrent Start) (G1 Humongous Allocation)
[57.491s][info][gc,task     ] GC(119) Using 8 workers of 8 for evacuation
[57.492s][info][gc,phases   ] GC(119)   Pre Evacuate Collection Set: 0.2ms
[57.492s][info][gc,phases   ] GC(119)   Merge Heap Roots: 0.1ms
[57.492s][info][gc,phases   ] GC(119)   Evacuate Collection Set: 0.2ms
[57.492s][info][gc,phases   ] GC(119)   Post Evacuate Collection Set: 0.2ms
[57.492s][info][gc,phases   ] GC(119)   Other: 0.1ms
[57.492s][info][gc,heap     ] GC(119) Eden regions: 1->0(164)
[57.492s][info][gc,heap     ] GC(119) Survivor regions: 1->1(21)
[57.492s][info][gc,heap     ] GC(119) Old regions: 4->4
[57.492s][info][gc,heap     ] GC(119) Humongous regions: 120->20
[57.492s][info][gc,metaspace] GC(119) Metaspace: 9924K(10176K)->9924K(10176K) NonClass: 8768K(8896K)->8768K(8896K) Class: 1155K(1280K)->1155K(1280K)
[57.492s][info][gc          ] GC(119) Pause Young (Concurrent Start) (G1 Humongous Allocation) 247M->46M(552M) 1.145ms
[57.492s][info][gc,cpu      ] GC(119) User=0.00s Sys=0.00s Real=0.00s
[57.492s][info][gc          ] GC(120) Concurrent Undo Cycle
[57.492s][info][gc,marking  ] GC(120) Concurrent Clear Claimed Marks
[57.492s][info][gc,marking  ] GC(120) Concurrent Clear Claimed Marks 0.029ms
[57.492s][info][gc,marking  ] GC(120) Concurrent Cleanup for Next Mark
[57.492s][info][gc,marking  ] GC(120) Concurrent Cleanup for Next Mark 0.051ms
[57.492s][info][gc          ] GC(120) Concurrent Undo Cycle 0.215ms
[58.508s][info][gc,start    ] GC(121) Pause Young (Concurrent Start) (G1 Humongous Allocation)
[58.509s][info][gc,task     ] GC(121) Using 8 workers of 8 for evacuation
[58.509s][info][gc,phases   ] GC(121)   Pre Evacuate Collection Set: 0.2ms
[58.509s][info][gc,phases   ] GC(121)   Merge Heap Roots: 0.1ms
[58.509s][info][gc,phases   ] GC(121)   Evacuate Collection Set: 0.2ms
[58.509s][info][gc,phases   ] GC(121)   Post Evacuate Collection Set: 0.2ms
[58.510s][info][gc,phases   ] GC(121)   Other: 0.1ms
[58.510s][info][gc,heap     ] GC(121) Eden regions: 1->0(164)
[58.510s][info][gc,heap     ] GC(121) Survivor regions: 1->1(21)
[58.510s][info][gc,heap     ] GC(121) Old regions: 4->4
[58.510s][info][gc,heap     ] GC(121) Humongous regions: 120->20
[58.510s][info][gc,metaspace] GC(121) Metaspace: 9924K(10176K)->9924K(10176K) NonClass: 8768K(8896K)->8768K(8896K) Class: 1155K(1280K)->1155K(1280K)
[58.510s][info][gc          ] GC(121) Pause Young (Concurrent Start) (G1 Humongous Allocation) 247M->46M(552M) 1.160ms
[58.510s][info][gc,cpu      ] GC(121) User=0.00s Sys=0.00s Real=0.00s
[58.510s][info][gc          ] GC(122) Concurrent Undo Cycle
[58.510s][info][gc,marking  ] GC(122) Concurrent Clear Claimed Marks
[58.510s][info][gc,marking  ] GC(122) Concurrent Clear Claimed Marks 0.029ms
[58.510s][info][gc,marking  ] GC(122) Concurrent Cleanup for Next Mark
[58.510s][info][gc,marking  ] GC(122) Concurrent Cleanup for Next Mark 0.074ms
[58.510s][info][gc          ] GC(122) Concurrent Undo Cycle 0.251ms
[59.524s][info][gc,start    ] GC(123) Pause Young (Concurrent Start) (G1 Humongous Allocation)
[59.524s][info][gc,task     ] GC(123) Using 8 workers of 8 for evacuation
[59.525s][info][gc,phases   ] GC(123)   Pre Evacuate Collection Set: 0.1ms
[59.525s][info][gc,phases   ] GC(123)   Merge Heap Roots: 0.0ms
[59.525s][info][gc,phases   ] GC(123)   Evacuate Collection Set: 0.2ms
[59.525s][info][gc,phases   ] GC(123)   Post Evacuate Collection Set: 0.2ms
[59.525s][info][gc,phases   ] GC(123)   Other: 0.1ms
[59.525s][info][gc,heap     ] GC(123) Eden regions: 1->0(164)
[59.525s][info][gc,heap     ] GC(123) Survivor regions: 1->1(21)
[59.525s][info][gc,heap     ] GC(123) Old regions: 4->4
[59.525s][info][gc,heap     ] GC(123) Humongous regions: 120->20
[59.525s][info][gc,metaspace] GC(123) Metaspace: 9924K(10176K)->9924K(10176K) NonClass: 8768K(8896K)->8768K(8896K) Class: 1155K(1280K)->1155K(1280K)
[59.525s][info][gc          ] GC(123) Pause Young (Concurrent Start) (G1 Humongous Allocation) 247M->46M(552M) 1.025ms
[59.525s][info][gc,cpu      ] GC(123) User=0.00s Sys=0.00s Real=0.00s
[59.525s][info][gc          ] GC(124) Concurrent Undo Cycle
[59.525s][info][gc,marking  ] GC(124) Concurrent Clear Claimed Marks
[59.525s][info][gc,marking  ] GC(124) Concurrent Clear Claimed Marks 0.022ms
[59.525s][info][gc,marking  ] GC(124) Concurrent Cleanup for Next Mark
[59.525s][info][gc,marking  ] GC(124) Concurrent Cleanup for Next Mark 0.063ms
[59.525s][info][gc          ] GC(124) Concurrent Undo Cycle 0.199ms
[60.555s][info][gc,start    ] GC(125) Pause Young (Concurrent Start) (G1 Humongous Allocation)
[60.555s][info][gc,task     ] GC(125) Using 8 workers of 8 for evacuation
[60.556s][info][gc,phases   ] GC(125)   Pre Evacuate Collection Set: 0.2ms
[60.556s][info][gc,phases   ] GC(125)   Merge Heap Roots: 0.0ms
[60.556s][info][gc,phases   ] GC(125)   Evacuate Collection Set: 0.2ms
[60.556s][info][gc,phases   ] GC(125)   Post Evacuate Collection Set: 0.2ms
[60.556s][info][gc,phases   ] GC(125)   Other: 0.1ms
[60.556s][info][gc,heap     ] GC(125) Eden regions: 1->0(164)
[60.556s][info][gc,heap     ] GC(125) Survivor regions: 1->1(21)
[60.556s][info][gc,heap     ] GC(125) Old regions: 4->4
[60.556s][info][gc,heap     ] GC(125) Humongous regions: 120->20
[60.556s][info][gc,metaspace] GC(125) Metaspace: 9924K(10176K)->9924K(10176K) NonClass: 8768K(8896K)->8768K(8896K) Class: 1155K(1280K)->1155K(1280K)
[60.556s][info][gc          ] GC(125) Pause Young (Concurrent Start) (G1 Humongous Allocation) 247M->46M(552M) 1.144ms
[60.556s][info][gc,cpu      ] GC(125) User=0.00s Sys=0.00s Real=0.00s
[60.556s][info][gc          ] GC(126) Concurrent Undo Cycle
[60.556s][info][gc,marking  ] GC(126) Concurrent Clear Claimed Marks
[60.556s][info][gc,marking  ] GC(126) Concurrent Clear Claimed Marks 0.023ms
[60.556s][info][gc,marking  ] GC(126) Concurrent Cleanup for Next Mark
[60.556s][info][gc,marking  ] GC(126) Concurrent Cleanup for Next Mark 0.050ms
[60.557s][info][gc          ] GC(126) Concurrent Undo Cycle 0.179ms
[61.576s][info][gc,start    ] GC(127) Pause Young (Concurrent Start) (G1 Humongous Allocation)
[61.576s][info][gc,task     ] GC(127) Using 8 workers of 8 for evacuation
[61.577s][info][gc,phases   ] GC(127)   Pre Evacuate Collection Set: 0.2ms
[61.577s][info][gc,phases   ] GC(127)   Merge Heap Roots: 0.0ms
[61.577s][info][gc,phases   ] GC(127)   Evacuate Collection Set: 0.2ms
[61.577s][info][gc,phases   ] GC(127)   Post Evacuate Collection Set: 0.2ms
[61.577s][info][gc,phases   ] GC(127)   Other: 0.1ms
[61.577s][info][gc,heap     ] GC(127) Eden regions: 1->0(164)
[61.577s][info][gc,heap     ] GC(127) Survivor regions: 1->1(21)
[61.577s][info][gc,heap     ] GC(127) Old regions: 4->4
[61.577s][info][gc,heap     ] GC(127) Humongous regions: 120->20
[61.577s][info][gc,metaspace] GC(127) Metaspace: 9924K(10176K)->9924K(10176K) NonClass: 8768K(8896K)->8768K(8896K) Class: 1155K(1280K)->1155K(1280K)
[61.577s][info][gc          ] GC(127) Pause Young (Concurrent Start) (G1 Humongous Allocation) 247M->46M(552M) 1.039ms
[61.577s][info][gc,cpu      ] GC(127) User=0.00s Sys=0.00s Real=0.00s
[61.577s][info][gc          ] GC(128) Concurrent Undo Cycle
[61.577s][info][gc,marking  ] GC(128) Concurrent Clear Claimed Marks
[61.577s][info][gc,marking  ] GC(128) Concurrent Clear Claimed Marks 0.026ms
[61.577s][info][gc,marking  ] GC(128) Concurrent Cleanup for Next Mark
[61.577s][info][gc,marking  ] GC(128) Concurrent Cleanup for Next Mark 0.052ms
[61.577s][info][gc          ] GC(128) Concurrent Undo Cycle 0.176ms
[62.596s][info][gc,start    ] GC(129) Pause Young (Concurrent Start) (G1 Humongous Allocation)
[62.596s][info][gc,task     ] GC(129) Using 8 workers of 8 for evacuation
[62.597s][info][gc,phases   ] GC(129)   Pre Evacuate Collection Set: 0.1ms
[62.597s][info][gc,phases   ] GC(129)   Merge Heap Roots: 0.0ms
[62.597s][info][gc,phases   ] GC(129)   Evacuate Collection Set: 0.2ms
[62.597s][info][gc,phases   ] GC(129)   Post Evacuate Collection Set: 0.2ms
[62.597s][info][gc,phases   ] GC(129)   Other: 0.1ms
[62.597s][info][gc,heap     ] GC(129) Eden regions: 1->0(164)
[62.597s][info][gc,heap     ] GC(129) Survivor regions: 1->1(21)
[62.597s][info][gc,heap     ] GC(129) Old regions: 4->4
[62.597s][info][gc,heap     ] GC(129) Humongous regions: 120->20
[62.597s][info][gc,metaspace] GC(129) Metaspace: 9924K(10176K)->9924K(10176K) NonClass: 8768K(8896K)->8768K(8896K) Class: 1155K(1280K)->1155K(1280K)
[62.597s][info][gc          ] GC(129) Pause Young (Concurrent Start) (G1 Humongous Allocation) 248M->46M(552M) 1.123ms
[62.597s][info][gc,cpu      ] GC(129) User=0.00s Sys=0.00s Real=0.00s
[62.597s][info][gc          ] GC(130) Concurrent Undo Cycle
[62.597s][info][gc,marking  ] GC(130) Concurrent Clear Claimed Marks
[62.597s][info][gc,marking  ] GC(130) Concurrent Clear Claimed Marks 0.033ms
[62.597s][info][gc,marking  ] GC(130) Concurrent Cleanup for Next Mark
[62.597s][info][gc,marking  ] GC(130) Concurrent Cleanup for Next Mark 0.069ms
[62.597s][info][gc          ] GC(130) Concurrent Undo Cycle 0.239ms
[63.628s][info][gc,start    ] GC(131) Pause Young (Concurrent Start) (G1 Humongous Allocation)
[63.628s][info][gc,task     ] GC(131) Using 8 workers of 8 for evacuation
[63.629s][info][gc,phases   ] GC(131)   Pre Evacuate Collection Set: 0.3ms
[63.630s][info][gc,phases   ] GC(131)   Merge Heap Roots: 0.1ms
[63.630s][info][gc,phases   ] GC(131)   Evacuate Collection Set: 0.2ms
[63.630s][info][gc,phases   ] GC(131)   Post Evacuate Collection Set: 0.2ms
[63.630s][info][gc,phases   ] GC(131)   Other: 0.3ms
[63.630s][info][gc,heap     ] GC(131) Eden regions: 1->0(164)
[63.630s][info][gc,heap     ] GC(131) Survivor regions: 1->1(21)
[63.630s][info][gc,heap     ] GC(131) Old regions: 4->4
[63.630s][info][gc,heap     ] GC(131) Humongous regions: 120->20
[63.630s][info][gc,metaspace] GC(131) Metaspace: 9924K(10176K)->9924K(10176K) NonClass: 8768K(8896K)->8768K(8896K) Class: 1155K(1280K)->1155K(1280K)
[63.630s][info][gc          ] GC(131) Pause Young (Concurrent Start) (G1 Humongous Allocation) 247M->46M(552M) 1.787ms
[63.630s][info][gc,cpu      ] GC(131) User=0.02s Sys=0.02s Real=0.00s
[63.630s][info][gc          ] GC(132) Concurrent Undo Cycle
[63.630s][info][gc,marking  ] GC(132) Concurrent Clear Claimed Marks
[63.630s][info][gc,marking  ] GC(132) Concurrent Clear Claimed Marks 0.029ms
[63.630s][info][gc,marking  ] GC(132) Concurrent Cleanup for Next Mark
[63.630s][info][gc,marking  ] GC(132) Concurrent Cleanup for Next Mark 0.210ms
[63.630s][info][gc          ] GC(132) Concurrent Undo Cycle 0.426ms
[64.647s][info][gc,start    ] GC(133) Pause Young (Concurrent Start) (G1 Humongous Allocation)
[64.647s][info][gc,task     ] GC(133) Using 8 workers of 8 for evacuation
[64.648s][info][gc,phases   ] GC(133)   Pre Evacuate Collection Set: 0.2ms
[64.648s][info][gc,phases   ] GC(133)   Merge Heap Roots: 0.1ms
[64.648s][info][gc,phases   ] GC(133)   Evacuate Collection Set: 0.2ms
[64.648s][info][gc,phases   ] GC(133)   Post Evacuate Collection Set: 0.3ms
[64.649s][info][gc,phases   ] GC(133)   Other: 0.1ms
[64.649s][info][gc,heap     ] GC(133) Eden regions: 1->0(164)
[64.649s][info][gc,heap     ] GC(133) Survivor regions: 1->1(21)
[64.649s][info][gc,heap     ] GC(133) Old regions: 4->4
[64.649s][info][gc,heap     ] GC(133) Humongous regions: 120->20
[64.649s][info][gc,metaspace] GC(133) Metaspace: 9924K(10176K)->9924K(10176K) NonClass: 8768K(8896K)->8768K(8896K) Class: 1155K(1280K)->1155K(1280K)
[64.649s][info][gc          ] GC(133) Pause Young (Concurrent Start) (G1 Humongous Allocation) 247M->46M(552M) 1.585ms
[64.649s][info][gc,cpu      ] GC(133) User=0.00s Sys=0.00s Real=0.00s
[64.649s][info][gc          ] GC(134) Concurrent Undo Cycle
[64.649s][info][gc,marking  ] GC(134) Concurrent Clear Claimed Marks
[64.649s][info][gc,marking  ] GC(134) Concurrent Clear Claimed Marks 0.030ms
[64.649s][info][gc,marking  ] GC(134) Concurrent Cleanup for Next Mark
[64.649s][info][gc,marking  ] GC(134) Concurrent Cleanup for Next Mark 0.078ms
[64.649s][info][gc          ] GC(134) Concurrent Undo Cycle 0.251ms
[65.666s][info][gc,start    ] GC(135) Pause Young (Concurrent Start) (G1 Humongous Allocation)
[65.666s][info][gc,task     ] GC(135) Using 8 workers of 8 for evacuation
[65.667s][info][gc,phases   ] GC(135)   Pre Evacuate Collection Set: 0.2ms
[65.667s][info][gc,phases   ] GC(135)   Merge Heap Roots: 0.0ms
[65.667s][info][gc,phases   ] GC(135)   Evacuate Collection Set: 0.2ms
[65.667s][info][gc,phases   ] GC(135)   Post Evacuate Collection Set: 0.2ms
[65.667s][info][gc,phases   ] GC(135)   Other: 0.1ms
[65.667s][info][gc,heap     ] GC(135) Eden regions: 1->0(164)
[65.667s][info][gc,heap     ] GC(135) Survivor regions: 1->1(21)
[65.667s][info][gc,heap     ] GC(135) Old regions: 4->4
[65.667s][info][gc,heap     ] GC(135) Humongous regions: 120->20
[65.667s][info][gc,metaspace] GC(135) Metaspace: 9924K(10176K)->9924K(10176K) NonClass: 8768K(8896K)->8768K(8896K) Class: 1155K(1280K)->1155K(1280K)
[65.667s][info][gc          ] GC(135) Pause Young (Concurrent Start) (G1 Humongous Allocation) 247M->46M(552M) 1.188ms
[65.667s][info][gc,cpu      ] GC(135) User=0.00s Sys=0.00s Real=0.00s
[65.667s][info][gc          ] GC(136) Concurrent Undo Cycle
[65.667s][info][gc,marking  ] GC(136) Concurrent Clear Claimed Marks
[65.667s][info][gc,marking  ] GC(136) Concurrent Clear Claimed Marks 0.028ms
[65.668s][info][gc,marking  ] GC(136) Concurrent Cleanup for Next Mark
[65.668s][info][gc,marking  ] GC(136) Concurrent Cleanup for Next Mark 0.069ms
[65.668s][info][gc          ] GC(136) Concurrent Undo Cycle 0.225ms
[66.690s][info][gc,start    ] GC(137) Pause Young (Concurrent Start) (G1 Humongous Allocation)
[66.690s][info][gc,task     ] GC(137) Using 8 workers of 8 for evacuation
[66.691s][info][gc,phases   ] GC(137)   Pre Evacuate Collection Set: 0.2ms
[66.691s][info][gc,phases   ] GC(137)   Merge Heap Roots: 0.0ms
[66.691s][info][gc,phases   ] GC(137)   Evacuate Collection Set: 0.2ms
[66.691s][info][gc,phases   ] GC(137)   Post Evacuate Collection Set: 0.2ms
[66.691s][info][gc,phases   ] GC(137)   Other: 0.1ms
[66.691s][info][gc,heap     ] GC(137) Eden regions: 1->0(164)
[66.691s][info][gc,heap     ] GC(137) Survivor regions: 1->1(21)
[66.691s][info][gc,heap     ] GC(137) Old regions: 4->4
[66.691s][info][gc,heap     ] GC(137) Humongous regions: 120->20
[66.691s][info][gc,metaspace] GC(137) Metaspace: 9924K(10176K)->9924K(10176K) NonClass: 8768K(8896K)->8768K(8896K) Class: 1155K(1280K)->1155K(1280K)
[66.691s][info][gc          ] GC(137) Pause Young (Concurrent Start) (G1 Humongous Allocation) 247M->46M(552M) 1.258ms
[66.691s][info][gc,cpu      ] GC(137) User=0.00s Sys=0.00s Real=0.00s
[66.691s][info][gc          ] GC(138) Concurrent Undo Cycle
[66.691s][info][gc,marking  ] GC(138) Concurrent Clear Claimed Marks
[66.691s][info][gc,marking  ] GC(138) Concurrent Clear Claimed Marks 0.033ms
[66.691s][info][gc,marking  ] GC(138) Concurrent Cleanup for Next Mark
[66.691s][info][gc,marking  ] GC(138) Concurrent Cleanup for Next Mark 0.087ms
[66.691s][info][gc          ] GC(138) Concurrent Undo Cycle 0.278ms
[67.712s][info][gc,start    ] GC(139) Pause Young (Concurrent Start) (G1 Humongous Allocation)
[67.712s][info][gc,task     ] GC(139) Using 8 workers of 8 for evacuation
[67.713s][info][gc,phases   ] GC(139)   Pre Evacuate Collection Set: 0.2ms
[67.713s][info][gc,phases   ] GC(139)   Merge Heap Roots: 0.0ms
[67.713s][info][gc,phases   ] GC(139)   Evacuate Collection Set: 0.2ms
[67.713s][info][gc,phases   ] GC(139)   Post Evacuate Collection Set: 0.2ms
[67.713s][info][gc,phases   ] GC(139)   Other: 0.1ms
[67.713s][info][gc,heap     ] GC(139) Eden regions: 1->0(164)
[67.713s][info][gc,heap     ] GC(139) Survivor regions: 1->1(21)
[67.713s][info][gc,heap     ] GC(139) Old regions: 4->4
[67.713s][info][gc,heap     ] GC(139) Humongous regions: 120->20
[67.713s][info][gc,metaspace] GC(139) Metaspace: 9924K(10176K)->9924K(10176K) NonClass: 8768K(8896K)->8768K(8896K) Class: 1155K(1280K)->1155K(1280K)
[67.713s][info][gc          ] GC(139) Pause Young (Concurrent Start) (G1 Humongous Allocation) 247M->46M(552M) 1.065ms
[67.713s][info][gc,cpu      ] GC(139) User=0.00s Sys=0.00s Real=0.00s
[67.713s][info][gc          ] GC(140) Concurrent Undo Cycle
[67.713s][info][gc,marking  ] GC(140) Concurrent Clear Claimed Marks
[67.713s][info][gc,marking  ] GC(140) Concurrent Clear Claimed Marks 0.039ms
[67.713s][info][gc,marking  ] GC(140) Concurrent Cleanup for Next Mark
[67.713s][info][gc,marking  ] GC(140) Concurrent Cleanup for Next Mark 0.070ms
[67.713s][info][gc          ] GC(140) Concurrent Undo Cycle 0.260ms
[68.735s][info][gc,start    ] GC(141) Pause Young (Concurrent Start) (G1 Humongous Allocation)
[68.735s][info][gc,task     ] GC(141) Using 8 workers of 8 for evacuation
[68.735s][info][gc,phases   ] GC(141)   Pre Evacuate Collection Set: 0.1ms
[68.735s][info][gc,phases   ] GC(141)   Merge Heap Roots: 0.0ms
[68.735s][info][gc,phases   ] GC(141)   Evacuate Collection Set: 0.2ms
[68.735s][info][gc,phases   ] GC(141)   Post Evacuate Collection Set: 0.2ms
[68.735s][info][gc,phases   ] GC(141)   Other: 0.1ms
[68.735s][info][gc,heap     ] GC(141) Eden regions: 1->0(164)
[68.735s][info][gc,heap     ] GC(141) Survivor regions: 1->1(21)
[68.736s][info][gc,heap     ] GC(141) Old regions: 4->4
[68.736s][info][gc,heap     ] GC(141) Humongous regions: 120->20
[68.736s][info][gc,metaspace] GC(141) Metaspace: 9924K(10176K)->9924K(10176K) NonClass: 8768K(8896K)->8768K(8896K) Class: 1155K(1280K)->1155K(1280K)
[68.736s][info][gc          ] GC(141) Pause Young (Concurrent Start) (G1 Humongous Allocation) 247M->46M(552M) 0.911ms
[68.736s][info][gc,cpu      ] GC(141) User=0.00s Sys=0.00s Real=0.00s
[68.736s][info][gc          ] GC(142) Concurrent Undo Cycle
[68.736s][info][gc,marking  ] GC(142) Concurrent Clear Claimed Marks
[68.736s][info][gc,marking  ] GC(142) Concurrent Clear Claimed Marks 0.029ms
[68.736s][info][gc,marking  ] GC(142) Concurrent Cleanup for Next Mark
[68.736s][info][gc,marking  ] GC(142) Concurrent Cleanup for Next Mark 0.055ms
[68.736s][info][gc          ] GC(142) Concurrent Undo Cycle 0.225ms
[69.759s][info][gc,start    ] GC(143) Pause Young (Concurrent Start) (G1 Humongous Allocation)
[69.759s][info][gc,task     ] GC(143) Using 8 workers of 8 for evacuation
[69.760s][info][gc,phases   ] GC(143)   Pre Evacuate Collection Set: 0.2ms
[69.760s][info][gc,phases   ] GC(143)   Merge Heap Roots: 0.1ms
[69.760s][info][gc,phases   ] GC(143)   Evacuate Collection Set: 0.2ms
[69.760s][info][gc,phases   ] GC(143)   Post Evacuate Collection Set: 0.2ms
[69.761s][info][gc,phases   ] GC(143)   Other: 0.3ms
[69.761s][info][gc,heap     ] GC(143) Eden regions: 1->0(164)
[69.761s][info][gc,heap     ] GC(143) Survivor regions: 1->1(21)
[69.761s][info][gc,heap     ] GC(143) Old regions: 4->4
[69.761s][info][gc,heap     ] GC(143) Humongous regions: 120->20
[69.761s][info][gc,metaspace] GC(143) Metaspace: 9924K(10176K)->9924K(10176K) NonClass: 8768K(8896K)->8768K(8896K) Class: 1155K(1280K)->1155K(1280K)
[69.761s][info][gc          ] GC(143) Pause Young (Concurrent Start) (G1 Humongous Allocation) 247M->46M(552M) 1.748ms
[69.761s][info][gc,cpu      ] GC(143) User=0.00s Sys=0.00s Real=0.00s
[69.761s][info][gc          ] GC(144) Concurrent Undo Cycle
[69.761s][info][gc,marking  ] GC(144) Concurrent Clear Claimed Marks
[69.761s][info][gc,marking  ] GC(144) Concurrent Clear Claimed Marks 0.034ms
[69.761s][info][gc,marking  ] GC(144) Concurrent Cleanup for Next Mark
[69.761s][info][gc,marking  ] GC(144) Concurrent Cleanup for Next Mark 0.075ms
[69.761s][info][gc          ] GC(144) Concurrent Undo Cycle 0.248ms
[70.789s][info][gc,start    ] GC(145) Pause Young (Concurrent Start) (G1 Humongous Allocation)
[70.789s][info][gc,task     ] GC(145) Using 8 workers of 8 for evacuation
[70.790s][info][gc,phases   ] GC(145)   Pre Evacuate Collection Set: 0.2ms
[70.790s][info][gc,phases   ] GC(145)   Merge Heap Roots: 0.1ms
[70.790s][info][gc,phases   ] GC(145)   Evacuate Collection Set: 0.2ms
[70.790s][info][gc,phases   ] GC(145)   Post Evacuate Collection Set: 0.3ms
[70.790s][info][gc,phases   ] GC(145)   Other: 0.1ms
[70.790s][info][gc,heap     ] GC(145) Eden regions: 1->0(164)
[70.790s][info][gc,heap     ] GC(145) Survivor regions: 1->1(21)
[70.790s][info][gc,heap     ] GC(145) Old regions: 4->4
[70.790s][info][gc,heap     ] GC(145) Humongous regions: 120->20
[70.790s][info][gc,metaspace] GC(145) Metaspace: 9924K(10176K)->9924K(10176K) NonClass: 8768K(8896K)->8768K(8896K) Class: 1155K(1280K)->1155K(1280K)
[70.790s][info][gc          ] GC(145) Pause Young (Concurrent Start) (G1 Humongous Allocation) 247M->46M(552M) 1.320ms
[70.790s][info][gc,cpu      ] GC(145) User=0.00s Sys=0.00s Real=0.00s
[70.790s][info][gc          ] GC(146) Concurrent Undo Cycle
[70.790s][info][gc,marking  ] GC(146) Concurrent Clear Claimed Marks
[70.790s][info][gc,marking  ] GC(146) Concurrent Clear Claimed Marks 0.031ms
[70.790s][info][gc,marking  ] GC(146) Concurrent Cleanup for Next Mark
[70.791s][info][gc,marking  ] GC(146) Concurrent Cleanup for Next Mark 0.094ms
[70.791s][info][gc          ] GC(146) Concurrent Undo Cycle 0.254ms
[71.813s][info][gc,start    ] GC(147) Pause Young (Concurrent Start) (G1 Humongous Allocation)
[71.813s][info][gc,task     ] GC(147) Using 8 workers of 8 for evacuation
[71.815s][info][gc,phases   ] GC(147)   Pre Evacuate Collection Set: 0.7ms
[71.815s][info][gc,phases   ] GC(147)   Merge Heap Roots: 0.1ms
[71.815s][info][gc,phases   ] GC(147)   Evacuate Collection Set: 0.2ms
[71.815s][info][gc,phases   ] GC(147)   Post Evacuate Collection Set: 0.3ms
[71.815s][info][gc,phases   ] GC(147)   Other: 0.3ms
[71.815s][info][gc,heap     ] GC(147) Eden regions: 1->0(164)
[71.815s][info][gc,heap     ] GC(147) Survivor regions: 1->1(21)
[71.815s][info][gc,heap     ] GC(147) Old regions: 4->4
[71.815s][info][gc,heap     ] GC(147) Humongous regions: 120->20
[71.815s][info][gc,metaspace] GC(147) Metaspace: 9924K(10176K)->9924K(10176K) NonClass: 8768K(8896K)->8768K(8896K) Class: 1155K(1280K)->1155K(1280K)
[71.815s][info][gc          ] GC(147) Pause Young (Concurrent Start) (G1 Humongous Allocation) 247M->46M(552M) 2.208ms
[71.815s][info][gc,cpu      ] GC(147) User=0.00s Sys=0.00s Real=0.00s
[71.815s][info][gc          ] GC(148) Concurrent Undo Cycle
[71.815s][info][gc,marking  ] GC(148) Concurrent Clear Claimed Marks
[71.815s][info][gc,marking  ] GC(148) Concurrent Clear Claimed Marks 0.038ms
[71.815s][info][gc,marking  ] GC(148) Concurrent Cleanup for Next Mark
[71.815s][info][gc,marking  ] GC(148) Concurrent Cleanup for Next Mark 0.088ms
[71.815s][info][gc          ] GC(148) Concurrent Undo Cycle 0.298ms
[72.849s][info][gc,start    ] GC(149) Pause Young (Concurrent Start) (G1 Humongous Allocation)
[72.849s][info][gc,task     ] GC(149) Using 8 workers of 8 for evacuation
[72.850s][info][gc,phases   ] GC(149)   Pre Evacuate Collection Set: 0.2ms
[72.850s][info][gc,phases   ] GC(149)   Merge Heap Roots: 0.0ms
[72.850s][info][gc,phases   ] GC(149)   Evacuate Collection Set: 0.2ms
[72.850s][info][gc,phases   ] GC(149)   Post Evacuate Collection Set: 0.2ms
[72.850s][info][gc,phases   ] GC(149)   Other: 0.1ms
[72.850s][info][gc,heap     ] GC(149) Eden regions: 1->0(164)
[72.850s][info][gc,heap     ] GC(149) Survivor regions: 1->1(21)
[72.850s][info][gc,heap     ] GC(149) Old regions: 4->4
[72.850s][info][gc,heap     ] GC(149) Humongous regions: 120->20
[72.850s][info][gc,metaspace] GC(149) Metaspace: 9924K(10176K)->9924K(10176K) NonClass: 8768K(8896K)->8768K(8896K) Class: 1155K(1280K)->1155K(1280K)
[72.850s][info][gc          ] GC(149) Pause Young (Concurrent Start) (G1 Humongous Allocation) 247M->46M(552M) 1.087ms
[72.850s][info][gc,cpu      ] GC(149) User=0.00s Sys=0.00s Real=0.00s
[72.850s][info][gc          ] GC(150) Concurrent Undo Cycle
[72.850s][info][gc,marking  ] GC(150) Concurrent Clear Claimed Marks
[72.850s][info][gc,marking  ] GC(150) Concurrent Clear Claimed Marks 0.042ms
[72.850s][info][gc,marking  ] GC(150) Concurrent Cleanup for Next Mark
[72.850s][info][gc,marking  ] GC(150) Concurrent Cleanup for Next Mark 0.098ms
[72.850s][info][gc          ] GC(150) Concurrent Undo Cycle 0.319ms
[73.873s][info][gc,start    ] GC(151) Pause Young (Concurrent Start) (G1 Humongous Allocation)
[73.873s][info][gc,task     ] GC(151) Using 8 workers of 8 for evacuation
[73.874s][info][gc,phases   ] GC(151)   Pre Evacuate Collection Set: 0.1ms
[73.874s][info][gc,phases   ] GC(151)   Merge Heap Roots: 0.0ms
[73.874s][info][gc,phases   ] GC(151)   Evacuate Collection Set: 0.2ms
[73.874s][info][gc,phases   ] GC(151)   Post Evacuate Collection Set: 0.2ms
[73.874s][info][gc,phases   ] GC(151)   Other: 0.1ms
[73.874s][info][gc,heap     ] GC(151) Eden regions: 1->0(164)
[73.874s][info][gc,heap     ] GC(151) Survivor regions: 1->1(21)
[73.874s][info][gc,heap     ] GC(151) Old regions: 4->4
[73.874s][info][gc,heap     ] GC(151) Humongous regions: 120->20
[73.874s][info][gc,metaspace] GC(151) Metaspace: 9924K(10176K)->9924K(10176K) NonClass: 8768K(8896K)->8768K(8896K) Class: 1155K(1280K)->1155K(1280K)
[73.874s][info][gc          ] GC(151) Pause Young (Concurrent Start) (G1 Humongous Allocation) 247M->46M(552M) 0.903ms
[73.874s][info][gc,cpu      ] GC(151) User=0.00s Sys=0.00s Real=0.00s
[73.874s][info][gc          ] GC(152) Concurrent Undo Cycle
[73.874s][info][gc,marking  ] GC(152) Concurrent Clear Claimed Marks
[73.874s][info][gc,marking  ] GC(152) Concurrent Clear Claimed Marks 0.023ms
[73.874s][info][gc,marking  ] GC(152) Concurrent Cleanup for Next Mark
[73.874s][info][gc,marking  ] GC(152) Concurrent Cleanup for Next Mark 0.049ms
[73.874s][info][gc          ] GC(152) Concurrent Undo Cycle 0.172ms
[74.891s][info][gc,start    ] GC(153) Pause Young (Concurrent Start) (G1 Humongous Allocation)
[74.891s][info][gc,task     ] GC(153) Using 8 workers of 8 for evacuation
[74.892s][info][gc,phases   ] GC(153)   Pre Evacuate Collection Set: 0.2ms
[74.892s][info][gc,phases   ] GC(153)   Merge Heap Roots: 0.0ms
[74.892s][info][gc,phases   ] GC(153)   Evacuate Collection Set: 0.3ms
[74.892s][info][gc,phases   ] GC(153)   Post Evacuate Collection Set: 0.3ms
[74.892s][info][gc,phases   ] GC(153)   Other: 0.1ms
[74.892s][info][gc,heap     ] GC(153) Eden regions: 1->0(164)
[74.892s][info][gc,heap     ] GC(153) Survivor regions: 1->1(21)
[74.892s][info][gc,heap     ] GC(153) Old regions: 4->4
[74.892s][info][gc,heap     ] GC(153) Humongous regions: 120->20
[74.892s][info][gc,metaspace] GC(153) Metaspace: 9924K(10176K)->9924K(10176K) NonClass: 8768K(8896K)->8768K(8896K) Class: 1155K(1280K)->1155K(1280K)
[74.892s][info][gc          ] GC(153) Pause Young (Concurrent Start) (G1 Humongous Allocation) 247M->46M(552M) 1.407ms
[74.892s][info][gc,cpu      ] GC(153) User=0.00s Sys=0.00s Real=0.00s
[74.892s][info][gc          ] GC(154) Concurrent Undo Cycle
[74.892s][info][gc,marking  ] GC(154) Concurrent Clear Claimed Marks
[74.892s][info][gc,marking  ] GC(154) Concurrent Clear Claimed Marks 0.036ms
[74.892s][info][gc,marking  ] GC(154) Concurrent Cleanup for Next Mark
[74.892s][info][gc,marking  ] GC(154) Concurrent Cleanup for Next Mark 0.077ms
[74.892s][info][gc          ] GC(154) Concurrent Undo Cycle 0.293ms
[75.915s][info][gc,start    ] GC(155) Pause Young (Concurrent Start) (G1 Humongous Allocation)
[75.915s][info][gc,task     ] GC(155) Using 8 workers of 8 for evacuation
[75.916s][info][gc,phases   ] GC(155)   Pre Evacuate Collection Set: 0.2ms
[75.916s][info][gc,phases   ] GC(155)   Merge Heap Roots: 0.0ms
[75.916s][info][gc,phases   ] GC(155)   Evacuate Collection Set: 0.2ms
[75.916s][info][gc,phases   ] GC(155)   Post Evacuate Collection Set: 0.2ms
[75.916s][info][gc,phases   ] GC(155)   Other: 0.1ms
[75.916s][info][gc,heap     ] GC(155) Eden regions: 1->0(164)
[75.916s][info][gc,heap     ] GC(155) Survivor regions: 1->1(21)
[75.916s][info][gc,heap     ] GC(155) Old regions: 4->4
[75.916s][info][gc,heap     ] GC(155) Humongous regions: 120->20
[75.916s][info][gc,metaspace] GC(155) Metaspace: 9924K(10176K)->9924K(10176K) NonClass: 8768K(8896K)->8768K(8896K) Class: 1155K(1280K)->1155K(1280K)
[75.916s][info][gc          ] GC(155) Pause Young (Concurrent Start) (G1 Humongous Allocation) 247M->46M(552M) 1.069ms
[75.916s][info][gc,cpu      ] GC(155) User=0.00s Sys=0.00s Real=0.00s
[75.916s][info][gc          ] GC(156) Concurrent Undo Cycle
[75.916s][info][gc,marking  ] GC(156) Concurrent Clear Claimed Marks
[75.916s][info][gc,marking  ] GC(156) Concurrent Clear Claimed Marks 0.024ms
[75.916s][info][gc,marking  ] GC(156) Concurrent Cleanup for Next Mark
[75.916s][info][gc,marking  ] GC(156) Concurrent Cleanup for Next Mark 0.055ms
[75.916s][info][gc          ] GC(156) Concurrent Undo Cycle 0.187ms
[76.944s][info][gc,start    ] GC(157) Pause Young (Concurrent Start) (G1 Humongous Allocation)
[76.944s][info][gc,task     ] GC(157) Using 8 workers of 8 for evacuation
[76.944s][info][gc,phases   ] GC(157)   Pre Evacuate Collection Set: 0.1ms
[76.944s][info][gc,phases   ] GC(157)   Merge Heap Roots: 0.0ms
[76.944s][info][gc,phases   ] GC(157)   Evacuate Collection Set: 0.2ms
[76.944s][info][gc,phases   ] GC(157)   Post Evacuate Collection Set: 0.2ms
[76.944s][info][gc,phases   ] GC(157)   Other: 0.1ms
[76.944s][info][gc,heap     ] GC(157) Eden regions: 1->0(164)
[76.944s][info][gc,heap     ] GC(157) Survivor regions: 1->1(21)
[76.944s][info][gc,heap     ] GC(157) Old regions: 4->4
[76.944s][info][gc,heap     ] GC(157) Humongous regions: 120->20
[76.944s][info][gc,metaspace] GC(157) Metaspace: 9924K(10176K)->9924K(10176K) NonClass: 8768K(8896K)->8768K(8896K) Class: 1155K(1280K)->1155K(1280K)
[76.944s][info][gc          ] GC(157) Pause Young (Concurrent Start) (G1 Humongous Allocation) 247M->46M(552M) 0.947ms
[76.945s][info][gc,cpu      ] GC(157) User=0.00s Sys=0.00s Real=0.00s
[76.945s][info][gc          ] GC(158) Concurrent Undo Cycle
[76.945s][info][gc,marking  ] GC(158) Concurrent Clear Claimed Marks
[76.945s][info][gc,marking  ] GC(158) Concurrent Clear Claimed Marks 0.025ms
[76.945s][info][gc,marking  ] GC(158) Concurrent Cleanup for Next Mark
[76.945s][info][gc,marking  ] GC(158) Concurrent Cleanup for Next Mark 0.055ms
[76.945s][info][gc          ] GC(158) Concurrent Undo Cycle 0.201ms
[77.972s][info][gc,start    ] GC(159) Pause Young (Concurrent Start) (G1 Humongous Allocation)
[77.972s][info][gc,task     ] GC(159) Using 8 workers of 8 for evacuation
[77.973s][info][gc,phases   ] GC(159)   Pre Evacuate Collection Set: 0.1ms
[77.973s][info][gc,phases   ] GC(159)   Merge Heap Roots: 0.0ms
[77.973s][info][gc,phases   ] GC(159)   Evacuate Collection Set: 0.2ms
[77.973s][info][gc,phases   ] GC(159)   Post Evacuate Collection Set: 0.2ms
[77.973s][info][gc,phases   ] GC(159)   Other: 0.1ms
[77.973s][info][gc,heap     ] GC(159) Eden regions: 1->0(164)
[77.973s][info][gc,heap     ] GC(159) Survivor regions: 1->1(21)
[77.973s][info][gc,heap     ] GC(159) Old regions: 4->4
[77.973s][info][gc,heap     ] GC(159) Humongous regions: 120->20
[77.973s][info][gc,metaspace] GC(159) Metaspace: 9924K(10176K)->9924K(10176K) NonClass: 8768K(8896K)->8768K(8896K) Class: 1155K(1280K)->1155K(1280K)
[77.973s][info][gc          ] GC(159) Pause Young (Concurrent Start) (G1 Humongous Allocation) 247M->46M(552M) 1.499ms
[77.973s][info][gc,cpu      ] GC(159) User=0.08s Sys=0.00s Real=0.00s
[77.973s][info][gc          ] GC(160) Concurrent Undo Cycle
[77.973s][info][gc,marking  ] GC(160) Concurrent Clear Claimed Marks
[77.973s][info][gc,marking  ] GC(160) Concurrent Clear Claimed Marks 0.031ms
[77.973s][info][gc,marking  ] GC(160) Concurrent Cleanup for Next Mark
[77.973s][info][gc,marking  ] GC(160) Concurrent Cleanup for Next Mark 0.065ms
[77.973s][info][gc          ] GC(160) Concurrent Undo Cycle 0.233ms
[78.996s][info][gc,start    ] GC(161) Pause Young (Concurrent Start) (G1 Humongous Allocation)
[78.996s][info][gc,task     ] GC(161) Using 8 workers of 8 for evacuation
[78.997s][info][gc,phases   ] GC(161)   Pre Evacuate Collection Set: 0.2ms
[78.997s][info][gc,phases   ] GC(161)   Merge Heap Roots: 0.0ms
[78.997s][info][gc,phases   ] GC(161)   Evacuate Collection Set: 0.2ms
[78.997s][info][gc,phases   ] GC(161)   Post Evacuate Collection Set: 0.2ms
[78.997s][info][gc,phases   ] GC(161)   Other: 0.1ms
[78.997s][info][gc,heap     ] GC(161) Eden regions: 1->0(164)
[78.997s][info][gc,heap     ] GC(161) Survivor regions: 1->1(21)
[78.997s][info][gc,heap     ] GC(161) Old regions: 4->4
[78.997s][info][gc,heap     ] GC(161) Humongous regions: 120->20
[78.997s][info][gc,metaspace] GC(161) Metaspace: 9924K(10176K)->9924K(10176K) NonClass: 8768K(8896K)->8768K(8896K) Class: 1155K(1280K)->1155K(1280K)
[78.997s][info][gc          ] GC(161) Pause Young (Concurrent Start) (G1 Humongous Allocation) 247M->46M(552M) 0.985ms
[78.997s][info][gc,cpu      ] GC(161) User=0.00s Sys=0.00s Real=0.00s
[78.997s][info][gc          ] GC(162) Concurrent Undo Cycle
[78.997s][info][gc,marking  ] GC(162) Concurrent Clear Claimed Marks
[78.997s][info][gc,marking  ] GC(162) Concurrent Clear Claimed Marks 0.025ms
[78.997s][info][gc,marking  ] GC(162) Concurrent Cleanup for Next Mark
[78.997s][info][gc,marking  ] GC(162) Concurrent Cleanup for Next Mark 0.059ms
[78.997s][info][gc          ] GC(162) Concurrent Undo Cycle 0.195ms
[80.025s][info][gc,start    ] GC(163) Pause Young (Concurrent Start) (G1 Humongous Allocation)
[80.026s][info][gc,task     ] GC(163) Using 8 workers of 8 for evacuation
[80.026s][info][gc,phases   ] GC(163)   Pre Evacuate Collection Set: 0.2ms
[80.026s][info][gc,phases   ] GC(163)   Merge Heap Roots: 0.1ms
[80.026s][info][gc,phases   ] GC(163)   Evacuate Collection Set: 0.2ms
[80.026s][info][gc,phases   ] GC(163)   Post Evacuate Collection Set: 0.2ms
[80.026s][info][gc,phases   ] GC(163)   Other: 0.1ms
[80.026s][info][gc,heap     ] GC(163) Eden regions: 1->0(164)
[80.026s][info][gc,heap     ] GC(163) Survivor regions: 1->1(21)
[80.026s][info][gc,heap     ] GC(163) Old regions: 4->4
[80.026s][info][gc,heap     ] GC(163) Humongous regions: 120->20
[80.027s][info][gc,metaspace] GC(163) Metaspace: 9924K(10176K)->9924K(10176K) NonClass: 8768K(8896K)->8768K(8896K) Class: 1155K(1280K)->1155K(1280K)
[80.027s][info][gc          ] GC(163) Pause Young (Concurrent Start) (G1 Humongous Allocation) 247M->46M(552M) 1.098ms
[80.027s][info][gc,cpu      ] GC(163) User=0.00s Sys=0.00s Real=0.00s
[80.027s][info][gc          ] GC(164) Concurrent Undo Cycle
[80.027s][info][gc,marking  ] GC(164) Concurrent Clear Claimed Marks
[80.027s][info][gc,marking  ] GC(164) Concurrent Clear Claimed Marks 0.024ms
[80.027s][info][gc,marking  ] GC(164) Concurrent Cleanup for Next Mark
[80.027s][info][gc,marking  ] GC(164) Concurrent Cleanup for Next Mark 0.059ms
[80.027s][info][gc          ] GC(164) Concurrent Undo Cycle 0.215ms
[81.057s][info][gc,start    ] GC(165) Pause Young (Concurrent Start) (G1 Humongous Allocation)
[81.057s][info][gc,task     ] GC(165) Using 8 workers of 8 for evacuation
[81.060s][info][gc,phases   ] GC(165)   Pre Evacuate Collection Set: 0.6ms
[81.060s][info][gc,phases   ] GC(165)   Merge Heap Roots: 0.1ms
[81.060s][info][gc,phases   ] GC(165)   Evacuate Collection Set: 1.5ms
[81.060s][info][gc,phases   ] GC(165)   Post Evacuate Collection Set: 0.6ms
[81.060s][info][gc,phases   ] GC(165)   Other: 0.2ms
[81.060s][info][gc,heap     ] GC(165) Eden regions: 9->0(79)
[81.060s][info][gc,heap     ] GC(165) Survivor regions: 1->1(21)
[81.060s][info][gc,heap     ] GC(165) Old regions: 4->4
[81.060s][info][gc,heap     ] GC(165) Humongous regions: 120->20
[81.060s][info][gc,metaspace] GC(165) Metaspace: 12504K(12736K)->12504K(12736K) NonClass: 11095K(11200K)->11095K(11200K) Class: 1408K(1536K)->1408K(1536K)
[81.060s][info][gc          ] GC(165) Pause Young (Concurrent Start) (G1 Humongous Allocation) 263M->47M(552M) 3.278ms
[81.060s][info][gc,cpu      ] GC(165) User=0.00s Sys=0.00s Real=0.00s
[81.060s][info][gc          ] GC(166) Concurrent Undo Cycle
[81.060s][info][gc,marking  ] GC(166) Concurrent Clear Claimed Marks
[81.060s][info][gc,marking  ] GC(166) Concurrent Clear Claimed Marks 0.045ms
[81.061s][info][gc,marking  ] GC(166) Concurrent Cleanup for Next Mark
[81.061s][info][gc,marking  ] GC(166) Concurrent Cleanup for Next Mark 0.099ms
[81.061s][info][gc          ] GC(166) Concurrent Undo Cycle 0.319ms
[82.097s][info][gc,start    ] GC(167) Pause Young (Concurrent Start) (G1 Humongous Allocation)
[82.097s][info][gc,task     ] GC(167) Using 8 workers of 8 for evacuation
[82.102s][info][gc,phases   ] GC(167)   Pre Evacuate Collection Set: 0.2ms
[82.103s][info][gc,phases   ] GC(167)   Merge Heap Roots: 0.1ms
[82.103s][info][gc,phases   ] GC(167)   Evacuate Collection Set: 4.3ms
[82.103s][info][gc,phases   ] GC(167)   Post Evacuate Collection Set: 0.8ms
[82.103s][info][gc,phases   ] GC(167)   Other: 0.1ms
[82.103s][info][gc,heap     ] GC(167) Eden regions: 9->0(79)
[82.103s][info][gc,heap     ] GC(167) Survivor regions: 1->2(10)
[82.103s][info][gc,heap     ] GC(167) Old regions: 4->4
[82.103s][info][gc,heap     ] GC(167) Humongous regions: 120->20
[82.103s][info][gc,metaspace] GC(167) Metaspace: 17043K(17472K)->17043K(17472K) NonClass: 15101K(15296K)->15101K(15296K) Class: 1942K(2176K)->1942K(2176K)
[82.103s][info][gc          ] GC(167) Pause Young (Concurrent Start) (G1 Humongous Allocation) 264M->49M(552M) 5.852ms
[82.103s][info][gc,cpu      ] GC(167) User=0.00s Sys=0.03s Real=0.01s
[82.103s][info][gc          ] GC(168) Concurrent Undo Cycle
[82.103s][info][gc,marking  ] GC(168) Concurrent Clear Claimed Marks
[82.103s][info][gc,marking  ] GC(168) Concurrent Clear Claimed Marks 0.051ms
[82.103s][info][gc,marking  ] GC(168) Concurrent Cleanup for Next Mark
[82.103s][info][gc,marking  ] GC(168) Concurrent Cleanup for Next Mark 0.080ms
[82.103s][info][gc          ] GC(168) Concurrent Undo Cycle 0.284ms
[83.134s][info][gc,start    ] GC(169) Pause Young (Concurrent Start) (G1 Humongous Allocation)
[83.134s][info][gc,task     ] GC(169) Using 8 workers of 8 for evacuation
[83.138s][info][gc,phases   ] GC(169)   Pre Evacuate Collection Set: 0.2ms
[83.138s][info][gc,phases   ] GC(169)   Merge Heap Roots: 0.1ms
[83.138s][info][gc,phases   ] GC(169)   Evacuate Collection Set: 2.8ms
[83.138s][info][gc,phases   ] GC(169)   Post Evacuate Collection Set: 0.6ms
[83.138s][info][gc,phases   ] GC(169)   Other: 0.2ms
[83.138s][info][gc,heap     ] GC(169) Eden regions: 4->0(124)
[83.138s][info][gc,heap     ] GC(169) Survivor regions: 2->2(11)
[83.138s][info][gc,heap     ] GC(169) Old regions: 4->4
[83.138s][info][gc,heap     ] GC(169) Humongous regions: 120->20
[83.138s][info][gc,metaspace] GC(169) Metaspace: 17196K(17664K)->17196K(17664K) NonClass: 15238K(15488K)->15238K(15488K) Class: 1958K(2176K)->1958K(2176K)
[83.138s][info][gc          ] GC(169) Pause Young (Concurrent Start) (G1 Humongous Allocation) 256M->49M(552M) 4.326ms
[83.138s][info][gc          ] GC(170) Concurrent Undo Cycle
[83.138s][info][gc,cpu      ] GC(169) User=0.00s Sys=0.00s Real=0.00s
[83.138s][info][gc,marking  ] GC(170) Concurrent Clear Claimed Marks
[83.139s][info][gc,marking  ] GC(170) Concurrent Clear Claimed Marks 0.077ms
[83.139s][info][gc,marking  ] GC(170) Concurrent Cleanup for Next Mark
[83.139s][info][gc,marking  ] GC(170) Concurrent Cleanup for Next Mark 0.084ms
[83.139s][info][gc          ] GC(170) Concurrent Undo Cycle 0.262ms
[84.156s][info][gc,start    ] GC(171) Pause Young (Concurrent Start) (G1 Humongous Allocation)
[84.156s][info][gc,task     ] GC(171) Using 8 workers of 8 for evacuation
[84.158s][info][gc,phases   ] GC(171)   Pre Evacuate Collection Set: 0.2ms
[84.158s][info][gc,phases   ] GC(171)   Merge Heap Roots: 0.0ms
[84.158s][info][gc,phases   ] GC(171)   Evacuate Collection Set: 1.7ms
[84.158s][info][gc,phases   ] GC(171)   Post Evacuate Collection Set: 0.6ms
[84.158s][info][gc,phases   ] GC(171)   Other: 0.1ms
[84.158s][info][gc,heap     ] GC(171) Eden regions: 3->0(163)
[84.159s][info][gc,heap     ] GC(171) Survivor regions: 2->2(16)
[84.159s][info][gc,heap     ] GC(171) Old regions: 4->4
[84.159s][info][gc,heap     ] GC(171) Humongous regions: 120->20
[84.159s][info][gc,metaspace] GC(171) Metaspace: 17209K(17664K)->17209K(17664K) NonClass: 15250K(15488K)->15250K(15488K) Class: 1958K(2176K)->1958K(2176K)
[84.159s][info][gc          ] GC(171) Pause Young (Concurrent Start) (G1 Humongous Allocation) 254M->49M(552M) 3.036ms
[84.159s][info][gc,cpu      ] GC(171) User=0.00s Sys=0.00s Real=0.00s
[84.159s][info][gc          ] GC(172) Concurrent Undo Cycle
[84.159s][info][gc,marking  ] GC(172) Concurrent Clear Claimed Marks
[84.159s][info][gc,marking  ] GC(172) Concurrent Clear Claimed Marks 0.042ms
[84.159s][info][gc,marking  ] GC(172) Concurrent Cleanup for Next Mark
[84.159s][info][gc,marking  ] GC(172) Concurrent Cleanup for Next Mark 0.062ms
[84.159s][info][gc          ] GC(172) Concurrent Undo Cycle 0.221ms
[85.178s][info][gc,start    ] GC(173) Pause Young (Concurrent Start) (G1 Humongous Allocation)
[85.178s][info][gc,task     ] GC(173) Using 8 workers of 8 for evacuation
[85.181s][info][gc,phases   ] GC(173)   Pre Evacuate Collection Set: 0.2ms
[85.181s][info][gc,phases   ] GC(173)   Merge Heap Roots: 0.1ms
[85.181s][info][gc,phases   ] GC(173)   Evacuate Collection Set: 2.0ms
[85.181s][info][gc,phases   ] GC(173)   Post Evacuate Collection Set: 0.5ms
[85.181s][info][gc,phases   ] GC(173)   Other: 0.1ms
[85.181s][info][gc,heap     ] GC(173) Eden regions: 3->0(163)
[85.181s][info][gc,heap     ] GC(173) Survivor regions: 2->2(21)
[85.181s][info][gc,heap     ] GC(173) Old regions: 4->4
[85.181s][info][gc,heap     ] GC(173) Humongous regions: 120->20
[85.181s][info][gc,metaspace] GC(173) Metaspace: 17245K(17728K)->17245K(17728K) NonClass: 15286K(15552K)->15286K(15552K) Class: 1958K(2176K)->1958K(2176K)
[85.181s][info][gc          ] GC(173) Pause Young (Concurrent Start) (G1 Humongous Allocation) 254M->49M(552M) 3.245ms
[85.181s][info][gc          ] GC(174) Concurrent Undo Cycle
[85.181s][info][gc,cpu      ] GC(173) User=0.00s Sys=0.00s Real=0.00s
[85.181s][info][gc,marking  ] GC(174) Concurrent Clear Claimed Marks
[85.181s][info][gc,marking  ] GC(174) Concurrent Clear Claimed Marks 0.043ms
[85.181s][info][gc,marking  ] GC(174) Concurrent Cleanup for Next Mark
[85.181s][info][gc,marking  ] GC(174) Concurrent Cleanup for Next Mark 0.067ms
[85.181s][info][gc          ] GC(174) Concurrent Undo Cycle 0.241ms
[86.203s][info][gc,start    ] GC(175) Pause Young (Concurrent Start) (G1 Humongous Allocation)
[86.204s][info][gc,task     ] GC(175) Using 8 workers of 8 for evacuation
[86.208s][info][gc,phases   ] GC(175)   Pre Evacuate Collection Set: 0.2ms
[86.208s][info][gc,phases   ] GC(175)   Merge Heap Roots: 0.0ms
[86.208s][info][gc,phases   ] GC(175)   Evacuate Collection Set: 3.4ms
[86.208s][info][gc,phases   ] GC(175)   Post Evacuate Collection Set: 0.8ms
[86.208s][info][gc,phases   ] GC(175)   Other: 0.2ms
[86.208s][info][gc,heap     ] GC(175) Eden regions: 2->0(163)
[86.208s][info][gc,heap     ] GC(175) Survivor regions: 2->2(21)
[86.208s][info][gc,heap     ] GC(175) Old regions: 4->4
[86.208s][info][gc,heap     ] GC(175) Humongous regions: 120->20
[86.208s][info][gc,metaspace] GC(175) Metaspace: 17262K(17728K)->17262K(17728K) NonClass: 15303K(15552K)->15303K(15552K) Class: 1959K(2176K)->1959K(2176K)
[86.208s][info][gc          ] GC(175) Pause Young (Concurrent Start) (G1 Humongous Allocation) 253M->49M(552M) 5.120ms
[86.209s][info][gc,cpu      ] GC(175) User=0.03s Sys=0.02s Real=0.00s
[86.209s][info][gc          ] GC(176) Concurrent Undo Cycle
[86.209s][info][gc,marking  ] GC(176) Concurrent Clear Claimed Marks
[86.209s][info][gc,marking  ] GC(176) Concurrent Clear Claimed Marks 0.060ms
[86.209s][info][gc,marking  ] GC(176) Concurrent Cleanup for Next Mark
[86.209s][info][gc,marking  ] GC(176) Concurrent Cleanup for Next Mark 0.085ms
[86.209s][info][gc          ] GC(176) Concurrent Undo Cycle 0.284ms
[87.229s][info][gc,start    ] GC(177) Pause Young (Concurrent Start) (G1 Humongous Allocation)
[87.229s][info][gc,task     ] GC(177) Using 8 workers of 8 for evacuation
[87.232s][info][gc,phases   ] GC(177)   Pre Evacuate Collection Set: 0.2ms
[87.232s][info][gc,phases   ] GC(177)   Merge Heap Roots: 0.0ms
[87.232s][info][gc,phases   ] GC(177)   Evacuate Collection Set: 2.2ms
[87.232s][info][gc,phases   ] GC(177)   Post Evacuate Collection Set: 0.8ms
[87.232s][info][gc,phases   ] GC(177)   Other: 0.1ms
[87.233s][info][gc,heap     ] GC(177) Eden regions: 3->0(163)
[87.233s][info][gc,heap     ] GC(177) Survivor regions: 2->2(21)
[87.233s][info][gc,heap     ] GC(177) Old regions: 4->4
[87.233s][info][gc,heap     ] GC(177) Humongous regions: 120->20
[87.233s][info][gc,metaspace] GC(177) Metaspace: 17272K(17728K)->17272K(17728K) NonClass: 15313K(15552K)->15313K(15552K) Class: 1959K(2176K)->1959K(2176K)
[87.233s][info][gc          ] GC(177) Pause Young (Concurrent Start) (G1 Humongous Allocation) 254M->49M(552M) 3.786ms
[87.233s][info][gc,cpu      ] GC(177) User=0.00s Sys=0.00s Real=0.00s
[87.233s][info][gc          ] GC(178) Concurrent Undo Cycle
[87.233s][info][gc,marking  ] GC(178) Concurrent Clear Claimed Marks
[87.233s][info][gc,marking  ] GC(178) Concurrent Clear Claimed Marks 0.082ms
[87.233s][info][gc,marking  ] GC(178) Concurrent Cleanup for Next Mark
[87.233s][info][gc,marking  ] GC(178) Concurrent Cleanup for Next Mark 0.109ms
[87.233s][info][gc          ] GC(178) Concurrent Undo Cycle 0.501ms
[88.251s][info][gc,start    ] GC(179) Pause Young (Concurrent Start) (G1 Humongous Allocation)
[88.251s][info][gc,task     ] GC(179) Using 8 workers of 8 for evacuation
[88.255s][info][gc,phases   ] GC(179)   Pre Evacuate Collection Set: 0.3ms
[88.255s][info][gc,phases   ] GC(179)   Merge Heap Roots: 0.1ms
[88.255s][info][gc,phases   ] GC(179)   Evacuate Collection Set: 3.1ms
[88.255s][info][gc,phases   ] GC(179)   Post Evacuate Collection Set: 0.7ms
[88.255s][info][gc,phases   ] GC(179)   Other: 0.2ms
[88.255s][info][gc,heap     ] GC(179) Eden regions: 3->0(163)
[88.255s][info][gc,heap     ] GC(179) Survivor regions: 2->2(21)
[88.255s][info][gc,heap     ] GC(179) Old regions: 4->4
[88.256s][info][gc,heap     ] GC(179) Humongous regions: 120->20
[88.256s][info][gc,metaspace] GC(179) Metaspace: 17301K(17728K)->17301K(17728K) NonClass: 15342K(15552K)->15342K(15552K) Class: 1959K(2176K)->1959K(2176K)
[88.256s][info][gc          ] GC(179) Pause Young (Concurrent Start) (G1 Humongous Allocation) 254M->49M(552M) 5.072ms
[88.256s][info][gc,cpu      ] GC(179) User=0.03s Sys=0.02s Real=0.00s
[88.256s][info][gc          ] GC(180) Concurrent Undo Cycle
[88.256s][info][gc,marking  ] GC(180) Concurrent Clear Claimed Marks
[88.256s][info][gc,marking  ] GC(180) Concurrent Clear Claimed Marks 0.064ms
[88.256s][info][gc,marking  ] GC(180) Concurrent Cleanup for Next Mark
[88.256s][info][gc,marking  ] GC(180) Concurrent Cleanup for Next Mark 0.157ms
[88.256s][info][gc          ] GC(180) Concurrent Undo Cycle 0.415ms
[89.288s][info][gc,start    ] GC(181) Pause Young (Concurrent Start) (G1 Humongous Allocation)
[89.288s][info][gc,task     ] GC(181) Using 8 workers of 8 for evacuation
[89.291s][info][gc,phases   ] GC(181)   Pre Evacuate Collection Set: 0.1ms
[89.291s][info][gc,phases   ] GC(181)   Merge Heap Roots: 0.0ms
[89.291s][info][gc,phases   ] GC(181)   Evacuate Collection Set: 1.9ms
[89.291s][info][gc,phases   ] GC(181)   Post Evacuate Collection Set: 0.8ms
[89.291s][info][gc,phases   ] GC(181)   Other: 0.1ms
[89.291s][info][gc,heap     ] GC(181) Eden regions: 3->0(163)
[89.291s][info][gc,heap     ] GC(181) Survivor regions: 2->2(21)
[89.291s][info][gc,heap     ] GC(181) Old regions: 4->4
[89.291s][info][gc,heap     ] GC(181) Humongous regions: 120->20
[89.291s][info][gc,metaspace] GC(181) Metaspace: 17319K(17792K)->17319K(17792K) NonClass: 15359K(15616K)->15359K(15616K) Class: 1959K(2176K)->1959K(2176K)
[89.291s][info][gc          ] GC(181) Pause Young (Concurrent Start) (G1 Humongous Allocation) 254M->49M(552M) 3.345ms
[89.291s][info][gc,cpu      ] GC(181) User=0.00s Sys=0.00s Real=0.00s
[89.291s][info][gc          ] GC(182) Concurrent Undo Cycle
[89.291s][info][gc,marking  ] GC(182) Concurrent Clear Claimed Marks
[89.292s][info][gc,marking  ] GC(182) Concurrent Clear Claimed Marks 0.054ms
[89.292s][info][gc,marking  ] GC(182) Concurrent Cleanup for Next Mark
[89.292s][info][gc,marking  ] GC(182) Concurrent Cleanup for Next Mark 0.076ms
[89.292s][info][gc          ] GC(182) Concurrent Undo Cycle 0.268ms
[90.309s][info][gc,start    ] GC(183) Pause Young (Concurrent Start) (G1 Humongous Allocation)
[90.309s][info][gc,task     ] GC(183) Using 8 workers of 8 for evacuation
[90.312s][info][gc,phases   ] GC(183)   Pre Evacuate Collection Set: 0.2ms
[90.312s][info][gc,phases   ] GC(183)   Merge Heap Roots: 0.1ms
[90.312s][info][gc,phases   ] GC(183)   Evacuate Collection Set: 2.0ms
[90.312s][info][gc,phases   ] GC(183)   Post Evacuate Collection Set: 0.5ms
[90.312s][info][gc,phases   ] GC(183)   Other: 0.1ms
[90.312s][info][gc,heap     ] GC(183) Eden regions: 3->0(163)
[90.312s][info][gc,heap     ] GC(183) Survivor regions: 2->2(21)
[90.312s][info][gc,heap     ] GC(183) Old regions: 4->4
[90.312s][info][gc,heap     ] GC(183) Humongous regions: 120->20
[90.312s][info][gc,metaspace] GC(183) Metaspace: 17337K(17792K)->17337K(17792K) NonClass: 15377K(15616K)->15377K(15616K) Class: 1959K(2176K)->1959K(2176K)
[90.312s][info][gc          ] GC(183) Pause Young (Concurrent Start) (G1 Humongous Allocation) 254M->49M(552M) 3.279ms
[90.312s][info][gc,cpu      ] GC(183) User=0.00s Sys=0.00s Real=0.00s
[90.312s][info][gc          ] GC(184) Concurrent Undo Cycle
[90.312s][info][gc,marking  ] GC(184) Concurrent Clear Claimed Marks
[90.312s][info][gc,marking  ] GC(184) Concurrent Clear Claimed Marks 0.049ms
[90.312s][info][gc,marking  ] GC(184) Concurrent Cleanup for Next Mark
[90.313s][info][gc,marking  ] GC(184) Concurrent Cleanup for Next Mark 0.066ms
[90.313s][info][gc          ] GC(184) Concurrent Undo Cycle 0.245ms
[91.329s][info][gc,start    ] GC(185) Pause Young (Concurrent Start) (G1 Humongous Allocation)
[91.329s][info][gc,task     ] GC(185) Using 8 workers of 8 for evacuation
[91.332s][info][gc,phases   ] GC(185)   Pre Evacuate Collection Set: 0.2ms
[91.332s][info][gc,phases   ] GC(185)   Merge Heap Roots: 0.1ms
[91.332s][info][gc,phases   ] GC(185)   Evacuate Collection Set: 1.9ms
[91.332s][info][gc,phases   ] GC(185)   Post Evacuate Collection Set: 0.7ms
[91.332s][info][gc,phases   ] GC(185)   Other: 0.1ms
[91.332s][info][gc,heap     ] GC(185) Eden regions: 2->0(163)
[91.332s][info][gc,heap     ] GC(185) Survivor regions: 2->2(21)
[91.332s][info][gc,heap     ] GC(185) Old regions: 4->4
[91.332s][info][gc,heap     ] GC(185) Humongous regions: 120->20
[91.332s][info][gc,metaspace] GC(185) Metaspace: 17359K(17792K)->17359K(17792K) NonClass: 15399K(15616K)->15399K(15616K) Class: 1960K(2176K)->1960K(2176K)
[91.332s][info][gc          ] GC(185) Pause Young (Concurrent Start) (G1 Humongous Allocation) 253M->49M(552M) 3.468ms
[91.332s][info][gc,cpu      ] GC(185) User=0.00s Sys=0.03s Real=0.00s
[91.332s][info][gc          ] GC(186) Concurrent Undo Cycle
[91.332s][info][gc,marking  ] GC(186) Concurrent Clear Claimed Marks
[91.332s][info][gc,marking  ] GC(186) Concurrent Clear Claimed Marks 0.055ms
[91.332s][info][gc,marking  ] GC(186) Concurrent Cleanup for Next Mark
[91.332s][info][gc,marking  ] GC(186) Concurrent Cleanup for Next Mark 0.087ms
[91.333s][info][gc          ] GC(186) Concurrent Undo Cycle 0.311ms
[92.370s][info][gc,start    ] GC(187) Pause Young (Concurrent Start) (G1 Humongous Allocation)
[92.370s][info][gc,task     ] GC(187) Using 8 workers of 8 for evacuation
[92.375s][info][gc,phases   ] GC(187)   Pre Evacuate Collection Set: 0.2ms
[92.375s][info][gc,phases   ] GC(187)   Merge Heap Roots: 0.1ms
[92.375s][info][gc,phases   ] GC(187)   Evacuate Collection Set: 3.3ms
[92.375s][info][gc,phases   ] GC(187)   Post Evacuate Collection Set: 1.0ms
[92.375s][info][gc,phases   ] GC(187)   Other: 0.1ms
[92.375s][info][gc,heap     ] GC(187) Eden regions: 3->0(163)
[92.375s][info][gc,heap     ] GC(187) Survivor regions: 2->2(21)
[92.375s][info][gc,heap     ] GC(187) Old regions: 4->4
[92.375s][info][gc,heap     ] GC(187) Humongous regions: 120->20
[92.375s][info][gc,metaspace] GC(187) Metaspace: 17407K(17792K)->17407K(17792K) NonClass: 15438K(15616K)->15438K(15616K) Class: 1968K(2176K)->1968K(2176K)
[92.375s][info][gc          ] GC(187) Pause Young (Concurrent Start) (G1 Humongous Allocation) 254M->49M(552M) 5.115ms
[92.375s][info][gc          ] GC(188) Concurrent Undo Cycle
[92.375s][info][gc,cpu      ] GC(187) User=0.00s Sys=0.00s Real=0.01s
[92.375s][info][gc,marking  ] GC(188) Concurrent Clear Claimed Marks
[92.375s][info][gc,marking  ] GC(188) Concurrent Clear Claimed Marks 0.076ms
[92.375s][info][gc,marking  ] GC(188) Concurrent Cleanup for Next Mark
[92.375s][info][gc,marking  ] GC(188) Concurrent Cleanup for Next Mark 0.067ms
[92.375s][info][gc          ] GC(188) Concurrent Undo Cycle 0.288ms
[93.404s][info][gc,start    ] GC(189) Pause Young (Concurrent Start) (G1 Humongous Allocation)
[93.404s][info][gc,task     ] GC(189) Using 8 workers of 8 for evacuation
[93.408s][info][gc,phases   ] GC(189)   Pre Evacuate Collection Set: 0.2ms
[93.408s][info][gc,phases   ] GC(189)   Merge Heap Roots: 0.1ms
[93.408s][info][gc,phases   ] GC(189)   Evacuate Collection Set: 2.3ms
[93.408s][info][gc,phases   ] GC(189)   Post Evacuate Collection Set: 0.6ms
[93.408s][info][gc,phases   ] GC(189)   Other: 0.1ms
[93.408s][info][gc,heap     ] GC(189) Eden regions: 2->0(163)
[93.408s][info][gc,heap     ] GC(189) Survivor regions: 2->2(21)
[93.408s][info][gc,heap     ] GC(189) Old regions: 4->4
[93.408s][info][gc,heap     ] GC(189) Humongous regions: 120->20
[93.408s][info][gc,metaspace] GC(189) Metaspace: 17419K(17856K)->17419K(17856K) NonClass: 15450K(15680K)->15450K(15680K) Class: 1968K(2176K)->1968K(2176K)
[93.408s][info][gc          ] GC(189) Pause Young (Concurrent Start) (G1 Humongous Allocation) 252M->49M(552M) 3.797ms
[93.408s][info][gc          ] GC(190) Concurrent Undo Cycle
[93.408s][info][gc,cpu      ] GC(189) User=0.00s Sys=0.00s Real=0.01s
[93.408s][info][gc,marking  ] GC(190) Concurrent Clear Claimed Marks
[93.408s][info][gc,marking  ] GC(190) Concurrent Clear Claimed Marks 0.074ms
[93.408s][info][gc,marking  ] GC(190) Concurrent Cleanup for Next Mark
[93.408s][info][gc,marking  ] GC(190) Concurrent Cleanup for Next Mark 0.079ms
[93.408s][info][gc          ] GC(190) Concurrent Undo Cycle 0.263ms
[94.103s][info][gc,heap,exit] Heap
[94.103s][info][gc,heap,exit]  garbage-first heap   total 565248K, used 221728K [0x0000000708e00000, 0x0000000800000000)
[94.103s][info][gc,heap,exit]   region size 2048K, 6 young (12288K), 2 survivors (4096K)
[94.104s][info][gc,heap,exit]  Metaspace       used 17432K, committed 17856K, reserved 1114112K
[94.104s][info][gc,heap,exit]   class space    used 1971K, committed 2176K, reserved 1048576K
