[0.010s][info][gc,init] CardTable entry size: 512
[0.011s][info][gc     ] Using G1
[0.012s][info][gc,init] Version: 21.0.7+8-LTS-245 (release)
[0.012s][info][gc,init] CPUs: 8 total, 8 available
[0.012s][info][gc,init] Memory: 15809M
[0.013s][info][gc,init] Large Page Support: Disabled
[0.013s][info][gc,init] NUMA Support: Disabled
[0.013s][info][gc,init] Compressed Oops: Enabled (32-bit)
[0.013s][info][gc,init] Heap Region Size: 1M
[0.013s][info][gc,init] Heap Min Capacity: 8M
[0.013s][info][gc,init] Heap Initial Capacity: 128M
[0.013s][info][gc,init] Heap Max Capacity: 128M
[0.013s][info][gc,init] Pre-touch: Disabled
[0.013s][info][gc,init] Parallel Workers: 8
[0.013s][info][gc,init] Concurrent Workers: 2
[0.013s][info][gc,init] Concurrent Refinement Workers: 8
[0.013s][info][gc,init] Periodic GC: Disabled
[0.021s][info][gc,metaspace] CDS archive(s) mapped at: [0x0000026cb1000000-0x0000026cb1c90000-0x0000026cb1c90000), size 13172736, SharedBaseAddress: 0x0000026cb1000000, ArchiveRelocationMode: 1.
[0.021s][info][gc,metaspace] Compressed class space mapped at: 0x0000026cb2000000-0x0000026cf2000000, reserved size: 1073741824
[0.021s][info][gc,metaspace] Narrow klass base: 0x0000026cb1000000, Narrow klass shift: 0, Narrow klass range: 0x100000000
[0.708s][info][gc,start    ] GC(0) Pause Young (Normal) (G1 Evacuation Pause)
[0.708s][info][gc,task     ] GC(0) Using 3 workers of 8 for evacuation
[0.716s][info][gc,phases   ] GC(0)   Pre Evacuate Collection Set: 0.1ms
[0.716s][info][gc,phases   ] GC(0)   Merge Heap Roots: 0.0ms
[0.716s][info][gc,phases   ] GC(0)   Evacuate Collection Set: 7.1ms
[0.716s][info][gc,phases   ] GC(0)   Post Evacuate Collection Set: 0.9ms
[0.716s][info][gc,phases   ] GC(0)   Other: 0.2ms
[0.716s][info][gc,heap     ] GC(0) Eden regions: 23->0(27)
[0.716s][info][gc,heap     ] GC(0) Survivor regions: 0->3(3)
[0.716s][info][gc,heap     ] GC(0) Old regions: 0->2
[0.716s][info][gc,heap     ] GC(0) Humongous regions: 0->0
[0.716s][info][gc,metaspace] GC(0) Metaspace: 9180K(9408K)->9180K(9408K) NonClass: 8113K(8256K)->8113K(8256K) Class: 1066K(1152K)->1066K(1152K)
[0.716s][info][gc          ] GC(0) Pause Young (Normal) (G1 Evacuation Pause) 22M->4M(128M) 8.762ms
[0.716s][info][gc,cpu      ] GC(0) User=0.02s Sys=0.05s Real=0.01s
[112.867s][info][gc,heap,exit] Heap
[112.867s][info][gc,heap,exit]  garbage-first heap   total 131072K, used 10356K [0x00000000f8000000, 0x0000000100000000)
[112.867s][info][gc,heap,exit]   region size 1024K, 9 young (9216K), 3 survivors (3072K)
[112.867s][info][gc,heap,exit]  Metaspace       used 10098K, committed 10368K, reserved 1114112K
[112.867s][info][gc,heap,exit]   class space    used 1172K, committed 1280K, reserved 1048576K
